******************************************************************************
            TI ARM Clang Linker PC v4.0.2                      
******************************************************************************
>> Linked Fri May 29 17:16:25 2026

OUTPUT FILE NAME:   <PWM.out>
ENTRY POINT SYMBOL: "_c_int00_noargs"  address: 00002d1d


MEMORY CONFIGURATION

         name            origin    length      used     unused   attr    fill
----------------------  --------  ---------  --------  --------  ----  --------
  FLASH                 00000000   00020000  00003490  0001cb70  R  X
  SRAM                  20200000   00008000  00000400  00007c00  RW X
  BCR_CONFIG            41c00000   000000ff  00000000  000000ff  R   
  BSL_CONFIG            41c00100   00000080  00000000  00000080  R   


SEGMENT ALLOCATION MAP

run origin  load origin   length   init length attrs members
----------  ----------- ---------- ----------- ----- -------
00000000    00000000    00003490   00003490    r-x
  00000000    00000000    000000c0   000000c0    r-- .intvecs
  000000c0    000000c0    00003310   00003310    r-x .text
  000033d0    000033d0    00000080   00000080    r-- .rodata
  00003450    00003450    00000040   00000040    r-- .cinit
20200000    20200000    00000202   00000000    rw-
  20200000    20200000    0000018e   00000000    rw- .bss
  20200190    20200190    00000072   00000000    rw- .data
20207e00    20207e00    00000200   00000000    rw-
  20207e00    20207e00    00000200   00000000    rw- .stack


SECTION ALLOCATION MAP

 output                                  attributes/
section   page    origin      length       input sections
--------  ----  ----------  ----------   ----------------
.intvecs   0    00000000    000000c0     
                  00000000    000000c0     startup_mspm0g350x_ticlang.o (.intvecs)

.text      0    000000c0    00003310     
                  000000c0    000002e0     control.o (.text.Control_ACBDAx4)
                  000003a0    000002cc     control.o (.text.Control_ACBDA)
                  0000066c    000002c8     control.o (.text.Control_ABCDA)
                  00000934    000002b4     JY61P.o (.text.UART2_IRQHandler)
                  00000be8    000001d8     ti_msp_dl_config.o (.text.SYSCFG_DL_GPIO_init)
                  00000dc0    000001c4     control.o (.text.Control_AB)
                  00000f84    00000192     libclang_rt.builtins.a : adddf3.S.obj (.text.adddf3_subdf3)
                  00001116    00000002                            : aeabi_div0.c.obj (.text.__aeabi_idiv0)
                  00001118    00000178     empty.o (.text.main)
                  00001290    00000120     control.o (.text.GROUP1_IRQHandler)
                  000013b0    00000104     driverlib.a : dl_timer.o (.text.DL_Timer_initFourCCPWMMode)
                  000014b4    000000fc                 : dl_timer.o (.text.DL_Timer_initTimerMode)
                  000015b0    000000e8     ti_msp_dl_config.o (.text.SYSCFG_DL_SYSCTL_SYSPLL_init)
                  00001698    000000e4     libclang_rt.builtins.a : muldf3.S.obj (.text.__muldf3)
                  0000177c    000000e0     control.o (.text.PID_A)
                  0000185c    000000e0     control.o (.text.PID_B)
                  0000193c    000000dc     driverlib.a : dl_sysctl_mspm0g1x0x_g3x0x.o (.text.DL_SYSCTL_configSYSPLL)
                  00001a18    000000dc     control.o (.text.xunji)
                  00001af4    000000d8     libclang_rt.builtins.a : addsf3.S.obj (.text)
                  00001bcc    000000cc     control.o (.text.TIMG7_IRQHandler)
                  00001c98    000000bc     control.o (.text.TIMG6_IRQHandler)
                  00001d54    000000a4     control.o (.text.xunji_highspeed_right)
                  00001df8    000000a0     ti_msp_dl_config.o (.text.SYSCFG_DL_initPower)
                  00001e98    000000a0     control.o (.text.xunji_highspeed_left)
                  00001f38    0000009c     JY61P.o (.text.Serial_JY61P_Zero_Yaw)
                  00001fd4    00000094     ti_msp_dl_config.o (.text.SYSCFG_DL_PWM_0_init)
                  00002068    00000094     control.o (.text.Set_Pwm)
                  000020fc    0000008c     libclang_rt.builtins.a : mulsf3.S.obj (.text.__mulsf3)
                  00002188    00000084     ti_msp_dl_config.o (.text.__NVIC_SetPriority)
                  0000220c    00000082     libclang_rt.builtins.a : divsf3.S.obj (.text.__divsf3)
                  0000228e    00000002     --HOLE-- [fill = 0]
                  00002290    0000007c     control.o (.text.xunji_lowspeed_right)
                  0000230c    0000007c     libc.a : copy_decompress_lzss.c.obj (.text:decompress:lzss)
                  00002388    00000078     control.o (.text.xunji_lowspeed_left)
                  00002400    00000074     libclang_rt.builtins.a : comparedf2.c.obj (.text.__gedf2)
                  00002474    0000000c     ti_msp_dl_config.o (.text.DL_SYSCTL_getClockStatus)
                  00002480    00000074     libclang_rt.builtins.a : truncdfsf2.S.obj (.text.__truncdfsf2)
                  000024f4    00000070     ti_msp_dl_config.o (.text.SYSCFG_DL_SYSCTL_init)
                  00002564    00000068     libclang_rt.builtins.a : comparedf2.c.obj (.text.__ledf2)
                  000025cc    00000064     ti_msp_dl_config.o (.text.SYSCFG_DL_I2C_MPU6050_init)
                  00002630    00000062     libclang_rt.builtins.a : aeabi_dcmp.S.obj (.text.__aeabi_dcmp)
                  00002692    00000002     --HOLE-- [fill = 0]
                  00002694    00000062                            : aeabi_fcmp.S.obj (.text.__aeabi_fcmp)
                  000026f6    00000002     --HOLE-- [fill = 0]
                  000026f8    00000054     control.o (.text.set_Duty)
                  0000274c    00000050     ti_msp_dl_config.o (.text.DL_GPIO_initPeripheralInputFunctionFeatures)
                  0000279c    0000004c     ti_msp_dl_config.o (.text.DL_GPIO_initDigitalInputFeatures)
                  000027e8    0000004c     ti_msp_dl_config.o (.text.DL_UART_setBaudRateDivisor)
                  00002834    00000048     driverlib.a : dl_uart.o (.text.DL_UART_init)
                  0000287c    00000048     ti_msp_dl_config.o (.text.SYSCFG_DL_UART_JY61P_init)
                  000028c4    00000044     driverlib.a : dl_sysctl_mspm0g1x0x_g3x0x.o (.text.DL_SYSCTL_switchMCLKfromSYSOSCtoHSCLK)
                  00002908    00000040     ti_msp_dl_config.o (.text.SYSCFG_DL_UART_0_init)
                  00002948    00000040     libclang_rt.builtins.a : aeabi_uidivmod.S.obj (.text.__aeabi_uidivmod)
                  00002988    00000040                            : extendsfdf2.S.obj (.text.__extendsfdf2)
                  000029c8    0000003c     ti_msp_dl_config.o (.text.DL_Timer_setCounterControl)
                  00002a04    0000003c     control.o (.text.PWM_Limit)
                  00002a40    0000003c     ti_msp_dl_config.o (.text.SYSCFG_DL_init)
                  00002a7c    0000003c     libclang_rt.builtins.a : floatsisf.S.obj (.text.__floatsisf)
                  00002ab8    0000003c                            : comparesf2.S.obj (.text.__gtsf2)
                  00002af4    0000003c     libc.a : autoinit.c.obj (.text:__TI_auto_init_nobinit_nopinit)
                  00002b30    0000003a     libclang_rt.builtins.a : comparesf2.S.obj (.text.__eqsf2)
                  00002b6a    00000002     --HOLE-- [fill = 0]
                  00002b6c    0000003a                            : muldsi3.S.obj (.text.__muldsi3)
                  00002ba6    00000002     --HOLE-- [fill = 0]
                  00002ba8    00000038                            : fixsfsi.S.obj (.text.__fixsfsi)
                  00002be0    00000034     ti_msp_dl_config.o (.text.SYSCFG_DL_TIMER_0_init)
                  00002c14    00000034     ti_msp_dl_config.o (.text.SYSCFG_DL_TIMER_Encoder_Read_init)
                  00002c48    00000030     driverlib.a : dl_uart.o (.text.DL_UART_transmitDataBlocking)
                  00002c78    0000002c     empty.o (.text.__NVIC_EnableIRQ)
                  00002ca4    00000028     ti_msp_dl_config.o (.text.DL_Common_updateReg)
                  00002ccc    00000028     ti_msp_dl_config.o (.text.DL_I2C_setControllerRXFIFOThreshold)
                  00002cf4    00000028     ti_msp_dl_config.o (.text.DL_I2C_setControllerTXFIFOThreshold)
                  00002d1c    00000028     libc.a : boot_cortex_m.c.obj (.text:_c_int00_noargs)
                  00002d44    00000026     ti_msp_dl_config.o (.text.DL_I2C_setAnalogGlitchFilterPulseWidth)
                  00002d6a    00000026     driverlib.a : dl_i2c.o (.text.DL_I2C_setClockConfig)
                  00002d90    00000024     libclang_rt.builtins.a : floatunsidf.S.obj (.text.__floatunsidf)
                  00002db4    00000022     Delay.o (.text.Delay_ms)
                  00002dd6    00000002     --HOLE-- [fill = 0]
                  00002dd8    00000020     ti_msp_dl_config.o (.text.DL_GPIO_initPeripheralInputFunction)
                  00002df8    00000020     ti_msp_dl_config.o (.text.DL_SYSCTL_setFlashWaitState)
                  00002e18    00000020     Delay.o (.text.Delay_us)
                  00002e38    00000020     control.o (.text.myabs)
                  00002e58    0000001e     ti_msp_dl_config.o (.text.DL_UART_setOversampling)
                  00002e76    00000002     --HOLE-- [fill = 0]
                  00002e78    0000001c     control.o (.text.DL_GPIO_clearInterruptStatus)
                  00002e94    0000001c     ti_msp_dl_config.o (.text.DL_GPIO_clearInterruptStatus)
                  00002eb0    0000001c     ti_msp_dl_config.o (.text.DL_GPIO_enableHiZ)
                  00002ecc    0000001c     ti_msp_dl_config.o (.text.DL_GPIO_enableInterrupt)
                  00002ee8    0000001c     ti_msp_dl_config.o (.text.DL_GPIO_initDigitalInput)
                  00002f04    0000001c     ti_msp_dl_config.o (.text.DL_GPIO_initPeripheralOutputFunction)
                  00002f20    0000001c     ti_msp_dl_config.o (.text.DL_I2C_enableInterrupt)
                  00002f3c    0000001c     driverlib.a : dl_sysctl_mspm0g1x0x_g3x0x.o (.text.DL_SYSCTL_configFCC)
                  00002f58    0000001c     ti_msp_dl_config.o (.text.DL_SYSCTL_setFCCPeriods)
                  00002f74    0000001c     ti_msp_dl_config.o (.text.DL_SYSCTL_setSYSOSCFreq)
                  00002f90    0000001c     ti_msp_dl_config.o (.text.DL_SYSCTL_setULPCLKDivider)
                  00002fac    0000001c     ti_msp_dl_config.o (.text.DL_Timer_enableInterrupt)
                  00002fc8    0000001c     driverlib.a : dl_timer.o (.text.DL_Timer_setCaptCompUpdateMethod)
                  00002fe4    0000001c                 : dl_timer.o (.text.DL_Timer_setClockConfig)
                  00003000    0000001c     ti_msp_dl_config.o (.text.DL_UART_enableInterrupt)
                  0000301c    00000018     ti_msp_dl_config.o (.text.DL_GPIO_enableOutput)
                  00003034    00000018     ti_msp_dl_config.o (.text.DL_GPIO_enablePower)
                  0000304c    00000018     control.o (.text.DL_GPIO_getEnabledInterruptStatus)
                  00003064    00000018     ti_msp_dl_config.o (.text.DL_GPIO_initDigitalOutput)
                  0000307c    00000018     ti_msp_dl_config.o (.text.DL_GPIO_reset)
                  00003094    00000018     control.o (.text.DL_GPIO_setPins)
                  000030ac    00000018     empty.o (.text.DL_GPIO_setPins)
                  000030c4    00000018     ti_msp_dl_config.o (.text.DL_GPIO_setUpperPinsPolarity)
                  000030dc    00000018     ti_msp_dl_config.o (.text.DL_I2C_enableAnalogGlitchFilter)
                  000030f4    00000018     ti_msp_dl_config.o (.text.DL_I2C_enableController)
                  0000310c    00000018     ti_msp_dl_config.o (.text.DL_I2C_enableControllerClockStretching)
                  00003124    00000018     ti_msp_dl_config.o (.text.DL_I2C_enablePower)
                  0000313c    00000018     ti_msp_dl_config.o (.text.DL_I2C_reset)
                  00003154    00000018     ti_msp_dl_config.o (.text.DL_I2C_setTimerPeriod)
                  0000316c    00000018     ti_msp_dl_config.o (.text.DL_SYSCTL_setBORThreshold)
                  00003184    00000018     ti_msp_dl_config.o (.text.DL_Timer_enablePower)
                  0000319c    00000018     ti_msp_dl_config.o (.text.DL_Timer_reset)
                  000031b4    00000018     driverlib.a : dl_timer.o (.text.DL_Timer_setCaptureCompareOutCtl)
                  000031cc    00000018     empty.o (.text.DL_Timer_startCounter)
                  000031e4    00000018     ti_msp_dl_config.o (.text.DL_UART_enablePower)
                  000031fc    00000018     ti_msp_dl_config.o (.text.DL_UART_reset)
                  00003214    00000016     control.o (.text.DL_GPIO_readPins)
                  0000322a    00000016     empty.o (.text.DL_GPIO_readPins)
                  00003240    00000016     ti_msp_dl_config.o (.text.DL_UART_enable)
                  00003256    00000016     libc.a : copy_zero_init.c.obj (.text:decompress:ZI:__TI_zero_init_nomemset)
                  0000326c    00000014     control.o (.text.DL_GPIO_clearPins)
                  00003280    00000014     ti_msp_dl_config.o (.text.DL_GPIO_clearPins)
                  00003294    00000014     ti_msp_dl_config.o (.text.DL_I2C_resetControllerTransfer)
                  000032a8    00000014     ti_msp_dl_config.o (.text.DL_SYSCTL_disableSYSPLL)
                  000032bc    00000014     ti_msp_dl_config.o (.text.DL_SYSCTL_enableSYSPLL)
                  000032d0    00000014     ti_msp_dl_config.o (.text.DL_Timer_enableClock)
                  000032e4    00000014     ti_msp_dl_config.o (.text.DL_Timer_setCCPDirection)
                  000032f8    00000014     JY61P.o (.text.DL_UART_receiveData)
                  0000330c    00000012     control.o (.text.DL_Timer_getPendingInterrupt)
                  0000331e    00000012     driverlib.a : dl_uart.o (.text.DL_UART_setClockConfig)
                  00003330    00000012     libc.a : memcpy16.S.obj (.text:TI_memcpy_small)
                  00003342    00000012            : copy_decompress_none.c.obj (.text:decompress:none)
                  00003354    00000010     ti_msp_dl_config.o (.text.DL_SYSCTL_disableHFXT)
                  00003364    00000010     ti_msp_dl_config.o (.text.DL_SYSCTL_isFCCDone)
                  00003374    00000010     ti_msp_dl_config.o (.text.DL_SYSCTL_startFCC)
                  00003384    00000010     driverlib.a : dl_timer.o (.text.DL_Timer_setCaptureCompareValue)
                  00003394    0000000c     ti_msp_dl_config.o (.text.DL_SYSCTL_readFCC)
                  000033a0    0000000a     driverlib.a : dl_common.o (.text.DL_Common_delayCycles)
                  000033aa    00000002     --HOLE-- [fill = 0]
                  000033ac    00000008     libclang_rt.builtins.a : aeabi_memcpy.S.obj (.text.__aeabi_memcpy)
                  000033b4    00000006     libc.a : exit.c.obj (.text:abort)
                  000033ba    00000004     startup_mspm0g350x_ticlang.o (.text.Default_Handler)
                  000033be    00000004     libsysbm.a : hostexit.c.obj (.text.HOSTexit)
                  000033c2    00000004     startup_mspm0g350x_ticlang.o (.text.Reset_Handler)
                  000033c6    00000004     libc.a : pre_init.c.obj (.text._system_pre_init)
                  000033ca    00000006     --HOLE-- [fill = 0]

.cinit     0    00003450    00000040     
                  00003450    00000017     (.cinit..data.load) [load image, compression = lzss]
                  00003467    00000001     --HOLE-- [fill = 0]
                  00003468    0000000c     (__TI_handler_table)
                  00003474    00000008     (.cinit..bss.load) [load image, compression = zero_init]
                  0000347c    00000010     (__TI_cinit_table)
                  0000348c    00000004     --HOLE-- [fill = 0]

.rodata    0    000033d0    00000080     
                  000033d0    00000028     ti_msp_dl_config.o (.rodata.gSYSPLLConfig)
                  000033f8    00000014     ti_msp_dl_config.o (.rodata.gTIMER_0TimerConfig)
                  0000340c    00000014     ti_msp_dl_config.o (.rodata.gTIMER_Encoder_ReadTimerConfig)
                  00003420    0000000a     ti_msp_dl_config.o (.rodata.gUART_0Config)
                  0000342a    0000000a     ti_msp_dl_config.o (.rodata.gUART_JY61PConfig)
                  00003434    00000008     ti_msp_dl_config.o (.rodata.gPWM_0Config)
                  0000343c    00000003     ti_msp_dl_config.o (.rodata.gPWM_0ClockConfig)
                  0000343f    00000003     ti_msp_dl_config.o (.rodata.gTIMER_0ClockConfig)
                  00003442    00000003     ti_msp_dl_config.o (.rodata.gTIMER_Encoder_ReadClockConfig)
                  00003445    00000002     ti_msp_dl_config.o (.rodata.gI2C_MPU6050ClockConfig)
                  00003447    00000002     ti_msp_dl_config.o (.rodata.gUART_0ClockConfig)
                  00003449    00000002     ti_msp_dl_config.o (.rodata.gUART_JY61PClockConfig)
                  0000344b    00000005     --HOLE-- [fill = 0]

.init_array 
*          0    00000000    00000000     UNINITIALIZED

.binit     0    00000000    00000000     

.bss       0    20200000    0000018e     UNINITIALIZED
                  20200000    000000a0     (.common:gTIMER_0Backup)
                  202000a0    000000a0     (.common:gTIMER_Encoder_ReadBackup)
                  20200140    00000009     (.common:receivedData)
                  20200149    00000001     (.common:PitchH)
                  2020014a    00000001     (.common:PitchL)
                  2020014b    00000001     (.common:RollH)
                  2020014c    00000004     control.o (.bss.PID_A.Bias)
                  20200150    00000004     control.o (.bss.PID_A.Last2_bias)
                  20200154    00000004     control.o (.bss.PID_A.Last_bias)
                  20200158    00000004     control.o (.bss.PID_A.Pwm)
                  2020015c    00000004     control.o (.bss.PID_B.Bias)
                  20200160    00000004     control.o (.bss.PID_B.Last2_bias)
                  20200164    00000004     control.o (.bss.PID_B.Last_bias)
                  20200168    00000004     control.o (.bss.PID_B.Pwm)
                  2020016c    00000004     (.common:CurrentA)
                  20200170    00000004     (.common:CurrentB)
                  20200174    00000004     (.common:Pitch)
                  20200178    00000004     (.common:Roll)
                  2020017c    00000004     (.common:Yaw)
                  20200180    00000004     (.common:gpioA)
                  20200184    00000004     (.common:gpioB)
                  20200188    00000001     (.common:RollL)
                  20200189    00000001     (.common:SUM)
                  2020018a    00000001     (.common:VH)
                  2020018b    00000001     (.common:VL)
                  2020018c    00000001     (.common:YawH)
                  2020018d    00000001     (.common:YawL)

.data      0    20200190    00000072     UNINITIALIZED
                  20200190    00000004     control.o (.data.a)
                  20200194    00000004     control.o (.data.error)
                  20200198    00000004     control.o (.data.flag)
                  2020019c    00000004     control.o (.data.gEncoderCount_left)
                  202001a0    00000004     control.o (.data.gEncoderCount_right)
                  202001a4    00000004     control.o (.data.gEncoderVal_left)
                  202001a8    00000004     control.o (.data.gEncoderVal_right)
                  202001ac    00000004     control.o (.data.ledbegin)
                  202001b0    00000004     control.o (.data.ledflag1)
                  202001b4    00000004     control.o (.data.ledflag2)
                  202001b8    00000004     control.o (.data.ledflag)
                  202001bc    00000004     control.o (.data.lednum)
                  202001c0    00000004     control.o (.data.m)
                  202001c4    00000004     control.o (.data.n)
                  202001c8    00000004     control.o (.data.pwmstart)
                  202001cc    00000004     control.o (.data.targetA)
                  202001d0    00000004     control.o (.data.targetB)
                  202001d4    00000004     control.o (.data.tim)
                  202001d8    00000004     control.o (.data.timbegin)
                  202001dc    00000004     control.o (.data.timebegin1)
                  202001e0    00000004     control.o (.data.timebegin2)
                  202001e4    00000004     control.o (.data.timebegin)
                  202001e8    00000004     control.o (.data.timenum1)
                  202001ec    00000004     control.o (.data.timenum2)
                  202001f0    00000004     control.o (.data.timenum)
                  202001f4    00000004     control.o (.data.whiteflag1)
                  202001f8    00000004     control.o (.data.whiteflag2)
                  202001fc    00000004     control.o (.data.whiteflag)
                  20200200    00000001     JY61P.o (.data.RxState)
                  20200201    00000001     JY61P.o (.data.dataIndex)

.stack     0    20207e00    00000200     UNINITIALIZED
                  20207e00    00000004     libc.a : boot_cortex_m.c.obj (.stack)
                  20207e04    000001fc     --HOLE--

__llvm_prf_cnts 
*          0    20200000    00000000     UNINITIALIZED

__llvm_prf_bits 
*          0    20200000    00000000     UNINITIALIZED

MODULE SUMMARY

       Module                         code    ro data   rw data
       ------                         ----    -------   -------
    .\
       control.o                      4992    0         160    
       ti_msp_dl_config.o             3106    123       320    
       empty.o                        490     0         0      
       startup_mspm0g350x_ticlang.o   8       192       0      
       Delay.o                        66      0         0      
    +--+------------------------------+-------+---------+---------+
       Total:                         8662    315       480    
                                                               
    .\USART_JY61P\
       JY61P.o                        868     0         32     
    +--+------------------------------+-------+---------+---------+
       Total:                         868     0         32     
                                                               
    C:/ti/ccs2051/mspm0_sdk_2_10_00_04/source/ti/driverlib/lib/ticlang/m0p/mspm0g1x0x_g3x0x/driverlib.a
       dl_timer.o                     608     0         0      
       dl_sysctl_mspm0g1x0x_g3x0x.o   316     0         0      
       dl_uart.o                      138     0         0      
       dl_i2c.o                       38      0         0      
       dl_common.o                    10      0         0      
    +--+------------------------------+-------+---------+---------+
       Total:                         1110    0         0      
                                                               
    C:\ti\ccs2051\ti_cgt_arm_llvm_4.0.2.LTS\lib\armv6m-ti-none-eabi/c/libc.a
       copy_decompress_lzss.c.obj     124     0         0      
       autoinit.c.obj                 60      0         0      
       boot_cortex_m.c.obj            40      0         0      
       copy_zero_init.c.obj           22      0         0      
       copy_decompress_none.c.obj     18      0         0      
       memcpy16.S.obj                 18      0         0      
       exit.c.obj                     6       0         0      
       pre_init.c.obj                 4       0         0      
    +--+------------------------------+-------+---------+---------+
       Total:                         292     0         0      
                                                               
    C:\ti\ccs2051\ti_cgt_arm_llvm_4.0.2.LTS\lib\armv6m-ti-none-eabi/c/libsysbm.a
       hostexit.c.obj                 4       0         0      
    +--+------------------------------+-------+---------+---------+
       Total:                         4       0         0      
                                                               
    C:\ti\ccs2051\ti_cgt_arm_llvm_4.0.2.LTS\lib\armv6m-ti-none-eabi/libclang_rt.builtins.a
       adddf3.S.obj                   402     0         0      
       muldf3.S.obj                   228     0         0      
       comparedf2.c.obj               220     0         0      
       addsf3.S.obj                   216     0         0      
       mulsf3.S.obj                   140     0         0      
       divsf3.S.obj                   130     0         0      
       comparesf2.S.obj               118     0         0      
       truncdfsf2.S.obj               116     0         0      
       aeabi_dcmp.S.obj               98      0         0      
       aeabi_fcmp.S.obj               98      0         0      
       aeabi_uidivmod.S.obj           64      0         0      
       extendsfdf2.S.obj              64      0         0      
       floatsisf.S.obj                60      0         0      
       muldsi3.S.obj                  58      0         0      
       fixsfsi.S.obj                  56      0         0      
       floatunsidf.S.obj              36      0         0      
       aeabi_memcpy.S.obj             8       0         0      
       aeabi_div0.c.obj               2       0         0      
    +--+------------------------------+-------+---------+---------+
       Total:                         2114    0         0      
                                                               
       Stack:                         0       0         512    
       Linker Generated:              0       59        0      
    +--+------------------------------+-------+---------+---------+
       Grand Total:                   13050   374       1024   


LINKER GENERATED COPY TABLES

__TI_cinit_table @ 0000347c records: 2, size/record: 8, table size: 16
	.data: load addr=00003450, load size=00000017 bytes, run addr=20200190, run size=00000072 bytes, compression=lzss
	.bss: load addr=00003474, load size=00000008 bytes, run addr=20200000, run size=0000018e bytes, compression=zero_init


LINKER GENERATED HANDLER TABLE

__TI_handler_table @ 00003468 records: 3, size/record: 4, table size: 12
	index: 0, handler: __TI_decompress_lzss
	index: 1, handler: __TI_decompress_none
	index: 2, handler: __TI_zero_init


GLOBAL SYMBOLS: SORTED ALPHABETICALLY BY Name 

address   name                                 
-------   ----                                 
000033bb  ADC0_IRQHandler                      
000033bb  ADC1_IRQHandler                      
000033bb  AES_IRQHandler                       
000033be  C$$EXIT                              
000033bb  CANFD0_IRQHandler                    
00000dc1  Control_AB                           
0000066d  Control_ABCDA                        
000003a1  Control_ACBDA                        
000000c1  Control_ACBDAx4                      
2020016c  CurrentA                             
20200170  CurrentB                             
000033bb  DAC0_IRQHandler                      
000033a1  DL_Common_delayCycles                
00002d6b  DL_I2C_setClockConfig                
00002f3d  DL_SYSCTL_configFCC                  
0000193d  DL_SYSCTL_configSYSPLL               
000028c5  DL_SYSCTL_switchMCLKfromSYSOSCtoHSCLK
000013b1  DL_Timer_initFourCCPWMMode           
000014b5  DL_Timer_initTimerMode               
00002fc9  DL_Timer_setCaptCompUpdateMethod     
000031b5  DL_Timer_setCaptureCompareOutCtl     
00003385  DL_Timer_setCaptureCompareValue      
00002fe5  DL_Timer_setClockConfig              
00002835  DL_UART_init                         
0000331f  DL_UART_setClockConfig               
00002c49  DL_UART_transmitDataBlocking         
000033bb  DMA_IRQHandler                       
000033bb  Default_Handler                      
00002db5  Delay_ms                             
00002e19  Delay_us                             
000033bb  GROUP0_IRQHandler                    
00001291  GROUP1_IRQHandler                    
000033bf  HOSTexit                             
000033bb  HardFault_Handler                    
000033bb  I2C0_IRQHandler                      
000033bb  I2C1_IRQHandler                      
000033bb  NMI_Handler                          
0000177d  PID_A                                
0000185d  PID_B                                
00002a05  PWM_Limit                            
000033bb  PendSV_Handler                       
20200174  Pitch                                
20200149  PitchH                               
2020014a  PitchL                               
000033bb  RTC_IRQHandler                       
000033c3  Reset_Handler                        
20200178  Roll                                 
2020014b  RollH                                
20200188  RollL                                
20200200  RxState                              
000033bb  SPI0_IRQHandler                      
000033bb  SPI1_IRQHandler                      
20200189  SUM                                  
000033bb  SVC_Handler                          
00000be9  SYSCFG_DL_GPIO_init                  
000025cd  SYSCFG_DL_I2C_MPU6050_init           
00001fd5  SYSCFG_DL_PWM_0_init                 
000015b1  SYSCFG_DL_SYSCTL_SYSPLL_init         
000024f5  SYSCFG_DL_SYSCTL_init                
00002be1  SYSCFG_DL_TIMER_0_init               
00002c15  SYSCFG_DL_TIMER_Encoder_Read_init    
00002909  SYSCFG_DL_UART_0_init                
0000287d  SYSCFG_DL_UART_JY61P_init            
00002a41  SYSCFG_DL_init                       
00001df9  SYSCFG_DL_initPower                  
00001f39  Serial_JY61P_Zero_Yaw                
00002069  Set_Pwm                              
000033bb  SysTick_Handler                      
000033bb  TIMA0_IRQHandler                     
000033bb  TIMA1_IRQHandler                     
000033bb  TIMG0_IRQHandler                     
000033bb  TIMG12_IRQHandler                    
00001c99  TIMG6_IRQHandler                     
00001bcd  TIMG7_IRQHandler                     
000033bb  TIMG8_IRQHandler                     
00003331  TI_memcpy_small                      
000033bb  UART0_IRQHandler                     
000033bb  UART1_IRQHandler                     
00000935  UART2_IRQHandler                     
000033bb  UART3_IRQHandler                     
2020018a  VH                                   
2020018b  VL                                   
2020017c  Yaw                                  
2020018c  YawH                                 
2020018d  YawL                                 
20208000  __STACK_END                          
00000200  __STACK_SIZE                         
00000000  __TI_ATRegion0_region_sz             
00000000  __TI_ATRegion0_src_addr              
00000000  __TI_ATRegion0_trg_addr              
00000000  __TI_ATRegion1_region_sz             
00000000  __TI_ATRegion1_src_addr              
00000000  __TI_ATRegion1_trg_addr              
00000000  __TI_ATRegion2_region_sz             
00000000  __TI_ATRegion2_src_addr              
00000000  __TI_ATRegion2_trg_addr              
0000347c  __TI_CINIT_Base                      
0000348c  __TI_CINIT_Limit                     
0000348c  __TI_CINIT_Warm                      
00003468  __TI_Handler_Table_Base              
00003474  __TI_Handler_Table_Limit             
00002af5  __TI_auto_init_nobinit_nopinit       
0000230d  __TI_decompress_lzss                 
00003343  __TI_decompress_none                 
ffffffff  __TI_pprof_out_hndl                  
ffffffff  __TI_prof_data_size                  
ffffffff  __TI_prof_data_start                 
00000000  __TI_static_base__                   
00003257  __TI_zero_init_nomemset              
00000f8f  __adddf3                             
00001aff  __addsf3                             
00002481  __aeabi_d2f                          
00000f8f  __aeabi_dadd                         
00002631  __aeabi_dcmpeq                       
0000266d  __aeabi_dcmpge                       
00002681  __aeabi_dcmpgt                       
00002659  __aeabi_dcmple                       
00002645  __aeabi_dcmplt                       
00001699  __aeabi_dmul                         
00000f85  __aeabi_dsub                         
00002989  __aeabi_f2d                          
00002ba9  __aeabi_f2iz                         
00001aff  __aeabi_fadd                         
00002695  __aeabi_fcmpeq                       
000026d1  __aeabi_fcmpge                       
000026e5  __aeabi_fcmpgt                       
000026bd  __aeabi_fcmple                       
000026a9  __aeabi_fcmplt                       
0000220d  __aeabi_fdiv                         
000020fd  __aeabi_fmul                         
00001af5  __aeabi_fsub                         
00002a7d  __aeabi_i2f                          
00001117  __aeabi_idiv0                        
000033ad  __aeabi_memcpy                       
000033ad  __aeabi_memcpy4                      
000033ad  __aeabi_memcpy8                      
00002d91  __aeabi_ui2d                         
00002949  __aeabi_uidiv                        
00002949  __aeabi_uidivmod                     
ffffffff  __binit__                            
00002565  __cmpdf2                             
00002b31  __cmpsf2                             
0000220d  __divsf3                             
00002565  __eqdf2                              
00002b31  __eqsf2                              
00002989  __extendsfdf2                        
00002ba9  __fixsfsi                            
00002a7d  __floatsisf                          
00002d91  __floatunsidf                        
00002401  __gedf2                              
00002ab9  __gesf2                              
00002401  __gtdf2                              
00002ab9  __gtsf2                              
00002565  __ledf2                              
00002b31  __lesf2                              
00002565  __ltdf2                              
00002b31  __ltsf2                              
UNDEFED   __mpu_init                           
00001699  __muldf3                             
00002b6d  __muldsi3                            
000020fd  __mulsf3                             
00002565  __nedf2                              
00002b31  __nesf2                              
20207e00  __stack                              
20200000  __start___llvm_prf_bits              
20200000  __start___llvm_prf_cnts              
20200000  __stop___llvm_prf_bits               
20200000  __stop___llvm_prf_cnts               
00000f85  __subdf3                             
00001af5  __subsf3                             
00002481  __truncdfsf2                         
00002d1d  _c_int00_noargs                      
UNDEFED   _system_post_cinit                   
000033c7  _system_pre_init                     
20200190  a                                    
000033b5  abort                                
ffffffff  binit                                
20200201  dataIndex                            
20200194  error                                
20200198  flag                                 
2020019c  gEncoderCount_left                   
202001a0  gEncoderCount_right                  
202001a4  gEncoderVal_left                     
202001a8  gEncoderVal_right                    
20200000  gTIMER_0Backup                       
202000a0  gTIMER_Encoder_ReadBackup            
20200180  gpioA                                
20200184  gpioB                                
00000000  interruptVectors                     
202001ac  ledbegin                             
202001b8  ledflag                              
202001b0  ledflag1                             
202001b4  ledflag2                             
202001bc  lednum                               
202001c0  m                                    
00001119  main                                 
00002e39  myabs                                
202001c4  n                                    
202001c8  pwmstart                             
20200140  receivedData                         
000026f9  set_Duty                             
202001cc  targetA                              
202001d0  targetB                              
202001d4  tim                                  
202001d8  timbegin                             
202001e4  timebegin                            
202001dc  timebegin1                           
202001e0  timebegin2                           
202001f0  timenum                              
202001e8  timenum1                             
202001ec  timenum2                             
202001fc  whiteflag                            
202001f4  whiteflag1                           
202001f8  whiteflag2                           
00001a19  xunji                                
00001e99  xunji_highspeed_left                 
00001d55  xunji_highspeed_right                
00002389  xunji_lowspeed_left                  
00002291  xunji_lowspeed_right                 


GLOBAL SYMBOLS: SORTED BY Symbol Address 

address   name                                 
-------   ----                                 
00000000  __TI_ATRegion0_region_sz             
00000000  __TI_ATRegion0_src_addr              
00000000  __TI_ATRegion0_trg_addr              
00000000  __TI_ATRegion1_region_sz             
00000000  __TI_ATRegion1_src_addr              
00000000  __TI_ATRegion1_trg_addr              
00000000  __TI_ATRegion2_region_sz             
00000000  __TI_ATRegion2_src_addr              
00000000  __TI_ATRegion2_trg_addr              
00000000  __TI_static_base__                   
00000000  interruptVectors                     
000000c1  Control_ACBDAx4                      
00000200  __STACK_SIZE                         
000003a1  Control_ACBDA                        
0000066d  Control_ABCDA                        
00000935  UART2_IRQHandler                     
00000be9  SYSCFG_DL_GPIO_init                  
00000dc1  Control_AB                           
00000f85  __aeabi_dsub                         
00000f85  __subdf3                             
00000f8f  __adddf3                             
00000f8f  __aeabi_dadd                         
00001117  __aeabi_idiv0                        
00001119  main                                 
00001291  GROUP1_IRQHandler                    
000013b1  DL_Timer_initFourCCPWMMode           
000014b5  DL_Timer_initTimerMode               
000015b1  SYSCFG_DL_SYSCTL_SYSPLL_init         
00001699  __aeabi_dmul                         
00001699  __muldf3                             
0000177d  PID_A                                
0000185d  PID_B                                
0000193d  DL_SYSCTL_configSYSPLL               
00001a19  xunji                                
00001af5  __aeabi_fsub                         
00001af5  __subsf3                             
00001aff  __addsf3                             
00001aff  __aeabi_fadd                         
00001bcd  TIMG7_IRQHandler                     
00001c99  TIMG6_IRQHandler                     
00001d55  xunji_highspeed_right                
00001df9  SYSCFG_DL_initPower                  
00001e99  xunji_highspeed_left                 
00001f39  Serial_JY61P_Zero_Yaw                
00001fd5  SYSCFG_DL_PWM_0_init                 
00002069  Set_Pwm                              
000020fd  __aeabi_fmul                         
000020fd  __mulsf3                             
0000220d  __aeabi_fdiv                         
0000220d  __divsf3                             
00002291  xunji_lowspeed_right                 
0000230d  __TI_decompress_lzss                 
00002389  xunji_lowspeed_left                  
00002401  __gedf2                              
00002401  __gtdf2                              
00002481  __aeabi_d2f                          
00002481  __truncdfsf2                         
000024f5  SYSCFG_DL_SYSCTL_init                
00002565  __cmpdf2                             
00002565  __eqdf2                              
00002565  __ledf2                              
00002565  __ltdf2                              
00002565  __nedf2                              
000025cd  SYSCFG_DL_I2C_MPU6050_init           
00002631  __aeabi_dcmpeq                       
00002645  __aeabi_dcmplt                       
00002659  __aeabi_dcmple                       
0000266d  __aeabi_dcmpge                       
00002681  __aeabi_dcmpgt                       
00002695  __aeabi_fcmpeq                       
000026a9  __aeabi_fcmplt                       
000026bd  __aeabi_fcmple                       
000026d1  __aeabi_fcmpge                       
000026e5  __aeabi_fcmpgt                       
000026f9  set_Duty                             
00002835  DL_UART_init                         
0000287d  SYSCFG_DL_UART_JY61P_init            
000028c5  DL_SYSCTL_switchMCLKfromSYSOSCtoHSCLK
00002909  SYSCFG_DL_UART_0_init                
00002949  __aeabi_uidiv                        
00002949  __aeabi_uidivmod                     
00002989  __aeabi_f2d                          
00002989  __extendsfdf2                        
00002a05  PWM_Limit                            
00002a41  SYSCFG_DL_init                       
00002a7d  __aeabi_i2f                          
00002a7d  __floatsisf                          
00002ab9  __gesf2                              
00002ab9  __gtsf2                              
00002af5  __TI_auto_init_nobinit_nopinit       
00002b31  __cmpsf2                             
00002b31  __eqsf2                              
00002b31  __lesf2                              
00002b31  __ltsf2                              
00002b31  __nesf2                              
00002b6d  __muldsi3                            
00002ba9  __aeabi_f2iz                         
00002ba9  __fixsfsi                            
00002be1  SYSCFG_DL_TIMER_0_init               
00002c15  SYSCFG_DL_TIMER_Encoder_Read_init    
00002c49  DL_UART_transmitDataBlocking         
00002d1d  _c_int00_noargs                      
00002d6b  DL_I2C_setClockConfig                
00002d91  __aeabi_ui2d                         
00002d91  __floatunsidf                        
00002db5  Delay_ms                             
00002e19  Delay_us                             
00002e39  myabs                                
00002f3d  DL_SYSCTL_configFCC                  
00002fc9  DL_Timer_setCaptCompUpdateMethod     
00002fe5  DL_Timer_setClockConfig              
000031b5  DL_Timer_setCaptureCompareOutCtl     
00003257  __TI_zero_init_nomemset              
0000331f  DL_UART_setClockConfig               
00003331  TI_memcpy_small                      
00003343  __TI_decompress_none                 
00003385  DL_Timer_setCaptureCompareValue      
000033a1  DL_Common_delayCycles                
000033ad  __aeabi_memcpy                       
000033ad  __aeabi_memcpy4                      
000033ad  __aeabi_memcpy8                      
000033b5  abort                                
000033bb  ADC0_IRQHandler                      
000033bb  ADC1_IRQHandler                      
000033bb  AES_IRQHandler                       
000033bb  CANFD0_IRQHandler                    
000033bb  DAC0_IRQHandler                      
000033bb  DMA_IRQHandler                       
000033bb  Default_Handler                      
000033bb  GROUP0_IRQHandler                    
000033bb  HardFault_Handler                    
000033bb  I2C0_IRQHandler                      
000033bb  I2C1_IRQHandler                      
000033bb  NMI_Handler                          
000033bb  PendSV_Handler                       
000033bb  RTC_IRQHandler                       
000033bb  SPI0_IRQHandler                      
000033bb  SPI1_IRQHandler                      
000033bb  SVC_Handler                          
000033bb  SysTick_Handler                      
000033bb  TIMA0_IRQHandler                     
000033bb  TIMA1_IRQHandler                     
000033bb  TIMG0_IRQHandler                     
000033bb  TIMG12_IRQHandler                    
000033bb  TIMG8_IRQHandler                     
000033bb  UART0_IRQHandler                     
000033bb  UART1_IRQHandler                     
000033bb  UART3_IRQHandler                     
000033be  C$$EXIT                              
000033bf  HOSTexit                             
000033c3  Reset_Handler                        
000033c7  _system_pre_init                     
00003468  __TI_Handler_Table_Base              
00003474  __TI_Handler_Table_Limit             
0000347c  __TI_CINIT_Base                      
0000348c  __TI_CINIT_Limit                     
0000348c  __TI_CINIT_Warm                      
20200000  __start___llvm_prf_bits              
20200000  __start___llvm_prf_cnts              
20200000  __stop___llvm_prf_bits               
20200000  __stop___llvm_prf_cnts               
20200000  gTIMER_0Backup                       
202000a0  gTIMER_Encoder_ReadBackup            
20200140  receivedData                         
20200149  PitchH                               
2020014a  PitchL                               
2020014b  RollH                                
2020016c  CurrentA                             
20200170  CurrentB                             
20200174  Pitch                                
20200178  Roll                                 
2020017c  Yaw                                  
20200180  gpioA                                
20200184  gpioB                                
20200188  RollL                                
20200189  SUM                                  
2020018a  VH                                   
2020018b  VL                                   
2020018c  YawH                                 
2020018d  YawL                                 
20200190  a                                    
20200194  error                                
20200198  flag                                 
2020019c  gEncoderCount_left                   
202001a0  gEncoderCount_right                  
202001a4  gEncoderVal_left                     
202001a8  gEncoderVal_right                    
202001ac  ledbegin                             
202001b0  ledflag1                             
202001b4  ledflag2                             
202001b8  ledflag                              
202001bc  lednum                               
202001c0  m                                    
202001c4  n                                    
202001c8  pwmstart                             
202001cc  targetA                              
202001d0  targetB                              
202001d4  tim                                  
202001d8  timbegin                             
202001dc  timebegin1                           
202001e0  timebegin2                           
202001e4  timebegin                            
202001e8  timenum1                             
202001ec  timenum2                             
202001f0  timenum                              
202001f4  whiteflag1                           
202001f8  whiteflag2                           
202001fc  whiteflag                            
20200200  RxState                              
20200201  dataIndex                            
20207e00  __stack                              
20208000  __STACK_END                          
ffffffff  __TI_pprof_out_hndl                  
ffffffff  __TI_prof_data_size                  
ffffffff  __TI_prof_data_start                 
ffffffff  __binit__                            
ffffffff  binit                                
UNDEFED   __mpu_init                           
UNDEFED   _system_post_cinit                   

[219 symbols]
