******************************************************************************
            TI ARM Clang Linker PC v4.0.2                      
******************************************************************************
>> Linked Sun May 31 12:02:43 2026

OUTPUT FILE NAME:   <PWM.out>
ENTRY POINT SYMBOL: "_c_int00_noargs"  address: 00002acd


MEMORY CONFIGURATION

         name            origin    length      used     unused   attr    fill
----------------------  --------  ---------  --------  --------  ----  --------
  FLASH                 00000000   00020000  00003250  0001cdb0  R  X
  SRAM                  20200000   00008000  00000400  00007c00  RW X
  BCR_CONFIG            41c00000   000000ff  00000000  000000ff  R   
  BSL_CONFIG            41c00100   00000080  00000000  00000080  R   


SEGMENT ALLOCATION MAP

run origin  load origin   length   init length attrs members
----------  ----------- ---------- ----------- ----- -------
00000000    00000000    00003250   00003250    r-x
  00000000    00000000    000000c0   000000c0    r-- .intvecs
  000000c0    000000c0    000030d0   000030d0    r-x .text
  00003190    00003190    00000080   00000080    r-- .rodata
  00003210    00003210    00000040   00000040    r-- .cinit
20200000    20200000    00000202   00000000    rw-
  20200000    20200000    0000018e   00000000    rw- .bss
  20200190    20200190    00000072   00000000    rw- .data
20207e00    20207e00    00000200   00000000    rw-
  20207e00    20207e00    00000200   00000000    rw- .stack


SECTION ALLOCATION MAP

 output                                  attributes/
section   page    origin      length       input sections
--------  ----  ----------  ----------   ----------------
.intvecs   0    00000000    000000c0     
                  00000000    000000c0     startup_mspm0g350x_ticlang.o (.intvecs)

.text      0    000000c0    000030d0     
                  000000c0    000002cc     control.o (.text.Control_ABCDA)
                  0000038c    000002b4     JY61P.o (.text.UART2_IRQHandler)
                  00000640    000002a8     control.o (.text.Control_ACBDAx4)
                  000008e8    00000294     control.o (.text.Control_ACBDA)
                  00000b7c    000001d8     ti_msp_dl_config.o (.text.SYSCFG_DL_GPIO_init)
                  00000d54    000001c4     control.o (.text.Control_AB)
                  00000f18    00000192     libclang_rt.builtins.a : adddf3.S.obj (.text.adddf3_subdf3)
                  000010aa    00000002                            : aeabi_div0.c.obj (.text.__aeabi_idiv0)
                  000010ac    00000178     empty.o (.text.main)
                  00001224    0000013c     control.o (.text.xunji_centroid)
                  00001360    00000120     control.o (.text.GROUP1_IRQHandler)
                  00001480    00000104     driverlib.a : dl_timer.o (.text.DL_Timer_initFourCCPWMMode)
                  00001584    000000fc                 : dl_timer.o (.text.DL_Timer_initTimerMode)
                  00001680    000000e8     ti_msp_dl_config.o (.text.SYSCFG_DL_SYSCTL_SYSPLL_init)
                  00001768    000000e4     libclang_rt.builtins.a : muldf3.S.obj (.text.__muldf3)
                  0000184c    000000e0     control.o (.text.PID_A)
                  0000192c    000000e0     control.o (.text.PID_B)
                  00001a0c    000000dc     driverlib.a : dl_sysctl_mspm0g1x0x_g3x0x.o (.text.DL_SYSCTL_configSYSPLL)
                  00001ae8    000000d8     libclang_rt.builtins.a : addsf3.S.obj (.text)
                  00001bc0    000000cc     control.o (.text.TIMG7_IRQHandler)
                  00001c8c    000000bc     control.o (.text.TIMG6_IRQHandler)
                  00001d48    000000a0     ti_msp_dl_config.o (.text.SYSCFG_DL_initPower)
                  00001de8    0000009c     JY61P.o (.text.Serial_JY61P_Zero_Yaw)
                  00001e84    00000094     ti_msp_dl_config.o (.text.SYSCFG_DL_PWM_0_init)
                  00001f18    00000094     control.o (.text.Set_Pwm)
                  00001fac    0000008c     libclang_rt.builtins.a : mulsf3.S.obj (.text.__mulsf3)
                  00002038    00000084     ti_msp_dl_config.o (.text.__NVIC_SetPriority)
                  000020bc    00000082     libclang_rt.builtins.a : divsf3.S.obj (.text.__divsf3)
                  0000213e    00000002     --HOLE-- [fill = 0]
                  00002140    0000007c     libc.a : copy_decompress_lzss.c.obj (.text:decompress:lzss)
                  000021bc    00000074     libclang_rt.builtins.a : comparedf2.c.obj (.text.__gedf2)
                  00002230    00000074                            : truncdfsf2.S.obj (.text.__truncdfsf2)
                  000022a4    00000070     ti_msp_dl_config.o (.text.SYSCFG_DL_SYSCTL_init)
                  00002314    00000068     libclang_rt.builtins.a : comparedf2.c.obj (.text.__ledf2)
                  0000237c    00000064     ti_msp_dl_config.o (.text.SYSCFG_DL_I2C_MPU6050_init)
                  000023e0    00000062     libclang_rt.builtins.a : aeabi_dcmp.S.obj (.text.__aeabi_dcmp)
                  00002442    00000002     --HOLE-- [fill = 0]
                  00002444    00000062                            : aeabi_fcmp.S.obj (.text.__aeabi_fcmp)
                  000024a6    00000002     --HOLE-- [fill = 0]
                  000024a8    00000054     control.o (.text.set_Duty)
                  000024fc    00000050     ti_msp_dl_config.o (.text.DL_GPIO_initPeripheralInputFunctionFeatures)
                  0000254c    0000004c     ti_msp_dl_config.o (.text.DL_GPIO_initDigitalInputFeatures)
                  00002598    0000004c     ti_msp_dl_config.o (.text.DL_UART_setBaudRateDivisor)
                  000025e4    00000048     driverlib.a : dl_uart.o (.text.DL_UART_init)
                  0000262c    00000048     ti_msp_dl_config.o (.text.SYSCFG_DL_UART_JY61P_init)
                  00002674    00000044     driverlib.a : dl_sysctl_mspm0g1x0x_g3x0x.o (.text.DL_SYSCTL_switchMCLKfromSYSOSCtoHSCLK)
                  000026b8    00000040     ti_msp_dl_config.o (.text.SYSCFG_DL_UART_0_init)
                  000026f8    00000040     libclang_rt.builtins.a : aeabi_uidivmod.S.obj (.text.__aeabi_uidivmod)
                  00002738    00000040                            : extendsfdf2.S.obj (.text.__extendsfdf2)
                  00002778    0000003c     ti_msp_dl_config.o (.text.DL_Timer_setCounterControl)
                  000027b4    0000003c     control.o (.text.PWM_Limit)
                  000027f0    0000003c     ti_msp_dl_config.o (.text.SYSCFG_DL_init)
                  0000282c    0000003c     libclang_rt.builtins.a : floatsisf.S.obj (.text.__floatsisf)
                  00002868    0000003c                            : comparesf2.S.obj (.text.__gtsf2)
                  000028a4    0000003c     libc.a : autoinit.c.obj (.text:__TI_auto_init_nobinit_nopinit)
                  000028e0    0000003a     libclang_rt.builtins.a : comparesf2.S.obj (.text.__eqsf2)
                  0000291a    00000002     --HOLE-- [fill = 0]
                  0000291c    0000003a                            : muldsi3.S.obj (.text.__muldsi3)
                  00002956    00000002     --HOLE-- [fill = 0]
                  00002958    00000038                            : fixsfsi.S.obj (.text.__fixsfsi)
                  00002990    00000034     ti_msp_dl_config.o (.text.SYSCFG_DL_TIMER_0_init)
                  000029c4    00000034     ti_msp_dl_config.o (.text.SYSCFG_DL_TIMER_Encoder_Read_init)
                  000029f8    00000030     driverlib.a : dl_uart.o (.text.DL_UART_transmitDataBlocking)
                  00002a28    0000002c     empty.o (.text.__NVIC_EnableIRQ)
                  00002a54    00000028     ti_msp_dl_config.o (.text.DL_Common_updateReg)
                  00002a7c    00000028     ti_msp_dl_config.o (.text.DL_I2C_setControllerRXFIFOThreshold)
                  00002aa4    00000028     ti_msp_dl_config.o (.text.DL_I2C_setControllerTXFIFOThreshold)
                  00002acc    00000028     libc.a : boot_cortex_m.c.obj (.text:_c_int00_noargs)
                  00002af4    00000026     ti_msp_dl_config.o (.text.DL_I2C_setAnalogGlitchFilterPulseWidth)
                  00002b1a    00000026     driverlib.a : dl_i2c.o (.text.DL_I2C_setClockConfig)
                  00002b40    00000024     libclang_rt.builtins.a : floatunsidf.S.obj (.text.__floatunsidf)
                  00002b64    00000022     Delay.o (.text.Delay_ms)
                  00002b86    00000002     --HOLE-- [fill = 0]
                  00002b88    00000020     ti_msp_dl_config.o (.text.DL_GPIO_initPeripheralInputFunction)
                  00002ba8    00000020     ti_msp_dl_config.o (.text.DL_SYSCTL_setFlashWaitState)
                  00002bc8    00000020     Delay.o (.text.Delay_us)
                  00002be8    00000020     control.o (.text.myabs)
                  00002c08    0000001e     ti_msp_dl_config.o (.text.DL_UART_setOversampling)
                  00002c26    00000002     --HOLE-- [fill = 0]
                  00002c28    0000001c     control.o (.text.DL_GPIO_clearInterruptStatus)
                  00002c44    0000001c     ti_msp_dl_config.o (.text.DL_GPIO_clearInterruptStatus)
                  00002c60    0000001c     ti_msp_dl_config.o (.text.DL_GPIO_enableHiZ)
                  00002c7c    0000001c     ti_msp_dl_config.o (.text.DL_GPIO_enableInterrupt)
                  00002c98    0000001c     ti_msp_dl_config.o (.text.DL_GPIO_initDigitalInput)
                  00002cb4    0000001c     ti_msp_dl_config.o (.text.DL_GPIO_initPeripheralOutputFunction)
                  00002cd0    0000001c     ti_msp_dl_config.o (.text.DL_I2C_enableInterrupt)
                  00002cec    0000001c     driverlib.a : dl_sysctl_mspm0g1x0x_g3x0x.o (.text.DL_SYSCTL_configFCC)
                  00002d08    0000001c     ti_msp_dl_config.o (.text.DL_SYSCTL_setFCCPeriods)
                  00002d24    0000001c     ti_msp_dl_config.o (.text.DL_SYSCTL_setSYSOSCFreq)
                  00002d40    0000001c     ti_msp_dl_config.o (.text.DL_SYSCTL_setULPCLKDivider)
                  00002d5c    0000001c     ti_msp_dl_config.o (.text.DL_Timer_enableInterrupt)
                  00002d78    0000001c     driverlib.a : dl_timer.o (.text.DL_Timer_setCaptCompUpdateMethod)
                  00002d94    0000001c                 : dl_timer.o (.text.DL_Timer_setClockConfig)
                  00002db0    0000001c     ti_msp_dl_config.o (.text.DL_UART_enableInterrupt)
                  00002dcc    00000018     ti_msp_dl_config.o (.text.DL_GPIO_enableOutput)
                  00002de4    00000018     ti_msp_dl_config.o (.text.DL_GPIO_enablePower)
                  00002dfc    00000018     control.o (.text.DL_GPIO_getEnabledInterruptStatus)
                  00002e14    00000018     ti_msp_dl_config.o (.text.DL_GPIO_initDigitalOutput)
                  00002e2c    00000018     ti_msp_dl_config.o (.text.DL_GPIO_reset)
                  00002e44    00000018     control.o (.text.DL_GPIO_setPins)
                  00002e5c    00000018     empty.o (.text.DL_GPIO_setPins)
                  00002e74    00000018     ti_msp_dl_config.o (.text.DL_GPIO_setUpperPinsPolarity)
                  00002e8c    00000018     ti_msp_dl_config.o (.text.DL_I2C_enableAnalogGlitchFilter)
                  00002ea4    00000018     ti_msp_dl_config.o (.text.DL_I2C_enableController)
                  00002ebc    00000018     ti_msp_dl_config.o (.text.DL_I2C_enableControllerClockStretching)
                  00002ed4    00000018     ti_msp_dl_config.o (.text.DL_I2C_enablePower)
                  00002eec    00000018     ti_msp_dl_config.o (.text.DL_I2C_reset)
                  00002f04    00000018     ti_msp_dl_config.o (.text.DL_I2C_setTimerPeriod)
                  00002f1c    00000018     ti_msp_dl_config.o (.text.DL_SYSCTL_setBORThreshold)
                  00002f34    00000018     ti_msp_dl_config.o (.text.DL_Timer_enablePower)
                  00002f4c    00000018     ti_msp_dl_config.o (.text.DL_Timer_reset)
                  00002f64    00000018     driverlib.a : dl_timer.o (.text.DL_Timer_setCaptureCompareOutCtl)
                  00002f7c    00000018     empty.o (.text.DL_Timer_startCounter)
                  00002f94    00000018     ti_msp_dl_config.o (.text.DL_UART_enablePower)
                  00002fac    00000018     ti_msp_dl_config.o (.text.DL_UART_reset)
                  00002fc4    00000016     control.o (.text.DL_GPIO_readPins)
                  00002fda    00000016     empty.o (.text.DL_GPIO_readPins)
                  00002ff0    00000016     ti_msp_dl_config.o (.text.DL_UART_enable)
                  00003006    00000016     libc.a : copy_zero_init.c.obj (.text:decompress:ZI:__TI_zero_init_nomemset)
                  0000301c    00000014     control.o (.text.DL_GPIO_clearPins)
                  00003030    00000014     ti_msp_dl_config.o (.text.DL_GPIO_clearPins)
                  00003044    00000014     ti_msp_dl_config.o (.text.DL_I2C_resetControllerTransfer)
                  00003058    00000014     ti_msp_dl_config.o (.text.DL_SYSCTL_disableSYSPLL)
                  0000306c    00000014     ti_msp_dl_config.o (.text.DL_SYSCTL_enableSYSPLL)
                  00003080    00000014     ti_msp_dl_config.o (.text.DL_Timer_enableClock)
                  00003094    00000014     ti_msp_dl_config.o (.text.DL_Timer_setCCPDirection)
                  000030a8    00000014     JY61P.o (.text.DL_UART_receiveData)
                  000030bc    00000012     control.o (.text.DL_Timer_getPendingInterrupt)
                  000030ce    00000012     driverlib.a : dl_uart.o (.text.DL_UART_setClockConfig)
                  000030e0    00000012     libc.a : memcpy16.S.obj (.text:TI_memcpy_small)
                  000030f2    00000012            : copy_decompress_none.c.obj (.text:decompress:none)
                  00003104    00000010     ti_msp_dl_config.o (.text.DL_SYSCTL_disableHFXT)
                  00003114    00000010     ti_msp_dl_config.o (.text.DL_SYSCTL_isFCCDone)
                  00003124    00000010     ti_msp_dl_config.o (.text.DL_SYSCTL_startFCC)
                  00003134    00000010     driverlib.a : dl_timer.o (.text.DL_Timer_setCaptureCompareValue)
                  00003144    0000000c     ti_msp_dl_config.o (.text.DL_SYSCTL_getClockStatus)
                  00003150    0000000c     ti_msp_dl_config.o (.text.DL_SYSCTL_readFCC)
                  0000315c    0000000a     driverlib.a : dl_common.o (.text.DL_Common_delayCycles)
                  00003166    00000002     --HOLE-- [fill = 0]
                  00003168    00000008     libclang_rt.builtins.a : aeabi_memcpy.S.obj (.text.__aeabi_memcpy)
                  00003170    00000006     libc.a : exit.c.obj (.text:abort)
                  00003176    00000004     startup_mspm0g350x_ticlang.o (.text.Default_Handler)
                  0000317a    00000004     libsysbm.a : hostexit.c.obj (.text.HOSTexit)
                  0000317e    00000004     startup_mspm0g350x_ticlang.o (.text.Reset_Handler)
                  00003182    00000004     libc.a : pre_init.c.obj (.text._system_pre_init)
                  00003186    0000000a     --HOLE-- [fill = 0]

.cinit     0    00003210    00000040     
                  00003210    00000017     (.cinit..data.load) [load image, compression = lzss]
                  00003227    00000001     --HOLE-- [fill = 0]
                  00003228    0000000c     (__TI_handler_table)
                  00003234    00000008     (.cinit..bss.load) [load image, compression = zero_init]
                  0000323c    00000010     (__TI_cinit_table)
                  0000324c    00000004     --HOLE-- [fill = 0]

.rodata    0    00003190    00000080     
                  00003190    00000028     ti_msp_dl_config.o (.rodata.gSYSPLLConfig)
                  000031b8    00000014     ti_msp_dl_config.o (.rodata.gTIMER_0TimerConfig)
                  000031cc    00000014     ti_msp_dl_config.o (.rodata.gTIMER_Encoder_ReadTimerConfig)
                  000031e0    0000000a     ti_msp_dl_config.o (.rodata.gUART_0Config)
                  000031ea    0000000a     ti_msp_dl_config.o (.rodata.gUART_JY61PConfig)
                  000031f4    00000008     ti_msp_dl_config.o (.rodata.gPWM_0Config)
                  000031fc    00000003     ti_msp_dl_config.o (.rodata.gPWM_0ClockConfig)
                  000031ff    00000003     ti_msp_dl_config.o (.rodata.gTIMER_0ClockConfig)
                  00003202    00000003     ti_msp_dl_config.o (.rodata.gTIMER_Encoder_ReadClockConfig)
                  00003205    00000002     ti_msp_dl_config.o (.rodata.gI2C_MPU6050ClockConfig)
                  00003207    00000002     ti_msp_dl_config.o (.rodata.gUART_0ClockConfig)
                  00003209    00000002     ti_msp_dl_config.o (.rodata.gUART_JY61PClockConfig)
                  0000320b    00000005     --HOLE-- [fill = 0]

.init_array 
*          0    00000000    00000000     UNINITIALIZED

.binit     0    00000000    00000000     

.bss       0    20200000    0000018e     UNINITIALIZED
                  20200000    000000a0     (.common:gTIMER_0Backup)
                  202000a0    000000a0     (.common:gTIMER_Encoder_ReadBackup)
                  20200140    00000009     (.common:receivedData)
                  20200149    00000001     (.common:PitchH)
                  2020014a    00000001     (.common:PitchL)
                  2020014b    00000001     (.common:RollH)
                  2020014c    00000004     control.o (.bss.PID_A.Bias)
                  20200150    00000004     control.o (.bss.PID_A.Last2_bias)
                  20200154    00000004     control.o (.bss.PID_A.Last_bias)
                  20200158    00000004     control.o (.bss.PID_A.Pwm)
                  2020015c    00000004     control.o (.bss.PID_B.Bias)
                  20200160    00000004     control.o (.bss.PID_B.Last2_bias)
                  20200164    00000004     control.o (.bss.PID_B.Last_bias)
                  20200168    00000004     control.o (.bss.PID_B.Pwm)
                  2020016c    00000004     (.common:CurrentA)
                  20200170    00000004     (.common:CurrentB)
                  20200174    00000004     (.common:Pitch)
                  20200178    00000004     (.common:Roll)
                  2020017c    00000004     (.common:Yaw)
                  20200180    00000004     (.common:gpioA)
                  20200184    00000004     (.common:gpioB)
                  20200188    00000001     (.common:RollL)
                  20200189    00000001     (.common:SUM)
                  2020018a    00000001     (.common:VH)
                  2020018b    00000001     (.common:VL)
                  2020018c    00000001     (.common:YawH)
                  2020018d    00000001     (.common:YawL)

.data      0    20200190    00000072     UNINITIALIZED
                  20200190    00000004     control.o (.data.a)
                  20200194    00000004     control.o (.data.error)
                  20200198    00000004     control.o (.data.flag)
                  2020019c    00000004     control.o (.data.gEncoderCount_left)
                  202001a0    00000004     control.o (.data.gEncoderCount_right)
                  202001a4    00000004     control.o (.data.gEncoderVal_left)
                  202001a8    00000004     control.o (.data.gEncoderVal_right)
                  202001ac    00000004     control.o (.data.ledbegin)
                  202001b0    00000004     control.o (.data.ledflag1)
                  202001b4    00000004     control.o (.data.ledflag2)
                  202001b8    00000004     control.o (.data.ledflag)
                  202001bc    00000004     control.o (.data.lednum)
                  202001c0    00000004     control.o (.data.m)
                  202001c4    00000004     control.o (.data.n)
                  202001c8    00000004     control.o (.data.pwmstart)
                  202001cc    00000004     control.o (.data.targetA)
                  202001d0    00000004     control.o (.data.targetB)
                  202001d4    00000004     control.o (.data.tim)
                  202001d8    00000004     control.o (.data.timbegin)
                  202001dc    00000004     control.o (.data.timebegin1)
                  202001e0    00000004     control.o (.data.timebegin2)
                  202001e4    00000004     control.o (.data.timebegin)
                  202001e8    00000004     control.o (.data.timenum1)
                  202001ec    00000004     control.o (.data.timenum2)
                  202001f0    00000004     control.o (.data.timenum)
                  202001f4    00000004     control.o (.data.whiteflag1)
                  202001f8    00000004     control.o (.data.whiteflag2)
                  202001fc    00000004     control.o (.data.whiteflag)
                  20200200    00000001     JY61P.o (.data.RxState)
                  20200201    00000001     JY61P.o (.data.dataIndex)

.stack     0    20207e00    00000200     UNINITIALIZED
                  20207e00    00000004     libc.a : boot_cortex_m.c.obj (.stack)
                  20207e04    000001fc     --HOLE--

__llvm_prf_cnts 
*          0    20200000    00000000     UNINITIALIZED

__llvm_prf_bits 
*          0    20200000    00000000     UNINITIALIZED

MODULE SUMMARY

       Module                         code    ro data   rw data
       ------                         ----    -------   -------
    .\
       control.o                      4412    0         160    
       ti_msp_dl_config.o             3106    123       320    
       empty.o                        490     0         0      
       startup_mspm0g350x_ticlang.o   8       192       0      
       Delay.o                        66      0         0      
    +--+------------------------------+-------+---------+---------+
       Total:                         8082    315       480    
                                                               
    .\USART_JY61P\
       JY61P.o                        868     0         32     
    +--+------------------------------+-------+---------+---------+
       Total:                         868     0         32     
                                                               
    C:/ti/ccs2051/mspm0_sdk_2_10_00_04/source/ti/driverlib/lib/ticlang/m0p/mspm0g1x0x_g3x0x/driverlib.a
       dl_timer.o                     608     0         0      
       dl_sysctl_mspm0g1x0x_g3x0x.o   316     0         0      
       dl_uart.o                      138     0         0      
       dl_i2c.o                       38      0         0      
       dl_common.o                    10      0         0      
    +--+------------------------------+-------+---------+---------+
       Total:                         1110    0         0      
                                                               
    C:\ti\ccs2051\ti_cgt_arm_llvm_4.0.2.LTS\lib\armv6m-ti-none-eabi/c/libc.a
       copy_decompress_lzss.c.obj     124     0         0      
       autoinit.c.obj                 60      0         0      
       boot_cortex_m.c.obj            40      0         0      
       copy_zero_init.c.obj           22      0         0      
       copy_decompress_none.c.obj     18      0         0      
       memcpy16.S.obj                 18      0         0      
       exit.c.obj                     6       0         0      
       pre_init.c.obj                 4       0         0      
    +--+------------------------------+-------+---------+---------+
       Total:                         292     0         0      
                                                               
    C:\ti\ccs2051\ti_cgt_arm_llvm_4.0.2.LTS\lib\armv6m-ti-none-eabi/c/libsysbm.a
       hostexit.c.obj                 4       0         0      
    +--+------------------------------+-------+---------+---------+
       Total:                         4       0         0      
                                                               
    C:\ti\ccs2051\ti_cgt_arm_llvm_4.0.2.LTS\lib\armv6m-ti-none-eabi/libclang_rt.builtins.a
       adddf3.S.obj                   402     0         0      
       muldf3.S.obj                   228     0         0      
       comparedf2.c.obj               220     0         0      
       addsf3.S.obj                   216     0         0      
       mulsf3.S.obj                   140     0         0      
       divsf3.S.obj                   130     0         0      
       comparesf2.S.obj               118     0         0      
       truncdfsf2.S.obj               116     0         0      
       aeabi_dcmp.S.obj               98      0         0      
       aeabi_fcmp.S.obj               98      0         0      
       aeabi_uidivmod.S.obj           64      0         0      
       extendsfdf2.S.obj              64      0         0      
       floatsisf.S.obj                60      0         0      
       muldsi3.S.obj                  58      0         0      
       fixsfsi.S.obj                  56      0         0      
       floatunsidf.S.obj              36      0         0      
       aeabi_memcpy.S.obj             8       0         0      
       aeabi_div0.c.obj               2       0         0      
    +--+------------------------------+-------+---------+---------+
       Total:                         2114    0         0      
                                                               
       Stack:                         0       0         512    
       Linker Generated:              0       59        0      
    +--+------------------------------+-------+---------+---------+
       Grand Total:                   12470   374       1024   


LINKER GENERATED COPY TABLES

__TI_cinit_table @ 0000323c records: 2, size/record: 8, table size: 16
	.data: load addr=00003210, load size=00000017 bytes, run addr=20200190, run size=00000072 bytes, compression=lzss
	.bss: load addr=00003234, load size=00000008 bytes, run addr=20200000, run size=0000018e bytes, compression=zero_init


LINKER GENERATED HANDLER TABLE

__TI_handler_table @ 00003228 records: 3, size/record: 4, table size: 12
	index: 0, handler: __TI_decompress_lzss
	index: 1, handler: __TI_decompress_none
	index: 2, handler: __TI_zero_init


GLOBAL SYMBOLS: SORTED ALPHABETICALLY BY Name 

address   name                                 
-------   ----                                 
00003177  ADC0_IRQHandler                      
00003177  ADC1_IRQHandler                      
00003177  AES_IRQHandler                       
0000317a  C$$EXIT                              
00003177  CANFD0_IRQHandler                    
00000d55  Control_AB                           
000000c1  Control_ABCDA                        
000008e9  Control_ACBDA                        
00000641  Control_ACBDAx4                      
2020016c  CurrentA                             
20200170  CurrentB                             
00003177  DAC0_IRQHandler                      
0000315d  DL_Common_delayCycles                
00002b1b  DL_I2C_setClockConfig                
00002ced  DL_SYSCTL_configFCC                  
00001a0d  DL_SYSCTL_configSYSPLL               
00002675  DL_SYSCTL_switchMCLKfromSYSOSCtoHSCLK
00001481  DL_Timer_initFourCCPWMMode           
00001585  DL_Timer_initTimerMode               
00002d79  DL_Timer_setCaptCompUpdateMethod     
00002f65  DL_Timer_setCaptureCompareOutCtl     
00003135  DL_Timer_setCaptureCompareValue      
00002d95  DL_Timer_setClockConfig              
000025e5  DL_UART_init                         
000030cf  DL_UART_setClockConfig               
000029f9  DL_UART_transmitDataBlocking         
00003177  DMA_IRQHandler                       
00003177  Default_Handler                      
00002b65  Delay_ms                             
00002bc9  Delay_us                             
00003177  GROUP0_IRQHandler                    
00001361  GROUP1_IRQHandler                    
0000317b  HOSTexit                             
00003177  HardFault_Handler                    
00003177  I2C0_IRQHandler                      
00003177  I2C1_IRQHandler                      
00003177  NMI_Handler                          
0000184d  PID_A                                
0000192d  PID_B                                
000027b5  PWM_Limit                            
00003177  PendSV_Handler                       
20200174  Pitch                                
20200149  PitchH                               
2020014a  PitchL                               
00003177  RTC_IRQHandler                       
0000317f  Reset_Handler                        
20200178  Roll                                 
2020014b  RollH                                
20200188  RollL                                
20200200  RxState                              
00003177  SPI0_IRQHandler                      
00003177  SPI1_IRQHandler                      
20200189  SUM                                  
00003177  SVC_Handler                          
00000b7d  SYSCFG_DL_GPIO_init                  
0000237d  SYSCFG_DL_I2C_MPU6050_init           
00001e85  SYSCFG_DL_PWM_0_init                 
00001681  SYSCFG_DL_SYSCTL_SYSPLL_init         
000022a5  SYSCFG_DL_SYSCTL_init                
00002991  SYSCFG_DL_TIMER_0_init               
000029c5  SYSCFG_DL_TIMER_Encoder_Read_init    
000026b9  SYSCFG_DL_UART_0_init                
0000262d  SYSCFG_DL_UART_JY61P_init            
000027f1  SYSCFG_DL_init                       
00001d49  SYSCFG_DL_initPower                  
00001de9  Serial_JY61P_Zero_Yaw                
00001f19  Set_Pwm                              
00003177  SysTick_Handler                      
00003177  TIMA0_IRQHandler                     
00003177  TIMA1_IRQHandler                     
00003177  TIMG0_IRQHandler                     
00003177  TIMG12_IRQHandler                    
00001c8d  TIMG6_IRQHandler                     
00001bc1  TIMG7_IRQHandler                     
00003177  TIMG8_IRQHandler                     
000030e1  TI_memcpy_small                      
00003177  UART0_IRQHandler                     
00003177  UART1_IRQHandler                     
0000038d  UART2_IRQHandler                     
00003177  UART3_IRQHandler                     
2020018a  VH                                   
2020018b  VL                                   
2020017c  Yaw                                  
2020018c  YawH                                 
2020018d  YawL                                 
20208000  __STACK_END                          
00000200  __STACK_SIZE                         
00000000  __TI_ATRegion0_region_sz             
00000000  __TI_ATRegion0_src_addr              
00000000  __TI_ATRegion0_trg_addr              
00000000  __TI_ATRegion1_region_sz             
00000000  __TI_ATRegion1_src_addr              
00000000  __TI_ATRegion1_trg_addr              
00000000  __TI_ATRegion2_region_sz             
00000000  __TI_ATRegion2_src_addr              
00000000  __TI_ATRegion2_trg_addr              
0000323c  __TI_CINIT_Base                      
0000324c  __TI_CINIT_Limit                     
0000324c  __TI_CINIT_Warm                      
00003228  __TI_Handler_Table_Base              
00003234  __TI_Handler_Table_Limit             
000028a5  __TI_auto_init_nobinit_nopinit       
00002141  __TI_decompress_lzss                 
000030f3  __TI_decompress_none                 
ffffffff  __TI_pprof_out_hndl                  
ffffffff  __TI_prof_data_size                  
ffffffff  __TI_prof_data_start                 
00000000  __TI_static_base__                   
00003007  __TI_zero_init_nomemset              
00000f23  __adddf3                             
00001af3  __addsf3                             
00002231  __aeabi_d2f                          
00000f23  __aeabi_dadd                         
000023e1  __aeabi_dcmpeq                       
0000241d  __aeabi_dcmpge                       
00002431  __aeabi_dcmpgt                       
00002409  __aeabi_dcmple                       
000023f5  __aeabi_dcmplt                       
00001769  __aeabi_dmul                         
00000f19  __aeabi_dsub                         
00002739  __aeabi_f2d                          
00002959  __aeabi_f2iz                         
00001af3  __aeabi_fadd                         
00002445  __aeabi_fcmpeq                       
00002481  __aeabi_fcmpge                       
00002495  __aeabi_fcmpgt                       
0000246d  __aeabi_fcmple                       
00002459  __aeabi_fcmplt                       
000020bd  __aeabi_fdiv                         
00001fad  __aeabi_fmul                         
00001ae9  __aeabi_fsub                         
0000282d  __aeabi_i2f                          
000010ab  __aeabi_idiv0                        
00003169  __aeabi_memcpy                       
00003169  __aeabi_memcpy4                      
00003169  __aeabi_memcpy8                      
00002b41  __aeabi_ui2d                         
000026f9  __aeabi_uidiv                        
000026f9  __aeabi_uidivmod                     
ffffffff  __binit__                            
00002315  __cmpdf2                             
000028e1  __cmpsf2                             
000020bd  __divsf3                             
00002315  __eqdf2                              
000028e1  __eqsf2                              
00002739  __extendsfdf2                        
00002959  __fixsfsi                            
0000282d  __floatsisf                          
00002b41  __floatunsidf                        
000021bd  __gedf2                              
00002869  __gesf2                              
000021bd  __gtdf2                              
00002869  __gtsf2                              
00002315  __ledf2                              
000028e1  __lesf2                              
00002315  __ltdf2                              
000028e1  __ltsf2                              
UNDEFED   __mpu_init                           
00001769  __muldf3                             
0000291d  __muldsi3                            
00001fad  __mulsf3                             
00002315  __nedf2                              
000028e1  __nesf2                              
20207e00  __stack                              
20200000  __start___llvm_prf_bits              
20200000  __start___llvm_prf_cnts              
20200000  __stop___llvm_prf_bits               
20200000  __stop___llvm_prf_cnts               
00000f19  __subdf3                             
00001ae9  __subsf3                             
00002231  __truncdfsf2                         
00002acd  _c_int00_noargs                      
UNDEFED   _system_post_cinit                   
00003183  _system_pre_init                     
20200190  a                                    
00003171  abort                                
ffffffff  binit                                
20200201  dataIndex                            
20200194  error                                
20200198  flag                                 
2020019c  gEncoderCount_left                   
202001a0  gEncoderCount_right                  
202001a4  gEncoderVal_left                     
202001a8  gEncoderVal_right                    
20200000  gTIMER_0Backup                       
202000a0  gTIMER_Encoder_ReadBackup            
20200180  gpioA                                
20200184  gpioB                                
00000000  interruptVectors                     
202001ac  ledbegin                             
202001b8  ledflag                              
202001b0  ledflag1                             
202001b4  ledflag2                             
202001bc  lednum                               
202001c0  m                                    
000010ad  main                                 
00002be9  myabs                                
202001c4  n                                    
202001c8  pwmstart                             
20200140  receivedData                         
000024a9  set_Duty                             
202001cc  targetA                              
202001d0  targetB                              
202001d4  tim                                  
202001d8  timbegin                             
202001e4  timebegin                            
202001dc  timebegin1                           
202001e0  timebegin2                           
202001f0  timenum                              
202001e8  timenum1                             
202001ec  timenum2                             
202001fc  whiteflag                            
202001f4  whiteflag1                           
202001f8  whiteflag2                           
00001225  xunji_centroid                       


GLOBAL SYMBOLS: SORTED BY Symbol Address 

address   name                                 
-------   ----                                 
00000000  __TI_ATRegion0_region_sz             
00000000  __TI_ATRegion0_src_addr              
00000000  __TI_ATRegion0_trg_addr              
00000000  __TI_ATRegion1_region_sz             
00000000  __TI_ATRegion1_src_addr              
00000000  __TI_ATRegion1_trg_addr              
00000000  __TI_ATRegion2_region_sz             
00000000  __TI_ATRegion2_src_addr              
00000000  __TI_ATRegion2_trg_addr              
00000000  __TI_static_base__                   
00000000  interruptVectors                     
000000c1  Control_ABCDA                        
00000200  __STACK_SIZE                         
0000038d  UART2_IRQHandler                     
00000641  Control_ACBDAx4                      
000008e9  Control_ACBDA                        
00000b7d  SYSCFG_DL_GPIO_init                  
00000d55  Control_AB                           
00000f19  __aeabi_dsub                         
00000f19  __subdf3                             
00000f23  __adddf3                             
00000f23  __aeabi_dadd                         
000010ab  __aeabi_idiv0                        
000010ad  main                                 
00001225  xunji_centroid                       
00001361  GROUP1_IRQHandler                    
00001481  DL_Timer_initFourCCPWMMode           
00001585  DL_Timer_initTimerMode               
00001681  SYSCFG_DL_SYSCTL_SYSPLL_init         
00001769  __aeabi_dmul                         
00001769  __muldf3                             
0000184d  PID_A                                
0000192d  PID_B                                
00001a0d  DL_SYSCTL_configSYSPLL               
00001ae9  __aeabi_fsub                         
00001ae9  __subsf3                             
00001af3  __addsf3                             
00001af3  __aeabi_fadd                         
00001bc1  TIMG7_IRQHandler                     
00001c8d  TIMG6_IRQHandler                     
00001d49  SYSCFG_DL_initPower                  
00001de9  Serial_JY61P_Zero_Yaw                
00001e85  SYSCFG_DL_PWM_0_init                 
00001f19  Set_Pwm                              
00001fad  __aeabi_fmul                         
00001fad  __mulsf3                             
000020bd  __aeabi_fdiv                         
000020bd  __divsf3                             
00002141  __TI_decompress_lzss                 
000021bd  __gedf2                              
000021bd  __gtdf2                              
00002231  __aeabi_d2f                          
00002231  __truncdfsf2                         
000022a5  SYSCFG_DL_SYSCTL_init                
00002315  __cmpdf2                             
00002315  __eqdf2                              
00002315  __ledf2                              
00002315  __ltdf2                              
00002315  __nedf2                              
0000237d  SYSCFG_DL_I2C_MPU6050_init           
000023e1  __aeabi_dcmpeq                       
000023f5  __aeabi_dcmplt                       
00002409  __aeabi_dcmple                       
0000241d  __aeabi_dcmpge                       
00002431  __aeabi_dcmpgt                       
00002445  __aeabi_fcmpeq                       
00002459  __aeabi_fcmplt                       
0000246d  __aeabi_fcmple                       
00002481  __aeabi_fcmpge                       
00002495  __aeabi_fcmpgt                       
000024a9  set_Duty                             
000025e5  DL_UART_init                         
0000262d  SYSCFG_DL_UART_JY61P_init            
00002675  DL_SYSCTL_switchMCLKfromSYSOSCtoHSCLK
000026b9  SYSCFG_DL_UART_0_init                
000026f9  __aeabi_uidiv                        
000026f9  __aeabi_uidivmod                     
00002739  __aeabi_f2d                          
00002739  __extendsfdf2                        
000027b5  PWM_Limit                            
000027f1  SYSCFG_DL_init                       
0000282d  __aeabi_i2f                          
0000282d  __floatsisf                          
00002869  __gesf2                              
00002869  __gtsf2                              
000028a5  __TI_auto_init_nobinit_nopinit       
000028e1  __cmpsf2                             
000028e1  __eqsf2                              
000028e1  __lesf2                              
000028e1  __ltsf2                              
000028e1  __nesf2                              
0000291d  __muldsi3                            
00002959  __aeabi_f2iz                         
00002959  __fixsfsi                            
00002991  SYSCFG_DL_TIMER_0_init               
000029c5  SYSCFG_DL_TIMER_Encoder_Read_init    
000029f9  DL_UART_transmitDataBlocking         
00002acd  _c_int00_noargs                      
00002b1b  DL_I2C_setClockConfig                
00002b41  __aeabi_ui2d                         
00002b41  __floatunsidf                        
00002b65  Delay_ms                             
00002bc9  Delay_us                             
00002be9  myabs                                
00002ced  DL_SYSCTL_configFCC                  
00002d79  DL_Timer_setCaptCompUpdateMethod     
00002d95  DL_Timer_setClockConfig              
00002f65  DL_Timer_setCaptureCompareOutCtl     
00003007  __TI_zero_init_nomemset              
000030cf  DL_UART_setClockConfig               
000030e1  TI_memcpy_small                      
000030f3  __TI_decompress_none                 
00003135  DL_Timer_setCaptureCompareValue      
0000315d  DL_Common_delayCycles                
00003169  __aeabi_memcpy                       
00003169  __aeabi_memcpy4                      
00003169  __aeabi_memcpy8                      
00003171  abort                                
00003177  ADC0_IRQHandler                      
00003177  ADC1_IRQHandler                      
00003177  AES_IRQHandler                       
00003177  CANFD0_IRQHandler                    
00003177  DAC0_IRQHandler                      
00003177  DMA_IRQHandler                       
00003177  Default_Handler                      
00003177  GROUP0_IRQHandler                    
00003177  HardFault_Handler                    
00003177  I2C0_IRQHandler                      
00003177  I2C1_IRQHandler                      
00003177  NMI_Handler                          
00003177  PendSV_Handler                       
00003177  RTC_IRQHandler                       
00003177  SPI0_IRQHandler                      
00003177  SPI1_IRQHandler                      
00003177  SVC_Handler                          
00003177  SysTick_Handler                      
00003177  TIMA0_IRQHandler                     
00003177  TIMA1_IRQHandler                     
00003177  TIMG0_IRQHandler                     
00003177  TIMG12_IRQHandler                    
00003177  TIMG8_IRQHandler                     
00003177  UART0_IRQHandler                     
00003177  UART1_IRQHandler                     
00003177  UART3_IRQHandler                     
0000317a  C$$EXIT                              
0000317b  HOSTexit                             
0000317f  Reset_Handler                        
00003183  _system_pre_init                     
00003228  __TI_Handler_Table_Base              
00003234  __TI_Handler_Table_Limit             
0000323c  __TI_CINIT_Base                      
0000324c  __TI_CINIT_Limit                     
0000324c  __TI_CINIT_Warm                      
20200000  __start___llvm_prf_bits              
20200000  __start___llvm_prf_cnts              
20200000  __stop___llvm_prf_bits               
20200000  __stop___llvm_prf_cnts               
20200000  gTIMER_0Backup                       
202000a0  gTIMER_Encoder_ReadBackup            
20200140  receivedData                         
20200149  PitchH                               
2020014a  PitchL                               
2020014b  RollH                                
2020016c  CurrentA                             
20200170  CurrentB                             
20200174  Pitch                                
20200178  Roll                                 
2020017c  Yaw                                  
20200180  gpioA                                
20200184  gpioB                                
20200188  RollL                                
20200189  SUM                                  
2020018a  VH                                   
2020018b  VL                                   
2020018c  YawH                                 
2020018d  YawL                                 
20200190  a                                    
20200194  error                                
20200198  flag                                 
2020019c  gEncoderCount_left                   
202001a0  gEncoderCount_right                  
202001a4  gEncoderVal_left                     
202001a8  gEncoderVal_right                    
202001ac  ledbegin                             
202001b0  ledflag1                             
202001b4  ledflag2                             
202001b8  ledflag                              
202001bc  lednum                               
202001c0  m                                    
202001c4  n                                    
202001c8  pwmstart                             
202001cc  targetA                              
202001d0  targetB                              
202001d4  tim                                  
202001d8  timbegin                             
202001dc  timebegin1                           
202001e0  timebegin2                           
202001e4  timebegin                            
202001e8  timenum1                             
202001ec  timenum2                             
202001f0  timenum                              
202001f4  whiteflag1                           
202001f8  whiteflag2                           
202001fc  whiteflag                            
20200200  RxState                              
20200201  dataIndex                            
20207e00  __stack                              
20208000  __STACK_END                          
ffffffff  __TI_pprof_out_hndl                  
ffffffff  __TI_prof_data_size                  
ffffffff  __TI_prof_data_start                 
ffffffff  __binit__                            
ffffffff  binit                                
UNDEFED   __mpu_init                           
UNDEFED   _system_post_cinit                   

[215 symbols]
