<?xml version="1.0" encoding="ISO-8859-1" ?>
<link_info>
   <banner>TI ARM Clang Linker PC v4.0.2.LTS</banner>
   <copyright>Copyright (c) 1996-2018 Texas Instruments Incorporated</copyright>
   <command_line>C:\ti\ccs2051\ti_cgt_arm_llvm_4.0.2.LTS\bin\tiarmlnk -IC:\ti\ccs2051\ti_cgt_arm_llvm_4.0.2.LTS\lib -o PWM.out -mPWM.map -iC:/ti/ccs2051/mspm0_sdk_2_10_00_04/source -iC:/Users/luoji/Desktop/car xunji -iC:/Users/luoji/Desktop/car xunji/Debug/syscfg -iC:/ti/ccs2051/ti_cgt_arm_llvm_4.0.2.LTS/lib --diag_wrap=off --display_error_number --warn_sections --xml_link_info=PWM_linkInfo.xml --rom_model ./Delay.o ./control.o ./empty.o ./ti_msp_dl_config.o ./startup_mspm0g350x_ticlang.o ./USART_JY61P/JY61P.o -l./device_linker.cmd -ldevice.cmd.genlibs -llibc.a -lC:/ti/ccs2051/mspm0_sdk_2_10_00_04/source/ti/driverlib/lib/ticlang/m0p/mspm0g1x0x_g3x0x/driverlib.a --start-group -llibc++.a -llibc++abi.a -llibc.a -llibsys.a -llibsysbm.a -llibclang_rt.builtins.a -llibclang_rt.profile.a --end-group --cg_opt_level=0</command_line>
   <link_time>0x6a1bb2e3</link_time>
   <link_errors>0x0</link_errors>
   <output_file>C:\Users\luoji\Desktop\car xunji\Debug\PWM.out</output_file>
   <entry_point>
      <name>_c_int00_noargs</name>
      <address>0x2acd</address>
   </entry_point>
   <input_file_list>
      <input_file id="fl-1">
         <path>C:\Users\luoji\Desktop\car xunji\Debug\.\</path>
         <kind>object</kind>
         <file>Delay.o</file>
         <name>Delay.o</name>
      </input_file>
      <input_file id="fl-2">
         <path>C:\Users\luoji\Desktop\car xunji\Debug\.\</path>
         <kind>object</kind>
         <file>control.o</file>
         <name>control.o</name>
      </input_file>
      <input_file id="fl-3">
         <path>C:\Users\luoji\Desktop\car xunji\Debug\.\</path>
         <kind>object</kind>
         <file>empty.o</file>
         <name>empty.o</name>
      </input_file>
      <input_file id="fl-4">
         <path>C:\Users\luoji\Desktop\car xunji\Debug\.\</path>
         <kind>object</kind>
         <file>ti_msp_dl_config.o</file>
         <name>ti_msp_dl_config.o</name>
      </input_file>
      <input_file id="fl-5">
         <path>C:\Users\luoji\Desktop\car xunji\Debug\.\</path>
         <kind>object</kind>
         <file>startup_mspm0g350x_ticlang.o</file>
         <name>startup_mspm0g350x_ticlang.o</name>
      </input_file>
      <input_file id="fl-6">
         <path>C:\Users\luoji\Desktop\car xunji\Debug\.\USART_JY61P\</path>
         <kind>object</kind>
         <file>JY61P.o</file>
         <name>JY61P.o</name>
      </input_file>
      <input_file id="fl-14">
         <path>C:\Users\luoji\Desktop\car xunji\Debug\</path>
         <kind>object</kind>
         <file>&lt;internal&gt;</file>
         <name>&lt;internal&gt;</name>
      </input_file>
      <input_file id="fl-15">
         <path>C:\ti\ccs2051\mspm0_sdk_2_10_00_04\source\ti\driverlib\lib\ticlang\m0p\mspm0g1x0x_g3x0x\</path>
         <kind>archive</kind>
         <file>driverlib.a</file>
         <name>dl_common.o</name>
      </input_file>
      <input_file id="fl-16">
         <path>C:\ti\ccs2051\mspm0_sdk_2_10_00_04\source\ti\driverlib\lib\ticlang\m0p\mspm0g1x0x_g3x0x\</path>
         <kind>archive</kind>
         <file>driverlib.a</file>
         <name>dl_i2c.o</name>
      </input_file>
      <input_file id="fl-17">
         <path>C:\ti\ccs2051\mspm0_sdk_2_10_00_04\source\ti\driverlib\lib\ticlang\m0p\mspm0g1x0x_g3x0x\</path>
         <kind>archive</kind>
         <file>driverlib.a</file>
         <name>dl_timer.o</name>
      </input_file>
      <input_file id="fl-18">
         <path>C:\ti\ccs2051\mspm0_sdk_2_10_00_04\source\ti\driverlib\lib\ticlang\m0p\mspm0g1x0x_g3x0x\</path>
         <kind>archive</kind>
         <file>driverlib.a</file>
         <name>dl_uart.o</name>
      </input_file>
      <input_file id="fl-19">
         <path>C:\ti\ccs2051\mspm0_sdk_2_10_00_04\source\ti\driverlib\lib\ticlang\m0p\mspm0g1x0x_g3x0x\</path>
         <kind>archive</kind>
         <file>driverlib.a</file>
         <name>dl_sysctl_mspm0g1x0x_g3x0x.o</name>
      </input_file>
      <input_file id="fl-30">
         <path>C:\ti\ccs2051\ti_cgt_arm_llvm_4.0.2.LTS\lib\armv6m-ti-none-eabi\c\</path>
         <kind>archive</kind>
         <file>libc.a</file>
         <name>boot_cortex_m.c.obj</name>
      </input_file>
      <input_file id="fl-31">
         <path>C:\ti\ccs2051\ti_cgt_arm_llvm_4.0.2.LTS\lib\armv6m-ti-none-eabi\c\</path>
         <kind>archive</kind>
         <file>libc.a</file>
         <name>mathacl_init.c.obj</name>
      </input_file>
      <input_file id="fl-32">
         <path>C:\ti\ccs2051\ti_cgt_arm_llvm_4.0.2.LTS\lib\armv6m-ti-none-eabi\c\</path>
         <kind>archive</kind>
         <file>libc.a</file>
         <name>autoinit.c.obj</name>
      </input_file>
      <input_file id="fl-33">
         <path>C:\ti\ccs2051\ti_cgt_arm_llvm_4.0.2.LTS\lib\armv6m-ti-none-eabi\c\</path>
         <kind>archive</kind>
         <file>libc.a</file>
         <name>pre_init.c.obj</name>
      </input_file>
      <input_file id="fl-34">
         <path>C:\ti\ccs2051\ti_cgt_arm_llvm_4.0.2.LTS\lib\armv6m-ti-none-eabi\c\</path>
         <kind>archive</kind>
         <file>libc.a</file>
         <name>cpy_tbl.c.obj</name>
      </input_file>
      <input_file id="fl-35">
         <path>C:\ti\ccs2051\ti_cgt_arm_llvm_4.0.2.LTS\lib\armv6m-ti-none-eabi\c\</path>
         <kind>archive</kind>
         <file>libc.a</file>
         <name>copy_zero_init.c.obj</name>
      </input_file>
      <input_file id="fl-36">
         <path>C:\ti\ccs2051\ti_cgt_arm_llvm_4.0.2.LTS\lib\armv6m-ti-none-eabi\c\</path>
         <kind>archive</kind>
         <file>libc.a</file>
         <name>copy_decompress_none.c.obj</name>
      </input_file>
      <input_file id="fl-37">
         <path>C:\ti\ccs2051\ti_cgt_arm_llvm_4.0.2.LTS\lib\armv6m-ti-none-eabi\c\</path>
         <kind>archive</kind>
         <file>libc.a</file>
         <name>copy_decompress_lzss.c.obj</name>
      </input_file>
      <input_file id="fl-38">
         <path>C:\ti\ccs2051\ti_cgt_arm_llvm_4.0.2.LTS\lib\armv6m-ti-none-eabi\c\</path>
         <kind>archive</kind>
         <file>libc.a</file>
         <name>exit.c.obj</name>
      </input_file>
      <input_file id="fl-39">
         <path>C:\ti\ccs2051\ti_cgt_arm_llvm_4.0.2.LTS\lib\armv6m-ti-none-eabi\c\</path>
         <kind>archive</kind>
         <file>libc.a</file>
         <name>_lock.c.obj</name>
      </input_file>
      <input_file id="fl-3a">
         <path>C:\ti\ccs2051\ti_cgt_arm_llvm_4.0.2.LTS\lib\armv6m-ti-none-eabi\c\</path>
         <kind>archive</kind>
         <file>libc.a</file>
         <name>args_main.c.obj</name>
      </input_file>
      <input_file id="fl-da">
         <path>C:\ti\ccs2051\ti_cgt_arm_llvm_4.0.2.LTS\lib\armv6m-ti-none-eabi\c\</path>
         <kind>archive</kind>
         <file>libsysbm.a</file>
         <name>hostexit.c.obj</name>
      </input_file>
      <input_file id="fl-db">
         <path>C:\ti\ccs2051\ti_cgt_arm_llvm_4.0.2.LTS\lib\armv6m-ti-none-eabi\</path>
         <kind>archive</kind>
         <file>libclang_rt.builtins.a</file>
         <name>addsf3.S.obj</name>
      </input_file>
      <input_file id="fl-dc">
         <path>C:\ti\ccs2051\ti_cgt_arm_llvm_4.0.2.LTS\lib\armv6m-ti-none-eabi\</path>
         <kind>archive</kind>
         <file>libclang_rt.builtins.a</file>
         <name>adddf3.S.obj</name>
      </input_file>
      <input_file id="fl-dd">
         <path>C:\ti\ccs2051\ti_cgt_arm_llvm_4.0.2.LTS\lib\armv6m-ti-none-eabi\</path>
         <kind>archive</kind>
         <file>libclang_rt.builtins.a</file>
         <name>muldf3.S.obj</name>
      </input_file>
      <input_file id="fl-de">
         <path>C:\ti\ccs2051\ti_cgt_arm_llvm_4.0.2.LTS\lib\armv6m-ti-none-eabi\</path>
         <kind>archive</kind>
         <file>libclang_rt.builtins.a</file>
         <name>muldsi3.S.obj</name>
      </input_file>
      <input_file id="fl-df">
         <path>C:\ti\ccs2051\ti_cgt_arm_llvm_4.0.2.LTS\lib\armv6m-ti-none-eabi\</path>
         <kind>archive</kind>
         <file>libclang_rt.builtins.a</file>
         <name>mulsf3.S.obj</name>
      </input_file>
      <input_file id="fl-e0">
         <path>C:\ti\ccs2051\ti_cgt_arm_llvm_4.0.2.LTS\lib\armv6m-ti-none-eabi\</path>
         <kind>archive</kind>
         <file>libclang_rt.builtins.a</file>
         <name>divsf3.S.obj</name>
      </input_file>
      <input_file id="fl-e1">
         <path>C:\ti\ccs2051\ti_cgt_arm_llvm_4.0.2.LTS\lib\armv6m-ti-none-eabi\</path>
         <kind>archive</kind>
         <file>libclang_rt.builtins.a</file>
         <name>extendsfdf2.S.obj</name>
      </input_file>
      <input_file id="fl-e2">
         <path>C:\ti\ccs2051\ti_cgt_arm_llvm_4.0.2.LTS\lib\armv6m-ti-none-eabi\</path>
         <kind>archive</kind>
         <file>libclang_rt.builtins.a</file>
         <name>fixsfsi.S.obj</name>
      </input_file>
      <input_file id="fl-e3">
         <path>C:\ti\ccs2051\ti_cgt_arm_llvm_4.0.2.LTS\lib\armv6m-ti-none-eabi\</path>
         <kind>archive</kind>
         <file>libclang_rt.builtins.a</file>
         <name>floatsisf.S.obj</name>
      </input_file>
      <input_file id="fl-e4">
         <path>C:\ti\ccs2051\ti_cgt_arm_llvm_4.0.2.LTS\lib\armv6m-ti-none-eabi\</path>
         <kind>archive</kind>
         <file>libclang_rt.builtins.a</file>
         <name>floatunsidf.S.obj</name>
      </input_file>
      <input_file id="fl-e5">
         <path>C:\ti\ccs2051\ti_cgt_arm_llvm_4.0.2.LTS\lib\armv6m-ti-none-eabi\</path>
         <kind>archive</kind>
         <file>libclang_rt.builtins.a</file>
         <name>truncdfsf2.S.obj</name>
      </input_file>
      <input_file id="fl-e6">
         <path>C:\ti\ccs2051\ti_cgt_arm_llvm_4.0.2.LTS\lib\armv6m-ti-none-eabi\</path>
         <kind>archive</kind>
         <file>libclang_rt.builtins.a</file>
         <name>aeabi_dcmp.S.obj</name>
      </input_file>
      <input_file id="fl-e7">
         <path>C:\ti\ccs2051\ti_cgt_arm_llvm_4.0.2.LTS\lib\armv6m-ti-none-eabi\</path>
         <kind>archive</kind>
         <file>libclang_rt.builtins.a</file>
         <name>aeabi_fcmp.S.obj</name>
      </input_file>
      <input_file id="fl-e8">
         <path>C:\ti\ccs2051\ti_cgt_arm_llvm_4.0.2.LTS\lib\armv6m-ti-none-eabi\</path>
         <kind>archive</kind>
         <file>libclang_rt.builtins.a</file>
         <name>aeabi_memcpy.S.obj</name>
      </input_file>
      <input_file id="fl-e9">
         <path>C:\ti\ccs2051\ti_cgt_arm_llvm_4.0.2.LTS\lib\armv6m-ti-none-eabi\</path>
         <kind>archive</kind>
         <file>libclang_rt.builtins.a</file>
         <name>aeabi_memset.S.obj</name>
      </input_file>
      <input_file id="fl-ea">
         <path>C:\ti\ccs2051\ti_cgt_arm_llvm_4.0.2.LTS\lib\armv6m-ti-none-eabi\</path>
         <kind>archive</kind>
         <file>libclang_rt.builtins.a</file>
         <name>aeabi_uidivmod.S.obj</name>
      </input_file>
      <input_file id="fl-eb">
         <path>C:\ti\ccs2051\ti_cgt_arm_llvm_4.0.2.LTS\lib\armv6m-ti-none-eabi\</path>
         <kind>archive</kind>
         <file>libclang_rt.builtins.a</file>
         <name>comparesf2.S.obj</name>
      </input_file>
      <input_file id="fl-ec">
         <path>C:\ti\ccs2051\ti_cgt_arm_llvm_4.0.2.LTS\lib\armv6m-ti-none-eabi\</path>
         <kind>archive</kind>
         <file>libclang_rt.builtins.a</file>
         <name>comparedf2.c.obj</name>
      </input_file>
      <input_file id="fl-ed">
         <path>C:\ti\ccs2051\ti_cgt_arm_llvm_4.0.2.LTS\lib\armv6m-ti-none-eabi\</path>
         <kind>archive</kind>
         <file>libclang_rt.builtins.a</file>
         <name>aeabi_div0.c.obj</name>
      </input_file>
      <input_file id="fl-ee">
         <path>C:\ti\ccs2051\ti_cgt_arm_llvm_4.0.2.LTS\lib\armv6m-ti-none-eabi\c\</path>
         <kind>archive</kind>
         <file>libc.a</file>
         <name>memcpy16.S.obj</name>
      </input_file>
      <input_file id="fl-ef">
         <path>C:\ti\ccs2051\ti_cgt_arm_llvm_4.0.2.LTS\lib\armv6m-ti-none-eabi\c\</path>
         <kind>archive</kind>
         <file>libc.a</file>
         <name>memset16.S.obj</name>
      </input_file>
   </input_file_list>
   <object_component_list>
      <object_component id="oc-18">
         <name>.intvecs</name>
         <load_address>0x0</load_address>
         <readonly>true</readonly>
         <run_address>0x0</run_address>
         <size>0xc0</size>
         <alignment>0x4</alignment>
         <input_file_ref idref="fl-5"/>
      </object_component>
      <object_component id="oc-f6">
         <name>.text.Control_ABCDA</name>
         <load_address>0xc0</load_address>
         <readonly>true</readonly>
         <executable>true</executable>
         <run_address>0xc0</run_address>
         <size>0x2cc</size>
         <alignment>0x4</alignment>
         <input_file_ref idref="fl-2"/>
      </object_component>
      <object_component id="oc-39">
         <name>.text.UART2_IRQHandler</name>
         <load_address>0x38c</load_address>
         <readonly>true</readonly>
         <executable>true</executable>
         <run_address>0x38c</run_address>
         <size>0x2b4</size>
         <alignment>0x4</alignment>
         <input_file_ref idref="fl-6"/>
      </object_component>
      <object_component id="oc-f8">
         <name>.text.Control_ACBDAx4</name>
         <load_address>0x640</load_address>
         <readonly>true</readonly>
         <executable>true</executable>
         <run_address>0x640</run_address>
         <size>0x2a8</size>
         <alignment>0x4</alignment>
         <input_file_ref idref="fl-2"/>
      </object_component>
      <object_component id="oc-f7">
         <name>.text.Control_ACBDA</name>
         <load_address>0x8e8</load_address>
         <readonly>true</readonly>
         <executable>true</executable>
         <run_address>0x8e8</run_address>
         <size>0x294</size>
         <alignment>0x4</alignment>
         <input_file_ref idref="fl-2"/>
      </object_component>
      <object_component id="oc-11e">
         <name>.text.SYSCFG_DL_GPIO_init</name>
         <load_address>0xb7c</load_address>
         <readonly>true</readonly>
         <executable>true</executable>
         <run_address>0xb7c</run_address>
         <size>0x1d8</size>
         <alignment>0x4</alignment>
         <input_file_ref idref="fl-4"/>
      </object_component>
      <object_component id="oc-f5">
         <name>.text.Control_AB</name>
         <load_address>0xd54</load_address>
         <readonly>true</readonly>
         <executable>true</executable>
         <run_address>0xd54</run_address>
         <size>0x1c4</size>
         <alignment>0x4</alignment>
         <input_file_ref idref="fl-2"/>
      </object_component>
      <object_component id="oc-9e">
         <name>.text.adddf3_subdf3</name>
         <load_address>0xf18</load_address>
         <readonly>true</readonly>
         <executable>true</executable>
         <run_address>0xf18</run_address>
         <size>0x192</size>
         <alignment>0x4</alignment>
         <input_file_ref idref="fl-dc"/>
      </object_component>
      <object_component id="oc-1ec">
         <name>.text.__aeabi_idiv0</name>
         <load_address>0x10aa</load_address>
         <readonly>true</readonly>
         <executable>true</executable>
         <run_address>0x10aa</run_address>
         <size>0x2</size>
         <alignment>0x2</alignment>
         <input_file_ref idref="fl-ed"/>
      </object_component>
      <object_component id="oc-bb">
         <name>.text.main</name>
         <load_address>0x10ac</load_address>
         <readonly>true</readonly>
         <executable>true</executable>
         <run_address>0x10ac</run_address>
         <size>0x178</size>
         <alignment>0x4</alignment>
         <input_file_ref idref="fl-3"/>
      </object_component>
      <object_component id="oc-144">
         <name>.text.xunji_centroid</name>
         <load_address>0x1224</load_address>
         <readonly>true</readonly>
         <executable>true</executable>
         <run_address>0x1224</run_address>
         <size>0x13c</size>
         <alignment>0x4</alignment>
         <input_file_ref idref="fl-2"/>
      </object_component>
      <object_component id="oc-34">
         <name>.text.GROUP1_IRQHandler</name>
         <load_address>0x1360</load_address>
         <readonly>true</readonly>
         <executable>true</executable>
         <run_address>0x1360</run_address>
         <size>0x120</size>
         <alignment>0x4</alignment>
         <input_file_ref idref="fl-2"/>
      </object_component>
      <object_component id="oc-18c">
         <name>.text.DL_Timer_initFourCCPWMMode</name>
         <load_address>0x1480</load_address>
         <readonly>true</readonly>
         <executable>true</executable>
         <run_address>0x1480</run_address>
         <size>0x104</size>
         <alignment>0x4</alignment>
         <input_file_ref idref="fl-17"/>
      </object_component>
      <object_component id="oc-195">
         <name>.text.DL_Timer_initTimerMode</name>
         <load_address>0x1584</load_address>
         <readonly>true</readonly>
         <executable>true</executable>
         <run_address>0x1584</run_address>
         <size>0xfc</size>
         <alignment>0x4</alignment>
         <input_file_ref idref="fl-17"/>
      </object_component>
      <object_component id="oc-17f">
         <name>.text.SYSCFG_DL_SYSCTL_SYSPLL_init</name>
         <load_address>0x1680</load_address>
         <readonly>true</readonly>
         <executable>true</executable>
         <run_address>0x1680</run_address>
         <size>0xe8</size>
         <alignment>0x4</alignment>
         <input_file_ref idref="fl-4"/>
      </object_component>
      <object_component id="oc-1b7">
         <name>.text.__muldf3</name>
         <load_address>0x1768</load_address>
         <readonly>true</readonly>
         <executable>true</executable>
         <run_address>0x1768</run_address>
         <size>0xe4</size>
         <alignment>0x4</alignment>
         <input_file_ref idref="fl-dd"/>
      </object_component>
      <object_component id="oc-135">
         <name>.text.PID_A</name>
         <load_address>0x184c</load_address>
         <readonly>true</readonly>
         <executable>true</executable>
         <run_address>0x184c</run_address>
         <size>0xe0</size>
         <alignment>0x4</alignment>
         <input_file_ref idref="fl-2"/>
      </object_component>
      <object_component id="oc-13b">
         <name>.text.PID_B</name>
         <load_address>0x192c</load_address>
         <readonly>true</readonly>
         <executable>true</executable>
         <run_address>0x192c</run_address>
         <size>0xe0</size>
         <alignment>0x4</alignment>
         <input_file_ref idref="fl-2"/>
      </object_component>
      <object_component id="oc-179">
         <name>.text.DL_SYSCTL_configSYSPLL</name>
         <load_address>0x1a0c</load_address>
         <readonly>true</readonly>
         <executable>true</executable>
         <run_address>0x1a0c</run_address>
         <size>0xdc</size>
         <alignment>0x4</alignment>
         <input_file_ref idref="fl-19"/>
      </object_component>
      <object_component id="oc-7c">
         <name>.text</name>
         <load_address>0x1ae8</load_address>
         <readonly>true</readonly>
         <executable>true</executable>
         <run_address>0x1ae8</run_address>
         <size>0xd8</size>
         <alignment>0x4</alignment>
         <input_file_ref idref="fl-db"/>
      </object_component>
      <object_component id="oc-3f">
         <name>.text.TIMG7_IRQHandler</name>
         <load_address>0x1bc0</load_address>
         <readonly>true</readonly>
         <executable>true</executable>
         <run_address>0x1bc0</run_address>
         <size>0xcc</size>
         <alignment>0x4</alignment>
         <input_file_ref idref="fl-2"/>
      </object_component>
      <object_component id="oc-3e">
         <name>.text.TIMG6_IRQHandler</name>
         <load_address>0x1c8c</load_address>
         <readonly>true</readonly>
         <executable>true</executable>
         <run_address>0x1c8c</run_address>
         <size>0xbc</size>
         <alignment>0x4</alignment>
         <input_file_ref idref="fl-2"/>
      </object_component>
      <object_component id="oc-11d">
         <name>.text.SYSCFG_DL_initPower</name>
         <load_address>0x1d48</load_address>
         <readonly>true</readonly>
         <executable>true</executable>
         <run_address>0x1d48</run_address>
         <size>0xa0</size>
         <alignment>0x4</alignment>
         <input_file_ref idref="fl-4"/>
      </object_component>
      <object_component id="oc-ed">
         <name>.text.Serial_JY61P_Zero_Yaw</name>
         <load_address>0x1de8</load_address>
         <readonly>true</readonly>
         <executable>true</executable>
         <run_address>0x1de8</run_address>
         <size>0x9c</size>
         <alignment>0x4</alignment>
         <input_file_ref idref="fl-6"/>
      </object_component>
      <object_component id="oc-120">
         <name>.text.SYSCFG_DL_PWM_0_init</name>
         <load_address>0x1e84</load_address>
         <readonly>true</readonly>
         <executable>true</executable>
         <run_address>0x1e84</run_address>
         <size>0x94</size>
         <alignment>0x4</alignment>
         <input_file_ref idref="fl-4"/>
      </object_component>
      <object_component id="oc-13c">
         <name>.text.Set_Pwm</name>
         <load_address>0x1f18</load_address>
         <readonly>true</readonly>
         <executable>true</executable>
         <run_address>0x1f18</run_address>
         <size>0x94</size>
         <alignment>0x4</alignment>
         <input_file_ref idref="fl-2"/>
      </object_component>
      <object_component id="oc-74">
         <name>.text.__mulsf3</name>
         <load_address>0x1fac</load_address>
         <readonly>true</readonly>
         <executable>true</executable>
         <run_address>0x1fac</run_address>
         <size>0x8c</size>
         <alignment>0x4</alignment>
         <input_file_ref idref="fl-df"/>
      </object_component>
      <object_component id="oc-184">
         <name>.text.__NVIC_SetPriority</name>
         <load_address>0x2038</load_address>
         <readonly>true</readonly>
         <executable>true</executable>
         <run_address>0x2038</run_address>
         <size>0x84</size>
         <alignment>0x4</alignment>
         <input_file_ref idref="fl-4"/>
      </object_component>
      <object_component id="oc-70">
         <name>.text.__divsf3</name>
         <load_address>0x20bc</load_address>
         <readonly>true</readonly>
         <executable>true</executable>
         <run_address>0x20bc</run_address>
         <size>0x82</size>
         <alignment>0x4</alignment>
         <input_file_ref idref="fl-e0"/>
      </object_component>
      <object_component id="oc-1c">
         <name>.text:decompress:lzss</name>
         <load_address>0x2140</load_address>
         <readonly>true</readonly>
         <executable>true</executable>
         <run_address>0x2140</run_address>
         <size>0x7c</size>
         <alignment>0x4</alignment>
         <input_file_ref idref="fl-37"/>
      </object_component>
      <object_component id="oc-1f9">
         <name>.text.__gedf2</name>
         <load_address>0x21bc</load_address>
         <readonly>true</readonly>
         <executable>true</executable>
         <run_address>0x21bc</run_address>
         <size>0x74</size>
         <alignment>0x4</alignment>
         <input_file_ref idref="fl-ec"/>
      </object_component>
      <object_component id="oc-a2">
         <name>.text.__truncdfsf2</name>
         <load_address>0x2230</load_address>
         <readonly>true</readonly>
         <executable>true</executable>
         <run_address>0x2230</run_address>
         <size>0x74</size>
         <alignment>0x10</alignment>
         <input_file_ref idref="fl-e5"/>
      </object_component>
      <object_component id="oc-11f">
         <name>.text.SYSCFG_DL_SYSCTL_init</name>
         <load_address>0x22a4</load_address>
         <readonly>true</readonly>
         <executable>true</executable>
         <run_address>0x22a4</run_address>
         <size>0x70</size>
         <alignment>0x4</alignment>
         <input_file_ref idref="fl-4"/>
      </object_component>
      <object_component id="oc-1f3">
         <name>.text.__ledf2</name>
         <load_address>0x2314</load_address>
         <readonly>true</readonly>
         <executable>true</executable>
         <run_address>0x2314</run_address>
         <size>0x68</size>
         <alignment>0x4</alignment>
         <input_file_ref idref="fl-ec"/>
      </object_component>
      <object_component id="oc-123">
         <name>.text.SYSCFG_DL_I2C_MPU6050_init</name>
         <load_address>0x237c</load_address>
         <readonly>true</readonly>
         <executable>true</executable>
         <run_address>0x237c</run_address>
         <size>0x64</size>
         <alignment>0x4</alignment>
         <input_file_ref idref="fl-4"/>
      </object_component>
      <object_component id="oc-1e3">
         <name>.text.__aeabi_dcmp</name>
         <load_address>0x23e0</load_address>
         <readonly>true</readonly>
         <executable>true</executable>
         <run_address>0x23e0</run_address>
         <size>0x62</size>
         <alignment>0x4</alignment>
         <input_file_ref idref="fl-e6"/>
      </object_component>
      <object_component id="oc-78">
         <name>.text.__aeabi_fcmp</name>
         <load_address>0x2444</load_address>
         <readonly>true</readonly>
         <executable>true</executable>
         <run_address>0x2444</run_address>
         <size>0x62</size>
         <alignment>0x4</alignment>
         <input_file_ref idref="fl-e7"/>
      </object_component>
      <object_component id="oc-1c4">
         <name>.text.set_Duty</name>
         <load_address>0x24a8</load_address>
         <readonly>true</readonly>
         <executable>true</executable>
         <run_address>0x24a8</run_address>
         <size>0x54</size>
         <alignment>0x4</alignment>
         <input_file_ref idref="fl-2"/>
      </object_component>
      <object_component id="oc-16a">
         <name>.text.DL_GPIO_initPeripheralInputFunctionFeatures</name>
         <load_address>0x24fc</load_address>
         <readonly>true</readonly>
         <executable>true</executable>
         <run_address>0x24fc</run_address>
         <size>0x50</size>
         <alignment>0x4</alignment>
         <input_file_ref idref="fl-4"/>
      </object_component>
      <object_component id="oc-16e">
         <name>.text.DL_GPIO_initDigitalInputFeatures</name>
         <load_address>0x254c</load_address>
         <readonly>true</readonly>
         <executable>true</executable>
         <run_address>0x254c</run_address>
         <size>0x4c</size>
         <alignment>0x4</alignment>
         <input_file_ref idref="fl-4"/>
      </object_component>
      <object_component id="oc-1ae">
         <name>.text.DL_UART_setBaudRateDivisor</name>
         <load_address>0x2598</load_address>
         <readonly>true</readonly>
         <executable>true</executable>
         <run_address>0x2598</run_address>
         <size>0x4c</size>
         <alignment>0x4</alignment>
         <input_file_ref idref="fl-4"/>
      </object_component>
      <object_component id="oc-1ac">
         <name>.text.DL_UART_init</name>
         <load_address>0x25e4</load_address>
         <readonly>true</readonly>
         <executable>true</executable>
         <run_address>0x25e4</run_address>
         <size>0x48</size>
         <alignment>0x4</alignment>
         <input_file_ref idref="fl-18"/>
      </object_component>
      <object_component id="oc-125">
         <name>.text.SYSCFG_DL_UART_JY61P_init</name>
         <load_address>0x262c</load_address>
         <readonly>true</readonly>
         <executable>true</executable>
         <run_address>0x262c</run_address>
         <size>0x48</size>
         <alignment>0x4</alignment>
         <input_file_ref idref="fl-4"/>
      </object_component>
      <object_component id="oc-183">
         <name>.text.DL_SYSCTL_switchMCLKfromSYSOSCtoHSCLK</name>
         <load_address>0x2674</load_address>
         <readonly>true</readonly>
         <executable>true</executable>
         <run_address>0x2674</run_address>
         <size>0x44</size>
         <alignment>0x4</alignment>
         <input_file_ref idref="fl-19"/>
      </object_component>
      <object_component id="oc-124">
         <name>.text.SYSCFG_DL_UART_0_init</name>
         <load_address>0x26b8</load_address>
         <readonly>true</readonly>
         <executable>true</executable>
         <run_address>0x26b8</run_address>
         <size>0x40</size>
         <alignment>0x4</alignment>
         <input_file_ref idref="fl-4"/>
      </object_component>
      <object_component id="oc-1db">
         <name>.text.__aeabi_uidivmod</name>
         <load_address>0x26f8</load_address>
         <readonly>true</readonly>
         <executable>true</executable>
         <run_address>0x26f8</run_address>
         <size>0x40</size>
         <alignment>0x4</alignment>
         <input_file_ref idref="fl-ea"/>
      </object_component>
      <object_component id="oc-9a">
         <name>.text.__extendsfdf2</name>
         <load_address>0x2738</load_address>
         <readonly>true</readonly>
         <executable>true</executable>
         <run_address>0x2738</run_address>
         <size>0x40</size>
         <alignment>0x4</alignment>
         <input_file_ref idref="fl-e1"/>
      </object_component>
      <object_component id="oc-18d">
         <name>.text.DL_Timer_setCounterControl</name>
         <load_address>0x2778</load_address>
         <readonly>true</readonly>
         <executable>true</executable>
         <run_address>0x2778</run_address>
         <size>0x3c</size>
         <alignment>0x4</alignment>
         <input_file_ref idref="fl-4"/>
      </object_component>
      <object_component id="oc-136">
         <name>.text.PWM_Limit</name>
         <load_address>0x27b4</load_address>
         <readonly>true</readonly>
         <executable>true</executable>
         <run_address>0x27b4</run_address>
         <size>0x3c</size>
         <alignment>0x2</alignment>
         <input_file_ref idref="fl-2"/>
      </object_component>
      <object_component id="oc-e6">
         <name>.text.SYSCFG_DL_init</name>
         <load_address>0x27f0</load_address>
         <readonly>true</readonly>
         <executable>true</executable>
         <run_address>0x27f0</run_address>
         <size>0x3c</size>
         <alignment>0x4</alignment>
         <input_file_ref idref="fl-4"/>
      </object_component>
      <object_component id="oc-6c">
         <name>.text.__floatsisf</name>
         <load_address>0x282c</load_address>
         <readonly>true</readonly>
         <executable>true</executable>
         <run_address>0x282c</run_address>
         <size>0x3c</size>
         <alignment>0x4</alignment>
         <input_file_ref idref="fl-e3"/>
      </object_component>
      <object_component id="oc-d6">
         <name>.text.__gtsf2</name>
         <load_address>0x2868</load_address>
         <readonly>true</readonly>
         <executable>true</executable>
         <run_address>0x2868</run_address>
         <size>0x3c</size>
         <alignment>0x4</alignment>
         <input_file_ref idref="fl-eb"/>
      </object_component>
      <object_component id="oc-102">
         <name>.text:__TI_auto_init_nobinit_nopinit</name>
         <load_address>0x28a4</load_address>
         <readonly>true</readonly>
         <executable>true</executable>
         <run_address>0x28a4</run_address>
         <size>0x3c</size>
         <alignment>0x4</alignment>
         <input_file_ref idref="fl-32"/>
      </object_component>
      <object_component id="oc-d1">
         <name>.text.__eqsf2</name>
         <load_address>0x28e0</load_address>
         <readonly>true</readonly>
         <executable>true</executable>
         <run_address>0x28e0</run_address>
         <size>0x3a</size>
         <alignment>0x4</alignment>
         <input_file_ref idref="fl-eb"/>
      </object_component>
      <object_component id="oc-cc">
         <name>.text.__muldsi3</name>
         <load_address>0x291c</load_address>
         <readonly>true</readonly>
         <executable>true</executable>
         <run_address>0x291c</run_address>
         <size>0x3a</size>
         <alignment>0x4</alignment>
         <input_file_ref idref="fl-de"/>
      </object_component>
      <object_component id="oc-137">
         <name>.text.__fixsfsi</name>
         <load_address>0x2958</load_address>
         <readonly>true</readonly>
         <executable>true</executable>
         <run_address>0x2958</run_address>
         <size>0x38</size>
         <alignment>0x4</alignment>
         <input_file_ref idref="fl-e2"/>
      </object_component>
      <object_component id="oc-122">
         <name>.text.SYSCFG_DL_TIMER_0_init</name>
         <load_address>0x2990</load_address>
         <readonly>true</readonly>
         <executable>true</executable>
         <run_address>0x2990</run_address>
         <size>0x34</size>
         <alignment>0x4</alignment>
         <input_file_ref idref="fl-4"/>
      </object_component>
      <object_component id="oc-121">
         <name>.text.SYSCFG_DL_TIMER_Encoder_Read_init</name>
         <load_address>0x29c4</load_address>
         <readonly>true</readonly>
         <executable>true</executable>
         <run_address>0x29c4</run_address>
         <size>0x34</size>
         <alignment>0x4</alignment>
         <input_file_ref idref="fl-4"/>
      </object_component>
      <object_component id="oc-12a">
         <name>.text.DL_UART_transmitDataBlocking</name>
         <load_address>0x29f8</load_address>
         <readonly>true</readonly>
         <executable>true</executable>
         <run_address>0x29f8</run_address>
         <size>0x30</size>
         <alignment>0x4</alignment>
         <input_file_ref idref="fl-18"/>
      </object_component>
      <object_component id="oc-eb">
         <name>.text.__NVIC_EnableIRQ</name>
         <load_address>0x2a28</load_address>
         <readonly>true</readonly>
         <executable>true</executable>
         <run_address>0x2a28</run_address>
         <size>0x2c</size>
         <alignment>0x4</alignment>
         <input_file_ref idref="fl-3"/>
      </object_component>
      <object_component id="oc-1d3">
         <name>.text.DL_Common_updateReg</name>
         <load_address>0x2a54</load_address>
         <readonly>true</readonly>
         <executable>true</executable>
         <run_address>0x2a54</run_address>
         <size>0x28</size>
         <alignment>0x2</alignment>
         <input_file_ref idref="fl-4"/>
      </object_component>
      <object_component id="oc-1a6">
         <name>.text.DL_I2C_setControllerRXFIFOThreshold</name>
         <load_address>0x2a7c</load_address>
         <readonly>true</readonly>
         <executable>true</executable>
         <run_address>0x2a7c</run_address>
         <size>0x28</size>
         <alignment>0x4</alignment>
         <input_file_ref idref="fl-4"/>
      </object_component>
      <object_component id="oc-1a5">
         <name>.text.DL_I2C_setControllerTXFIFOThreshold</name>
         <load_address>0x2aa4</load_address>
         <readonly>true</readonly>
         <executable>true</executable>
         <run_address>0x2aa4</run_address>
         <size>0x28</size>
         <alignment>0x4</alignment>
         <input_file_ref idref="fl-4"/>
      </object_component>
      <object_component id="oc-5b">
         <name>.text:_c_int00_noargs</name>
         <load_address>0x2acc</load_address>
         <readonly>true</readonly>
         <executable>true</executable>
         <run_address>0x2acc</run_address>
         <size>0x28</size>
         <alignment>0x4</alignment>
         <input_file_ref idref="fl-30"/>
      </object_component>
      <object_component id="oc-1a1">
         <name>.text.DL_I2C_setAnalogGlitchFilterPulseWidth</name>
         <load_address>0x2af4</load_address>
         <readonly>true</readonly>
         <executable>true</executable>
         <run_address>0x2af4</run_address>
         <size>0x26</size>
         <alignment>0x2</alignment>
         <input_file_ref idref="fl-4"/>
      </object_component>
      <object_component id="oc-19b">
         <name>.text.DL_I2C_setClockConfig</name>
         <load_address>0x2b1a</load_address>
         <readonly>true</readonly>
         <executable>true</executable>
         <run_address>0x2b1a</run_address>
         <size>0x26</size>
         <alignment>0x2</alignment>
         <input_file_ref idref="fl-16"/>
      </object_component>
      <object_component id="oc-1df">
         <name>.text.__floatunsidf</name>
         <load_address>0x2b40</load_address>
         <readonly>true</readonly>
         <executable>true</executable>
         <run_address>0x2b40</run_address>
         <size>0x24</size>
         <alignment>0x4</alignment>
         <input_file_ref idref="fl-e4"/>
      </object_component>
      <object_component id="oc-f0">
         <name>.text.Delay_ms</name>
         <load_address>0x2b64</load_address>
         <readonly>true</readonly>
         <executable>true</executable>
         <run_address>0x2b64</run_address>
         <size>0x22</size>
         <alignment>0x2</alignment>
         <input_file_ref idref="fl-1"/>
      </object_component>
      <object_component id="oc-16c">
         <name>.text.DL_GPIO_initPeripheralInputFunction</name>
         <load_address>0x2b88</load_address>
         <readonly>true</readonly>
         <executable>true</executable>
         <run_address>0x2b88</run_address>
         <size>0x20</size>
         <alignment>0x4</alignment>
         <input_file_ref idref="fl-4"/>
      </object_component>
      <object_component id="oc-175">
         <name>.text.DL_SYSCTL_setFlashWaitState</name>
         <load_address>0x2ba8</load_address>
         <readonly>true</readonly>
         <executable>true</executable>
         <run_address>0x2ba8</run_address>
         <size>0x20</size>
         <alignment>0x4</alignment>
         <input_file_ref idref="fl-4"/>
      </object_component>
      <object_component id="oc-130">
         <name>.text.Delay_us</name>
         <load_address>0x2bc8</load_address>
         <readonly>true</readonly>
         <executable>true</executable>
         <run_address>0x2bc8</run_address>
         <size>0x20</size>
         <alignment>0x2</alignment>
         <input_file_ref idref="fl-1"/>
      </object_component>
      <object_component id="oc-143">
         <name>.text.myabs</name>
         <load_address>0x2be8</load_address>
         <readonly>true</readonly>
         <executable>true</executable>
         <run_address>0x2be8</run_address>
         <size>0x20</size>
         <alignment>0x2</alignment>
         <input_file_ref idref="fl-2"/>
      </object_component>
      <object_component id="oc-1ad">
         <name>.text.DL_UART_setOversampling</name>
         <load_address>0x2c08</load_address>
         <readonly>true</readonly>
         <executable>true</executable>
         <run_address>0x2c08</run_address>
         <size>0x1e</size>
         <alignment>0x2</alignment>
         <input_file_ref idref="fl-4"/>
      </object_component>
      <object_component id="oc-64">
         <name>.text.DL_GPIO_clearInterruptStatus</name>
         <load_address>0x2c28</load_address>
         <readonly>true</readonly>
         <executable>true</executable>
         <run_address>0x2c28</run_address>
         <size>0x1c</size>
         <alignment>0x4</alignment>
         <input_file_ref idref="fl-2"/>
      </object_component>
      <object_component id="oc-172">
         <name>.text.DL_GPIO_clearInterruptStatus</name>
         <load_address>0x2c44</load_address>
         <readonly>true</readonly>
         <executable>true</executable>
         <run_address>0x2c44</run_address>
         <size>0x1c</size>
         <alignment>0x4</alignment>
         <input_file_ref idref="fl-4"/>
      </object_component>
      <object_component id="oc-16b">
         <name>.text.DL_GPIO_enableHiZ</name>
         <load_address>0x2c60</load_address>
         <readonly>true</readonly>
         <executable>true</executable>
         <run_address>0x2c60</run_address>
         <size>0x1c</size>
         <alignment>0x4</alignment>
         <input_file_ref idref="fl-4"/>
      </object_component>
      <object_component id="oc-173">
         <name>.text.DL_GPIO_enableInterrupt</name>
         <load_address>0x2c7c</load_address>
         <readonly>true</readonly>
         <executable>true</executable>
         <run_address>0x2c7c</run_address>
         <size>0x1c</size>
         <alignment>0x4</alignment>
         <input_file_ref idref="fl-4"/>
      </object_component>
      <object_component id="oc-16f">
         <name>.text.DL_GPIO_initDigitalInput</name>
         <load_address>0x2c98</load_address>
         <readonly>true</readonly>
         <executable>true</executable>
         <run_address>0x2c98</run_address>
         <size>0x1c</size>
         <alignment>0x4</alignment>
         <input_file_ref idref="fl-4"/>
      </object_component>
      <object_component id="oc-168">
         <name>.text.DL_GPIO_initPeripheralOutputFunction</name>
         <load_address>0x2cb4</load_address>
         <readonly>true</readonly>
         <executable>true</executable>
         <run_address>0x2cb4</run_address>
         <size>0x1c</size>
         <alignment>0x4</alignment>
         <input_file_ref idref="fl-4"/>
      </object_component>
      <object_component id="oc-1a8">
         <name>.text.DL_I2C_enableInterrupt</name>
         <load_address>0x2cd0</load_address>
         <readonly>true</readonly>
         <executable>true</executable>
         <run_address>0x2cd0</run_address>
         <size>0x1c</size>
         <alignment>0x4</alignment>
         <input_file_ref idref="fl-4"/>
      </object_component>
      <object_component id="oc-1d7">
         <name>.text.DL_SYSCTL_configFCC</name>
         <load_address>0x2cec</load_address>
         <readonly>true</readonly>
         <executable>true</executable>
         <run_address>0x2cec</run_address>
         <size>0x1c</size>
         <alignment>0x4</alignment>
         <input_file_ref idref="fl-19"/>
      </object_component>
      <object_component id="oc-1d6">
         <name>.text.DL_SYSCTL_setFCCPeriods</name>
         <load_address>0x2d08</load_address>
         <readonly>true</readonly>
         <executable>true</executable>
         <run_address>0x2d08</run_address>
         <size>0x1c</size>
         <alignment>0x4</alignment>
         <input_file_ref idref="fl-4"/>
      </object_component>
      <object_component id="oc-176">
         <name>.text.DL_SYSCTL_setSYSOSCFreq</name>
         <load_address>0x2d24</load_address>
         <readonly>true</readonly>
         <executable>true</executable>
         <run_address>0x2d24</run_address>
         <size>0x1c</size>
         <alignment>0x4</alignment>
         <input_file_ref idref="fl-4"/>
      </object_component>
      <object_component id="oc-182">
         <name>.text.DL_SYSCTL_setULPCLKDivider</name>
         <load_address>0x2d40</load_address>
         <readonly>true</readonly>
         <executable>true</executable>
         <run_address>0x2d40</run_address>
         <size>0x1c</size>
         <alignment>0x4</alignment>
         <input_file_ref idref="fl-4"/>
      </object_component>
      <object_component id="oc-196">
         <name>.text.DL_Timer_enableInterrupt</name>
         <load_address>0x2d5c</load_address>
         <readonly>true</readonly>
         <executable>true</executable>
         <run_address>0x2d5c</run_address>
         <size>0x1c</size>
         <alignment>0x4</alignment>
         <input_file_ref idref="fl-4"/>
      </object_component>
      <object_component id="oc-18f">
         <name>.text.DL_Timer_setCaptCompUpdateMethod</name>
         <load_address>0x2d78</load_address>
         <readonly>true</readonly>
         <executable>true</executable>
         <run_address>0x2d78</run_address>
         <size>0x1c</size>
         <alignment>0x4</alignment>
         <input_file_ref idref="fl-17"/>
      </object_component>
      <object_component id="oc-186">
         <name>.text.DL_Timer_setClockConfig</name>
         <load_address>0x2d94</load_address>
         <readonly>true</readonly>
         <executable>true</executable>
         <run_address>0x2d94</run_address>
         <size>0x1c</size>
         <alignment>0x4</alignment>
         <input_file_ref idref="fl-17"/>
      </object_component>
      <object_component id="oc-1b2">
         <name>.text.DL_UART_enableInterrupt</name>
         <load_address>0x2db0</load_address>
         <readonly>true</readonly>
         <executable>true</executable>
         <run_address>0x2db0</run_address>
         <size>0x1c</size>
         <alignment>0x4</alignment>
         <input_file_ref idref="fl-4"/>
      </object_component>
      <object_component id="oc-169">
         <name>.text.DL_GPIO_enableOutput</name>
         <load_address>0x2dcc</load_address>
         <readonly>true</readonly>
         <executable>true</executable>
         <run_address>0x2dcc</run_address>
         <size>0x18</size>
         <alignment>0x4</alignment>
         <input_file_ref idref="fl-4"/>
      </object_component>
      <object_component id="oc-160">
         <name>.text.DL_GPIO_enablePower</name>
         <load_address>0x2de4</load_address>
         <readonly>true</readonly>
         <executable>true</executable>
         <run_address>0x2de4</run_address>
         <size>0x18</size>
         <alignment>0x4</alignment>
         <input_file_ref idref="fl-4"/>
      </object_component>
      <object_component id="oc-62">
         <name>.text.DL_GPIO_getEnabledInterruptStatus</name>
         <load_address>0x2dfc</load_address>
         <readonly>true</readonly>
         <executable>true</executable>
         <run_address>0x2dfc</run_address>
         <size>0x18</size>
         <alignment>0x4</alignment>
         <input_file_ref idref="fl-2"/>
      </object_component>
      <object_component id="oc-16d">
         <name>.text.DL_GPIO_initDigitalOutput</name>
         <load_address>0x2e14</load_address>
         <readonly>true</readonly>
         <executable>true</executable>
         <run_address>0x2e14</run_address>
         <size>0x18</size>
         <alignment>0x4</alignment>
         <input_file_ref idref="fl-4"/>
      </object_component>
      <object_component id="oc-15c">
         <name>.text.DL_GPIO_reset</name>
         <load_address>0x2e2c</load_address>
         <readonly>true</readonly>
         <executable>true</executable>
         <run_address>0x2e2c</run_address>
         <size>0x18</size>
         <alignment>0x4</alignment>
         <input_file_ref idref="fl-4"/>
      </object_component>
      <object_component id="oc-133">
         <name>.text.DL_GPIO_setPins</name>
         <load_address>0x2e44</load_address>
         <readonly>true</readonly>
         <executable>true</executable>
         <run_address>0x2e44</run_address>
         <size>0x18</size>
         <alignment>0x4</alignment>
         <input_file_ref idref="fl-2"/>
      </object_component>
      <object_component id="oc-ee">
         <name>.text.DL_GPIO_setPins</name>
         <load_address>0x2e5c</load_address>
         <readonly>true</readonly>
         <executable>true</executable>
         <run_address>0x2e5c</run_address>
         <size>0x18</size>
         <alignment>0x4</alignment>
         <input_file_ref idref="fl-3"/>
      </object_component>
      <object_component id="oc-171">
         <name>.text.DL_GPIO_setUpperPinsPolarity</name>
         <load_address>0x2e74</load_address>
         <readonly>true</readonly>
         <executable>true</executable>
         <run_address>0x2e74</run_address>
         <size>0x18</size>
         <alignment>0x2</alignment>
         <input_file_ref idref="fl-4"/>
      </object_component>
      <object_component id="oc-1a2">
         <name>.text.DL_I2C_enableAnalogGlitchFilter</name>
         <load_address>0x2e8c</load_address>
         <readonly>true</readonly>
         <executable>true</executable>
         <run_address>0x2e8c</run_address>
         <size>0x18</size>
         <alignment>0x2</alignment>
         <input_file_ref idref="fl-4"/>
      </object_component>
      <object_component id="oc-1a9">
         <name>.text.DL_I2C_enableController</name>
         <load_address>0x2ea4</load_address>
         <readonly>true</readonly>
         <executable>true</executable>
         <run_address>0x2ea4</run_address>
         <size>0x18</size>
         <alignment>0x4</alignment>
         <input_file_ref idref="fl-4"/>
      </object_component>
      <object_component id="oc-1a7">
         <name>.text.DL_I2C_enableControllerClockStretching</name>
         <load_address>0x2ebc</load_address>
         <readonly>true</readonly>
         <executable>true</executable>
         <run_address>0x2ebc</run_address>
         <size>0x18</size>
         <alignment>0x4</alignment>
         <input_file_ref idref="fl-4"/>
      </object_component>
      <object_component id="oc-162">
         <name>.text.DL_I2C_enablePower</name>
         <load_address>0x2ed4</load_address>
         <readonly>true</readonly>
         <executable>true</executable>
         <run_address>0x2ed4</run_address>
         <size>0x18</size>
         <alignment>0x4</alignment>
         <input_file_ref idref="fl-4"/>
      </object_component>
      <object_component id="oc-15e">
         <name>.text.DL_I2C_reset</name>
         <load_address>0x2eec</load_address>
         <readonly>true</readonly>
         <executable>true</executable>
         <run_address>0x2eec</run_address>
         <size>0x18</size>
         <alignment>0x4</alignment>
         <input_file_ref idref="fl-4"/>
      </object_component>
      <object_component id="oc-1a4">
         <name>.text.DL_I2C_setTimerPeriod</name>
         <load_address>0x2f04</load_address>
         <readonly>true</readonly>
         <executable>true</executable>
         <run_address>0x2f04</run_address>
         <size>0x18</size>
         <alignment>0x4</alignment>
         <input_file_ref idref="fl-4"/>
      </object_component>
      <object_component id="oc-174">
         <name>.text.DL_SYSCTL_setBORThreshold</name>
         <load_address>0x2f1c</load_address>
         <readonly>true</readonly>
         <executable>true</executable>
         <run_address>0x2f1c</run_address>
         <size>0x18</size>
         <alignment>0x4</alignment>
         <input_file_ref idref="fl-4"/>
      </object_component>
      <object_component id="oc-161">
         <name>.text.DL_Timer_enablePower</name>
         <load_address>0x2f34</load_address>
         <readonly>true</readonly>
         <executable>true</executable>
         <run_address>0x2f34</run_address>
         <size>0x18</size>
         <alignment>0x4</alignment>
         <input_file_ref idref="fl-4"/>
      </object_component>
      <object_component id="oc-15d">
         <name>.text.DL_Timer_reset</name>
         <load_address>0x2f4c</load_address>
         <readonly>true</readonly>
         <executable>true</executable>
         <run_address>0x2f4c</run_address>
         <size>0x18</size>
         <alignment>0x4</alignment>
         <input_file_ref idref="fl-4"/>
      </object_component>
      <object_component id="oc-18e">
         <name>.text.DL_Timer_setCaptureCompareOutCtl</name>
         <load_address>0x2f64</load_address>
         <readonly>true</readonly>
         <executable>true</executable>
         <run_address>0x2f64</run_address>
         <size>0x18</size>
         <alignment>0x4</alignment>
         <input_file_ref idref="fl-17"/>
      </object_component>
      <object_component id="oc-ec">
         <name>.text.DL_Timer_startCounter</name>
         <load_address>0x2f7c</load_address>
         <readonly>true</readonly>
         <executable>true</executable>
         <run_address>0x2f7c</run_address>
         <size>0x18</size>
         <alignment>0x4</alignment>
         <input_file_ref idref="fl-3"/>
      </object_component>
      <object_component id="oc-163">
         <name>.text.DL_UART_enablePower</name>
         <load_address>0x2f94</load_address>
         <readonly>true</readonly>
         <executable>true</executable>
         <run_address>0x2f94</run_address>
         <size>0x18</size>
         <alignment>0x4</alignment>
         <input_file_ref idref="fl-4"/>
      </object_component>
      <object_component id="oc-15f">
         <name>.text.DL_UART_reset</name>
         <load_address>0x2fac</load_address>
         <readonly>true</readonly>
         <executable>true</executable>
         <run_address>0x2fac</run_address>
         <size>0x18</size>
         <alignment>0x4</alignment>
         <input_file_ref idref="fl-4"/>
      </object_component>
      <object_component id="oc-63">
         <name>.text.DL_GPIO_readPins</name>
         <load_address>0x2fc4</load_address>
         <readonly>true</readonly>
         <executable>true</executable>
         <run_address>0x2fc4</run_address>
         <size>0x16</size>
         <alignment>0x2</alignment>
         <input_file_ref idref="fl-2"/>
      </object_component>
      <object_component id="oc-ef">
         <name>.text.DL_GPIO_readPins</name>
         <load_address>0x2fda</load_address>
         <readonly>true</readonly>
         <executable>true</executable>
         <run_address>0x2fda</run_address>
         <size>0x16</size>
         <alignment>0x2</alignment>
         <input_file_ref idref="fl-3"/>
      </object_component>
      <object_component id="oc-1af">
         <name>.text.DL_UART_enable</name>
         <load_address>0x2ff0</load_address>
         <readonly>true</readonly>
         <executable>true</executable>
         <run_address>0x2ff0</run_address>
         <size>0x16</size>
         <alignment>0x2</alignment>
         <input_file_ref idref="fl-4"/>
      </object_component>
      <object_component id="oc-52">
         <name>.text:decompress:ZI:__TI_zero_init_nomemset</name>
         <load_address>0x3006</load_address>
         <readonly>true</readonly>
         <executable>true</executable>
         <run_address>0x3006</run_address>
         <size>0x16</size>
         <alignment>0x2</alignment>
         <input_file_ref idref="fl-35"/>
      </object_component>
      <object_component id="oc-134">
         <name>.text.DL_GPIO_clearPins</name>
         <load_address>0x301c</load_address>
         <readonly>true</readonly>
         <executable>true</executable>
         <run_address>0x301c</run_address>
         <size>0x14</size>
         <alignment>0x2</alignment>
         <input_file_ref idref="fl-2"/>
      </object_component>
      <object_component id="oc-170">
         <name>.text.DL_GPIO_clearPins</name>
         <load_address>0x3030</load_address>
         <readonly>true</readonly>
         <executable>true</executable>
         <run_address>0x3030</run_address>
         <size>0x14</size>
         <alignment>0x2</alignment>
         <input_file_ref idref="fl-4"/>
      </object_component>
      <object_component id="oc-1a3">
         <name>.text.DL_I2C_resetControllerTransfer</name>
         <load_address>0x3044</load_address>
         <readonly>true</readonly>
         <executable>true</executable>
         <run_address>0x3044</run_address>
         <size>0x14</size>
         <alignment>0x4</alignment>
         <input_file_ref idref="fl-4"/>
      </object_component>
      <object_component id="oc-178">
         <name>.text.DL_SYSCTL_disableSYSPLL</name>
         <load_address>0x3058</load_address>
         <readonly>true</readonly>
         <executable>true</executable>
         <run_address>0x3058</run_address>
         <size>0x14</size>
         <alignment>0x4</alignment>
         <input_file_ref idref="fl-4"/>
      </object_component>
      <object_component id="oc-180">
         <name>.text.DL_SYSCTL_enableSYSPLL</name>
         <load_address>0x306c</load_address>
         <readonly>true</readonly>
         <executable>true</executable>
         <run_address>0x306c</run_address>
         <size>0x14</size>
         <alignment>0x4</alignment>
         <input_file_ref idref="fl-4"/>
      </object_component>
      <object_component id="oc-191">
         <name>.text.DL_Timer_enableClock</name>
         <load_address>0x3080</load_address>
         <readonly>true</readonly>
         <executable>true</executable>
         <run_address>0x3080</run_address>
         <size>0x14</size>
         <alignment>0x4</alignment>
         <input_file_ref idref="fl-4"/>
      </object_component>
      <object_component id="oc-192">
         <name>.text.DL_Timer_setCCPDirection</name>
         <load_address>0x3094</load_address>
         <readonly>true</readonly>
         <executable>true</executable>
         <run_address>0x3094</run_address>
         <size>0x14</size>
         <alignment>0x2</alignment>
         <input_file_ref idref="fl-4"/>
      </object_component>
      <object_component id="oc-6b">
         <name>.text.DL_UART_receiveData</name>
         <load_address>0x30a8</load_address>
         <readonly>true</readonly>
         <executable>true</executable>
         <run_address>0x30a8</run_address>
         <size>0x14</size>
         <alignment>0x4</alignment>
         <input_file_ref idref="fl-6"/>
      </object_component>
      <object_component id="oc-91">
         <name>.text.DL_Timer_getPendingInterrupt</name>
         <load_address>0x30bc</load_address>
         <readonly>true</readonly>
         <executable>true</executable>
         <run_address>0x30bc</run_address>
         <size>0x12</size>
         <alignment>0x2</alignment>
         <input_file_ref idref="fl-2"/>
      </object_component>
      <object_component id="oc-1ab">
         <name>.text.DL_UART_setClockConfig</name>
         <load_address>0x30ce</load_address>
         <readonly>true</readonly>
         <executable>true</executable>
         <run_address>0x30ce</run_address>
         <size>0x12</size>
         <alignment>0x2</alignment>
         <input_file_ref idref="fl-18"/>
      </object_component>
      <object_component id="oc-dc">
         <name>.text:TI_memcpy_small</name>
         <load_address>0x30e0</load_address>
         <readonly>true</readonly>
         <executable>true</executable>
         <run_address>0x30e0</run_address>
         <size>0x12</size>
         <alignment>0x1</alignment>
         <input_file_ref idref="fl-ee"/>
      </object_component>
      <object_component id="oc-20">
         <name>.text:decompress:none</name>
         <load_address>0x30f2</load_address>
         <readonly>true</readonly>
         <executable>true</executable>
         <run_address>0x30f2</run_address>
         <size>0x12</size>
         <alignment>0x2</alignment>
         <input_file_ref idref="fl-36"/>
      </object_component>
      <object_component id="oc-177">
         <name>.text.DL_SYSCTL_disableHFXT</name>
         <load_address>0x3104</load_address>
         <readonly>true</readonly>
         <executable>true</executable>
         <run_address>0x3104</run_address>
         <size>0x10</size>
         <alignment>0x4</alignment>
         <input_file_ref idref="fl-4"/>
      </object_component>
      <object_component id="oc-1d9">
         <name>.text.DL_SYSCTL_isFCCDone</name>
         <load_address>0x3114</load_address>
         <readonly>true</readonly>
         <executable>true</executable>
         <run_address>0x3114</run_address>
         <size>0x10</size>
         <alignment>0x2</alignment>
         <input_file_ref idref="fl-4"/>
      </object_component>
      <object_component id="oc-1d8">
         <name>.text.DL_SYSCTL_startFCC</name>
         <load_address>0x3124</load_address>
         <readonly>true</readonly>
         <executable>true</executable>
         <run_address>0x3124</run_address>
         <size>0x10</size>
         <alignment>0x4</alignment>
         <input_file_ref idref="fl-4"/>
      </object_component>
      <object_component id="oc-190">
         <name>.text.DL_Timer_setCaptureCompareValue</name>
         <load_address>0x3134</load_address>
         <readonly>true</readonly>
         <executable>true</executable>
         <run_address>0x3134</run_address>
         <size>0x10</size>
         <alignment>0x4</alignment>
         <input_file_ref idref="fl-17"/>
      </object_component>
      <object_component id="oc-181">
         <name>.text.DL_SYSCTL_getClockStatus</name>
         <load_address>0x3144</load_address>
         <readonly>true</readonly>
         <executable>true</executable>
         <run_address>0x3144</run_address>
         <size>0xc</size>
         <alignment>0x4</alignment>
         <input_file_ref idref="fl-4"/>
      </object_component>
      <object_component id="oc-1da">
         <name>.text.DL_SYSCTL_readFCC</name>
         <load_address>0x3150</load_address>
         <readonly>true</readonly>
         <executable>true</executable>
         <run_address>0x3150</run_address>
         <size>0xc</size>
         <alignment>0x4</alignment>
         <input_file_ref idref="fl-4"/>
      </object_component>
      <object_component id="oc-164">
         <name>.text.DL_Common_delayCycles</name>
         <load_address>0x315c</load_address>
         <readonly>true</readonly>
         <executable>true</executable>
         <run_address>0x315c</run_address>
         <size>0xa</size>
         <alignment>0x2</alignment>
         <input_file_ref idref="fl-15"/>
      </object_component>
      <object_component id="oc-4b">
         <name>.text.__aeabi_memcpy</name>
         <load_address>0x3168</load_address>
         <readonly>true</readonly>
         <executable>true</executable>
         <run_address>0x3168</run_address>
         <size>0x8</size>
         <alignment>0x4</alignment>
         <input_file_ref idref="fl-e8"/>
      </object_component>
      <object_component id="oc-fb">
         <name>.text:abort</name>
         <load_address>0x3170</load_address>
         <readonly>true</readonly>
         <executable>true</executable>
         <run_address>0x3170</run_address>
         <size>0x6</size>
         <alignment>0x2</alignment>
         <input_file_ref idref="fl-38"/>
      </object_component>
      <object_component id="oc-33">
         <name>.text.Default_Handler</name>
         <load_address>0x3176</load_address>
         <readonly>true</readonly>
         <executable>true</executable>
         <run_address>0x3176</run_address>
         <size>0x4</size>
         <alignment>0x2</alignment>
         <input_file_ref idref="fl-5"/>
      </object_component>
      <object_component id="oc-14b">
         <name>.text.HOSTexit</name>
         <load_address>0x317a</load_address>
         <readonly>true</readonly>
         <executable>true</executable>
         <run_address>0x317a</run_address>
         <size>0x4</size>
         <alignment>0x2</alignment>
         <input_file_ref idref="fl-da"/>
      </object_component>
      <object_component id="oc-2f">
         <name>.text.Reset_Handler</name>
         <load_address>0x317e</load_address>
         <readonly>true</readonly>
         <executable>true</executable>
         <run_address>0x317e</run_address>
         <size>0x4</size>
         <alignment>0x2</alignment>
         <input_file_ref idref="fl-5"/>
      </object_component>
      <object_component id="oc-b7">
         <name>.text._system_pre_init</name>
         <load_address>0x3182</load_address>
         <readonly>true</readonly>
         <executable>true</executable>
         <run_address>0x3182</run_address>
         <size>0x4</size>
         <alignment>0x2</alignment>
         <input_file_ref idref="fl-33"/>
      </object_component>
      <object_component id="oc-241">
         <name>.cinit..data.load</name>
         <load_address>0x3210</load_address>
         <readonly>true</readonly>
         <run_address>0x3210</run_address>
         <size>0x17</size>
         <alignment>0x1</alignment>
      </object_component>
      <object_component id="oc-23f">
         <name>__TI_handler_table</name>
         <load_address>0x3228</load_address>
         <readonly>true</readonly>
         <run_address>0x3228</run_address>
         <size>0xc</size>
         <alignment>0x4</alignment>
      </object_component>
      <object_component id="oc-242">
         <name>.cinit..bss.load</name>
         <load_address>0x3234</load_address>
         <readonly>true</readonly>
         <run_address>0x3234</run_address>
         <size>0x8</size>
         <alignment>0x4</alignment>
      </object_component>
      <object_component id="oc-240">
         <name>__TI_cinit_table</name>
         <load_address>0x323c</load_address>
         <readonly>true</readonly>
         <run_address>0x323c</run_address>
         <size>0x10</size>
         <alignment>0x4</alignment>
      </object_component>
      <object_component id="oc-185">
         <name>.rodata.gSYSPLLConfig</name>
         <load_address>0x3190</load_address>
         <readonly>true</readonly>
         <run_address>0x3190</run_address>
         <size>0x28</size>
         <alignment>0x4</alignment>
         <input_file_ref idref="fl-4"/>
      </object_component>
      <object_component id="oc-19a">
         <name>.rodata.gTIMER_0TimerConfig</name>
         <load_address>0x31b8</load_address>
         <readonly>true</readonly>
         <run_address>0x31b8</run_address>
         <size>0x14</size>
         <alignment>0x4</alignment>
         <input_file_ref idref="fl-4"/>
      </object_component>
      <object_component id="oc-198">
         <name>.rodata.gTIMER_Encoder_ReadTimerConfig</name>
         <load_address>0x31cc</load_address>
         <readonly>true</readonly>
         <run_address>0x31cc</run_address>
         <size>0x14</size>
         <alignment>0x4</alignment>
         <input_file_ref idref="fl-4"/>
      </object_component>
      <object_component id="oc-1b1">
         <name>.rodata.gUART_0Config</name>
         <load_address>0x31e0</load_address>
         <readonly>true</readonly>
         <run_address>0x31e0</run_address>
         <size>0xa</size>
         <alignment>0x2</alignment>
         <input_file_ref idref="fl-4"/>
      </object_component>
      <object_component id="oc-1b4">
         <name>.rodata.gUART_JY61PConfig</name>
         <load_address>0x31ea</load_address>
         <readonly>true</readonly>
         <run_address>0x31ea</run_address>
         <size>0xa</size>
         <alignment>0x2</alignment>
         <input_file_ref idref="fl-4"/>
      </object_component>
      <object_component id="oc-194">
         <name>.rodata.gPWM_0Config</name>
         <load_address>0x31f4</load_address>
         <readonly>true</readonly>
         <run_address>0x31f4</run_address>
         <size>0x8</size>
         <alignment>0x4</alignment>
         <input_file_ref idref="fl-4"/>
      </object_component>
      <object_component id="oc-193">
         <name>.rodata.gPWM_0ClockConfig</name>
         <load_address>0x31fc</load_address>
         <readonly>true</readonly>
         <run_address>0x31fc</run_address>
         <size>0x3</size>
         <alignment>0x1</alignment>
         <input_file_ref idref="fl-4"/>
      </object_component>
      <object_component id="oc-199">
         <name>.rodata.gTIMER_0ClockConfig</name>
         <load_address>0x31ff</load_address>
         <readonly>true</readonly>
         <run_address>0x31ff</run_address>
         <size>0x3</size>
         <alignment>0x1</alignment>
         <input_file_ref idref="fl-4"/>
      </object_component>
      <object_component id="oc-197">
         <name>.rodata.gTIMER_Encoder_ReadClockConfig</name>
         <load_address>0x3202</load_address>
         <readonly>true</readonly>
         <run_address>0x3202</run_address>
         <size>0x3</size>
         <alignment>0x1</alignment>
         <input_file_ref idref="fl-4"/>
      </object_component>
      <object_component id="oc-1aa">
         <name>.rodata.gI2C_MPU6050ClockConfig</name>
         <load_address>0x3205</load_address>
         <readonly>true</readonly>
         <run_address>0x3205</run_address>
         <size>0x2</size>
         <alignment>0x1</alignment>
         <input_file_ref idref="fl-4"/>
      </object_component>
      <object_component id="oc-1b0">
         <name>.rodata.gUART_0ClockConfig</name>
         <load_address>0x3207</load_address>
         <readonly>true</readonly>
         <run_address>0x3207</run_address>
         <size>0x2</size>
         <alignment>0x1</alignment>
         <input_file_ref idref="fl-4"/>
      </object_component>
      <object_component id="oc-1b3">
         <name>.rodata.gUART_JY61PClockConfig</name>
         <load_address>0x3209</load_address>
         <readonly>true</readonly>
         <run_address>0x3209</run_address>
         <size>0x2</size>
         <alignment>0x1</alignment>
         <input_file_ref idref="fl-4"/>
      </object_component>
      <object_component id="oc-209">
         <name>.binit</name>
         <load_address>0x0</load_address>
         <readonly>true</readonly>
         <run_address>0x0</run_address>
         <size>0x0</size>
         <alignment>0x4</alignment>
      </object_component>
      <object_component id="oc-67">
         <name>.data.gEncoderCount_left</name>
         <load_address>0x2020019c</load_address>
         <readwrite>true</readwrite>
         <run_address>0x2020019c</run_address>
         <size>0x4</size>
         <alignment>0x4</alignment>
         <input_file_ref idref="fl-2"/>
      </object_component>
      <object_component id="oc-92">
         <name>.data.gEncoderVal_left</name>
         <load_address>0x202001a4</load_address>
         <readwrite>true</readwrite>
         <run_address>0x202001a4</run_address>
         <size>0x4</size>
         <alignment>0x4</alignment>
         <input_file_ref idref="fl-2"/>
      </object_component>
      <object_component id="oc-68">
         <name>.data.gEncoderCount_right</name>
         <load_address>0x202001a0</load_address>
         <readwrite>true</readwrite>
         <run_address>0x202001a0</run_address>
         <size>0x4</size>
         <alignment>0x4</alignment>
         <input_file_ref idref="fl-2"/>
      </object_component>
      <object_component id="oc-93">
         <name>.data.gEncoderVal_right</name>
         <load_address>0x202001a8</load_address>
         <readwrite>true</readwrite>
         <run_address>0x202001a8</run_address>
         <size>0x4</size>
         <alignment>0x4</alignment>
         <input_file_ref idref="fl-2"/>
      </object_component>
      <object_component id="oc-13f">
         <name>.data.targetA</name>
         <load_address>0x202001cc</load_address>
         <readwrite>true</readwrite>
         <run_address>0x202001cc</run_address>
         <size>0x4</size>
         <alignment>0x4</alignment>
         <input_file_ref idref="fl-2"/>
      </object_component>
      <object_component id="oc-140">
         <name>.data.targetB</name>
         <load_address>0x202001d0</load_address>
         <readwrite>true</readwrite>
         <run_address>0x202001d0</run_address>
         <size>0x4</size>
         <alignment>0x4</alignment>
         <input_file_ref idref="fl-2"/>
      </object_component>
      <object_component id="oc-148">
         <name>.data.flag</name>
         <load_address>0x20200198</load_address>
         <readwrite>true</readwrite>
         <run_address>0x20200198</run_address>
         <size>0x4</size>
         <alignment>0x4</alignment>
         <input_file_ref idref="fl-2"/>
      </object_component>
      <object_component id="oc-149">
         <name>.data.n</name>
         <load_address>0x202001c4</load_address>
         <readwrite>true</readwrite>
         <run_address>0x202001c4</run_address>
         <size>0x4</size>
         <alignment>0x4</alignment>
         <input_file_ref idref="fl-2"/>
      </object_component>
      <object_component id="oc-96">
         <name>.data.whiteflag</name>
         <load_address>0x202001fc</load_address>
         <readwrite>true</readwrite>
         <run_address>0x202001fc</run_address>
         <size>0x4</size>
         <alignment>0x4</alignment>
         <input_file_ref idref="fl-2"/>
      </object_component>
      <object_component id="oc-a8">
         <name>.data.whiteflag1</name>
         <load_address>0x202001f4</load_address>
         <readwrite>true</readwrite>
         <run_address>0x202001f4</run_address>
         <size>0x4</size>
         <alignment>0x4</alignment>
         <input_file_ref idref="fl-2"/>
      </object_component>
      <object_component id="oc-ab">
         <name>.data.whiteflag2</name>
         <load_address>0x202001f8</load_address>
         <readwrite>true</readwrite>
         <run_address>0x202001f8</run_address>
         <size>0x4</size>
         <alignment>0x4</alignment>
         <input_file_ref idref="fl-2"/>
      </object_component>
      <object_component id="oc-94">
         <name>.data.timebegin</name>
         <load_address>0x202001e4</load_address>
         <readwrite>true</readwrite>
         <run_address>0x202001e4</run_address>
         <size>0x4</size>
         <alignment>0x4</alignment>
         <input_file_ref idref="fl-2"/>
      </object_component>
      <object_component id="oc-95">
         <name>.data.timenum</name>
         <load_address>0x202001f0</load_address>
         <readwrite>true</readwrite>
         <run_address>0x202001f0</run_address>
         <size>0x4</size>
         <alignment>0x4</alignment>
         <input_file_ref idref="fl-2"/>
      </object_component>
      <object_component id="oc-a6">
         <name>.data.timebegin1</name>
         <load_address>0x202001dc</load_address>
         <readwrite>true</readwrite>
         <run_address>0x202001dc</run_address>
         <size>0x4</size>
         <alignment>0x4</alignment>
         <input_file_ref idref="fl-2"/>
      </object_component>
      <object_component id="oc-a7">
         <name>.data.timenum1</name>
         <load_address>0x202001e8</load_address>
         <readwrite>true</readwrite>
         <run_address>0x202001e8</run_address>
         <size>0x4</size>
         <alignment>0x4</alignment>
         <input_file_ref idref="fl-2"/>
      </object_component>
      <object_component id="oc-a9">
         <name>.data.timebegin2</name>
         <load_address>0x202001e0</load_address>
         <readwrite>true</readwrite>
         <run_address>0x202001e0</run_address>
         <size>0x4</size>
         <alignment>0x4</alignment>
         <input_file_ref idref="fl-2"/>
      </object_component>
      <object_component id="oc-aa">
         <name>.data.timenum2</name>
         <load_address>0x202001ec</load_address>
         <readwrite>true</readwrite>
         <run_address>0x202001ec</run_address>
         <size>0x4</size>
         <alignment>0x4</alignment>
         <input_file_ref idref="fl-2"/>
      </object_component>
      <object_component id="oc-97">
         <name>.data.ledbegin</name>
         <load_address>0x202001ac</load_address>
         <readwrite>true</readwrite>
         <run_address>0x202001ac</run_address>
         <size>0x4</size>
         <alignment>0x4</alignment>
         <input_file_ref idref="fl-2"/>
      </object_component>
      <object_component id="oc-99">
         <name>.data.lednum</name>
         <load_address>0x202001bc</load_address>
         <readwrite>true</readwrite>
         <run_address>0x202001bc</run_address>
         <size>0x4</size>
         <alignment>0x4</alignment>
         <input_file_ref idref="fl-2"/>
      </object_component>
      <object_component id="oc-98">
         <name>.data.ledflag</name>
         <load_address>0x202001b8</load_address>
         <readwrite>true</readwrite>
         <run_address>0x202001b8</run_address>
         <size>0x4</size>
         <alignment>0x4</alignment>
         <input_file_ref idref="fl-2"/>
      </object_component>
      <object_component id="oc-145">
         <name>.data.ledflag1</name>
         <load_address>0x202001b0</load_address>
         <readwrite>true</readwrite>
         <run_address>0x202001b0</run_address>
         <size>0x4</size>
         <alignment>0x4</alignment>
         <input_file_ref idref="fl-2"/>
      </object_component>
      <object_component id="oc-146">
         <name>.data.ledflag2</name>
         <load_address>0x202001b4</load_address>
         <readwrite>true</readwrite>
         <run_address>0x202001b4</run_address>
         <size>0x4</size>
         <alignment>0x4</alignment>
         <input_file_ref idref="fl-2"/>
      </object_component>
      <object_component id="oc-14a">
         <name>.data.error</name>
         <load_address>0x20200194</load_address>
         <readwrite>true</readwrite>
         <run_address>0x20200194</run_address>
         <size>0x4</size>
         <alignment>0x4</alignment>
         <input_file_ref idref="fl-2"/>
      </object_component>
      <object_component id="oc-147">
         <name>.data.m</name>
         <load_address>0x202001c0</load_address>
         <readwrite>true</readwrite>
         <run_address>0x202001c0</run_address>
         <size>0x4</size>
         <alignment>0x4</alignment>
         <input_file_ref idref="fl-2"/>
      </object_component>
      <object_component id="oc-13d">
         <name>.data.a</name>
         <load_address>0x20200190</load_address>
         <readwrite>true</readwrite>
         <run_address>0x20200190</run_address>
         <size>0x4</size>
         <alignment>0x4</alignment>
         <input_file_ref idref="fl-2"/>
      </object_component>
      <object_component id="oc-13e">
         <name>.data.pwmstart</name>
         <load_address>0x202001c8</load_address>
         <readwrite>true</readwrite>
         <run_address>0x202001c8</run_address>
         <size>0x4</size>
         <alignment>0x4</alignment>
         <input_file_ref idref="fl-2"/>
      </object_component>
      <object_component id="oc-ad">
         <name>.data.tim</name>
         <load_address>0x202001d4</load_address>
         <readwrite>true</readwrite>
         <run_address>0x202001d4</run_address>
         <size>0x4</size>
         <alignment>0x4</alignment>
         <input_file_ref idref="fl-2"/>
      </object_component>
      <object_component id="oc-ac">
         <name>.data.timbegin</name>
         <load_address>0x202001d8</load_address>
         <readwrite>true</readwrite>
         <run_address>0x202001d8</run_address>
         <size>0x4</size>
         <alignment>0x4</alignment>
         <input_file_ref idref="fl-2"/>
      </object_component>
      <object_component id="oc-80">
         <name>.data.RxState</name>
         <load_address>0x20200200</load_address>
         <readwrite>true</readwrite>
         <run_address>0x20200200</run_address>
         <size>0x1</size>
         <alignment>0x1</alignment>
         <input_file_ref idref="fl-6"/>
      </object_component>
      <object_component id="oc-81">
         <name>.data.dataIndex</name>
         <load_address>0x20200201</load_address>
         <readwrite>true</readwrite>
         <run_address>0x20200201</run_address>
         <size>0x1</size>
         <alignment>0x1</alignment>
         <input_file_ref idref="fl-6"/>
      </object_component>
      <object_component id="oc-1bb">
         <name>.bss.PID_A.Bias</name>
         <uninitialized>true</uninitialized>
         <readwrite>true</readwrite>
         <run_address>0x2020014c</run_address>
         <size>0x4</size>
         <alignment>0x4</alignment>
         <input_file_ref idref="fl-2"/>
      </object_component>
      <object_component id="oc-1bc">
[...]
      </symbol>
      <symbol id="sm-1f6">
         <name>HardFault_Handler</name>
         <value>0x3177</value>
         <object_component_ref idref="oc-33"/>
      </symbol>
      <symbol id="sm-1f7">
         <name>SVC_Handler</name>
         <value>0x3177</value>
         <object_component_ref idref="oc-33"/>
      </symbol>
      <symbol id="sm-1f8">
         <name>PendSV_Handler</name>
         <value>0x3177</value>
         <object_component_ref idref="oc-33"/>
      </symbol>
      <symbol id="sm-1f9">
         <name>SysTick_Handler</name>
         <value>0x3177</value>
         <object_component_ref idref="oc-33"/>
      </symbol>
      <symbol id="sm-1fa">
         <name>GROUP0_IRQHandler</name>
         <value>0x3177</value>
         <object_component_ref idref="oc-33"/>
      </symbol>
      <symbol id="sm-1fb">
         <name>TIMG8_IRQHandler</name>
         <value>0x3177</value>
         <object_component_ref idref="oc-33"/>
      </symbol>
      <symbol id="sm-1fc">
         <name>UART3_IRQHandler</name>
         <value>0x3177</value>
         <object_component_ref idref="oc-33"/>
      </symbol>
      <symbol id="sm-1fd">
         <name>ADC0_IRQHandler</name>
         <value>0x3177</value>
         <object_component_ref idref="oc-33"/>
      </symbol>
      <symbol id="sm-1fe">
         <name>ADC1_IRQHandler</name>
         <value>0x3177</value>
         <object_component_ref idref="oc-33"/>
      </symbol>
      <symbol id="sm-1ff">
         <name>CANFD0_IRQHandler</name>
         <value>0x3177</value>
         <object_component_ref idref="oc-33"/>
      </symbol>
      <symbol id="sm-200">
         <name>DAC0_IRQHandler</name>
         <value>0x3177</value>
         <object_component_ref idref="oc-33"/>
      </symbol>
      <symbol id="sm-201">
         <name>SPI0_IRQHandler</name>
         <value>0x3177</value>
         <object_component_ref idref="oc-33"/>
      </symbol>
      <symbol id="sm-202">
         <name>SPI1_IRQHandler</name>
         <value>0x3177</value>
         <object_component_ref idref="oc-33"/>
      </symbol>
      <symbol id="sm-203">
         <name>UART1_IRQHandler</name>
         <value>0x3177</value>
         <object_component_ref idref="oc-33"/>
      </symbol>
      <symbol id="sm-204">
         <name>UART0_IRQHandler</name>
         <value>0x3177</value>
         <object_component_ref idref="oc-33"/>
      </symbol>
      <symbol id="sm-205">
         <name>TIMG0_IRQHandler</name>
         <value>0x3177</value>
         <object_component_ref idref="oc-33"/>
      </symbol>
      <symbol id="sm-206">
         <name>TIMA0_IRQHandler</name>
         <value>0x3177</value>
         <object_component_ref idref="oc-33"/>
      </symbol>
      <symbol id="sm-207">
         <name>TIMA1_IRQHandler</name>
         <value>0x3177</value>
         <object_component_ref idref="oc-33"/>
      </symbol>
      <symbol id="sm-208">
         <name>TIMG12_IRQHandler</name>
         <value>0x3177</value>
         <object_component_ref idref="oc-33"/>
      </symbol>
      <symbol id="sm-209">
         <name>I2C0_IRQHandler</name>
         <value>0x3177</value>
         <object_component_ref idref="oc-33"/>
      </symbol>
      <symbol id="sm-20a">
         <name>I2C1_IRQHandler</name>
         <value>0x3177</value>
         <object_component_ref idref="oc-33"/>
      </symbol>
      <symbol id="sm-20b">
         <name>AES_IRQHandler</name>
         <value>0x3177</value>
         <object_component_ref idref="oc-33"/>
      </symbol>
      <symbol id="sm-20c">
         <name>RTC_IRQHandler</name>
         <value>0x3177</value>
         <object_component_ref idref="oc-33"/>
      </symbol>
      <symbol id="sm-20d">
         <name>DMA_IRQHandler</name>
         <value>0x3177</value>
         <object_component_ref idref="oc-33"/>
      </symbol>
      <symbol id="sm-21e">
         <name>Serial_JY61P_Zero_Yaw</name>
         <value>0x1de9</value>
         <object_component_ref idref="oc-ed"/>
      </symbol>
      <symbol id="sm-21f">
         <name>UART2_IRQHandler</name>
         <value>0x38d</value>
         <object_component_ref idref="oc-39"/>
      </symbol>
      <symbol id="sm-220">
         <name>RxState</name>
         <value>0x20200200</value>
         <object_component_ref idref="oc-80"/>
      </symbol>
      <symbol id="sm-221">
         <name>dataIndex</name>
         <value>0x20200201</value>
         <object_component_ref idref="oc-81"/>
      </symbol>
      <symbol id="sm-222">
         <name>receivedData</name>
         <value>0x20200140</value>
      </symbol>
      <symbol id="sm-223">
         <name>RollL</name>
         <value>0x20200188</value>
      </symbol>
      <symbol id="sm-224">
         <name>RollH</name>
         <value>0x2020014b</value>
      </symbol>
      <symbol id="sm-225">
         <name>PitchL</name>
         <value>0x2020014a</value>
      </symbol>
      <symbol id="sm-226">
         <name>PitchH</name>
         <value>0x20200149</value>
      </symbol>
      <symbol id="sm-227">
         <name>YawL</name>
         <value>0x2020018d</value>
      </symbol>
      <symbol id="sm-228">
         <name>YawH</name>
         <value>0x2020018c</value>
      </symbol>
      <symbol id="sm-229">
         <name>VL</name>
         <value>0x2020018b</value>
      </symbol>
      <symbol id="sm-22a">
         <name>VH</name>
         <value>0x2020018a</value>
      </symbol>
      <symbol id="sm-22b">
         <name>SUM</name>
         <value>0x20200189</value>
      </symbol>
      <symbol id="sm-22c">
         <name>Roll</name>
         <value>0x20200178</value>
      </symbol>
      <symbol id="sm-22d">
         <name>Pitch</name>
         <value>0x20200174</value>
      </symbol>
      <symbol id="sm-22e">
         <name>Yaw</name>
         <value>0x2020017c</value>
      </symbol>
      <symbol id="sm-22f">
         <name>__TI_ATRegion0_src_addr</name>
         <value>0x0</value>
      </symbol>
      <symbol id="sm-230">
         <name>__TI_ATRegion0_trg_addr</name>
         <value>0x0</value>
      </symbol>
      <symbol id="sm-231">
         <name>__TI_ATRegion0_region_sz</name>
         <value>0x0</value>
      </symbol>
      <symbol id="sm-232">
         <name>__TI_ATRegion1_src_addr</name>
         <value>0x0</value>
      </symbol>
      <symbol id="sm-233">
         <name>__TI_ATRegion1_trg_addr</name>
         <value>0x0</value>
      </symbol>
      <symbol id="sm-234">
         <name>__TI_ATRegion1_region_sz</name>
         <value>0x0</value>
      </symbol>
      <symbol id="sm-235">
         <name>__TI_ATRegion2_src_addr</name>
         <value>0x0</value>
      </symbol>
      <symbol id="sm-236">
         <name>__TI_ATRegion2_trg_addr</name>
         <value>0x0</value>
      </symbol>
      <symbol id="sm-237">
         <name>__TI_ATRegion2_region_sz</name>
         <value>0x0</value>
      </symbol>
      <symbol id="sm-240">
         <name>DL_Common_delayCycles</name>
         <value>0x315d</value>
         <object_component_ref idref="oc-164"/>
      </symbol>
      <symbol id="sm-24a">
         <name>DL_I2C_setClockConfig</name>
         <value>0x2b1b</value>
         <object_component_ref idref="oc-19b"/>
      </symbol>
      <symbol id="sm-266">
         <name>DL_Timer_setClockConfig</name>
         <value>0x2d95</value>
         <object_component_ref idref="oc-186"/>
      </symbol>
      <symbol id="sm-267">
         <name>DL_Timer_initTimerMode</name>
         <value>0x1585</value>
         <object_component_ref idref="oc-195"/>
      </symbol>
      <symbol id="sm-268">
         <name>DL_Timer_setCaptureCompareValue</name>
         <value>0x3135</value>
         <object_component_ref idref="oc-190"/>
      </symbol>
      <symbol id="sm-269">
         <name>DL_Timer_setCaptCompUpdateMethod</name>
         <value>0x2d79</value>
         <object_component_ref idref="oc-18f"/>
      </symbol>
      <symbol id="sm-26a">
         <name>DL_Timer_setCaptureCompareOutCtl</name>
         <value>0x2f65</value>
         <object_component_ref idref="oc-18e"/>
      </symbol>
      <symbol id="sm-26b">
         <name>DL_Timer_initFourCCPWMMode</name>
         <value>0x1481</value>
         <object_component_ref idref="oc-18c"/>
      </symbol>
      <symbol id="sm-27b">
         <name>DL_UART_init</name>
         <value>0x25e5</value>
         <object_component_ref idref="oc-1ac"/>
      </symbol>
      <symbol id="sm-27c">
         <name>DL_UART_setClockConfig</name>
         <value>0x30cf</value>
         <object_component_ref idref="oc-1ab"/>
      </symbol>
      <symbol id="sm-27d">
         <name>DL_UART_transmitDataBlocking</name>
         <value>0x29f9</value>
         <object_component_ref idref="oc-12a"/>
      </symbol>
      <symbol id="sm-28e">
         <name>DL_SYSCTL_configSYSPLL</name>
         <value>0x1a0d</value>
         <object_component_ref idref="oc-179"/>
      </symbol>
      <symbol id="sm-28f">
         <name>DL_SYSCTL_switchMCLKfromSYSOSCtoHSCLK</name>
         <value>0x2675</value>
         <object_component_ref idref="oc-183"/>
      </symbol>
      <symbol id="sm-290">
         <name>DL_SYSCTL_configFCC</name>
         <value>0x2ced</value>
         <object_component_ref idref="oc-1d7"/>
      </symbol>
      <symbol id="sm-29b">
         <name>_c_int00_noargs</name>
         <value>0x2acd</value>
         <object_component_ref idref="oc-5b"/>
      </symbol>
      <symbol id="sm-29c">
         <name>__stack</name>
         <value>0x20207e00</value>
         <object_component_ref idref="oc-1a"/>
      </symbol>
      <symbol id="sm-2a8">
         <name>__TI_auto_init_nobinit_nopinit</name>
         <value>0x28a5</value>
         <object_component_ref idref="oc-102"/>
      </symbol>
      <symbol id="sm-2b0">
         <name>_system_pre_init</name>
         <value>0x3183</value>
         <object_component_ref idref="oc-b7"/>
      </symbol>
      <symbol id="sm-2bb">
         <name>__TI_zero_init_nomemset</name>
         <value>0x3007</value>
         <object_component_ref idref="oc-52"/>
      </symbol>
      <symbol id="sm-2c4">
         <name>__TI_decompress_none</name>
         <value>0x30f3</value>
         <object_component_ref idref="oc-20"/>
      </symbol>
      <symbol id="sm-2cf">
         <name>__TI_decompress_lzss</name>
         <value>0x2141</value>
         <object_component_ref idref="oc-1c"/>
      </symbol>
      <symbol id="sm-2d9">
         <name>abort</name>
         <value>0x3171</value>
         <object_component_ref idref="oc-fb"/>
      </symbol>
      <symbol id="sm-2e3">
         <name>HOSTexit</name>
         <value>0x317b</value>
         <object_component_ref idref="oc-14b"/>
      </symbol>
      <symbol id="sm-2e4">
         <name>C$$EXIT</name>
         <value>0x317a</value>
         <object_component_ref idref="oc-14b"/>
      </symbol>
      <symbol id="sm-2ea">
         <name>__aeabi_fadd</name>
         <value>0x1af3</value>
         <object_component_ref idref="oc-7c"/>
      </symbol>
      <symbol id="sm-2eb">
         <name>__addsf3</name>
         <value>0x1af3</value>
         <object_component_ref idref="oc-7c"/>
      </symbol>
      <symbol id="sm-2ec">
         <name>__aeabi_fsub</name>
         <value>0x1ae9</value>
         <object_component_ref idref="oc-7c"/>
      </symbol>
      <symbol id="sm-2ed">
         <name>__subsf3</name>
         <value>0x1ae9</value>
         <object_component_ref idref="oc-7c"/>
      </symbol>
      <symbol id="sm-2f3">
         <name>__aeabi_dadd</name>
         <value>0xf23</value>
         <object_component_ref idref="oc-9e"/>
      </symbol>
      <symbol id="sm-2f4">
         <name>__adddf3</name>
         <value>0xf23</value>
         <object_component_ref idref="oc-9e"/>
      </symbol>
      <symbol id="sm-2f5">
         <name>__aeabi_dsub</name>
         <value>0xf19</value>
         <object_component_ref idref="oc-9e"/>
      </symbol>
      <symbol id="sm-2f6">
         <name>__subdf3</name>
         <value>0xf19</value>
         <object_component_ref idref="oc-9e"/>
      </symbol>
      <symbol id="sm-2fc">
         <name>__aeabi_dmul</name>
         <value>0x1769</value>
         <object_component_ref idref="oc-1b7"/>
      </symbol>
      <symbol id="sm-2fd">
         <name>__muldf3</name>
         <value>0x1769</value>
         <object_component_ref idref="oc-1b7"/>
      </symbol>
      <symbol id="sm-303">
         <name>__muldsi3</name>
         <value>0x291d</value>
         <object_component_ref idref="oc-cc"/>
      </symbol>
      <symbol id="sm-309">
         <name>__aeabi_fmul</name>
         <value>0x1fad</value>
         <object_component_ref idref="oc-74"/>
      </symbol>
      <symbol id="sm-30a">
         <name>__mulsf3</name>
         <value>0x1fad</value>
         <object_component_ref idref="oc-74"/>
      </symbol>
      <symbol id="sm-310">
         <name>__aeabi_fdiv</name>
         <value>0x20bd</value>
         <object_component_ref idref="oc-70"/>
      </symbol>
      <symbol id="sm-311">
         <name>__divsf3</name>
         <value>0x20bd</value>
         <object_component_ref idref="oc-70"/>
      </symbol>
      <symbol id="sm-317">
         <name>__aeabi_f2d</name>
         <value>0x2739</value>
         <object_component_ref idref="oc-9a"/>
      </symbol>
      <symbol id="sm-318">
         <name>__extendsfdf2</name>
         <value>0x2739</value>
         <object_component_ref idref="oc-9a"/>
      </symbol>
      <symbol id="sm-31e">
         <name>__aeabi_f2iz</name>
         <value>0x2959</value>
         <object_component_ref idref="oc-137"/>
      </symbol>
      <symbol id="sm-31f">
         <name>__fixsfsi</name>
         <value>0x2959</value>
         <object_component_ref idref="oc-137"/>
      </symbol>
      <symbol id="sm-325">
         <name>__aeabi_i2f</name>
         <value>0x282d</value>
         <object_component_ref idref="oc-6c"/>
      </symbol>
      <symbol id="sm-326">
         <name>__floatsisf</name>
         <value>0x282d</value>
         <object_component_ref idref="oc-6c"/>
      </symbol>
      <symbol id="sm-32c">
         <name>__aeabi_ui2d</name>
         <value>0x2b41</value>
         <object_component_ref idref="oc-1df"/>
      </symbol>
      <symbol id="sm-32d">
         <name>__floatunsidf</name>
         <value>0x2b41</value>
         <object_component_ref idref="oc-1df"/>
      </symbol>
      <symbol id="sm-334">
         <name>__aeabi_d2f</name>
         <value>0x2231</value>
         <object_component_ref idref="oc-a2"/>
      </symbol>
      <symbol id="sm-335">
         <name>__truncdfsf2</name>
         <value>0x2231</value>
         <object_component_ref idref="oc-a2"/>
      </symbol>
      <symbol id="sm-33b">
         <name>__aeabi_dcmpeq</name>
         <value>0x23e1</value>
         <object_component_ref idref="oc-1e3"/>
      </symbol>
      <symbol id="sm-33c">
         <name>__aeabi_dcmplt</name>
         <value>0x23f5</value>
         <object_component_ref idref="oc-1e3"/>
      </symbol>
      <symbol id="sm-33d">
         <name>__aeabi_dcmple</name>
         <value>0x2409</value>
         <object_component_ref idref="oc-1e3"/>
      </symbol>
      <symbol id="sm-33e">
         <name>__aeabi_dcmpge</name>
         <value>0x241d</value>
         <object_component_ref idref="oc-1e3"/>
      </symbol>
      <symbol id="sm-33f">
         <name>__aeabi_dcmpgt</name>
         <value>0x2431</value>
         <object_component_ref idref="oc-1e3"/>
      </symbol>
      <symbol id="sm-345">
         <name>__aeabi_fcmpeq</name>
         <value>0x2445</value>
         <object_component_ref idref="oc-78"/>
      </symbol>
      <symbol id="sm-346">
         <name>__aeabi_fcmplt</name>
         <value>0x2459</value>
         <object_component_ref idref="oc-78"/>
      </symbol>
      <symbol id="sm-347">
         <name>__aeabi_fcmple</name>
         <value>0x246d</value>
         <object_component_ref idref="oc-78"/>
      </symbol>
      <symbol id="sm-348">
         <name>__aeabi_fcmpge</name>
         <value>0x2481</value>
         <object_component_ref idref="oc-78"/>
      </symbol>
      <symbol id="sm-349">
         <name>__aeabi_fcmpgt</name>
         <value>0x2495</value>
         <object_component_ref idref="oc-78"/>
      </symbol>
      <symbol id="sm-34f">
         <name>__aeabi_memcpy</name>
         <value>0x3169</value>
         <object_component_ref idref="oc-4b"/>
      </symbol>
      <symbol id="sm-350">
         <name>__aeabi_memcpy4</name>
         <value>0x3169</value>
         <object_component_ref idref="oc-4b"/>
      </symbol>
      <symbol id="sm-351">
         <name>__aeabi_memcpy8</name>
         <value>0x3169</value>
         <object_component_ref idref="oc-4b"/>
      </symbol>
      <symbol id="sm-357">
         <name>__aeabi_uidiv</name>
         <value>0x26f9</value>
         <object_component_ref idref="oc-1db"/>
      </symbol>
      <symbol id="sm-358">
         <name>__aeabi_uidivmod</name>
         <value>0x26f9</value>
         <object_component_ref idref="oc-1db"/>
      </symbol>
      <symbol id="sm-361">
         <name>__eqsf2</name>
         <value>0x28e1</value>
         <object_component_ref idref="oc-d1"/>
      </symbol>
      <symbol id="sm-362">
         <name>__lesf2</name>
         <value>0x28e1</value>
         <object_component_ref idref="oc-d1"/>
      </symbol>
      <symbol id="sm-363">
         <name>__ltsf2</name>
         <value>0x28e1</value>
         <object_component_ref idref="oc-d1"/>
      </symbol>
      <symbol id="sm-364">
         <name>__nesf2</name>
         <value>0x28e1</value>
         <object_component_ref idref="oc-d1"/>
      </symbol>
      <symbol id="sm-365">
         <name>__cmpsf2</name>
         <value>0x28e1</value>
         <object_component_ref idref="oc-d1"/>
      </symbol>
      <symbol id="sm-366">
         <name>__gtsf2</name>
         <value>0x2869</value>
         <object_component_ref idref="oc-d6"/>
      </symbol>
      <symbol id="sm-367">
         <name>__gesf2</name>
         <value>0x2869</value>
         <object_component_ref idref="oc-d6"/>
      </symbol>
      <symbol id="sm-375">
         <name>__ledf2</name>
         <value>0x2315</value>
         <object_component_ref idref="oc-1f3"/>
      </symbol>
      <symbol id="sm-376">
         <name>__gedf2</name>
         <value>0x21bd</value>
         <object_component_ref idref="oc-1f9"/>
      </symbol>
      <symbol id="sm-377">
         <name>__cmpdf2</name>
         <value>0x2315</value>
         <object_component_ref idref="oc-1f3"/>
      </symbol>
      <symbol id="sm-378">
         <name>__eqdf2</name>
         <value>0x2315</value>
         <object_component_ref idref="oc-1f3"/>
      </symbol>
      <symbol id="sm-379">
         <name>__ltdf2</name>
         <value>0x2315</value>
         <object_component_ref idref="oc-1f3"/>
      </symbol>
      <symbol id="sm-37a">
         <name>__nedf2</name>
         <value>0x2315</value>
         <object_component_ref idref="oc-1f3"/>
      </symbol>
      <symbol id="sm-37b">
         <name>__gtdf2</name>
         <value>0x21bd</value>
         <object_component_ref idref="oc-1f9"/>
      </symbol>
      <symbol id="sm-385">
         <name>__aeabi_idiv0</name>
         <value>0x10ab</value>
         <object_component_ref idref="oc-1ec"/>
      </symbol>
      <symbol id="sm-38e">
         <name>TI_memcpy_small</name>
         <value>0x30e1</value>
         <object_component_ref idref="oc-dc"/>
      </symbol>
      <symbol id="sm-38f">
         <name>__TI_static_base__</name>
         <value>0x0</value>
      </symbol>
      <symbol id="sm-392">
         <name>__mpu_init</name>
         <value>0x0</value>
      </symbol>
      <symbol id="sm-393">
         <name>_system_post_cinit</name>
         <value>0x0</value>
      </symbol>
   </symbol_table>
   <title>Link successful</title>
</link_info>
