******************************************************************************
            TI ARM Clang Linker PC v4.0.4                      
******************************************************************************
>> Linked Fri Jul 31 13:46:44 2026

OUTPUT FILE NAME:   <key.out>
ENTRY POINT SYMBOL: "_c_int00_noargs"  address: 00000939


MEMORY CONFIGURATION

         name            origin    length      used     unused   attr    fill
----------------------  --------  ---------  --------  --------  ----  --------
  FLASH                 00000000   00020000  00000a40  0001f5c0  R  X
  SRAM                  20200000   00008000  00000204  00007dfc  RW X
  BCR_CONFIG            41c00000   000000ff  00000000  000000ff  R   
  BSL_CONFIG            41c00100   00000080  00000000  00000080  R   


SEGMENT ALLOCATION MAP

run origin  load origin   length   init length attrs members
----------  ----------- ---------- ----------- ----- -------
00000000    00000000    00000a40   00000a40    r-x
  00000000    00000000    000000c0   000000c0    r-- .intvecs
  000000c0    000000c0    00000930   00000930    r-x .text
  000009f0    000009f0    00000038   00000038    r-- .rodata
  00000a28    00000a28    00000018   00000018    r-- .cinit
20200000    20200000    00000004   00000000    rw-
  20200000    20200000    00000004   00000000    rw- .data
20207e00    20207e00    00000200   00000000    rw-
  20207e00    20207e00    00000200   00000000    rw- .stack


SECTION ALLOCATION MAP

 output                                  attributes/
section   page    origin      length       input sections
--------  ----  ----------  ----------   ----------------
.intvecs   0    00000000    000000c0     
                  00000000    000000c0     startup_mspm0g350x_ticlang.o (.intvecs)

.text      0    000000c0    00000930     
                  000000c0    000002a8     ti_msp_dl_config.o (.text.SYSCFG_DL_SYSCTL_SYSPLL_init)
                  00000368    000000dc     driverlib.a : dl_sysctl_mspm0g1x0x_g3x0x.o (.text.DL_SYSCTL_configSYSPLL)
                  00000444    000000b8     ti_msp_dl_config.o (.text.SYSCFG_DL_SYSCTL_init)
                  000004fc    000000ac     main.o (.text.main)
                  000005a8    0000009a     libc.a : memcpy16.S.obj (.text:memcpy)
                  00000642    00000002     startup_mspm0g350x_ticlang.o (.text.Default_Handler)
                  00000644    0000007c     libc.a : copy_decompress_lzss.c.obj (.text:decompress:lzss)
                  000006c0    00000064     driverlib.a : dl_sysctl_mspm0g1x0x_g3x0x.o (.text.DL_SYSCTL_setHFCLKSourceHFXTParams)
                  00000724    00000060     ti_msp_dl_config.o (.text.SYSCFG_DL_DL20_init)
                  00000784    00000048     driverlib.a : dl_uart.o (.text.DL_UART_init)
                  000007cc    00000048     ti_msp_dl_config.o (.text.SYSCFG_DL_GPIO_init)
                  00000814    00000044     driverlib.a : dl_sysctl_mspm0g1x0x_g3x0x.o (.text.DL_SYSCTL_switchMCLKfromSYSOSCtoHSCLK)
                  00000858    00000040     libclang_rt.builtins.a : aeabi_uidivmod.S.obj (.text.__aeabi_uidivmod)
                  00000898    0000003c     libc.a : autoinit.c.obj (.text:__TI_auto_init_nobinit_nopinit)
                  000008d4    00000034     ti_msp_dl_config.o (.text.SYSCFG_DL_initPower)
                  00000908    00000030     driverlib.a : dl_uart.o (.text.DL_UART_transmitDataBlocking)
                  00000938    00000028     libc.a : boot_cortex_m.c.obj (.text:_c_int00_noargs)
                  00000960    0000001c     driverlib.a : dl_sysctl_mspm0g1x0x_g3x0x.o (.text.DL_SYSCTL_configFCC)
                  0000097c    00000014     ti_msp_dl_config.o (.text.SYSCFG_DL_init)
                  00000990    00000012     driverlib.a : dl_uart.o (.text.DL_UART_setClockConfig)
                  000009a2    00000012     libc.a : copy_decompress_none.c.obj (.text:decompress:none)
                  000009b4    00000010     main.o (.text.SysTick_Handler)
                  000009c4    0000000a     driverlib.a : dl_common.o (.text.DL_Common_delayCycles)
                  000009ce    00000002     libclang_rt.builtins.a : aeabi_div0.c.obj (.text.__aeabi_idiv0)
                  000009d0    00000008                            : aeabi_memcpy.S.obj (.text.__aeabi_memcpy)
                  000009d8    00000006     libc.a : exit.c.obj (.text:abort)
                  000009de    00000004     libsysbm.a : hostexit.c.obj (.text.HOSTexit)
                  000009e2    00000004     startup_mspm0g350x_ticlang.o (.text.Reset_Handler)
                  000009e6    00000004     libc.a : pre_init.c.obj (.text._system_pre_init)
                  000009ea    00000006     --HOLE-- [fill = 0]

.cinit     0    00000a28    00000018     
                  00000a28    00000008     (__TI_handler_table)
                  00000a30    00000007     (.cinit..data.load) [load image, compression = lzss]
                  00000a37    00000001     --HOLE-- [fill = 0]
                  00000a38    00000008     (__TI_cinit_table)

.rodata    0    000009f0    00000038     
                  000009f0    00000028     ti_msp_dl_config.o (.rodata.gSYSPLLConfig)
                  00000a18    0000000a     ti_msp_dl_config.o (.rodata.gDL20Config)
                  00000a22    00000002     ti_msp_dl_config.o (.rodata.gDL20ClockConfig)
                  00000a24    00000004     --HOLE-- [fill = 0]

.init_array 
*          0    00000000    00000000     UNINITIALIZED

.binit     0    00000000    00000000     

.data      0    20200000    00000004     UNINITIALIZED
                  20200000    00000004     main.o (.data.g_tick_ms)

.stack     0    20207e00    00000200     UNINITIALIZED
                  20207e00    00000004     libc.a : boot_cortex_m.c.obj (.stack)
                  20207e04    000001fc     --HOLE--

__llvm_prf_cnts 
*          0    20200000    00000000     UNINITIALIZED

__llvm_prf_bits 
*          0    20200000    00000000     UNINITIALIZED

MODULE SUMMARY

       Module                         code   ro data   rw data
       ------                         ----   -------   -------
    .\
       ti_msp_dl_config.o             1104   52        0      
       startup_mspm0g350x_ticlang.o   6      192       0      
       main.o                         188    0         4      
    +--+------------------------------+------+---------+---------+
       Total:                         1298   244       4      
                                                              
    C:/ti/mspm0_sdk_2_11_00_07/source/ti/driverlib/lib/ticlang/m0p/mspm0g1x0x_g3x0x/driverlib.a
       dl_sysctl_mspm0g1x0x_g3x0x.o   416    0         0      
       dl_uart.o                      138    0         0      
       dl_common.o                    10     0         0      
    +--+------------------------------+------+---------+---------+
       Total:                         564    0         0      
                                                              
    C:\ti\ccs2050\ccs\tools\compiler\ti-cgt-armllvm_4.0.4.LTS\lib\armv6m-ti-none-eabi/c/libc.a
       memcpy16.S.obj                 154    0         0      
       copy_decompress_lzss.c.obj     124    0         0      
       autoinit.c.obj                 60     0         0      
       boot_cortex_m.c.obj            40     0         0      
       copy_decompress_none.c.obj     18     0         0      
       exit.c.obj                     6      0         0      
       pre_init.c.obj                 4      0         0      
    +--+------------------------------+------+---------+---------+
       Total:                         406    0         0      
                                                              
    C:\ti\ccs2050\ccs\tools\compiler\ti-cgt-armllvm_4.0.4.LTS\lib\armv6m-ti-none-eabi/c/libsysbm.a
       hostexit.c.obj                 4      0         0      
    +--+------------------------------+------+---------+---------+
       Total:                         4      0         0      
                                                              
    C:\ti\ccs2050\ccs\tools\compiler\ti-cgt-armllvm_4.0.4.LTS\lib\armv6m-ti-none-eabi/libclang_rt.builtins.a
       aeabi_uidivmod.S.obj           64     0         0      
       aeabi_memcpy.S.obj             8      0         0      
       aeabi_div0.c.obj               2      0         0      
    +--+------------------------------+------+---------+---------+
       Total:                         74     0         0      
                                                              
       Stack:                         0      0         512    
       Linker Generated:              0      23        0      
    +--+------------------------------+------+---------+---------+
       Grand Total:                   2346   267       516    


LINKER GENERATED COPY TABLES

__TI_cinit_table @ 00000a38 records: 1, size/record: 8, table size: 8
	.data: load addr=00000a30, load size=00000007 bytes, run addr=20200000, run size=00000004 bytes, compression=lzss


LINKER GENERATED HANDLER TABLE

__TI_handler_table @ 00000a28 records: 2, size/record: 4, table size: 8
	index: 0, handler: __TI_decompress_lzss
	index: 1, handler: __TI_decompress_none


GLOBAL SYMBOLS: SORTED ALPHABETICALLY BY Name 

address   name                                 
-------   ----                                 
00000643  ADC0_IRQHandler                      
00000643  ADC1_IRQHandler                      
00000643  AES_IRQHandler                       
000009de  C$$EXIT                              
00000643  CANFD0_IRQHandler                    
00000643  DAC0_IRQHandler                      
000009c5  DL_Common_delayCycles                
00000961  DL_SYSCTL_configFCC                  
00000369  DL_SYSCTL_configSYSPLL               
000006c1  DL_SYSCTL_setHFCLKSourceHFXTParams   
00000815  DL_SYSCTL_switchMCLKfromSYSOSCtoHSCLK
00000785  DL_UART_init                         
00000991  DL_UART_setClockConfig               
00000909  DL_UART_transmitDataBlocking         
00000643  DMA_IRQHandler                       
00000643  Default_Handler                      
00000643  GROUP0_IRQHandler                    
00000643  GROUP1_IRQHandler                    
000009df  HOSTexit                             
00000643  HardFault_Handler                    
00000643  I2C0_IRQHandler                      
00000643  I2C1_IRQHandler                      
00000643  NMI_Handler                          
00000643  PendSV_Handler                       
00000643  RTC_IRQHandler                       
000009e3  Reset_Handler                        
00000643  SPI0_IRQHandler                      
00000643  SPI1_IRQHandler                      
00000643  SVC_Handler                          
00000725  SYSCFG_DL_DL20_init                  
000007cd  SYSCFG_DL_GPIO_init                  
000000c1  SYSCFG_DL_SYSCTL_SYSPLL_init         
00000445  SYSCFG_DL_SYSCTL_init                
0000097d  SYSCFG_DL_init                       
000008d5  SYSCFG_DL_initPower                  
000009b5  SysTick_Handler                      
00000643  TIMA0_IRQHandler                     
00000643  TIMA1_IRQHandler                     
00000643  TIMG0_IRQHandler                     
00000643  TIMG12_IRQHandler                    
00000643  TIMG6_IRQHandler                     
00000643  TIMG7_IRQHandler                     
00000643  TIMG8_IRQHandler                     
00000643  UART0_IRQHandler                     
00000643  UART1_IRQHandler                     
00000643  UART2_IRQHandler                     
00000643  UART3_IRQHandler                     
20208000  __STACK_END                          
00000200  __STACK_SIZE                         
00000000  __TI_ATRegion0_region_sz             
00000000  __TI_ATRegion0_src_addr              
00000000  __TI_ATRegion0_trg_addr              
00000000  __TI_ATRegion1_region_sz             
00000000  __TI_ATRegion1_src_addr              
00000000  __TI_ATRegion1_trg_addr              
00000000  __TI_ATRegion2_region_sz             
00000000  __TI_ATRegion2_src_addr              
00000000  __TI_ATRegion2_trg_addr              
00000a38  __TI_CINIT_Base                      
00000a40  __TI_CINIT_Limit                     
00000a40  __TI_CINIT_Warm                      
00000a28  __TI_Handler_Table_Base              
00000a30  __TI_Handler_Table_Limit             
00000899  __TI_auto_init_nobinit_nopinit       
00000645  __TI_decompress_lzss                 
000009a3  __TI_decompress_none                 
ffffffff  __TI_pprof_out_hndl                  
ffffffff  __TI_prof_data_size                  
ffffffff  __TI_prof_data_start                 
00000000  __TI_static_base__                   
000009cf  __aeabi_idiv0                        
000009d1  __aeabi_memcpy                       
000009d1  __aeabi_memcpy4                      
000009d1  __aeabi_memcpy8                      
00000859  __aeabi_uidiv                        
00000859  __aeabi_uidivmod                     
ffffffff  __binit__                            
UNDEFED   __mpu_init                           
20207e00  __stack                              
20200000  __start___llvm_prf_bits              
20200000  __start___llvm_prf_cnts              
20200000  __stop___llvm_prf_bits               
20200000  __stop___llvm_prf_cnts               
00000939  _c_int00_noargs                      
UNDEFED   _system_post_cinit                   
000009e7  _system_pre_init                     
000009d9  abort                                
ffffffff  binit                                
00000000  interruptVectors                     
000004fd  main                                 
000005a9  memcpy                               


GLOBAL SYMBOLS: SORTED BY Symbol Address 

address   name                                 
-------   ----                                 
00000000  __TI_ATRegion0_region_sz             
00000000  __TI_ATRegion0_src_addr              
00000000  __TI_ATRegion0_trg_addr              
00000000  __TI_ATRegion1_region_sz             
00000000  __TI_ATRegion1_src_addr              
00000000  __TI_ATRegion1_trg_addr              
00000000  __TI_ATRegion2_region_sz             
00000000  __TI_ATRegion2_src_addr              
00000000  __TI_ATRegion2_trg_addr              
00000000  __TI_static_base__                   
00000000  interruptVectors                     
000000c1  SYSCFG_DL_SYSCTL_SYSPLL_init         
00000200  __STACK_SIZE                         
00000369  DL_SYSCTL_configSYSPLL               
00000445  SYSCFG_DL_SYSCTL_init                
000004fd  main                                 
000005a9  memcpy                               
00000643  ADC0_IRQHandler                      
00000643  ADC1_IRQHandler                      
00000643  AES_IRQHandler                       
00000643  CANFD0_IRQHandler                    
00000643  DAC0_IRQHandler                      
00000643  DMA_IRQHandler                       
00000643  Default_Handler                      
00000643  GROUP0_IRQHandler                    
00000643  GROUP1_IRQHandler                    
00000643  HardFault_Handler                    
00000643  I2C0_IRQHandler                      
00000643  I2C1_IRQHandler                      
00000643  NMI_Handler                          
00000643  PendSV_Handler                       
00000643  RTC_IRQHandler                       
00000643  SPI0_IRQHandler                      
00000643  SPI1_IRQHandler                      
00000643  SVC_Handler                          
00000643  TIMA0_IRQHandler                     
00000643  TIMA1_IRQHandler                     
00000643  TIMG0_IRQHandler                     
00000643  TIMG12_IRQHandler                    
00000643  TIMG6_IRQHandler                     
00000643  TIMG7_IRQHandler                     
00000643  TIMG8_IRQHandler                     
00000643  UART0_IRQHandler                     
00000643  UART1_IRQHandler                     
00000643  UART2_IRQHandler                     
00000643  UART3_IRQHandler                     
00000645  __TI_decompress_lzss                 
000006c1  DL_SYSCTL_setHFCLKSourceHFXTParams   
00000725  SYSCFG_DL_DL20_init                  
00000785  DL_UART_init                         
000007cd  SYSCFG_DL_GPIO_init                  
00000815  DL_SYSCTL_switchMCLKfromSYSOSCtoHSCLK
00000859  __aeabi_uidiv                        
00000859  __aeabi_uidivmod                     
00000899  __TI_auto_init_nobinit_nopinit       
000008d5  SYSCFG_DL_initPower                  
00000909  DL_UART_transmitDataBlocking         
00000939  _c_int00_noargs                      
00000961  DL_SYSCTL_configFCC                  
0000097d  SYSCFG_DL_init                       
00000991  DL_UART_setClockConfig               
000009a3  __TI_decompress_none                 
000009b5  SysTick_Handler                      
000009c5  DL_Common_delayCycles                
000009cf  __aeabi_idiv0                        
000009d1  __aeabi_memcpy                       
000009d1  __aeabi_memcpy4                      
000009d1  __aeabi_memcpy8                      
000009d9  abort                                
000009de  C$$EXIT                              
000009df  HOSTexit                             
000009e3  Reset_Handler                        
000009e7  _system_pre_init                     
00000a28  __TI_Handler_Table_Base              
00000a30  __TI_Handler_Table_Limit             
00000a38  __TI_CINIT_Base                      
00000a40  __TI_CINIT_Limit                     
00000a40  __TI_CINIT_Warm                      
20200000  __start___llvm_prf_bits              
20200000  __start___llvm_prf_cnts              
20200000  __stop___llvm_prf_bits               
20200000  __stop___llvm_prf_cnts               
20207e00  __stack                              
20208000  __STACK_END                          
ffffffff  __TI_pprof_out_hndl                  
ffffffff  __TI_prof_data_size                  
ffffffff  __TI_prof_data_start                 
ffffffff  __binit__                            
ffffffff  binit                                
UNDEFED   __mpu_init                           
UNDEFED   _system_post_cinit                   

[91 symbols]
