Component: ARM Compiler 5.06 update 7 (build 960) Tool: armlink [4d3601]

==============================================================================

Section Cross References

    main.o(i.dip_read) refers to ml_gpio.o(i.gpio_get) for gpio_get
    main.o(i.main) refers to _printf_percent.o(.ARM.Collect$$_printf_percent$$00000000) for _printf_percent
    main.o(i.main) refers to _printf_s.o(.ARM.Collect$$_printf_percent$$00000014) for _printf_s
    main.o(i.main) refers to _printf_str.o(.text) for _printf_str
    main.o(i.main) refers to _printf_d.o(.ARM.Collect$$_printf_percent$$00000009) for _printf_d
    main.o(i.main) refers to _printf_dec.o(.text) for _printf_int_dec
    main.o(i.main) refers to _printf_u.o(.ARM.Collect$$_printf_percent$$0000000A) for _printf_u
    main.o(i.main) refers to ml_gpio.o(i.gpio_init) for gpio_init
    main.o(i.main) refers to main.o(i.dip_read) for dip_read
    main.o(i.main) refers to lock_control.o(i.lock_control_init) for lock_control_init
    main.o(i.main) refers to ml_oled.o(i.OLED_Init) for OLED_Init
    main.o(i.main) refers to ml_oled.o(i.OLED_Clear) for OLED_Clear
    main.o(i.main) refers to ml_oled.o(i.OLED_ShowString) for OLED_ShowString
    main.o(i.main) refers to noretval__2sprintf.o(.text) for __2sprintf
    main.o(i.main) refers to uwb_uart.o(i.uwb_uart_init) for uwb_uart_init
    main.o(i.main) refers to zigbee_uart.o(i.zigbee_uart_init) for zigbee_uart_init
    main.o(i.main) refers to debug_uart.o(i.debug_uart_init) for debug_uart_init
    main.o(i.main) refers to ml_tim.o(i.tim_interrupt_ms_init) for tim_interrupt_ms_init
    main.o(i.main) refers to ml_delay.o(i.delay_ms) for delay_ms
    main.o(i.main) refers to debug_uart.o(i.debug_uart_send) for debug_uart_send
    main.o(i.main) refers to lock_control.o(i.event_push) for event_push
    main.o(i.main) refers to uwb_uart.o(i.uwb_filter_reset) for uwb_filter_reset
    main.o(i.main) refers to zone.o(i.zone_determine) for zone_determine
    main.o(i.main) refers to zone.o(i.zone_name) for zone_name
    main.o(i.main) refers to lock_control.o(i.lock_control_update) for lock_control_update
    main.o(i.main) refers to lock_control.o(i.event_pop) for event_pop
    main.o(i.main) refers to lock_control.o(i.event_name) for event_name
    main.o(i.main) refers to main.o(i.oled_show_event) for oled_show_event
    main.o(i.main) refers to main.o(i.update_fps) for update_fps
    main.o(i.main) refers to lock_control.o(i.lock_get_state) for lock_get_state
    main.o(i.main) refers to main.o(i.oled_show_normal) for oled_show_normal
    main.o(i.main) refers to uwb_uart.o(.data) for g_uwb_updated
    main.o(i.main) refers to uwb_uart.o(.bss) for g_uwb_filtered
    main.o(i.main) refers to zigbee_uart.o(.data) for g_key_id_updated
    main.o(i.main) refers to main.o(.data) for g_systick
    main.o(i.oled_show) refers to ml_oled.o(i.OLED_ShowString) for OLED_ShowString
    main.o(i.oled_show_event) refers to main.o(i.oled_show) for oled_show
    main.o(i.oled_show_normal) refers to _printf_percent.o(.ARM.Collect$$_printf_percent$$00000000) for _printf_percent
    main.o(i.oled_show_normal) refers to _printf_s.o(.ARM.Collect$$_printf_percent$$00000014) for _printf_s
    main.o(i.oled_show_normal) refers to _printf_str.o(.text) for _printf_str
    main.o(i.oled_show_normal) refers to _printf_d.o(.ARM.Collect$$_printf_percent$$00000009) for _printf_d
    main.o(i.oled_show_normal) refers to _printf_dec.o(.text) for _printf_int_dec
    main.o(i.oled_show_normal) refers to noretval__2sprintf.o(.text) for __2sprintf
    main.o(i.oled_show_normal) refers to main.o(i.oled_show) for oled_show
    main.o(i.oled_show_normal) refers to zone.o(i.zone_name) for zone_name
    main.o(i.update_fps) refers to _printf_percent.o(.ARM.Collect$$_printf_percent$$00000000) for _printf_percent
    main.o(i.update_fps) refers to _printf_u.o(.ARM.Collect$$_printf_percent$$0000000A) for _printf_u
    main.o(i.update_fps) refers to _printf_dec.o(.text) for _printf_int_dec
    main.o(i.update_fps) refers to noretval__2sprintf.o(.text) for __2sprintf
    main.o(i.update_fps) refers to debug_uart.o(i.debug_uart_send) for debug_uart_send
    main.o(i.update_fps) refers to main.o(.data) for g_systick
    main.o(i.update_fps) refers to uwb_uart.o(.data) for g_uwb_frame_count
    isr.o(i.TIM2_IRQHandler) refers to main.o(.data) for g_systick
    isr.o(i.USART1_IRQHandler) refers to uwb_uart.o(i.uwb_rx_handler) for uwb_rx_handler
    isr.o(i.USART3_IRQHandler) refers to zigbee_uart.o(i.zigbee_rx_handler) for zigbee_rx_handler
    uwb_uart.o(i.calc_xor) refers to uwb_uart.o(.bss) for uwb_buf
    uwb_uart.o(i.parse_frame) refers to uwb_uart.o(i.swap32) for swap32
    uwb_uart.o(i.parse_frame) refers to uwb_uart.o(i.swap16) for swap16
    uwb_uart.o(i.parse_frame) refers to uwb_uart.o(i.calc_xor) for calc_xor
    uwb_uart.o(i.parse_frame) refers to filter.o(i.filter_add) for filter_add
[...]
    rtexit2.o(.ARM.exidx) refers to rtexit2.o(.ARM.Collect$$rtexit$$00000004) for .ARM.Collect$$rtexit$$00000004
    rt_raise.o(.text) refers to __raise.o(.text) for __raise
    rt_raise.o(.text) refers to ml_uart.o(i._sys_exit) for _sys_exit
    defsig_exit.o(.text) refers to ml_uart.o(i._sys_exit) for _sys_exit
    defsig_fpe_inner.o(.text) refers to defsig_general.o(.text) for __default_signal_display
    argv_veneer.o(.emb_text) refers to no_argv.o(.text) for __ARM_get_argv
    __raise.o(.text) refers to defsig.o(CL$$defsig) for __default_signal_handler
    defsig_general.o(.text) refers to sys_wrch.o(.text) for _ttywrch
    _get_argv_nomalloc.o(.text) refers (Special) to hrguard.o(.text) for __heap_region$guard
    _get_argv_nomalloc.o(.text) refers to defsig_rtmem_outer.o(.text) for __rt_SIGRTMEM
    _get_argv_nomalloc.o(.text) refers to sys_command.o(.text) for _sys_command_string
    libshutdown.o(.ARM.Collect$$libshutdown$$00000000) refers (Special) to libshutdown2.o(.ARM.Collect$$libshutdown$$00000004) for __rt_lib_shutdown_cpp_1
    libshutdown.o(.ARM.Collect$$libshutdown$$00000000) refers (Special) to libshutdown2.o(.ARM.Collect$$libshutdown$$00000002) for __rt_lib_shutdown_fini_1
    libshutdown.o(.ARM.Collect$$libshutdown$$00000000) refers (Special) to libshutdown2.o(.ARM.Collect$$libshutdown$$00000009) for __rt_lib_shutdown_fp_trap_1
    libshutdown.o(.ARM.Collect$$libshutdown$$00000000) refers (Special) to libshutdown2.o(.ARM.Collect$$libshutdown$$00000011) for __rt_lib_shutdown_heap_1
    libshutdown.o(.ARM.Collect$$libshutdown$$00000000) refers (Special) to libshutdown2.o(.ARM.Collect$$libshutdown$$00000012) for __rt_lib_shutdown_return
    libshutdown.o(.ARM.Collect$$libshutdown$$00000000) refers (Special) to libshutdown2.o(.ARM.Collect$$libshutdown$$0000000C) for __rt_lib_shutdown_signal_1
    libshutdown.o(.ARM.Collect$$libshutdown$$00000000) refers (Special) to libshutdown2.o(.ARM.Collect$$libshutdown$$00000006) for __rt_lib_shutdown_stdio_1
    libshutdown.o(.ARM.Collect$$libshutdown$$00000000) refers (Special) to libshutdown2.o(.ARM.Collect$$libshutdown$$0000000E) for __rt_lib_shutdown_user_alloc_1
    sys_wrch.o(.text) refers (Special) to use_no_semi.o(.text) for __I$use$semihosting
    sys_wrch.o(.text) refers (Special) to indicate_semi.o(.text) for __semihosting_library_function
    sys_command.o(.text) refers (Special) to use_no_semi.o(.text) for __I$use$semihosting
    sys_command.o(.text) refers (Special) to indicate_semi.o(.text) for __semihosting_library_function
    defsig_rtmem_outer.o(.text) refers to defsig_rtmem_inner.o(.text) for __rt_SIGRTMEM_inner
    defsig_rtmem_outer.o(.text) refers to defsig_exit.o(.text) for __sig_exit
    defsig_rtmem_formal.o(.text) refers to rt_raise.o(.text) for __rt_raise
    defsig.o(CL$$defsig) refers to defsig_fpe_inner.o(.text) for __rt_SIGFPE_inner
    defsig.o(CL$$defsig) refers to defsig_rtmem_inner.o(.text) for __rt_SIGRTMEM_inner
    defsig_abrt_inner.o(.text) refers to defsig_general.o(.text) for __default_signal_display
    defsig_rtred_inner.o(.text) refers to defsig_general.o(.text) for __default_signal_display
    defsig_rtmem_inner.o(.text) refers to defsig_general.o(.text) for __default_signal_display
    defsig_stak_inner.o(.text) refers to defsig_general.o(.text) for __default_signal_display
    defsig_pvfn_inner.o(.text) refers to defsig_general.o(.text) for __default_signal_display
    defsig_cppl_inner.o(.text) refers to defsig_general.o(.text) for __default_signal_display
    defsig_segv_inner.o(.text) refers to defsig_general.o(.text) for __default_signal_display
    defsig_other.o(.text) refers to defsig_general.o(.text) for __default_signal_display


==============================================================================

Removing Unused input sections from the image.

    Removing uwb_uart.o(i.uwb_get_frame_rate), (12 bytes).
    Removing filter.o(i.filter_get), (34 bytes).
    Removing debug_uart.o(i.debug_cmd_poll), (396 bytes).
    Removing debug_uart.o(i.debug_uart_rx_handler), (76 bytes).
    Removing debug_uart.o(.data), (9 bytes).
    Removing system_stm32f10x.o(i.SystemCoreClockUpdate), (164 bytes).
    Removing system_stm32f10x.o(.data), (20 bytes).
    Removing ml_delay.o(i.delay_s), (24 bytes).
    Removing ml_uart.o(i.fputc), (28 bytes).
    Removing ml_uart.o(i.uart_getbyte), (20 bytes).
    Removing ml_oled.o(i.OLED_DrawBMP), (116 bytes).
    Removing ml_oled.o(i.OLED_Pow), (20 bytes).
    Removing ml_oled.o(i.OLED_ShowBinNum), (62 bytes).
    Removing ml_oled.o(i.OLED_ShowCharBig), (264 bytes).
    Removing ml_oled.o(i.OLED_ShowFloat), (232 bytes).
    Removing ml_oled.o(i.OLED_ShowHexNum), (84 bytes).
    Removing ml_oled.o(i.OLED_ShowNum), (68 bytes).
    Removing ml_oled.o(i.OLED_ShowSignedNum), (102 bytes).
    Removing ml_oled.o(i.OLED_ShowStringBig), (34 bytes).

19 unused section(s) (total 1765 bytes) removed from the image.

==============================================================================

Image Symbol Table

    Local Symbols

    Symbol Name                              Value     Ov Type        Size  Object(Section)

    ../clib/angel/boardlib.s                 0x00000000   Number         0  boardinit1.o ABSOLUTE
    ../clib/angel/boardlib.s                 0x00000000   Number         0  boardinit2.o ABSOLUTE
    ../clib/angel/boardlib.s                 0x00000000   Number         0  boardinit3.o ABSOLUTE
    ../clib/angel/boardlib.s                 0x00000000   Number         0  boardshut.o ABSOLUTE
    ../clib/angel/handlers.s                 0x00000000   Number         0  __scatter_copy.o ABSOLUTE
    ../clib/angel/handlers.s                 0x00000000   Number         0  __scatter_zi.o ABSOLUTE
    ../clib/angel/kernel.s                   0x00000000   Number         0  rtexit.o ABSOLUTE
    ../clib/angel/kernel.s                   0x00000000   Number         0  __rtentry.o ABSOLUTE
    ../clib/angel/kernel.s                   0x00000000   Number         0  __rtentry4.o ABSOLUTE
    ../clib/angel/kernel.s                   0x00000000   Number         0  __rtentry2.o ABSOLUTE
    ../clib/angel/kernel.s                   0x00000000   Number         0  rtexit2.o ABSOLUTE
    ../clib/angel/rt.s                       0x00000000   Number         0  rt_div0.o ABSOLUTE
    ../clib/angel/rt.s                       0x00000000   Number         0  rt_raise.o ABSOLUTE
    ../clib/angel/rt.s                       0x00000000   Number         0  aeabi_ldiv0_sigfpe.o ABSOLUTE
    ../clib/angel/rt.s                       0x00000000   Number         0  rt_errno_addr.o ABSOLUTE
    ../clib/angel/rt.s                       0x00000000   Number         0  rt_errno_addr_intlibspace.o ABSOLUTE
    ../clib/angel/rt.s                       0x00000000   Number         0  aeabi_ldiv0.o ABSOLUTE
    ../clib/angel/scatter.s                  0x00000000   Number         0  __scatter.o ABSOLUTE
    ../clib/angel/startup.s                  0x00000000   Number         0  __main.o ABSOLUTE
    ../clib/angel/sys.s                      0x00000000   Number         0  use_no_semi_2.o ABSOLUTE
    ../clib/angel/sys.s                      0x00000000   Number         0  sys_stackheap_outer.o ABSOLUTE
    ../clib/angel/sys.s                      0x00000000   Number         0  libspace.o ABSOLUTE
    ../clib/angel/sys.s                      0x00000000   Number         0  indicate_semi.o ABSOLUTE
    ../clib/angel/sys.s                      0x00000000   Number         0  use_no_semi.o ABSOLUTE
    ../clib/angel/sysapp.c                   0x00000000   Number         0  sys_command.o ABSOLUTE
    ../clib/angel/sysapp.c                   0x00000000   Number         0  sys_wrch.o ABSOLUTE
    ../clib/armsys.c                         0x00000000   Number         0  no_argv.o ABSOLUTE
    ../clib/armsys.c                         0x00000000   Number         0  _get_argv_nomalloc.o ABSOLUTE
    ../clib/armsys.c                         0x00000000   Number         0  argv_veneer.o ABSOLUTE
    ../clib/armsys.c                         0x00000000   Number         0  argv_veneer.o ABSOLUTE
    ../clib/fenv.c                           0x00000000   Number         0  _rserrno.o ABSOLUTE
    ../clib/heapalloc.c                      0x00000000   Number         0  hrguard.o ABSOLUTE
    ../clib/heapaux.c                        0x00000000   Number         0  heapauxi.o ABSOLUTE
    ../clib/libinit.s                        0x00000000   Number         0  libshutdown.o ABSOLUTE
    ../clib/libinit.s                        0x00000000   Number         0  libinit2.o ABSOLUTE
    ../clib/libinit.s                        0x00000000   Number         0  libinit.o ABSOLUTE
    ../clib/libinit.s                        0x00000000   Number         0  libshutdown2.o ABSOLUTE
    ../clib/longlong.s                       0x00000000   Number         0  lludivv7m.o ABSOLUTE
    ../clib/longlong.s                       0x00000000   Number         0  llsdiv.o ABSOLUTE
    ../clib/misc.s                           0x00000000   Number         0  printf_stubs.o ABSOLUTE
    ../clib/printf.c                         0x00000000   Number         0  _printf_str.o ABSOLUTE
    ../clib/printf.c                         0x00000000   Number         0  __printf_flags.o ABSOLUTE
    ../clib/printf.c                         0x00000000   Number         0  __printf_flags_ss.o ABSOLUTE
    ../clib/printf.c                         0x00000000   Number         0  __printf_wp.o ABSOLUTE
    ../clib/printf.c                         0x00000000   Number         0  __printf_flags_wp.o ABSOLUTE
    ../clib/printf.c                         0x00000000   Number         0  __printf_ss_wp.o ABSOLUTE
    ../clib/printf.c                         0x00000000   Number         0  __printf.o ABSOLUTE
    ../clib/printf.c                         0x00000000   Number         0  noretval__2sprintf.o ABSOLUTE
    ../clib/printf.c                         0x00000000   Number         0  __2sprintf.o ABSOLUTE
    ../clib/printf.c                         0x00000000   Number         0  __printf_flags_ss_wp.o ABSOLUTE
    ../clib/printf.c                         0x00000000   Number         0  _printf_intcommon.o ABSOLUTE
    ../clib/printf.c                         0x00000000   Number         0  __printf_nopercent.o ABSOLUTE
    ../clib/printf.c                         0x00000000   Number         0  __printf_ss.o ABSOLUTE
    ../clib/printf.c                         0x00000000   Number         0  _printf_char_common.o ABSOLUTE
    ../clib/printf.c                         0x00000000   Number         0  _printf_dec.o ABSOLUTE
    ../clib/printf.c                         0x00000000   Number         0  _sputc.o ABSOLUTE
    ../clib/printf.c                         0x00000000   Number         0  _printf_char.o ABSOLUTE
    ../clib/printf_percent.s                 0x00000000   Number         0  _printf_percent.o ABSOLUTE
    ../clib/printf_percent.s                 0x00000000   Number         0  _printf_u.o ABSOLUTE
    ../clib/printf_percent.s                 0x00000000   Number         0  _printf_d.o ABSOLUTE
    ../clib/printf_percent.s                 0x00000000   Number         0  _printf_s.o ABSOLUTE
    ../clib/printf_percent.s                 0x00000000   Number         0  _printf_percent_end.o ABSOLUTE
    ../clib/signal.c                         0x00000000   Number         0  defsig_general.o ABSOLUTE
    ../clib/signal.c                         0x00000000   Number         0  __raise.o ABSOLUTE
    ../clib/signal.c                         0x00000000   Number         0  defsig_fpe_formal.o ABSOLUTE
    ../clib/signal.c                         0x00000000   Number         0  defsig_fpe_inner.o ABSOLUTE
    ../clib/signal.c                         0x00000000   Number         0  defsig_exit.o ABSOLUTE
    ../clib/signal.c                         0x00000000   Number         0  defsig_fpe_outer.o ABSOLUTE
    ../clib/signal.c                         0x00000000   Number         0  defsig_rtred_inner.o ABSOLUTE
    ../clib/signal.c                         0x00000000   Number         0  defsig_rtmem_formal.o ABSOLUTE
    ../clib/signal.c                         0x00000000   Number         0  defsig_other.o ABSOLUTE
    ../clib/signal.c                         0x00000000   Number         0  defsig_segv_inner.o ABSOLUTE
    ../clib/signal.c                         0x00000000   Number         0  defsig_cppl_inner.o ABSOLUTE
    ../clib/signal.c                         0x00000000   Number         0  defsig_pvfn_inner.o ABSOLUTE
    ../clib/signal.c                         0x00000000   Number         0  defsig_stak_inner.o ABSOLUTE
    ../clib/signal.c                         0x00000000   Number         0  defsig_rtmem_inner.o ABSOLUTE
    ../clib/signal.c                         0x00000000   Number         0  defsig_abrt_inner.o ABSOLUTE
    ../clib/signal.c                         0x00000000   Number         0  defsig_rtmem_outer.o ABSOLUTE
    ../clib/signal.s                         0x00000000   Number         0  defsig.o ABSOLUTE
    ../clib/stdlib.c                         0x00000000   Number         0  exit.o ABSOLUTE
    ../fplib/d2f.s                           0x00000000   Number         0  d2f.o ABSOLUTE
    ../fplib/daddsub.s                       0x00000000   Number         0  daddsub_clz.o ABSOLUTE
    ../fplib/dcheck1.s                       0x00000000   Number         0  dcheck1.o ABSOLUTE
    ../fplib/dcmpi.s                         0x00000000   Number         0  dcmpi.o ABSOLUTE
    ../fplib/ddiv.s                          0x00000000   Number         0  ddiv.o ABSOLUTE
    ../fplib/dfix.s                          0x00000000   Number         0  dfix.o ABSOLUTE
    ../fplib/dflt.s                          0x00000000   Number         0  dflt_clz.o ABSOLUTE
    ../fplib/dleqf.s                         0x00000000   Number         0  dleqf.o ABSOLUTE
    ../fplib/dmul.s                          0x00000000   Number         0  dmul.o ABSOLUTE
    ../fplib/dnaninf.s                       0x00000000   Number         0  dnaninf.o ABSOLUTE
    ../fplib/dretinf.s                       0x00000000   Number         0  dretinf.o ABSOLUTE
    ../fplib/drleqf.s                        0x00000000   Number         0  drleqf.o ABSOLUTE
    ../fplib/dsqrt.s                         0x00000000   Number         0  dsqrt_noumaal.o ABSOLUTE
    ../fplib/f2d.s                           0x00000000   Number         0  f2d.o ABSOLUTE
    ../fplib/faddsub.s                       0x00000000   Number         0  faddsub_clz.o ABSOLUTE
    ../fplib/fcmpi.s                         0x00000000   Number         0  fcmpi.o ABSOLUTE
    ../fplib/ffix.s                          0x00000000   Number         0  ffix.o ABSOLUTE
    ../fplib/ffixu.s                         0x00000000   Number         0  ffixu.o ABSOLUTE
    ../fplib/fflt.s                          0x00000000   Number         0  fflt_clz.o ABSOLUTE
    ../fplib/fleqf.s                         0x00000000   Number         0  fleqf.o ABSOLUTE
    ../fplib/fmul.s                          0x00000000   Number         0  fmul.o ABSOLUTE
    ../fplib/fnaninf.s                       0x00000000   Number         0  fnaninf.o ABSOLUTE
    ../fplib/fpinit.s                        0x00000000   Number         0  fpinit.o ABSOLUTE
    ../fplib/fretinf.s                       0x00000000   Number         0  fretinf.o ABSOLUTE
    ../fplib/retnan.s                        0x00000000   Number         0  retnan.o ABSOLUTE
    ../fplib/scalbn.s                        0x00000000   Number         0  scalbn.o ABSOLUTE
    ../fplib/trapv.s                         0x00000000   Number         0  trapv.o ABSOLUTE
    ../fplib/usenofp.s                       0x00000000   Number         0  usenofp.o ABSOLUTE
    ../mathlib/dunder.c                      0x00000000   Number         0  dunder.o ABSOLUTE
    ../mathlib/fpclassify.c                  0x00000000   Number         0  fpclassify.o ABSOLUTE
    ../mathlib/poly.c                        0x00000000   Number         0  poly.o ABSOLUTE
    ../mathlib/pow.c                         0x00000000   Number         0  pow_x.o ABSOLUTE
    ../mathlib/pow.c                         0x00000000   Number         0  pow.o ABSOLUTE
    ../mathlib/qnan.c                        0x00000000   Number         0  qnan.o ABSOLUTE
    ../mathlib/sqrt.c                        0x00000000   Number         0  sqrt.o ABSOLUTE
    ../mathlib/sqrt.c                        0x00000000   Number         0  sqrt_x.o ABSOLUTE
    ..\ML_LIBS\ml_delay.c                    0x00000000   Number         0  ml_delay.o ABSOLUTE
    ..\ML_LIBS\ml_gpio.c                     0x00000000   Number         0  ml_gpio.o ABSOLUTE
    ..\ML_LIBS\ml_nvic.c                     0x00000000   Number         0  ml_nvic.o ABSOLUTE
    ..\ML_LIBS\ml_tim.c                      0x00000000   Number         0  ml_tim.o ABSOLUTE
    ..\ML_LIBS\ml_uart.c                     0x00000000   Number         0  ml_uart.o ABSOLUTE
    ..\code\debug_uart.c                     0x00000000   Number         0  debug_uart.o ABSOLUTE
    ..\code\filter.c                         0x00000000   Number         0  filter.o ABSOLUTE
    ..\code\lock_control.c                   0x00000000   Number         0  lock_control.o ABSOLUTE
    ..\code\uwb_uart.c                       0x00000000   Number         0  uwb_uart.o ABSOLUTE
    ..\code\zigbee_uart.c                    0x00000000   Number         0  zigbee_uart.o ABSOLUTE
    ..\code\zone.c                           0x00000000   Number         0  zone.o ABSOLUTE
    ..\ml_libs\ml_oled.c                     0x00000000   Number         0  ml_oled.o ABSOLUTE
    ..\sys\startup_stm32f10x_md.s            0x00000000   Number         0  startup_stm32f10x_md.o ABSOLUTE
    ..\sys\system_stm32f10x.c                0x00000000   Number         0  system_stm32f10x.o ABSOLUTE
    dc.s                                     0x00000000   Number         0  dc.o ABSOLUTE
    isr.c                                    0x00000000   Number         0  isr.o ABSOLUTE
    main.c                                   0x00000000   Number         0  main.o ABSOLUTE
    RESET                                    0x08000000   Section      236  startup_stm32f10x_md.o(RESET)
    !!!main                                  0x080000ec   Section        8  __main.o(!!!main)
    !!!scatter                               0x080000f4   Section       52  __scatter.o(!!!scatter)
    !!handler_copy                           0x08000128   Section       26  __scatter_copy.o(!!handler_copy)
    !!handler_zi                             0x08000144   Section       28  __scatter_zi.o(!!handler_zi)
    .ARM.Collect$$_printf_percent$$00000000  0x08000160   Section        0  _printf_percent.o(.ARM.Collect$$_printf_percent$$00000000)
    .ARM.Collect$$_printf_percent$$00000009  0x08000160   Section        6  _printf_d.o(.ARM.Collect$$_printf_percent$$00000009)
    .ARM.Collect$$_printf_percent$$0000000A  0x08000166   Section        6  _printf_u.o(.ARM.Collect$$_printf_percent$$0000000A)
    .ARM.Collect$$_printf_percent$$00000014  0x0800016c   Section        6  _printf_s.o(.ARM.Collect$$_printf_percent$$00000014)
    .ARM.Collect$$_printf_percent$$00000017  0x08000172   Section        4  _printf_percent_end.o(.ARM.Collect$$_printf_percent$$00000017)
    .ARM.Collect$$libinit$$00000000          0x08000176   Section        2  libinit.o(.ARM.Collect$$libinit$$00000000)
    .ARM.Collect$$libinit$$00000002          0x08000178   Section        0  libinit2.o(.ARM.Collect$$libinit$$00000002)
    .ARM.Collect$$libinit$$00000004          0x08000178   Section        0  libinit2.o(.ARM.Collect$$libinit$$00000004)
    .ARM.Collect$$libinit$$0000000A          0x08000178   Section        0  libinit2.o(.ARM.Collect$$libinit$$0000000A)
    .ARM.Collect$$libinit$$0000000C          0x08000178   Section        0  libinit2.o(.ARM.Collect$$libinit$$0000000C)
    .ARM.Collect$$libinit$$0000000E          0x08000178   Section        0  libinit2.o(.ARM.Collect$$libinit$$0000000E)
    .ARM.Collect$$libinit$$00000011          0x08000178   Section        0  libinit2.o(.ARM.Collect$$libinit$$00000011)
    .ARM.Collect$$libinit$$00000013          0x08000178   Section        0  libinit2.o(.ARM.Collect$$libinit$$00000013)
    .ARM.Collect$$libinit$$00000015          0x08000178   Section        0  libinit2.o(.ARM.Collect$$libinit$$00000015)
    .ARM.Collect$$libinit$$00000017          0x08000178   Section        0  libinit2.o(.ARM.Collect$$libinit$$00000017)
    .ARM.Collect$$libinit$$00000019          0x08000178   Section        0  libinit2.o(.ARM.Collect$$libinit$$00000019)
    .ARM.Collect$$libinit$$0000001B          0x08000178   Section        0  libinit2.o(.ARM.Collect$$libinit$$0000001B)
    .ARM.Collect$$libinit$$0000001D          0x08000178   Section        0  libinit2.o(.ARM.Collect$$libinit$$0000001D)
    .ARM.Collect$$libinit$$0000001F          0x08000178   Section        0  libinit2.o(.ARM.Collect$$libinit$$0000001F)
    .ARM.Collect$$libinit$$00000021          0x08000178   Section        0  libinit2.o(.ARM.Collect$$libinit$$00000021)
    .ARM.Collect$$libinit$$00000023          0x08000178   Section        0  libinit2.o(.ARM.Collect$$libinit$$00000023)
    .ARM.Collect$$libinit$$00000025          0x08000178   Section        0  libinit2.o(.ARM.Collect$$libinit$$00000025)
    .ARM.Collect$$libinit$$0000002C          0x08000178   Section        0  libinit2.o(.ARM.Collect$$libinit$$0000002C)
    .ARM.Collect$$libinit$$0000002E          0x08000178   Section        0  libinit2.o(.ARM.Collect$$libinit$$0000002E)
    .ARM.Collect$$libinit$$00000030          0x08000178   Section        0  libinit2.o(.ARM.Collect$$libinit$$00000030)
    .ARM.Collect$$libinit$$00000032          0x08000178   Section        0  libinit2.o(.ARM.Collect$$libinit$$00000032)
    .ARM.Collect$$libinit$$00000033          0x08000178   Section        2  libinit2.o(.ARM.Collect$$libinit$$00000033)
    .ARM.Collect$$libshutdown$$00000000      0x0800017a   Section        2  libshutdown.o(.ARM.Collect$$libshutdown$$00000000)
    .ARM.Collect$$libshutdown$$00000002      0x0800017c   Section        0  libshutdown2.o(.ARM.Collect$$libshutdown$$00000002)
    .ARM.Collect$$libshutdown$$00000004      0x0800017c   Section        0  libshutdown2.o(.ARM.Collect$$libshutdown$$00000004)
    .ARM.Collect$$libshutdown$$00000006      0x0800017c   Section        0  libshutdown2.o(.ARM.Collect$$libshutdown$$00000006)
    .ARM.Collect$$libshutdown$$00000009      0x0800017c   Section        0  libshutdown2.o(.ARM.Collect$$libshutdown$$00000009)
    .ARM.Collect$$libshutdown$$0000000C      0x0800017c   Section        0  libshutdown2.o(.ARM.Collect$$libshutdown$$0000000C)
    .ARM.Collect$$libshutdown$$0000000E      0x0800017c   Section        0  libshutdown2.o(.ARM.Collect$$libshutdown$$0000000E)
    .ARM.Collect$$libshutdown$$00000011      0x0800017c   Section        0  libshutdown2.o(.ARM.Collect$$libshutdown$$00000011)
    .ARM.Collect$$libshutdown$$00000012      0x0800017c   Section        2  libshutdown2.o(.ARM.Collect$$libshutdown$$00000012)
    .ARM.Collect$$rtentry$$00000000          0x0800017e   Section        0  __rtentry.o(.ARM.Collect$$rtentry$$00000000)
    .ARM.Collect$$rtentry$$00000002          0x0800017e   Section        0  __rtentry2.o(.ARM.Collect$$rtentry$$00000002)
    .ARM.Collect$$rtentry$$00000004          0x0800017e   Section        6  __rtentry4.o(.ARM.Collect$$rtentry$$00000004)
    .ARM.Collect$$rtentry$$00000009          0x08000184   Section        0  __rtentry2.o(.ARM.Collect$$rtentry$$00000009)
    .ARM.Collect$$rtentry$$0000000A          0x08000184   Section        4  __rtentry2.o(.ARM.Collect$$rtentry$$0000000A)
    .ARM.Collect$$rtentry$$0000000C          0x08000188   Section        0  __rtentry2.o(.ARM.Collect$$rtentry$$0000000C)
    .ARM.Collect$$rtentry$$0000000D          0x08000188   Section        8  __rtentry2.o(.ARM.Collect$$rtentry$$0000000D)
    .ARM.Collect$$rtexit$$00000000           0x08000190   Section        2  rtexit.o(.ARM.Collect$$rtexit$$00000000)
    .ARM.Collect$$rtexit$$00000002           0x08000192   Section        0  rtexit2.o(.ARM.Collect$$rtexit$$00000002)
    .ARM.Collect$$rtexit$$00000003           0x08000192   Section        4  rtexit2.o(.ARM.Collect$$rtexit$$00000003)
    .ARM.Collect$$rtexit$$00000004           0x08000196   Section        6  rtexit2.o(.ARM.Collect$$rtexit$$00000004)
    .text                                    0x0800019c   Section       64  startup_stm32f10x_md.o(.text)
    .text                                    0x080001dc   Section        2  use_no_semi_2.o(.text)
    .text                                    0x080001de   Section       72  llsdiv.o(.text)
    .text                                    0x08000228   Section        0  noretval__2sprintf.o(.text)
    .text                                    0x08000250   Section        0  _printf_str.o(.text)
    .text                                    0x080002a4   Section        0  _printf_dec.o(.text)
    .text                                    0x0800031c   Section        0  __printf_flags_ss.o(.text)
    .text                                    0x08000408   Section        0  heapauxi.o(.text)
    .text                                    0x0800040e   Section        2  use_no_semi.o(.text)
    .text                                    0x08000410   Section      238  lludivv7m.o(.text)
    .text                                    0x080004fe   Section        0  _printf_intcommon.o(.text)
    .text                                    0x080005b0   Section        0  _printf_char_common.o(.text)
    _printf_input_char                       0x080005b1   Thumb Code    10  _printf_char_common.o(.text)
    .text                                    0x080005e0   Section        0  _sputc.o(.text)
    .text                                    0x080005ea   Section        0  _printf_char.o(.text)
    .text                                    0x08000618   Section        8  libspace.o(.text)
    .text                                    0x08000620   Section       74  sys_stackheap_outer.o(.text)
    .text                                    0x0800066a   Section        0  exit.o(.text)
    i.EXTI0_IRQHandler                       0x0800067c   Section        0  isr.o(i.EXTI0_IRQHandler)
    i.EXTI1_IRQHandler                       0x08000694   Section        0  isr.o(i.EXTI1_IRQHandler)
    i.EXTI2_IRQHandler                       0x080006ac   Section        0  isr.o(i.EXTI2_IRQHandler)
    i.EXTI3_IRQHandler                       0x080006c4   Section        0  isr.o(i.EXTI3_IRQHandler)
    i.EXTI4_IRQHandler                       0x080006dc   Section        0  isr.o(i.EXTI4_IRQHandler)
    i.EXTI9_5_IRQHandler                     0x080006f4   Section        0  isr.o(i.EXTI9_5_IRQHandler)
    i.NVIC_Group_Config                      0x08000750   Section        0  ml_nvic.o(i.NVIC_Group_Config)
    i.NVIC_init                              0x08000778   Section        0  ml_nvic.o(i.NVIC_init)
    i.OLED_Clear                             0x080007c4   Section        0  ml_oled.o(i.OLED_Clear)
    i.OLED_I2C_Init                          0x080007ee   Section        0  ml_oled.o(i.OLED_I2C_Init)
    i.OLED_I2C_SendByte                      0x0800081a   Section        0  ml_oled.o(i.OLED_I2C_SendByte)
    i.OLED_I2C_Start                         0x08000864   Section        0  ml_oled.o(i.OLED_I2C_Start)
    i.OLED_I2C_Stop                          0x08000890   Section        0  ml_oled.o(i.OLED_I2C_Stop)
    i.OLED_Init                              0x080008b2   Section        0  ml_oled.o(i.OLED_Init)
    i.OLED_SetCursor                         0x08000960   Section        0  ml_oled.o(i.OLED_SetCursor)
    i.OLED_ShowChar                          0x08000984   Section        0  ml_oled.o(i.OLED_ShowChar)
    i.OLED_ShowString                        0x080009f8   Section        0  ml_oled.o(i.OLED_ShowString)
    i.OLED_WriteCommand                      0x08000a20   Section        0  ml_oled.o(i.OLED_WriteCommand)
    i.OLED_WriteData                         0x08000a40   Section        0  ml_oled.o(i.OLED_WriteData)
    i.SetSysClock                            0x08000a60   Section        0  system_stm32f10x.o(i.SetSysClock)
    SetSysClock                              0x08000a61   Thumb Code     8  system_stm32f10x.o(i.SetSysClock)
    i.SetSysClockTo72                        0x08000a68   Section        0  system_stm32f10x.o(i.SetSysClockTo72)
    SetSysClockTo72                          0x08000a69   Thumb Code   214  system_stm32f10x.o(i.SetSysClockTo72)
    i.SystemInit                             0x08000b48   Section        0  system_stm32f10x.o(i.SystemInit)
    i.TIM2_IRQHandler                        0x08000ba8   Section        0  isr.o(i.TIM2_IRQHandler)
    i.TIM3_IRQHandler                        0x08000bd4   Section        0  isr.o(i.TIM3_IRQHandler)
    i.TIM4_IRQHandler                        0x08000bf0   Section        0  isr.o(i.TIM4_IRQHandler)
    i.USART1_IRQHandler                      0x08000c0c   Section        0  isr.o(i.USART1_IRQHandler)
    i.USART2_IRQHandler                      0x08000c38   Section        0  isr.o(i.USART2_IRQHandler)
    i.USART3_IRQHandler                      0x08000c50   Section        0  isr.o(i.USART3_IRQHandler)
    i._sys_exit                              0x08000c7c   Section        0  ml_uart.o(i._sys_exit)
    i.buzzer_beep_ms                         0x08000c80   Section        0  lock_control.o(i.buzzer_beep_ms)
    i.calc_xor                               0x08000ca4   Section        0  uwb_uart.o(i.calc_xor)
    calc_xor                                 0x08000ca5   Thumb Code    22  uwb_uart.o(i.calc_xor)
    i.debug_uart_init                        0x08000cc0   Section        0  debug_uart.o(i.debug_uart_init)
    i.debug_uart_send                        0x08000cd0   Section        0  debug_uart.o(i.debug_uart_send)
    i.delay_ms                               0x08000cde   Section        0  ml_delay.o(i.delay_ms)
    i.delay_us                               0x08000cf6   Section        0  ml_delay.o(i.delay_us)
    i.dip_read                               0x08000d24   Section        0  main.o(i.dip_read)
    dip_read                                 0x08000d25   Thumb Code    64  main.o(i.dip_read)
    i.event_name                             0x08000d64   Section        0  lock_control.o(i.event_name)
    i.event_pop                              0x08000dfc   Section        0  lock_control.o(i.event_pop)
    i.event_push                             0x08000e0c   Section        0  lock_control.o(i.event_push)
    i.filter_add                             0x08000e18   Section        0  filter.o(i.filter_add)
    i.filter_init                            0x08000ec2   Section        0  filter.o(i.filter_init)
    i.filter_reset                           0x08000ee8   Section        0  filter.o(i.filter_reset)
    i.gpio_get                               0x08000f0c   Section        0  ml_gpio.o(i.gpio_get)
    i.gpio_init                              0x08000f30   Section        0  ml_gpio.o(i.gpio_init)
    i.gpio_set                               0x080010d4   Section        0  ml_gpio.o(i.gpio_set)
    i.lock_control_init                      0x08001114   Section        0  lock_control.o(i.lock_control_init)
    i.lock_control_update                    0x08001170   Section        0  lock_control.o(i.lock_control_update)
    i.lock_get_state                         0x08001308   Section        0  lock_control.o(i.lock_get_state)
    i.lock_set_led                           0x08001314   Section        0  lock_control.o(i.lock_set_led)
    i.main                                   0x08001354   Section        0  main.o(i.main)
    i.oled_show                              0x08001870   Section        0  main.o(i.oled_show)
    oled_show                                0x08001871   Thumb Code    62  main.o(i.oled_show)
    i.oled_show_event                        0x080018b0   Section        0  main.o(i.oled_show_event)
    oled_show_event                          0x080018b1   Thumb Code    22  main.o(i.oled_show_event)
    i.oled_show_normal                       0x080018cc   Section        0  main.o(i.oled_show_normal)
    oled_show_normal                         0x080018cd   Thumb Code   376  main.o(i.oled_show_normal)
    i.parse_frame                            0x08001aa8   Section        0  uwb_uart.o(i.parse_frame)
    parse_frame                              0x08001aa9   Thumb Code   274  uwb_uart.o(i.parse_frame)
    i.swap16                                 0x08001be0   Section        0  uwb_uart.o(i.swap16)
    swap16                                   0x08001be1   Thumb Code    12  uwb_uart.o(i.swap16)
    i.swap32                                 0x08001bec   Section        0  uwb_uart.o(i.swap32)
    swap32                                   0x08001bed   Thumb Code    36  uwb_uart.o(i.swap32)
    i.tim_interrupt_ms_init                  0x08001c10   Section        0  ml_tim.o(i.tim_interrupt_ms_init)
    i.uart_baud_config                       0x08001c80   Section        0  ml_uart.o(i.uart_baud_config)
    i.uart_init                              0x08001d20   Section        0  ml_uart.o(i.uart_init)
    i.uart_pin_init                          0x08001d84   Section        0  ml_uart.o(i.uart_pin_init)
    i.uart_sendbyte                          0x08001ddc   Section        0  ml_uart.o(i.uart_sendbyte)
    i.uart_sendstr                           0x08001dfc   Section        0  ml_uart.o(i.uart_sendstr)
    i.update_fps                             0x08001e18   Section        0  main.o(i.update_fps)
    update_fps                               0x08001e19   Thumb Code    82  main.o(i.update_fps)
    i.uwb_filter_reset                       0x08001e8c   Section        0  uwb_uart.o(i.uwb_filter_reset)
    i.uwb_rx_handler                         0x08001ea4   Section        0  uwb_uart.o(i.uwb_rx_handler)
    i.uwb_uart_init                          0x08001f24   Section        0  uwb_uart.o(i.uwb_uart_init)
    i.zigbee_rx_handler                      0x08001f6c   Section        0  zigbee_uart.o(i.zigbee_rx_handler)
    i.zigbee_uart_init                       0x0800201c   Section        0  zigbee_uart.o(i.zigbee_uart_init)
    i.zone_determine                         0x08002038   Section        0  zone.o(i.zone_determine)
    i.zone_name                              0x080020ac   Section        0  zone.o(i.zone_name)
    x$fpl$d2f                                0x080020fc   Section       98  d2f.o(x$fpl$d2f)
    x$fpl$dadd                               0x08002160   Section      336  daddsub_clz.o(x$fpl$dadd)
    _dadd1                                   0x08002171   Thumb Code     0  daddsub_clz.o(x$fpl$dadd)
    x$fpl$ddiv                               0x080022b0   Section      688  ddiv.o(x$fpl$ddiv)
    ddiv_entry                               0x080022b7   Thumb Code     0  ddiv.o(x$fpl$ddiv)
    x$fpl$dflt                               0x08002560   Section       46  dflt_clz.o(x$fpl$dflt)
    x$fpl$dfltu                              0x0800258e   Section       38  dflt_clz.o(x$fpl$dfltu)
    x$fpl$dmul                               0x080025b4   Section      340  dmul.o(x$fpl$dmul)
    x$fpl$dnaninf                            0x08002708   Section      156  dnaninf.o(x$fpl$dnaninf)
    x$fpl$dretinf                            0x080027a4   Section       12  dretinf.o(x$fpl$dretinf)
    x$fpl$dsub                               0x080027b0   Section      468  daddsub_clz.o(x$fpl$dsub)
    _dsub1                                   0x080027c1   Thumb Code     0  daddsub_clz.o(x$fpl$dsub)
    x$fpl$f2d                                0x08002984   Section       86  f2d.o(x$fpl$f2d)
    x$fpl$ffixu                              0x080029dc   Section       62  ffixu.o(x$fpl$ffixu)
    x$fpl$fflt                               0x08002a1c   Section       48  fflt_clz.o(x$fpl$fflt)
    x$fpl$fmul                               0x08002a4c   Section      258  fmul.o(x$fpl$fmul)
    x$fpl$fnaninf                            0x08002b4e   Section      140  fnaninf.o(x$fpl$fnaninf)
    x$fpl$fretinf                            0x08002bda   Section       10  fretinf.o(x$fpl$fretinf)
    .constdata                               0x08002be4   Section     1520  ml_oled.o(.constdata)
    x$fpl$usenofp                            0x08002be4   Section        0  usenofp.o(x$fpl$usenofp)
    .constdata                               0x080031d4   Section       17  __printf_flags_ss.o(.constdata)
    maptable                                 0x080031d4   Data          17  __printf_flags_ss.o(.constdata)
    .data                                    0x20000000   Section       25  main.o(.data)
    frame_count_prev                         0x20000004   Data           4  main.o(.data)
    last_fps_tick                            0x20000008   Data           4  main.o(.data)
    current_fps                              0x2000000c   Data           4  main.o(.data)
    last_diag                                0x20000010   Data           4  main.o(.data)
    prev_byte_count                          0x20000014   Data           4  main.o(.data)
    prev_key_present                         0x20000018   Data           1  main.o(.data)
    .data                                    0x2000001c   Section       14  uwb_uart.o(.data)
    uwb_idx                                  0x20000028   Data           1  uwb_uart.o(.data)
    uwb_synced                               0x20000029   Data           1  uwb_uart.o(.data)
    .data                                    0x2000002c   Section       13  lock_control.o(.data)
    lock_state                               0x2000002c   Data           1  lock_control.o(.data)
    prev_zone                                0x2000002d   Data           1  lock_control.o(.data)
    prev_id_match                            0x2000002e   Data           1  lock_control.o(.data)
    prev_tag_present                         0x2000002f   Data           1  lock_control.o(.data)
    buzzer_off_at                            0x20000030   Data           4  lock_control.o(.data)
    welcome_beep_next                        0x20000034   Data           4  lock_control.o(.data)
    pending_event                            0x20000038   Data           1  lock_control.o(.data)
    .data                                    0x2000003c   Section       14  zigbee_uart.o(.data)
    rx_state                                 0x20000048   Data           1  zigbee_uart.o(.data)
    rx_id                                    0x20000049   Data           1  zigbee_uart.o(.data)
    .data                                    0x2000004c   Section       12  ml_gpio.o(.data)
    .data                                    0x20000058   Section       12  ml_tim.o(.data)
    .data                                    0x20000064   Section       16  ml_uart.o(.data)
    .bss                                     0x20000078   Section      160  uwb_uart.o(.bss)
    dist_buf                                 0x20000098   Data          32  uwb_uart.o(.bss)
    az_buf                                   0x200000b8   Data          20  uwb_uart.o(.bss)
    dist_filter                              0x200000d0   Data          16  uwb_uart.o(.bss)
    az_filter                                0x200000e0   Data          16  uwb_uart.o(.bss)
    uwb_buf                                  0x200000f0   Data          40  uwb_uart.o(.bss)
    .bss                                     0x20000118   Section       96  libspace.o(.bss)
    HEAP                                     0x20000178   Section      512  startup_stm32f10x_md.o(HEAP)
    Heap_Mem                                 0x20000178   Data         512  startup_stm32f10x_md.o(HEAP)
    STACK                                    0x20000378   Section     1024  startup_stm32f10x_md.o(STACK)
    Stack_Mem                                0x20000378   Data        1024  startup_stm32f10x_md.o(STACK)
    __initial_sp                             0x20000778   Data           0  startup_stm32f10x_md.o(STACK)

    Global Symbols

    Symbol Name                              Value     Ov Type        Size  Object(Section)

    BuildAttributes$$THM_ISAv4$P$D$K$B$S$PE$A:L22UL41UL21$X:L11$S22US41US21$IEEE1$IW$USESV6$~STKCKD$USESV7$~SHL$OTIME$ROPI$IEEEX$EBA8$UX$STANDARDLIB$REQ8$PRES8$EABIv2 0x00000000   Number         0  anon$$obj.o ABSOLUTE
    __ARM_use_no_argv                        0x00000000   Number         0  main.o ABSOLUTE
    _printf_flags                            0x00000000   Number         0  printf_stubs.o ABSOLUTE
    _printf_return_value                     0x00000000   Number         0  printf_stubs.o ABSOLUTE
    _printf_sizespec                         0x00000000   Number         0  printf_stubs.o ABSOLUTE
    _printf_widthprec                        0x00000000   Number         0  printf_stubs.o ABSOLUTE
    __ARM_exceptions_init                     - Undefined Weak Reference
    __alloca_initialize                       - Undefined Weak Reference
    __arm_fini_                               - Undefined Weak Reference
    __arm_preinit_                            - Undefined Weak Reference
    __cpp_initialize__aeabi_                  - Undefined Weak Reference
    __cxa_finalize                            - Undefined Weak Reference
    __rt_locale                               - Undefined Weak Reference
    __sigvec_lookup                           - Undefined Weak Reference
    _atexit_init                              - Undefined Weak Reference
    _call_atexit_fns                          - Undefined Weak Reference
    _clock_init                               - Undefined Weak Reference
    _fp_trap_init                             - Undefined Weak Reference
    _fp_trap_shutdown                         - Undefined Weak Reference
    _get_lc_collate                           - Undefined Weak Reference
    _get_lc_ctype                             - Undefined Weak Reference
    _get_lc_monetary                          - Undefined Weak Reference
    _get_lc_numeric                           - Undefined Weak Reference
    _get_lc_time                              - Undefined Weak Reference
    _getenv_init                              - Undefined Weak Reference
    _handle_redirection                       - Undefined Weak Reference
    _init_alloc                               - Undefined Weak Reference
    _init_user_alloc                          - Undefined Weak Reference
    _initio                                   - Undefined Weak Reference
    _printf_mbtowc                            - Undefined Weak Reference
    _printf_post_padding                      - Undefined Weak Reference
    _printf_pre_padding                       - Undefined Weak Reference
    _printf_truncate_signed                   - Undefined Weak Reference
    _printf_truncate_unsigned                 - Undefined Weak Reference
    _rand_init                                - Undefined Weak Reference
    _signal_finish                            - Undefined Weak Reference
    _signal_init                              - Undefined Weak Reference
    _terminate_alloc                          - Undefined Weak Reference
    _terminate_user_alloc                     - Undefined Weak Reference
    _terminateio                              - Undefined Weak Reference
    __Vectors_Size                           0x000000ec   Number         0  startup_stm32f10x_md.o ABSOLUTE
    __Vectors                                0x08000000   Data           4  startup_stm32f10x_md.o(RESET)
    __Vectors_End                            0x080000ec   Data           0  startup_stm32f10x_md.o(RESET)
    __main                                   0x080000ed   Thumb Code     8  __main.o(!!!main)
    __scatterload                            0x080000f5   Thumb Code     0  __scatter.o(!!!scatter)
    __scatterload_rt2                        0x080000f5   Thumb Code    44  __scatter.o(!!!scatter)
    __scatterload_rt2_thumb_only             0x080000f5   Thumb Code     0  __scatter.o(!!!scatter)
    __scatterload_null                       0x08000103   Thumb Code     0  __scatter.o(!!!scatter)
    __scatterload_copy                       0x08000129   Thumb Code    26  __scatter_copy.o(!!handler_copy)
    __scatterload_zeroinit                   0x08000145   Thumb Code    28  __scatter_zi.o(!!handler_zi)
    _printf_d                                0x08000161   Thumb Code     0  _printf_d.o(.ARM.Collect$$_printf_percent$$00000009)
    _printf_percent                          0x08000161   Thumb Code     0  _printf_percent.o(.ARM.Collect$$_printf_percent$$00000000)
    _printf_u                                0x08000167   Thumb Code     0  _printf_u.o(.ARM.Collect$$_printf_percent$$0000000A)
    _printf_s                                0x0800016d   Thumb Code     0  _printf_s.o(.ARM.Collect$$_printf_percent$$00000014)
    _printf_percent_end                      0x08000173   Thumb Code     0  _printf_percent_end.o(.ARM.Collect$$_printf_percent$$00000017)
    __rt_lib_init                            0x08000177   Thumb Code     0  libinit.o(.ARM.Collect$$libinit$$00000000)
    __rt_lib_init_alloca_1                   0x08000179   Thumb Code     0  libinit2.o(.ARM.Collect$$libinit$$0000002E)
    __rt_lib_init_argv_1                     0x08000179   Thumb Code     0  libinit2.o(.ARM.Collect$$libinit$$0000002C)
    __rt_lib_init_atexit_1                   0x08000179   Thumb Code     0  libinit2.o(.ARM.Collect$$libinit$$0000001B)
    __rt_lib_init_clock_1                    0x08000179   Thumb Code     0  libinit2.o(.ARM.Collect$$libinit$$00000021)
    __rt_lib_init_cpp_1                      0x08000179   Thumb Code     0  libinit2.o(.ARM.Collect$$libinit$$00000032)
    __rt_lib_init_exceptions_1               0x08000179   Thumb Code     0  libinit2.o(.ARM.Collect$$libinit$$00000030)
    __rt_lib_init_fp_1                       0x08000179   Thumb Code     0  libinit2.o(.ARM.Collect$$libinit$$00000002)
    __rt_lib_init_fp_trap_1                  0x08000179   Thumb Code     0  libinit2.o(.ARM.Collect$$libinit$$0000001F)
    __rt_lib_init_getenv_1                   0x08000179   Thumb Code     0  libinit2.o(.ARM.Collect$$libinit$$00000023)
    __rt_lib_init_heap_1                     0x08000179   Thumb Code     0  libinit2.o(.ARM.Collect$$libinit$$0000000A)
    __rt_lib_init_lc_collate_1               0x08000179   Thumb Code     0  libinit2.o(.ARM.Collect$$libinit$$00000011)
    __rt_lib_init_lc_ctype_1                 0x08000179   Thumb Code     0  libinit2.o(.ARM.Collect$$libinit$$00000013)
    __rt_lib_init_lc_monetary_1              0x08000179   Thumb Code     0  libinit2.o(.ARM.Collect$$libinit$$00000015)
    __rt_lib_init_lc_numeric_1               0x08000179   Thumb Code     0  libinit2.o(.ARM.Collect$$libinit$$00000017)
    __rt_lib_init_lc_time_1                  0x08000179   Thumb Code     0  libinit2.o(.ARM.Collect$$libinit$$00000019)
    __rt_lib_init_preinit_1                  0x08000179   Thumb Code     0  libinit2.o(.ARM.Collect$$libinit$$00000004)
    __rt_lib_init_rand_1                     0x08000179   Thumb Code     0  libinit2.o(.ARM.Collect$$libinit$$0000000E)
    __rt_lib_init_return                     0x08000179   Thumb Code     0  libinit2.o(.ARM.Collect$$libinit$$00000033)
    __rt_lib_init_signal_1                   0x08000179   Thumb Code     0  libinit2.o(.ARM.Collect$$libinit$$0000001D)
    __rt_lib_init_stdio_1                    0x08000179   Thumb Code     0  libinit2.o(.ARM.Collect$$libinit$$00000025)
    __rt_lib_init_user_alloc_1               0x08000179   Thumb Code     0  libinit2.o(.ARM.Collect$$libinit$$0000000C)
    __rt_lib_shutdown                        0x0800017b   Thumb Code     0  libshutdown.o(.ARM.Collect$$libshutdown$$00000000)
    __rt_lib_shutdown_cpp_1                  0x0800017d   Thumb Code     0  libshutdown2.o(.ARM.Collect$$libshutdown$$00000004)
    __rt_lib_shutdown_fini_1                 0x0800017d   Thumb Code     0  libshutdown2.o(.ARM.Collect$$libshutdown$$00000002)
    __rt_lib_shutdown_fp_trap_1              0x0800017d   Thumb Code     0  libshutdown2.o(.ARM.Collect$$libshutdown$$00000009)
    __rt_lib_shutdown_heap_1                 0x0800017d   Thumb Code     0  libshutdown2.o(.ARM.Collect$$libshutdown$$00000011)
    __rt_lib_shutdown_return                 0x0800017d   Thumb Code     0  libshutdown2.o(.ARM.Collect$$libshutdown$$00000012)
    __rt_lib_shutdown_signal_1               0x0800017d   Thumb Code     0  libshutdown2.o(.ARM.Collect$$libshutdown$$0000000C)
    __rt_lib_shutdown_stdio_1                0x0800017d   Thumb Code     0  libshutdown2.o(.ARM.Collect$$libshutdown$$00000006)
    __rt_lib_shutdown_user_alloc_1           0x0800017d   Thumb Code     0  libshutdown2.o(.ARM.Collect$$libshutdown$$0000000E)
    __rt_entry                               0x0800017f   Thumb Code     0  __rtentry.o(.ARM.Collect$$rtentry$$00000000)
    __rt_entry_presh_1                       0x0800017f   Thumb Code     0  __rtentry2.o(.ARM.Collect$$rtentry$$00000002)
    __rt_entry_sh                            0x0800017f   Thumb Code     0  __rtentry4.o(.ARM.Collect$$rtentry$$00000004)
    __rt_entry_li                            0x08000185   Thumb Code     0  __rtentry2.o(.ARM.Collect$$rtentry$$0000000A)
    __rt_entry_postsh_1                      0x08000185   Thumb Code     0  __rtentry2.o(.ARM.Collect$$rtentry$$00000009)
    __rt_entry_main                          0x08000189   Thumb Code     0  __rtentry2.o(.ARM.Collect$$rtentry$$0000000D)
    __rt_entry_postli_1                      0x08000189   Thumb Code     0  __rtentry2.o(.ARM.Collect$$rtentry$$0000000C)
    __rt_exit                                0x08000191   Thumb Code     0  rtexit.o(.ARM.Collect$$rtexit$$00000000)
    __rt_exit_ls                             0x08000193   Thumb Code     0  rtexit2.o(.ARM.Collect$$rtexit$$00000003)
    __rt_exit_prels_1                        0x08000193   Thumb Code     0  rtexit2.o(.ARM.Collect$$rtexit$$00000002)
    __rt_exit_exit                           0x08000197   Thumb Code     0  rtexit2.o(.ARM.Collect$$rtexit$$00000004)
    Reset_Handler                            0x0800019d   Thumb Code     8  startup_stm32f10x_md.o(.text)
    NMI_Handler                              0x080001a5   Thumb Code     2  startup_stm32f10x_md.o(.text)
    HardFault_Handler                        0x080001a7   Thumb Code     2  startup_stm32f10x_md.o(.text)
    MemManage_Handler                        0x080001a9   Thumb Code     2  startup_stm32f10x_md.o(.text)
    BusFault_Handler                         0x080001ab   Thumb Code     2  startup_stm32f10x_md.o(.text)
    UsageFault_Handler                       0x080001ad   Thumb Code     2  startup_stm32f10x_md.o(.text)
    SVC_Handler                              0x080001af   Thumb Code     2  startup_stm32f10x_md.o(.text)
    DebugMon_Handler                         0x080001b1   Thumb Code     2  startup_stm32f10x_md.o(.text)
    PendSV_Handler                           0x080001b3   Thumb Code     2  startup_stm32f10x_md.o(.text)
    SysTick_Handler                          0x080001b5   Thumb Code     2  startup_stm32f10x_md.o(.text)
    ADC1_2_IRQHandler                        0x080001b7   Thumb Code     0  startup_stm32f10x_md.o(.text)
    CAN1_RX1_IRQHandler                      0x080001b7   Thumb Code     0  startup_stm32f10x_md.o(.text)
    CAN1_SCE_IRQHandler                      0x080001b7   Thumb Code     0  startup_stm32f10x_md.o(.text)
    DMA1_Channel1_IRQHandler                 0x080001b7   Thumb Code     0  startup_stm32f10x_md.o(.text)
    DMA1_Channel2_IRQHandler                 0x080001b7   Thumb Code     0  startup_stm32f10x_md.o(.text)
    DMA1_Channel3_IRQHandler                 0x080001b7   Thumb Code     0  startup_stm32f10x_md.o(.text)
    DMA1_Channel4_IRQHandler                 0x080001b7   Thumb Code     0  startup_stm32f10x_md.o(.text)
    DMA1_Channel5_IRQHandler                 0x080001b7   Thumb Code     0  startup_stm32f10x_md.o(.text)
    DMA1_Channel6_IRQHandler                 0x080001b7   Thumb Code     0  startup_stm32f10x_md.o(.text)
    DMA1_Channel7_IRQHandler                 0x080001b7   Thumb Code     0  startup_stm32f10x_md.o(.text)
    EXTI15_10_IRQHandler                     0x080001b7   Thumb Code     0  startup_stm32f10x_md.o(.text)
    FLASH_IRQHandler                         0x080001b7   Thumb Code     0  startup_stm32f10x_md.o(.text)
    I2C1_ER_IRQHandler                       0x080001b7   Thumb Code     0  startup_stm32f10x_md.o(.text)
    I2C1_EV_IRQHandler                       0x080001b7   Thumb Code     0  startup_stm32f10x_md.o(.text)
    I2C2_ER_IRQHandler                       0x080001b7   Thumb Code     0  startup_stm32f10x_md.o(.text)
    I2C2_EV_IRQHandler                       0x080001b7   Thumb Code     0  startup_stm32f10x_md.o(.text)
    PVD_IRQHandler                           0x080001b7   Thumb Code     0  startup_stm32f10x_md.o(.text)
    RCC_IRQHandler                           0x080001b7   Thumb Code     0  startup_stm32f10x_md.o(.text)
    RTCAlarm_IRQHandler                      0x080001b7   Thumb Code     0  startup_stm32f10x_md.o(.text)
    RTC_IRQHandler                           0x080001b7   Thumb Code     0  startup_stm32f10x_md.o(.text)
    SPI1_IRQHandler                          0x080001b7   Thumb Code     0  startup_stm32f10x_md.o(.text)
    SPI2_IRQHandler                          0x080001b7   Thumb Code     0  startup_stm32f10x_md.o(.text)
    TAMPER_IRQHandler                        0x080001b7   Thumb Code     0  startup_stm32f10x_md.o(.text)
    TIM1_BRK_IRQHandler                      0x080001b7   Thumb Code     0  startup_stm32f10x_md.o(.text)
    TIM1_CC_IRQHandler                       0x080001b7   Thumb Code     0  startup_stm32f10x_md.o(.text)
    TIM1_TRG_COM_IRQHandler                  0x080001b7   Thumb Code     0  startup_stm32f10x_md.o(.text)
    TIM1_UP_IRQHandler                       0x080001b7   Thumb Code     0  startup_stm32f10x_md.o(.text)
    USBWakeUp_IRQHandler                     0x080001b7   Thumb Code     0  startup_stm32f10x_md.o(.text)
    USB_HP_CAN1_TX_IRQHandler                0x080001b7   Thumb Code     0  startup_stm32f10x_md.o(.text)
    USB_LP_CAN1_RX0_IRQHandler               0x080001b7   Thumb Code     0  startup_stm32f10x_md.o(.text)
    WWDG_IRQHandler                          0x080001b7   Thumb Code     0  startup_stm32f10x_md.o(.text)
    __user_initial_stackheap                 0x080001b9   Thumb Code     0  startup_stm32f10x_md.o(.text)
    __use_no_semihosting                     0x080001dd   Thumb Code     2  use_no_semi_2.o(.text)
    __aeabi_ldivmod                          0x080001df   Thumb Code     0  llsdiv.o(.text)
    _ll_sdiv                                 0x080001df   Thumb Code    72  llsdiv.o(.text)
    __2sprintf                               0x08000229   Thumb Code    34  noretval__2sprintf.o(.text)
    _printf_str                              0x08000251   Thumb Code    82  _printf_str.o(.text)
    _printf_int_dec                          0x080002a5   Thumb Code   104  _printf_dec.o(.text)
    __printf                                 0x0800031d   Thumb Code   232  __printf_flags_ss.o(.text)
    __use_two_region_memory                  0x08000409   Thumb Code     2  heapauxi.o(.text)
    __rt_heap_escrow$2region                 0x0800040b   Thumb Code     2  heapauxi.o(.text)
    __rt_heap_expand$2region                 0x0800040d   Thumb Code     2  heapauxi.o(.text)
    __I$use$semihosting                      0x0800040f   Thumb Code     0  use_no_semi.o(.text)
    __use_no_semihosting_swi                 0x0800040f   Thumb Code     2  use_no_semi.o(.text)
    __aeabi_uldivmod                         0x08000411   Thumb Code     0  lludivv7m.o(.text)
    _ll_udiv                                 0x08000411   Thumb Code   238  lludivv7m.o(.text)
    _printf_int_common                       0x080004ff   Thumb Code   178  _printf_intcommon.o(.text)
    _printf_char_common                      0x080005bb   Thumb Code    32  _printf_char_common.o(.text)
    _sputc                                   0x080005e1   Thumb Code    10  _sputc.o(.text)
    _printf_cs_common                        0x080005eb   Thumb Code    20  _printf_char.o(.text)
    _printf_char                             0x080005ff   Thumb Code    16  _printf_char.o(.text)
    _printf_string                           0x0800060f   Thumb Code     8  _printf_char.o(.text)
    __user_libspace                          0x08000619   Thumb Code     8  libspace.o(.text)
    __user_perproc_libspace                  0x08000619   Thumb Code     0  libspace.o(.text)
    __user_perthread_libspace                0x08000619   Thumb Code     0  libspace.o(.text)
    __user_setup_stackheap                   0x08000621   Thumb Code    74  sys_stackheap_outer.o(.text)
    exit                                     0x0800066b   Thumb Code    18  exit.o(.text)
    EXTI0_IRQHandler                         0x0800067d   Thumb Code    18  isr.o(i.EXTI0_IRQHandler)
    EXTI1_IRQHandler                         0x08000695   Thumb Code    18  isr.o(i.EXTI1_IRQHandler)
    EXTI2_IRQHandler                         0x080006ad   Thumb Code    18  isr.o(i.EXTI2_IRQHandler)
    EXTI3_IRQHandler                         0x080006c5   Thumb Code    18  isr.o(i.EXTI3_IRQHandler)
    EXTI4_IRQHandler                         0x080006dd   Thumb Code    18  isr.o(i.EXTI4_IRQHandler)
    EXTI9_5_IRQHandler                       0x080006f5   Thumb Code    86  isr.o(i.EXTI9_5_IRQHandler)
    NVIC_Group_Config                        0x08000751   Thumb Code    30  ml_nvic.o(i.NVIC_Group_Config)
    NVIC_init                                0x08000779   Thumb Code    70  ml_nvic.o(i.NVIC_init)
    OLED_Clear                               0x080007c5   Thumb Code    42  ml_oled.o(i.OLED_Clear)
    OLED_I2C_Init                            0x080007ef   Thumb Code    44  ml_oled.o(i.OLED_I2C_Init)
    OLED_I2C_SendByte                        0x0800081b   Thumb Code    74  ml_oled.o(i.OLED_I2C_SendByte)
    OLED_I2C_Start                           0x08000865   Thumb Code    44  ml_oled.o(i.OLED_I2C_Start)
    OLED_I2C_Stop                            0x08000891   Thumb Code    34  ml_oled.o(i.OLED_I2C_Stop)
    OLED_Init                                0x080008b3   Thumb Code   174  ml_oled.o(i.OLED_Init)
    OLED_SetCursor                           0x08000961   Thumb Code    34  ml_oled.o(i.OLED_SetCursor)
    OLED_ShowChar                            0x08000985   Thumb Code   110  ml_oled.o(i.OLED_ShowChar)
    OLED_ShowString                          0x080009f9   Thumb Code    40  ml_oled.o(i.OLED_ShowString)
    OLED_WriteCommand                        0x08000a21   Thumb Code    32  ml_oled.o(i.OLED_WriteCommand)
    OLED_WriteData                           0x08000a41   Thumb Code    32  ml_oled.o(i.OLED_WriteData)
    SystemInit                               0x08000b49   Thumb Code    78  system_stm32f10x.o(i.SystemInit)
    TIM2_IRQHandler                          0x08000ba9   Thumb Code    40  isr.o(i.TIM2_IRQHandler)
    TIM3_IRQHandler                          0x08000bd5   Thumb Code    24  isr.o(i.TIM3_IRQHandler)
    TIM4_IRQHandler                          0x08000bf1   Thumb Code    24  isr.o(i.TIM4_IRQHandler)
    USART1_IRQHandler                        0x08000c0d   Thumb Code    38  isr.o(i.USART1_IRQHandler)
    USART2_IRQHandler                        0x08000c39   Thumb Code    18  isr.o(i.USART2_IRQHandler)
    USART3_IRQHandler                        0x08000c51   Thumb Code    38  isr.o(i.USART3_IRQHandler)
    _sys_exit                                0x08000c7d   Thumb Code     4  ml_uart.o(i._sys_exit)
    buzzer_beep_ms                           0x08000c81   Thumb Code    26  lock_control.o(i.buzzer_beep_ms)
    debug_uart_init                          0x08000cc1   Thumb Code    16  debug_uart.o(i.debug_uart_init)
    debug_uart_send                          0x08000cd1   Thumb Code    14  debug_uart.o(i.debug_uart_send)
    delay_ms                                 0x08000cdf   Thumb Code    24  ml_delay.o(i.delay_ms)
    delay_us                                 0x08000cf7   Thumb Code    46  ml_delay.o(i.delay_us)
    event_name                               0x08000d65   Thumb Code    56  lock_control.o(i.event_name)
    event_pop                                0x08000dfd   Thumb Code    12  lock_control.o(i.event_pop)
    event_push                               0x08000e0d   Thumb Code     6  lock_control.o(i.event_push)
    filter_add                               0x08000e19   Thumb Code   170  filter.o(i.filter_add)
    filter_init                              0x08000ec3   Thumb Code    38  filter.o(i.filter_init)
    filter_reset                             0x08000ee9   Thumb Code    36  filter.o(i.filter_reset)
    gpio_get                                 0x08000f0d   Thumb Code    30  ml_gpio.o(i.gpio_get)
    gpio_init                                0x08000f31   Thumb Code   412  ml_gpio.o(i.gpio_init)
    gpio_set                                 0x080010d5   Thumb Code    60  ml_gpio.o(i.gpio_set)
    lock_control_init                        0x08001115   Thumb Code    78  lock_control.o(i.lock_control_init)
    lock_control_update                      0x08001171   Thumb Code   378  lock_control.o(i.lock_control_update)
    lock_get_state                           0x08001309   Thumb Code     6  lock_control.o(i.lock_get_state)
    lock_set_led                             0x08001315   Thumb Code    64  lock_control.o(i.lock_set_led)
    main                                     0x08001355   Thumb Code   898  main.o(i.main)
    tim_interrupt_ms_init                    0x08001c11   Thumb Code   104  ml_tim.o(i.tim_interrupt_ms_init)
    uart_baud_config                         0x08001c81   Thumb Code   142  ml_uart.o(i.uart_baud_config)
    uart_init                                0x08001d21   Thumb Code    92  ml_uart.o(i.uart_init)
    uart_pin_init                            0x08001d85   Thumb Code    86  ml_uart.o(i.uart_pin_init)
    uart_sendbyte                            0x08001ddd   Thumb Code    28  ml_uart.o(i.uart_sendbyte)
    uart_sendstr                             0x08001dfd   Thumb Code    26  ml_uart.o(i.uart_sendstr)
    uwb_filter_reset                         0x08001e8d   Thumb Code    16  uwb_uart.o(i.uwb_filter_reset)
    uwb_rx_handler                           0x08001ea5   Thumb Code   110  uwb_uart.o(i.uwb_rx_handler)
    uwb_uart_init                            0x08001f25   Thumb Code    46  uwb_uart.o(i.uwb_uart_init)
    zigbee_rx_handler                        0x08001f6d   Thumb Code   142  zigbee_uart.o(i.zigbee_rx_handler)
    zigbee_uart_init                         0x0800201d   Thumb Code    22  zigbee_uart.o(i.zigbee_uart_init)
    zone_determine                           0x08002039   Thumb Code   116  zone.o(i.zone_determine)
    zone_name                                0x080020ad   Thumb Code    38  zone.o(i.zone_name)
    __aeabi_d2f                              0x080020fd   Thumb Code     0  d2f.o(x$fpl$d2f)
    _d2f                                     0x080020fd   Thumb Code    98  d2f.o(x$fpl$d2f)
    __aeabi_dadd                             0x08002161   Thumb Code     0  daddsub_clz.o(x$fpl$dadd)
    _dadd                                    0x08002161   Thumb Code   332  daddsub_clz.o(x$fpl$dadd)
    __aeabi_ddiv                             0x080022b1   Thumb Code     0  ddiv.o(x$fpl$ddiv)
    _ddiv                                    0x080022b1   Thumb Code   552  ddiv.o(x$fpl$ddiv)
    __aeabi_i2d                              0x08002561   Thumb Code     0  dflt_clz.o(x$fpl$dflt)
    _dflt                                    0x08002561   Thumb Code    46  dflt_clz.o(x$fpl$dflt)
    __aeabi_ui2d                             0x0800258f   Thumb Code     0  dflt_clz.o(x$fpl$dfltu)
    _dfltu                                   0x0800258f   Thumb Code    38  dflt_clz.o(x$fpl$dfltu)
    __aeabi_dmul                             0x080025b5   Thumb Code     0  dmul.o(x$fpl$dmul)
    _dmul                                    0x080025b5   Thumb Code   332  dmul.o(x$fpl$dmul)
    __fpl_dnaninf                            0x08002709   Thumb Code   156  dnaninf.o(x$fpl$dnaninf)
    __fpl_dretinf                            0x080027a5   Thumb Code    12  dretinf.o(x$fpl$dretinf)
    __aeabi_dsub                             0x080027b1   Thumb Code     0  daddsub_clz.o(x$fpl$dsub)
    _dsub                                    0x080027b1   Thumb Code   464  daddsub_clz.o(x$fpl$dsub)
    __aeabi_f2d                              0x08002985   Thumb Code     0  f2d.o(x$fpl$f2d)
    _f2d                                     0x08002985   Thumb Code    86  f2d.o(x$fpl$f2d)
    __aeabi_f2uiz                            0x080029dd   Thumb Code     0  ffixu.o(x$fpl$ffixu)
    _ffixu                                   0x080029dd   Thumb Code    62  ffixu.o(x$fpl$ffixu)
    __aeabi_i2f                              0x08002a1d   Thumb Code     0  fflt_clz.o(x$fpl$fflt)
    _fflt                                    0x08002a1d   Thumb Code    48  fflt_clz.o(x$fpl$fflt)
    __aeabi_fmul                             0x08002a4d   Thumb Code     0  fmul.o(x$fpl$fmul)
    _fmul                                    0x08002a4d   Thumb Code   258  fmul.o(x$fpl$fmul)
    __fpl_fnaninf                            0x08002b4f   Thumb Code   140  fnaninf.o(x$fpl$fnaninf)
    __fpl_fretinf                            0x08002bdb   Thumb Code    10  fretinf.o(x$fpl$fretinf)
    OLED_F8x16                               0x08002be4   Data        1520  ml_oled.o(.constdata)
    __I$use$fp                               0x08002be4   Number         0  usenofp.o(x$fpl$usenofp)
    Region$$Table$$Base                      0x080031e8   Number         0  anon$$obj.o(Region$$Table)
    Region$$Table$$Limit                     0x08003208   Number         0  anon$$obj.o(Region$$Table)
    g_systick                                0x20000000   Data           4  main.o(.data)
    g_uwb_updated                            0x2000001c   Data           1  uwb_uart.o(.data)
    g_uwb_last_tick                          0x20000020   Data           4  uwb_uart.o(.data)
    g_uwb_frame_count                        0x20000024   Data           4  uwb_uart.o(.data)
    g_key_id                                 0x2000003c   Data           1  zigbee_uart.o(.data)
    g_key_id_updated                         0x2000003d   Data           1  zigbee_uart.o(.data)
    g_key_id_last_tick                       0x20000040   Data           4  zigbee_uart.o(.data)
    g_zigbee_byte_count                      0x20000044   Data           4  zigbee_uart.o(.data)
    gpio_index                               0x2000004c   Data          12  ml_gpio.o(.data)
    tim_index                                0x20000058   Data          12  ml_tim.o(.data)
    uart_index                               0x20000064   Data          12  ml_uart.o(.data)
    __stdout                                 0x20000070   Data           4  ml_uart.o(.data)
    g_uwb_raw                                0x20000078   Data          16  uwb_uart.o(.bss)
    g_uwb_filtered                           0x20000088   Data          16  uwb_uart.o(.bss)
    __libspace_start                         0x20000118   Data          96  libspace.o(.bss)
    __temporary_stack_top$libspace           0x20000178   Data           0  libspace.o(.bss)



==============================================================================

Memory Map of the image

  Image Entry point : 0x080000ed

  Load Region LR_IROM1 (Base: 0x08000000, Size: 0x0000327c, Max: 0x00010000, ABSOLUTE)

    Execution Region ER_IROM1 (Exec base: 0x08000000, Load base: 0x08000000, Size: 0x00003208, Max: 0x00010000, ABSOLUTE)

    Exec Addr    Load Addr    Size         Type   Attr      Idx    E Section Name        Object

    0x08000000   0x08000000   0x000000ec   Data   RO          476    RESET               startup_stm32f10x_md.o
    0x080000ec   0x080000ec   0x00000008   Code   RO          843  * !!!main             c_w.l(__main.o)
    0x080000f4   0x080000f4   0x00000034   Code   RO         1144    !!!scatter          c_w.l(__scatter.o)
    0x08000128   0x08000128   0x0000001a   Code   RO         1146    !!handler_copy      c_w.l(__scatter_copy.o)
    0x08000142   0x08000142   0x00000002   PAD
    0x08000144   0x08000144   0x0000001c   Code   RO         1148    !!handler_zi        c_w.l(__scatter_zi.o)
    0x08000160   0x08000160   0x00000000   Code   RO          840    .ARM.Collect$$_printf_percent$$00000000  c_w.l(_printf_percent.o)
    0x08000160   0x08000160   0x00000006   Code   RO          838    .ARM.Collect$$_printf_percent$$00000009  c_w.l(_printf_d.o)
    0x08000166   0x08000166   0x00000006   Code   RO          839    .ARM.Collect$$_printf_percent$$0000000A  c_w.l(_printf_u.o)
    0x0800016c   0x0800016c   0x00000006   Code   RO          837    .ARM.Collect$$_printf_percent$$00000014  c_w.l(_printf_s.o)
    0x08000172   0x08000172   0x00000004   Code   RO          920    .ARM.Collect$$_printf_percent$$00000017  c_w.l(_printf_percent_end.o)
    0x08000176   0x08000176   0x00000002   Code   RO         1009    .ARM.Collect$$libinit$$00000000  c_w.l(libinit.o)
    0x08000178   0x08000178   0x00000000   Code   RO         1021    .ARM.Collect$$libinit$$00000002  c_w.l(libinit2.o)
    0x08000178   0x08000178   0x00000000   Code   RO         1023    .ARM.Collect$$libinit$$00000004  c_w.l(libinit2.o)
    0x08000178   0x08000178   0x00000000   Code   RO         1026    .ARM.Collect$$libinit$$0000000A  c_w.l(libinit2.o)
    0x08000178   0x08000178   0x00000000   Code   RO         1028    .ARM.Collect$$libinit$$0000000C  c_w.l(libinit2.o)
    0x08000178   0x08000178   0x00000000   Code   RO         1030    .ARM.Collect$$libinit$$0000000E  c_w.l(libinit2.o)
    0x08000178   0x08000178   0x00000000   Code   RO         1033    .ARM.Collect$$libinit$$00000011  c_w.l(libinit2.o)
    0x08000178   0x08000178   0x00000000   Code   RO         1035    .ARM.Collect$$libinit$$00000013  c_w.l(libinit2.o)
    0x08000178   0x08000178   0x00000000   Code   RO         1037    .ARM.Collect$$libinit$$00000015  c_w.l(libinit2.o)
    0x08000178   0x08000178   0x00000000   Code   RO         1039    .ARM.Collect$$libinit$$00000017  c_w.l(libinit2.o)
    0x08000178   0x08000178   0x00000000   Code   RO         1041    .ARM.Collect$$libinit$$00000019  c_w.l(libinit2.o)
    0x08000178   0x08000178   0x00000000   Code   RO         1043    .ARM.Collect$$libinit$$0000001B  c_w.l(libinit2.o)
    0x08000178   0x08000178   0x00000000   Code   RO         1045    .ARM.Collect$$libinit$$0000001D  c_w.l(libinit2.o)
    0x08000178   0x08000178   0x00000000   Code   RO         1047    .ARM.Collect$$libinit$$0000001F  c_w.l(libinit2.o)
    0x08000178   0x08000178   0x00000000   Code   RO         1049    .ARM.Collect$$libinit$$00000021  c_w.l(libinit2.o)
    0x08000178   0x08000178   0x00000000   Code   RO         1051    .ARM.Collect$$libinit$$00000023  c_w.l(libinit2.o)
    0x08000178   0x08000178   0x00000000   Code   RO         1053    .ARM.Collect$$libinit$$00000025  c_w.l(libinit2.o)
    0x08000178   0x08000178   0x00000000   Code   RO         1057    .ARM.Collect$$libinit$$0000002C  c_w.l(libinit2.o)
    0x08000178   0x08000178   0x00000000   Code   RO         1059    .ARM.Collect$$libinit$$0000002E  c_w.l(libinit2.o)
    0x08000178   0x08000178   0x00000000   Code   RO         1061    .ARM.Collect$$libinit$$00000030  c_w.l(libinit2.o)
    0x08000178   0x08000178   0x00000000   Code   RO         1063    .ARM.Collect$$libinit$$00000032  c_w.l(libinit2.o)
    0x08000178   0x08000178   0x00000002   Code   RO         1064    .ARM.Collect$$libinit$$00000033  c_w.l(libinit2.o)
    0x0800017a   0x0800017a   0x00000002   Code   RO         1094    .ARM.Collect$$libshutdown$$00000000  c_w.l(libshutdown.o)
    0x0800017c   0x0800017c   0x00000000   Code   RO         1108    .ARM.Collect$$libshutdown$$00000002  c_w.l(libshutdown2.o)
    0x0800017c   0x0800017c   0x00000000   Code   RO         1110    .ARM.Collect$$libshutdown$$00000004  c_w.l(libshutdown2.o)
    0x0800017c   0x0800017c   0x00000000   Code   RO         1112    .ARM.Collect$$libshutdown$$00000006  c_w.l(libshutdown2.o)
    0x0800017c   0x0800017c   0x00000000   Code   RO         1115    .ARM.Collect$$libshutdown$$00000009  c_w.l(libshutdown2.o)
    0x0800017c   0x0800017c   0x00000000   Code   RO         1118    .ARM.Collect$$libshutdown$$0000000C  c_w.l(libshutdown2.o)
    0x0800017c   0x0800017c   0x00000000   Code   RO         1120    .ARM.Collect$$libshutdown$$0000000E  c_w.l(libshutdown2.o)
    0x0800017c   0x0800017c   0x00000000   Code   RO         1123    .ARM.Collect$$libshutdown$$00000011  c_w.l(libshutdown2.o)
    0x0800017c   0x0800017c   0x00000002   Code   RO         1124    .ARM.Collect$$libshutdown$$00000012  c_w.l(libshutdown2.o)
    0x0800017e   0x0800017e   0x00000000   Code   RO          907    .ARM.Collect$$rtentry$$00000000  c_w.l(__rtentry.o)
    0x0800017e   0x0800017e   0x00000000   Code   RO          964    .ARM.Collect$$rtentry$$00000002  c_w.l(__rtentry2.o)
    0x0800017e   0x0800017e   0x00000006   Code   RO          976    .ARM.Collect$$rtentry$$00000004  c_w.l(__rtentry4.o)
    0x08000184   0x08000184   0x00000000   Code   RO          966    .ARM.Collect$$rtentry$$00000009  c_w.l(__rtentry2.o)
    0x08000184   0x08000184   0x00000004   Code   RO          967    .ARM.Collect$$rtentry$$0000000A  c_w.l(__rtentry2.o)
    0x08000188   0x08000188   0x00000000   Code   RO          969    .ARM.Collect$$rtentry$$0000000C  c_w.l(__rtentry2.o)
    0x08000188   0x08000188   0x00000008   Code   RO          970    .ARM.Collect$$rtentry$$0000000D  c_w.l(__rtentry2.o)
    0x08000190   0x08000190   0x00000002   Code   RO         1014    .ARM.Collect$$rtexit$$00000000  c_w.l(rtexit.o)
    0x08000192   0x08000192   0x00000000   Code   RO         1068    .ARM.Collect$$rtexit$$00000002  c_w.l(rtexit2.o)
    0x08000192   0x08000192   0x00000004   Code   RO         1069    .ARM.Collect$$rtexit$$00000003  c_w.l(rtexit2.o)
    0x08000196   0x08000196   0x00000006   Code   RO         1070    .ARM.Collect$$rtexit$$00000004  c_w.l(rtexit2.o)
    0x0800019c   0x0800019c   0x00000040   Code   RO          477    .text               startup_stm32f10x_md.o
    0x080001dc   0x080001dc   0x00000002   Code   RO          803    .text               c_w.l(use_no_semi_2.o)
    0x080001de   0x080001de   0x00000048   Code   RO          805    .text               c_w.l(llsdiv.o)
    0x08000226   0x08000226   0x00000002   PAD
    0x08000228   0x08000228   0x00000028   Code   RO          809    .text               c_w.l(noretval__2sprintf.o)
    0x08000250   0x08000250   0x00000052   Code   RO          813    .text               c_w.l(_printf_str.o)
    0x080002a2   0x080002a2   0x00000002   PAD
    0x080002a4   0x080002a4   0x00000078   Code   RO          815    .text               c_w.l(_printf_dec.o)
    0x0800031c   0x0800031c   0x000000ec   Code   RO          822    .text               c_w.l(__printf_flags_ss.o)
    0x08000408   0x08000408   0x00000006   Code   RO          841    .text               c_w.l(heapauxi.o)
    0x0800040e   0x0800040e   0x00000002   Code   RO          905    .text               c_w.l(use_no_semi.o)
    0x08000410   0x08000410   0x000000ee   Code   RO          908    .text               c_w.l(lludivv7m.o)
    0x080004fe   0x080004fe   0x000000b2   Code   RO          912    .text               c_w.l(_printf_intcommon.o)
    0x080005b0   0x080005b0   0x00000030   Code   RO          914    .text               c_w.l(_printf_char_common.o)
    0x080005e0   0x080005e0   0x0000000a   Code   RO          916    .text               c_w.l(_sputc.o)
    0x080005ea   0x080005ea   0x0000002c   Code   RO          918    .text               c_w.l(_printf_char.o)
    0x08000616   0x08000616   0x00000002   PAD
    0x08000618   0x08000618   0x00000008   Code   RO          995    .text               c_w.l(libspace.o)
    0x08000620   0x08000620   0x0000004a   Code   RO          998    .text               c_w.l(sys_stackheap_outer.o)
    0x0800066a   0x0800066a   0x00000012   Code   RO         1002    .text               c_w.l(exit.o)
    0x0800067c   0x0800067c   0x00000018   Code   RO          113    i.EXTI0_IRQHandler  isr.o
    0x08000694   0x08000694   0x00000018   Code   RO          114    i.EXTI1_IRQHandler  isr.o
    0x080006ac   0x080006ac   0x00000018   Code   RO          115    i.EXTI2_IRQHandler  isr.o
    0x080006c4   0x080006c4   0x00000018   Code   RO          116    i.EXTI3_IRQHandler  isr.o
    0x080006dc   0x080006dc   0x00000018   Code   RO          117    i.EXTI4_IRQHandler  isr.o
    0x080006f4   0x080006f4   0x0000005c   Code   RO          118    i.EXTI9_5_IRQHandler  isr.o
    0x08000750   0x08000750   0x00000028   Code   RO          560    i.NVIC_Group_Config  ml_nvic.o
    0x08000778   0x08000778   0x0000004c   Code   RO          561    i.NVIC_init         ml_nvic.o
    0x080007c4   0x080007c4   0x0000002a   Code   RO          665    i.OLED_Clear        ml_oled.o
    0x080007ee   0x080007ee   0x0000002c   Code   RO          667    i.OLED_I2C_Init     ml_oled.o
    0x0800081a   0x0800081a   0x0000004a   Code   RO          668    i.OLED_I2C_SendByte  ml_oled.o
    0x08000864   0x08000864   0x0000002c   Code   RO          669    i.OLED_I2C_Start    ml_oled.o
    0x08000890   0x08000890   0x00000022   Code   RO          670    i.OLED_I2C_Stop     ml_oled.o
    0x080008b2   0x080008b2   0x000000ae   Code   RO          671    i.OLED_Init         ml_oled.o
    0x08000960   0x08000960   0x00000022   Code   RO          673    i.OLED_SetCursor    ml_oled.o
    0x08000982   0x08000982   0x00000002   PAD
    0x08000984   0x08000984   0x00000074   Code   RO          675    i.OLED_ShowChar     ml_oled.o
    0x080009f8   0x080009f8   0x00000028   Code   RO          681    i.OLED_ShowString   ml_oled.o
    0x08000a20   0x08000a20   0x00000020   Code   RO          683    i.OLED_WriteCommand  ml_oled.o
    0x08000a40   0x08000a40   0x00000020   Code   RO          684    i.OLED_WriteData    ml_oled.o
    0x08000a60   0x08000a60   0x00000008   Code   RO          440    i.SetSysClock       system_stm32f10x.o
    0x08000a68   0x08000a68   0x000000e0   Code   RO          441    i.SetSysClockTo72   system_stm32f10x.o
    0x08000b48   0x08000b48   0x00000060   Code   RO          443    i.SystemInit        system_stm32f10x.o
    0x08000ba8   0x08000ba8   0x0000002c   Code   RO          119    i.TIM2_IRQHandler   isr.o
    0x08000bd4   0x08000bd4   0x0000001c   Code   RO          120    i.TIM3_IRQHandler   isr.o
    0x08000bf0   0x08000bf0   0x0000001c   Code   RO          121    i.TIM4_IRQHandler   isr.o
    0x08000c0c   0x08000c0c   0x0000002c   Code   RO          122    i.USART1_IRQHandler  isr.o
    0x08000c38   0x08000c38   0x00000018   Code   RO          123    i.USART2_IRQHandler  isr.o
    0x08000c50   0x08000c50   0x0000002c   Code   RO          124    i.USART3_IRQHandler  isr.o
    0x08000c7c   0x08000c7c   0x00000004   Code   RO          604    i._sys_exit         ml_uart.o
    0x08000c80   0x08000c80   0x00000024   Code   RO          282    i.buzzer_beep_ms    lock_control.o
    0x08000ca4   0x08000ca4   0x0000001c   Code   RO          199    i.calc_xor          uwb_uart.o
    0x08000cc0   0x08000cc0   0x00000010   Code   RO          377    i.debug_uart_init   debug_uart.o
    0x08000cd0   0x08000cd0   0x0000000e   Code   RO          379    i.debug_uart_send   debug_uart.o
    0x08000cde   0x08000cde   0x00000018   Code   RO          536    i.delay_ms          ml_delay.o
    0x08000cf6   0x08000cf6   0x0000002e   Code   RO          538    i.delay_us          ml_delay.o
    0x08000d24   0x08000d24   0x00000040   Code   RO            1    i.dip_read          main.o
    0x08000d64   0x08000d64   0x00000098   Code   RO          283    i.event_name        lock_control.o
    0x08000dfc   0x08000dfc   0x00000010   Code   RO          284    i.event_pop         lock_control.o
    0x08000e0c   0x08000e0c   0x0000000c   Code   RO          285    i.event_push        lock_control.o
    0x08000e18   0x08000e18   0x000000aa   Code   RO          342    i.filter_add        filter.o
    0x08000ec2   0x08000ec2   0x00000026   Code   RO          344    i.filter_init       filter.o
    0x08000ee8   0x08000ee8   0x00000024   Code   RO          345    i.filter_reset      filter.o
    0x08000f0c   0x08000f0c   0x00000024   Code   RO          482    i.gpio_get          ml_gpio.o
    0x08000f30   0x08000f30   0x000001a4   Code   RO          483    i.gpio_init         ml_gpio.o
    0x080010d4   0x080010d4   0x00000040   Code   RO          484    i.gpio_set          ml_gpio.o
    0x08001114   0x08001114   0x0000005c   Code   RO          286    i.lock_control_init  lock_control.o
    0x08001170   0x08001170   0x00000198   Code   RO          287    i.lock_control_update  lock_control.o
    0x08001308   0x08001308   0x0000000c   Code   RO          288    i.lock_get_state    lock_control.o
    0x08001314   0x08001314   0x00000040   Code   RO          289    i.lock_set_led      lock_control.o
    0x08001354   0x08001354   0x0000051c   Code   RO            2    i.main              main.o
    0x08001870   0x08001870   0x0000003e   Code   RO            3    i.oled_show         main.o
    0x080018ae   0x080018ae   0x00000002   PAD
    0x080018b0   0x080018b0   0x0000001c   Code   RO            4    i.oled_show_event   main.o
    0x080018cc   0x080018cc   0x000001dc   Code   RO            5    i.oled_show_normal  main.o
    0x08001aa8   0x08001aa8   0x00000138   Code   RO          200    i.parse_frame       uwb_uart.o
    0x08001be0   0x08001be0   0x0000000c   Code   RO          201    i.swap16            uwb_uart.o
    0x08001bec   0x08001bec   0x00000024   Code   RO          202    i.swap32            uwb_uart.o
    0x08001c10   0x08001c10   0x00000070   Code   RO          582    i.tim_interrupt_ms_init  ml_tim.o
    0x08001c80   0x08001c80   0x000000a0   Code   RO          606    i.uart_baud_config  ml_uart.o
    0x08001d20   0x08001d20   0x00000064   Code   RO          608    i.uart_init         ml_uart.o
    0x08001d84   0x08001d84   0x00000056   Code   RO          609    i.uart_pin_init     ml_uart.o
    0x08001dda   0x08001dda   0x00000002   PAD
    0x08001ddc   0x08001ddc   0x00000020   Code   RO          610    i.uart_sendbyte     ml_uart.o
    0x08001dfc   0x08001dfc   0x0000001a   Code   RO          611    i.uart_sendstr      ml_uart.o
    0x08001e16   0x08001e16   0x00000002   PAD
    0x08001e18   0x08001e18   0x00000074   Code   RO            6    i.update_fps        main.o
    0x08001e8c   0x08001e8c   0x00000018   Code   RO          203    i.uwb_filter_reset  uwb_uart.o
    0x08001ea4   0x08001ea4   0x00000080   Code   RO          205    i.uwb_rx_handler    uwb_uart.o
    0x08001f24   0x08001f24   0x00000048   Code   RO          206    i.uwb_uart_init     uwb_uart.o
    0x08001f6c   0x08001f6c   0x000000b0   Code   RO          412    i.zigbee_rx_handler  zigbee_uart.o
    0x0800201c   0x0800201c   0x0000001c   Code   RO          413    i.zigbee_uart_init  zigbee_uart.o
    0x08002038   0x08002038   0x00000074   Code   RO          260    i.zone_determine    zone.o
    0x080020ac   0x080020ac   0x00000050   Code   RO          261    i.zone_name         zone.o
    0x080020fc   0x080020fc   0x00000062   Code   RO          845    x$fpl$d2f           fz_ws.l(d2f.o)
    0x0800215e   0x0800215e   0x00000002   PAD
    0x08002160   0x08002160   0x00000150   Code   RO          847    x$fpl$dadd          fz_ws.l(daddsub_clz.o)
    0x080022b0   0x080022b0   0x000002b0   Code   RO          854    x$fpl$ddiv          fz_ws.l(ddiv.o)
    0x08002560   0x08002560   0x0000002e   Code   RO          862    x$fpl$dflt          fz_ws.l(dflt_clz.o)
    0x0800258e   0x0800258e   0x00000026   Code   RO          861    x$fpl$dfltu         fz_ws.l(dflt_clz.o)
    0x080025b4   0x080025b4   0x00000154   Code   RO          867    x$fpl$dmul          fz_ws.l(dmul.o)
    0x08002708   0x08002708   0x0000009c   Code   RO          921    x$fpl$dnaninf       fz_ws.l(dnaninf.o)
    0x080027a4   0x080027a4   0x0000000c   Code   RO          923    x$fpl$dretinf       fz_ws.l(dretinf.o)
    0x080027b0   0x080027b0   0x000001d4   Code   RO          849    x$fpl$dsub          fz_ws.l(daddsub_clz.o)
    0x08002984   0x08002984   0x00000056   Code   RO          869    x$fpl$f2d           fz_ws.l(f2d.o)
    0x080029da   0x080029da   0x00000002   PAD
    0x080029dc   0x080029dc   0x0000003e   Code   RO          881    x$fpl$ffixu         fz_ws.l(ffixu.o)
    0x08002a1a   0x08002a1a   0x00000002   PAD
    0x08002a1c   0x08002a1c   0x00000030   Code   RO          886    x$fpl$fflt          fz_ws.l(fflt_clz.o)
    0x08002a4c   0x08002a4c   0x00000102   Code   RO          893    x$fpl$fmul          fz_ws.l(fmul.o)
    0x08002b4e   0x08002b4e   0x0000008c   Code   RO          929    x$fpl$fnaninf       fz_ws.l(fnaninf.o)
    0x08002bda   0x08002bda   0x0000000a   Code   RO          931    x$fpl$fretinf       fz_ws.l(fretinf.o)
    0x08002be4   0x08002be4   0x00000000   Code   RO          935    x$fpl$usenofp       fz_ws.l(usenofp.o)
    0x08002be4   0x08002be4   0x000005f0   Data   RO          685    .constdata          ml_oled.o
    0x080031d4   0x080031d4   0x00000011   Data   RO          823    .constdata          c_w.l(__printf_flags_ss.o)
    0x080031e5   0x080031e5   0x00000003   PAD
    0x080031e8   0x080031e8   0x00000020   Data   RO         1142    Region$$Table       anon$$obj.o


    Execution Region RW_IRAM1 (Exec base: 0x20000000, Load base: 0x08003208, Size: 0x00000778, Max: 0x00005000, ABSOLUTE)

    Exec Addr    Load Addr    Size         Type   Attr      Idx    E Section Name        Object

    0x20000000   0x08003208   0x00000019   Data   RW            7    .data               main.o
    0x20000019   0x08003221   0x00000003   PAD
    0x2000001c   0x08003224   0x0000000e   Data   RW          208    .data               uwb_uart.o
    0x2000002a   0x08003232   0x00000002   PAD
    0x2000002c   0x08003234   0x0000000d   Data   RW          290    .data               lock_control.o
    0x20000039   0x08003241   0x00000003   PAD
    0x2000003c   0x08003244   0x0000000e   Data   RW          414    .data               zigbee_uart.o
    0x2000004a   0x08003252   0x00000002   PAD
    0x2000004c   0x08003254   0x0000000c   Data   RW          485    .data               ml_gpio.o
    0x20000058   0x08003260   0x0000000c   Data   RW          583    .data               ml_tim.o
    0x20000064   0x0800326c   0x00000010   Data   RW          612    .data               ml_uart.o
    0x20000074   0x0800327c   0x00000004   PAD
    0x20000078        -       0x000000a0   Zero   RW          207    .bss                uwb_uart.o
    0x20000118        -       0x00000060   Zero   RW          996    .bss                c_w.l(libspace.o)
    0x20000178        -       0x00000200   Zero   RW          475    HEAP                startup_stm32f10x_md.o
    0x20000378        -       0x00000400   Zero   RW          474    STACK               startup_stm32f10x_md.o


==============================================================================

Image component sizes


      Code (inc. data)   RO Data    RW Data    ZI Data      Debug   Object Name

        30          0          0          0          0        904   debug_uart.o
       244          0          0          0          0       2054   filter.o
       424         66          0          0          0       4626   isr.o
       792        176          0         13          0       4557   lock_control.o
      2054        550          0         25          0     213023   main.o
        70          0          0          0          0        906   ml_delay.o
       520         18          0         12          0       3279   ml_gpio.o
       116         16          0          0          0       1052   ml_nvic.o
       666          6       1520          0          0       6127   ml_oled.o
       112          8          0         12          0       1492   ml_tim.o
       408         30          0         16          0       5055   ml_uart.o
        64         26        236          0       1536        800   startup_stm32f10x_md.o
       328         28          0          0          0       1857   system_stm32f10x.o
       612         96          0         14        160       5307   uwb_uart.o
       204         40          0         14          0       1830   zigbee_uart.o
       196         42          0          0          0       1193   zone.o

    ----------------------------------------------------------------------
      6848       1102       1788        116       1700     254062   Object Totals
         0          0         32          0          0          0   (incl. Generated)
         8          0          0         10          4          0   (incl. Padding)

    ----------------------------------------------------------------------

      Code (inc. data)   RO Data    RW Data    ZI Data      Debug   Library Member Name

         8          0          0          0          0         68   __main.o
       236          4         17          0          0         88   __printf_flags_ss.o
         0          0          0          0          0          0   __rtentry.o
        12          0          0          0          0          0   __rtentry2.o
         6          0          0          0          0          0   __rtentry4.o
        52          8          0          0          0          0   __scatter.o
        26          0          0          0          0          0   __scatter_copy.o
        28          0          0          0          0          0   __scatter_zi.o
        44          0          0          0          0        108   _printf_char.o
        48          6          0          0          0         96   _printf_char_common.o
         6          0          0          0          0          0   _printf_d.o
       120         16          0          0          0         92   _printf_dec.o
       178          0          0          0          0         88   _printf_intcommon.o
         0          0          0          0          0          0   _printf_percent.o
         4          0          0          0          0          0   _printf_percent_end.o
         6          0          0          0          0          0   _printf_s.o
        82          0          0          0          0         80   _printf_str.o
         6          0          0          0          0          0   _printf_u.o
        10          0          0          0          0         68   _sputc.o
        18          0          0          0          0         80   exit.o
         6          0          0          0          0        152   heapauxi.o
         2          0          0          0          0          0   libinit.o
         2          0          0          0          0          0   libinit2.o
         2          0          0          0          0          0   libshutdown.o
         2          0          0          0          0          0   libshutdown2.o
         8          4          0          0         96         68   libspace.o
        72          0          0          0          0         76   llsdiv.o
       238          0          0          0          0        100   lludivv7m.o
        40          6          0          0          0         84   noretval__2sprintf.o
         2          0          0          0          0          0   rtexit.o
        10          0          0          0          0          0   rtexit2.o
        74          0          0          0          0         80   sys_stackheap_outer.o
         2          0          0          0          0         68   use_no_semi.o
         2          0          0          0          0         68   use_no_semi_2.o
        98          4          0          0          0         92   d2f.o
       804         16          0          0          0        272   daddsub_clz.o
       688        140          0          0          0        208   ddiv.o
        84          0          0          0          0        136   dflt_clz.o
       340         12          0          0          0        104   dmul.o
       156          4          0          0          0         92   dnaninf.o
        12          0          0          0          0         68   dretinf.o
        86          4          0          0          0         84   f2d.o
        62          4          0          0          0         84   ffixu.o
        48          0          0          0          0         68   fflt_clz.o
       258          4          0          0          0         84   fmul.o
       140          4          0          0          0         84   fnaninf.o
        10          0          0          0          0         68   fretinf.o
         0          0          0          0          0          0   usenofp.o

    ----------------------------------------------------------------------
      4152        236         20          0         96       2908   Library Totals
        14          0          3          0          0          0   (incl. Padding)

    ----------------------------------------------------------------------

      Code (inc. data)   RO Data    RW Data    ZI Data      Debug   Library Name

      1352         44         17          0         96       1464   c_w.l
      2786        192          0          0          0       1444   fz_ws.l

    ----------------------------------------------------------------------
      4152        236         20          0         96       2908   Library Totals

    ----------------------------------------------------------------------

==============================================================================


      Code (inc. data)   RO Data    RW Data    ZI Data      Debug   

     11000       1338       1808        116       1796     252078   Grand Totals
     11000       1338       1808        116       1796     252078   ELF Image Totals
     11000       1338       1808        116          0          0   ROM Totals

==============================================================================

    Total RO  Size (Code + RO Data)                12808 (  12.51kB)
    Total RW  Size (RW Data + ZI Data)              1912 (   1.87kB)
    Total ROM Size (Code + RO Data + RW Data)      12924 (  12.62kB)

==============================================================================

