<?xml version="1.0" encoding="ISO-8859-1" ?>
<link_info>
   <banner>TI ARM Clang Linker PC v4.0.2.LTS</banner>
   <copyright>Copyright (c) 1996-2018 Texas Instruments Incorporated</copyright>
   <command_line>C:\ti\ccs2051\ti_cgt_arm_llvm_4.0.2.LTS\bin\tiarmlnk -IC:\ti\ccs2051\ti_cgt_arm_llvm_4.0.2.LTS\lib -o PWM.out -mPWM.map -iC:/ti/ccs2051/mspm0_sdk_2_10_00_04/source -iC:/Users/luoji/Desktop/car 1.1 -iC:/Users/luoji/Desktop/car 1.1/Debug/syscfg -iC:/ti/ccs2051/ti_cgt_arm_llvm_4.0.2.LTS/lib --diag_wrap=off --display_error_number --warn_sections --xml_link_info=PWM_linkInfo.xml --rom_model ./Delay.o ./control.o ./empty.o ./ti_msp_dl_config.o ./startup_mspm0g350x_ticlang.o ./USART_JY61P/JY61P.o -l./device_linker.cmd -ldevice.cmd.genlibs -llibc.a -lC:/ti/ccs2051/mspm0_sdk_2_10_00_04/source/ti/driverlib/lib/ticlang/m0p/mspm0g1x0x_g3x0x/driverlib.a --start-group -llibc++.a -llibc++abi.a -llibc.a -llibsys.a -llibsysbm.a -llibclang_rt.builtins.a -llibclang_rt.profile.a --end-group --cg_opt_level=0</command_line>
   <link_time>0x6a1bd42d</link_time>
   <link_errors>0x0</link_errors>
   <output_file>C:\Users\luoji\Desktop\car 1.1\Debug\PWM.out</output_file>
   <entry_point>
      <name>_c_int00_noargs</name>
      <address>0x2c0d</address>
   </entry_point>
   <input_file_list>
      <input_file id="fl-1">
         <path>C:\Users\luoji\Desktop\car 1.1\Debug\.\</path>
         <kind>object</kind>
         <file>Delay.o</file>
         <name>Delay.o</name>
      </input_file>
      <input_file id="fl-2">
         <path>C:\Users\luoji\Desktop\car 1.1\Debug\.\</path>
         <kind>object</kind>
         <file>control.o</file>
         <name>control.o</name>
      </input_file>
      <input_file id="fl-3">
         <path>C:\Users\luoji\Desktop\car 1.1\Debug\.\</path>
         <kind>object</kind>
         <file>empty.o</file>
         <name>empty.o</name>
      </input_file>
      <input_file id="fl-4">
         <path>C:\Users\luoji\Desktop\car 1.1\Debug\.\</path>
         <kind>object</kind>
         <file>ti_msp_dl_config.o</file>
         <name>ti_msp_dl_config.o</name>
      </input_file>
      <input_file id="fl-5">
         <path>C:\Users\luoji\Desktop\car 1.1\Debug\.\</path>
         <kind>object</kind>
         <file>startup_mspm0g350x_ticlang.o</file>
         <name>startup_mspm0g350x_ticlang.o</name>
      </input_file>
      <input_file id="fl-6">
         <path>C:\Users\luoji\Desktop\car 1.1\Debug\.\USART_JY61P\</path>
         <kind>object</kind>
         <file>JY61P.o</file>
         <name>JY61P.o</name>
      </input_file>
      <input_file id="fl-14">
         <path>C:\Users\luoji\Desktop\car 1.1\Debug\</path>
         <kind>object</kind>
         <file>&lt;internal&gt;</file>
         <name>&lt;internal&gt;</name>
      </input_file>
      <input_file id="fl-15">
         <path>C:\ti\ccs2051\mspm0_sdk_2_10_00_04\source\ti\driverlib\lib\ticlang\m0p\mspm0g1x0x_g3x0x\</path>
         <kind>archive</kind>
         <file>driverlib.a</file>
         <name>dl_common.o</name>
      </input_file>
      <input_file id="fl-16">
         <path>C:\ti\ccs2051\mspm0_sdk_2_10_00_04\source\ti\driverlib\lib\ticlang\m0p\mspm0g1x0x_g3x0x\</path>
         <kind>archive</kind>
         <file>driverlib.a</file>
         <name>dl_i2c.o</name>
      </input_file>
      <input_file id="fl-17">
         <path>C:\ti\ccs2051\mspm0_sdk_2_10_00_04\source\ti\driverlib\lib\ticlang\m0p\mspm0g1x0x_g3x0x\</path>
         <kind>archive</kind>
         <file>driverlib.a</file>
         <name>dl_timer.o</name>
      </input_file>
      <input_file id="fl-18">
         <path>C:\ti\ccs2051\mspm0_sdk_2_10_00_04\source\ti\driverlib\lib\ticlang\m0p\mspm0g1x0x_g3x0x\</path>
         <kind>archive</kind>
         <file>driverlib.a</file>
         <name>dl_uart.o</name>
      </input_file>
      <input_file id="fl-19">
         <path>C:\ti\ccs2051\mspm0_sdk_2_10_00_04\source\ti\driverlib\lib\ticlang\m0p\mspm0g1x0x_g3x0x\</path>
         <kind>archive</kind>
         <file>driverlib.a</file>
         <name>dl_sysctl_mspm0g1x0x_g3x0x.o</name>
      </input_file>
      <input_file id="fl-30">
         <path>C:\ti\ccs2051\ti_cgt_arm_llvm_4.0.2.LTS\lib\armv6m-ti-none-eabi\c\</path>
         <kind>archive</kind>
         <file>libc.a</file>
         <name>boot_cortex_m.c.obj</name>
      </input_file>
      <input_file id="fl-31">
         <path>C:\ti\ccs2051\ti_cgt_arm_llvm_4.0.2.LTS\lib\armv6m-ti-none-eabi\c\</path>
         <kind>archive</kind>
         <file>libc.a</file>
         <name>mathacl_init.c.obj</name>
      </input_file>
      <input_file id="fl-32">
         <path>C:\ti\ccs2051\ti_cgt_arm_llvm_4.0.2.LTS\lib\armv6m-ti-none-eabi\c\</path>
         <kind>archive</kind>
         <file>libc.a</file>
         <name>autoinit.c.obj</name>
      </input_file>
      <input_file id="fl-33">
         <path>C:\ti\ccs2051\ti_cgt_arm_llvm_4.0.2.LTS\lib\armv6m-ti-none-eabi\c\</path>
         <kind>archive</kind>
         <file>libc.a</file>
         <name>pre_init.c.obj</name>
      </input_file>
      <input_file id="fl-34">
         <path>C:\ti\ccs2051\ti_cgt_arm_llvm_4.0.2.LTS\lib\armv6m-ti-none-eabi\c\</path>
         <kind>archive</kind>
         <file>libc.a</file>
         <name>cpy_tbl.c.obj</name>
      </input_file>
      <input_file id="fl-35">
         <path>C:\ti\ccs2051\ti_cgt_arm_llvm_4.0.2.LTS\lib\armv6m-ti-none-eabi\c\</path>
         <kind>archive</kind>
         <file>libc.a</file>
         <name>copy_zero_init.c.obj</name>
      </input_file>
      <input_file id="fl-36">
         <path>C:\ti\ccs2051\ti_cgt_arm_llvm_4.0.2.LTS\lib\armv6m-ti-none-eabi\c\</path>
         <kind>archive</kind>
         <file>libc.a</file>
         <name>copy_decompress_none.c.obj</name>
      </input_file>
      <input_file id="fl-37">
         <path>C:\ti\ccs2051\ti_cgt_arm_llvm_4.0.2.LTS\lib\armv6m-ti-none-eabi\c\</path>
         <kind>archive</kind>
         <file>libc.a</file>
         <name>copy_decompress_lzss.c.obj</name>
      </input_file>
      <input_file id="fl-38">
         <path>C:\ti\ccs2051\ti_cgt_arm_llvm_4.0.2.LTS\lib\armv6m-ti-none-eabi\c\</path>
         <kind>archive</kind>
         <file>libc.a</file>
         <name>exit.c.obj</name>
      </input_file>
      <input_file id="fl-39">
         <path>C:\ti\ccs2051\ti_cgt_arm_llvm_4.0.2.LTS\lib\armv6m-ti-none-eabi\c\</path>
         <kind>archive</kind>
         <file>libc.a</file>
         <name>_lock.c.obj</name>
      </input_file>
      <input_file id="fl-3a">
         <path>C:\ti\ccs2051\ti_cgt_arm_llvm_4.0.2.LTS\lib\armv6m-ti-none-eabi\c\</path>
         <kind>archive</kind>
         <file>libc.a</file>
         <name>args_main.c.obj</name>
      </input_file>
      <input_file id="fl-da">
         <path>C:\ti\ccs2051\ti_cgt_arm_llvm_4.0.2.LTS\lib\armv6m-ti-none-eabi\c\</path>
         <kind>archive</kind>
         <file>libsysbm.a</file>
         <name>hostexit.c.obj</name>
      </input_file>
      <input_file id="fl-db">
         <path>C:\ti\ccs2051\ti_cgt_arm_llvm_4.0.2.LTS\lib\armv6m-ti-none-eabi\</path>
         <kind>archive</kind>
         <file>libclang_rt.builtins.a</file>
         <name>addsf3.S.obj</name>
      </input_file>
      <input_file id="fl-dc">
         <path>C:\ti\ccs2051\ti_cgt_arm_llvm_4.0.2.LTS\lib\armv6m-ti-none-eabi\</path>
         <kind>archive</kind>
         <file>libclang_rt.builtins.a</file>
         <name>adddf3.S.obj</name>
      </input_file>
      <input_file id="fl-dd">
         <path>C:\ti\ccs2051\ti_cgt_arm_llvm_4.0.2.LTS\lib\armv6m-ti-none-eabi\</path>
         <kind>archive</kind>
         <file>libclang_rt.builtins.a</file>
         <name>muldf3.S.obj</name>
      </input_file>
      <input_file id="fl-de">
         <path>C:\ti\ccs2051\ti_cgt_arm_llvm_4.0.2.LTS\lib\armv6m-ti-none-eabi\</path>
         <kind>archive</kind>
         <file>libclang_rt.builtins.a</file>
         <name>muldsi3.S.obj</name>
      </input_file>
      <input_file id="fl-df">
         <path>C:\ti\ccs2051\ti_cgt_arm_llvm_4.0.2.LTS\lib\armv6m-ti-none-eabi\</path>
         <kind>archive</kind>
         <file>libclang_rt.builtins.a</file>
         <name>mulsf3.S.obj</name>
      </input_file>
      <input_file id="fl-e0">
         <path>C:\ti\ccs2051\ti_cgt_arm_llvm_4.0.2.LTS\lib\armv6m-ti-none-eabi\</path>
         <kind>archive</kind>
         <file>libclang_rt.builtins.a</file>
         <name>divsf3.S.obj</name>
      </input_file>
      <input_file id="fl-e1">
         <path>C:\ti\ccs2051\ti_cgt_arm_llvm_4.0.2.LTS\lib\armv6m-ti-none-eabi\</path>
         <kind>archive</kind>
         <file>libclang_rt.builtins.a</file>
         <name>extendsfdf2.S.obj</name>
      </input_file>
      <input_file id="fl-e2">
         <path>C:\ti\ccs2051\ti_cgt_arm_llvm_4.0.2.LTS\lib\armv6m-ti-none-eabi\</path>
         <kind>archive</kind>
         <file>libclang_rt.builtins.a</file>
         <name>fixsfsi.S.obj</name>
      </input_file>
      <input_file id="fl-e3">
         <path>C:\ti\ccs2051\ti_cgt_arm_llvm_4.0.2.LTS\lib\armv6m-ti-none-eabi\</path>
         <kind>archive</kind>
         <file>libclang_rt.builtins.a</file>
         <name>floatsisf.S.obj</name>
      </input_file>
      <input_file id="fl-e4">
         <path>C:\ti\ccs2051\ti_cgt_arm_llvm_4.0.2.LTS\lib\armv6m-ti-none-eabi\</path>
         <kind>archive</kind>
         <file>libclang_rt.builtins.a</file>
         <name>floatunsidf.S.obj</name>
      </input_file>
      <input_file id="fl-e5">
         <path>C:\ti\ccs2051\ti_cgt_arm_llvm_4.0.2.LTS\lib\armv6m-ti-none-eabi\</path>
         <kind>archive</kind>
         <file>libclang_rt.builtins.a</file>
         <name>truncdfsf2.S.obj</name>
      </input_file>
      <input_file id="fl-e6">
         <path>C:\ti\ccs2051\ti_cgt_arm_llvm_4.0.2.LTS\lib\armv6m-ti-none-eabi\</path>
         <kind>archive</kind>
         <file>libclang_rt.builtins.a</file>
         <name>aeabi_dcmp.S.obj</name>
      </input_file>
      <input_file id="fl-e7">
         <path>C:\ti\ccs2051\ti_cgt_arm_llvm_4.0.2.LTS\lib\armv6m-ti-none-eabi\</path>
         <kind>archive</kind>
         <file>libclang_rt.builtins.a</file>
         <name>aeabi_fcmp.S.obj</name>
      </input_file>
      <input_file id="fl-e8">
         <path>C:\ti\ccs2051\ti_cgt_arm_llvm_4.0.2.LTS\lib\armv6m-ti-none-eabi\</path>
         <kind>archive</kind>
         <file>libclang_rt.builtins.a</file>
         <name>aeabi_memcpy.S.obj</name>
      </input_file>
      <input_file id="fl-e9">
         <path>C:\ti\ccs2051\ti_cgt_arm_llvm_4.0.2.LTS\lib\armv6m-ti-none-eabi\</path>
         <kind>archive</kind>
         <file>libclang_rt.builtins.a</file>
         <name>aeabi_memset.S.obj</name>
      </input_file>
      <input_file id="fl-ea">
         <path>C:\ti\ccs2051\ti_cgt_arm_llvm_4.0.2.LTS\lib\armv6m-ti-none-eabi\</path>
         <kind>archive</kind>
         <file>libclang_rt.builtins.a</file>
         <name>aeabi_uidivmod.S.obj</name>
      </input_file>
      <input_file id="fl-eb">
         <path>C:\ti\ccs2051\ti_cgt_arm_llvm_4.0.2.LTS\lib\armv6m-ti-none-eabi\</path>
         <kind>archive</kind>
         <file>libclang_rt.builtins.a</file>
         <name>comparesf2.S.obj</name>
      </input_file>
      <input_file id="fl-ec">
         <path>C:\ti\ccs2051\ti_cgt_arm_llvm_4.0.2.LTS\lib\armv6m-ti-none-eabi\</path>
         <kind>archive</kind>
         <file>libclang_rt.builtins.a</file>
         <name>comparedf2.c.obj</name>
      </input_file>
      <input_file id="fl-ed">
         <path>C:\ti\ccs2051\ti_cgt_arm_llvm_4.0.2.LTS\lib\armv6m-ti-none-eabi\</path>
         <kind>archive</kind>
         <file>libclang_rt.builtins.a</file>
         <name>aeabi_div0.c.obj</name>
      </input_file>
      <input_file id="fl-ee">
         <path>C:\ti\ccs2051\ti_cgt_arm_llvm_4.0.2.LTS\lib\armv6m-ti-none-eabi\c\</path>
         <kind>archive</kind>
         <file>libc.a</file>
         <name>memcpy16.S.obj</name>
      </input_file>
      <input_file id="fl-ef">
         <path>C:\ti\ccs2051\ti_cgt_arm_llvm_4.0.2.LTS\lib\armv6m-ti-none-eabi\c\</path>
         <kind>archive</kind>
         <file>libc.a</file>
         <name>memset16.S.obj</name>
      </input_file>
   </input_file_list>
   <object_component_list>
      <object_component id="oc-18">
         <name>.intvecs</name>
         <load_address>0x0</load_address>
         <readonly>true</readonly>
         <run_address>0x0</run_address>
         <size>0xc0</size>
         <alignment>0x4</alignment>
         <input_file_ref idref="fl-5"/>
      </object_component>
      <object_component id="oc-f7">
         <name>.text.Control_ABCDA</name>
         <load_address>0xc0</load_address>
         <readonly>true</readonly>
         <executable>true</executable>
         <run_address>0xc0</run_address>
         <size>0x300</size>
         <alignment>0x4</alignment>
         <input_file_ref idref="fl-2"/>
      </object_component>
      <object_component id="oc-f9">
         <name>.text.Control_ACBDAx4</name>
         <load_address>0x3c0</load_address>
         <readonly>true</readonly>
         <executable>true</executable>
         <run_address>0x3c0</run_address>
         <size>0x2fc</size>
         <alignment>0x4</alignment>
         <input_file_ref idref="fl-2"/>
      </object_component>
      <object_component id="oc-f8">
         <name>.text.Control_ACBDA</name>
         <load_address>0x6bc</load_address>
         <readonly>true</readonly>
         <executable>true</executable>
         <run_address>0x6bc</run_address>
         <size>0x2c8</size>
         <alignment>0x4</alignment>
         <input_file_ref idref="fl-2"/>
      </object_component>
      <object_component id="oc-39">
         <name>.text.UART2_IRQHandler</name>
         <load_address>0x984</load_address>
         <readonly>true</readonly>
         <executable>true</executable>
         <run_address>0x984</run_address>
         <size>0x2b4</size>
         <alignment>0x4</alignment>
         <input_file_ref idref="fl-6"/>
      </object_component>
      <object_component id="oc-11f">
         <name>.text.SYSCFG_DL_GPIO_init</name>
         <load_address>0xc38</load_address>
         <readonly>true</readonly>
         <executable>true</executable>
         <run_address>0xc38</run_address>
         <size>0x1e8</size>
         <alignment>0x4</alignment>
         <input_file_ref idref="fl-4"/>
      </object_component>
      <object_component id="oc-f6">
         <name>.text.Control_AB</name>
         <load_address>0xe20</load_address>
         <readonly>true</readonly>
         <executable>true</executable>
         <run_address>0xe20</run_address>
         <size>0x1e0</size>
         <alignment>0x4</alignment>
         <input_file_ref idref="fl-2"/>
      </object_component>
      <object_component id="oc-9e">
         <name>.text.adddf3_subdf3</name>
         <load_address>0x1000</load_address>
         <readonly>true</readonly>
         <executable>true</executable>
         <run_address>0x1000</run_address>
         <size>0x192</size>
         <alignment>0x4</alignment>
         <input_file_ref idref="fl-dc"/>
      </object_component>
      <object_component id="oc-1ee">
         <name>.text.__aeabi_idiv0</name>
         <load_address>0x1192</load_address>
         <readonly>true</readonly>
         <executable>true</executable>
         <run_address>0x1192</run_address>
         <size>0x2</size>
         <alignment>0x2</alignment>
         <input_file_ref idref="fl-ed"/>
      </object_component>
      <object_component id="oc-bc">
         <name>.text.main</name>
         <load_address>0x1194</load_address>
         <readonly>true</readonly>
         <executable>true</executable>
         <run_address>0x1194</run_address>
         <size>0x184</size>
         <alignment>0x4</alignment>
         <input_file_ref idref="fl-3"/>
      </object_component>
      <object_component id="oc-145">
         <name>.text.xunji_centroid</name>
         <load_address>0x1318</load_address>
         <readonly>true</readonly>
         <executable>true</executable>
         <run_address>0x1318</run_address>
         <size>0x13c</size>
         <alignment>0x4</alignment>
         <input_file_ref idref="fl-2"/>
      </object_component>
      <object_component id="oc-34">
         <name>.text.GROUP1_IRQHandler</name>
         <load_address>0x1454</load_address>
         <readonly>true</readonly>
         <executable>true</executable>
         <run_address>0x1454</run_address>
         <size>0x120</size>
         <alignment>0x4</alignment>
         <input_file_ref idref="fl-2"/>
      </object_component>
      <object_component id="oc-18e">
         <name>.text.DL_Timer_initFourCCPWMMode</name>
         <load_address>0x1574</load_address>
         <readonly>true</readonly>
         <executable>true</executable>
         <run_address>0x1574</run_address>
         <size>0x104</size>
         <alignment>0x4</alignment>
         <input_file_ref idref="fl-17"/>
      </object_component>
      <object_component id="oc-197">
         <name>.text.DL_Timer_initTimerMode</name>
         <load_address>0x1678</load_address>
         <readonly>true</readonly>
         <executable>true</executable>
         <run_address>0x1678</run_address>
         <size>0xfc</size>
         <alignment>0x4</alignment>
         <input_file_ref idref="fl-17"/>
      </object_component>
      <object_component id="oc-181">
         <name>.text.SYSCFG_DL_SYSCTL_SYSPLL_init</name>
         <load_address>0x1774</load_address>
         <readonly>true</readonly>
         <executable>true</executable>
         <run_address>0x1774</run_address>
         <size>0xe8</size>
         <alignment>0x4</alignment>
         <input_file_ref idref="fl-4"/>
      </object_component>
      <object_component id="oc-3f">
         <name>.text.TIMG7_IRQHandler</name>
         <load_address>0x185c</load_address>
         <readonly>true</readonly>
         <executable>true</executable>
         <run_address>0x185c</run_address>
         <size>0xe4</size>
         <alignment>0x4</alignment>
         <input_file_ref idref="fl-2"/>
      </object_component>
      <object_component id="oc-1b9">
         <name>.text.__muldf3</name>
         <load_address>0x1940</load_address>
         <readonly>true</readonly>
         <executable>true</executable>
         <run_address>0x1940</run_address>
         <size>0xe4</size>
         <alignment>0x4</alignment>
         <input_file_ref idref="fl-dd"/>
      </object_component>
      <object_component id="oc-136">
         <name>.text.PID_A</name>
         <load_address>0x1a24</load_address>
         <readonly>true</readonly>
         <executable>true</executable>
         <run_address>0x1a24</run_address>
         <size>0xe0</size>
         <alignment>0x4</alignment>
         <input_file_ref idref="fl-2"/>
      </object_component>
      <object_component id="oc-13c">
         <name>.text.PID_B</name>
         <load_address>0x1b04</load_address>
         <readonly>true</readonly>
         <executable>true</executable>
         <run_address>0x1b04</run_address>
         <size>0xe0</size>
         <alignment>0x4</alignment>
         <input_file_ref idref="fl-2"/>
      </object_component>
      <object_component id="oc-17b">
         <name>.text.DL_SYSCTL_configSYSPLL</name>
         <load_address>0x1be4</load_address>
         <readonly>true</readonly>
         <executable>true</executable>
         <run_address>0x1be4</run_address>
         <size>0xdc</size>
         <alignment>0x4</alignment>
         <input_file_ref idref="fl-19"/>
      </object_component>
      <object_component id="oc-7c">
         <name>.text</name>
         <load_address>0x1cc0</load_address>
         <readonly>true</readonly>
         <executable>true</executable>
         <run_address>0x1cc0</run_address>
         <size>0xd8</size>
         <alignment>0x4</alignment>
         <input_file_ref idref="fl-db"/>
      </object_component>
      <object_component id="oc-3e">
         <name>.text.TIMG6_IRQHandler</name>
         <load_address>0x1d98</load_address>
         <readonly>true</readonly>
         <executable>true</executable>
         <run_address>0x1d98</run_address>
         <size>0xbc</size>
         <alignment>0x4</alignment>
         <input_file_ref idref="fl-2"/>
      </object_component>
      <object_component id="oc-11e">
         <name>.text.SYSCFG_DL_initPower</name>
         <load_address>0x1e54</load_address>
         <readonly>true</readonly>
         <executable>true</executable>
         <run_address>0x1e54</run_address>
         <size>0xa0</size>
         <alignment>0x4</alignment>
         <input_file_ref idref="fl-4"/>
      </object_component>
      <object_component id="oc-ef">
         <name>.text.Serial_JY61P_Zero_Yaw</name>
         <load_address>0x1ef4</load_address>
         <readonly>true</readonly>
         <executable>true</executable>
         <run_address>0x1ef4</run_address>
         <size>0x9c</size>
         <alignment>0x4</alignment>
         <input_file_ref idref="fl-6"/>
      </object_component>
      <object_component id="oc-121">
         <name>.text.SYSCFG_DL_PWM_0_init</name>
         <load_address>0x1f90</load_address>
         <readonly>true</readonly>
         <executable>true</executable>
         <run_address>0x1f90</run_address>
         <size>0x94</size>
         <alignment>0x4</alignment>
         <input_file_ref idref="fl-4"/>
      </object_component>
      <object_component id="oc-13d">
         <name>.text.Set_Pwm</name>
         <load_address>0x2024</load_address>
         <readonly>true</readonly>
         <executable>true</executable>
         <run_address>0x2024</run_address>
         <size>0x94</size>
         <alignment>0x4</alignment>
         <input_file_ref idref="fl-2"/>
      </object_component>
      <object_component id="oc-74">
         <name>.text.__mulsf3</name>
         <load_address>0x20b8</load_address>
         <readonly>true</readonly>
         <executable>true</executable>
         <run_address>0x20b8</run_address>
         <size>0x8c</size>
         <alignment>0x4</alignment>
         <input_file_ref idref="fl-df"/>
      </object_component>
      <object_component id="oc-186">
         <name>.text.__NVIC_SetPriority</name>
         <load_address>0x2144</load_address>
         <readonly>true</readonly>
         <executable>true</executable>
         <run_address>0x2144</run_address>
         <size>0x84</size>
         <alignment>0x4</alignment>
         <input_file_ref idref="fl-4"/>
      </object_component>
      <object_component id="oc-70">
         <name>.text.__divsf3</name>
         <load_address>0x21c8</load_address>
         <readonly>true</readonly>
         <executable>true</executable>
         <run_address>0x21c8</run_address>
         <size>0x82</size>
         <alignment>0x4</alignment>
         <input_file_ref idref="fl-e0"/>
      </object_component>
      <object_component id="oc-1c">
         <name>.text:decompress:lzss</name>
         <load_address>0x224c</load_address>
         <readonly>true</readonly>
         <executable>true</executable>
         <run_address>0x224c</run_address>
         <size>0x7c</size>
         <alignment>0x4</alignment>
         <input_file_ref idref="fl-37"/>
      </object_component>
      <object_component id="oc-1fb">
         <name>.text.__gedf2</name>
         <load_address>0x22c8</load_address>
         <readonly>true</readonly>
         <executable>true</executable>
         <run_address>0x22c8</run_address>
         <size>0x74</size>
         <alignment>0x4</alignment>
         <input_file_ref idref="fl-ec"/>
      </object_component>
      <object_component id="oc-33">
         <name>.text.Default_Handler</name>
         <load_address>0x233c</load_address>
         <readonly>true</readonly>
         <executable>true</executable>
         <run_address>0x233c</run_address>
         <size>0x4</size>
         <alignment>0x2</alignment>
         <input_file_ref idref="fl-5"/>
      </object_component>
      <object_component id="oc-a2">
         <name>.text.__truncdfsf2</name>
         <load_address>0x2340</load_address>
         <readonly>true</readonly>
         <executable>true</executable>
         <run_address>0x2340</run_address>
         <size>0x74</size>
         <alignment>0x10</alignment>
         <input_file_ref idref="fl-e5"/>
      </object_component>
      <object_component id="oc-120">
         <name>.text.SYSCFG_DL_SYSCTL_init</name>
         <load_address>0x23b4</load_address>
         <readonly>true</readonly>
         <executable>true</executable>
         <run_address>0x23b4</run_address>
         <size>0x70</size>
         <alignment>0x4</alignment>
         <input_file_ref idref="fl-4"/>
      </object_component>
      <object_component id="oc-1f5">
         <name>.text.__ledf2</name>
         <load_address>0x2424</load_address>
         <readonly>true</readonly>
         <executable>true</executable>
         <run_address>0x2424</run_address>
         <size>0x68</size>
         <alignment>0x4</alignment>
         <input_file_ref idref="fl-ec"/>
      </object_component>
      <object_component id="oc-124">
         <name>.text.SYSCFG_DL_I2C_MPU6050_init</name>
         <load_address>0x248c</load_address>
         <readonly>true</readonly>
         <executable>true</executable>
         <run_address>0x248c</run_address>
         <size>0x64</size>
         <alignment>0x4</alignment>
         <input_file_ref idref="fl-4"/>
      </object_component>
      <object_component id="oc-1e5">
         <name>.text.__aeabi_dcmp</name>
         <load_address>0x24f0</load_address>
         <readonly>true</readonly>
         <executable>true</executable>
         <run_address>0x24f0</run_address>
         <size>0x62</size>
         <alignment>0x4</alignment>
         <input_file_ref idref="fl-e6"/>
      </object_component>
      <object_component id="oc-78">
         <name>.text.__aeabi_fcmp</name>
         <load_address>0x2554</load_address>
         <readonly>true</readonly>
         <executable>true</executable>
         <run_address>0x2554</run_address>
         <size>0x62</size>
         <alignment>0x4</alignment>
         <input_file_ref idref="fl-e7"/>
      </object_component>
      <object_component id="oc-1c6">
         <name>.text.set_Duty</name>
         <load_address>0x25b8</load_address>
         <readonly>true</readonly>
         <executable>true</executable>
         <run_address>0x25b8</run_address>
         <size>0x54</size>
         <alignment>0x4</alignment>
         <input_file_ref idref="fl-2"/>
      </object_component>
      <object_component id="oc-16b">
         <name>.text.DL_GPIO_initPeripheralInputFunctionFeatures</name>
         <load_address>0x260c</load_address>
         <readonly>true</readonly>
         <executable>true</executable>
         <run_address>0x260c</run_address>
         <size>0x50</size>
         <alignment>0x4</alignment>
         <input_file_ref idref="fl-4"/>
      </object_component>
      <object_component id="oc-170">
         <name>.text.DL_GPIO_initDigitalInputFeatures</name>
         <load_address>0x265c</load_address>
         <readonly>true</readonly>
         <executable>true</executable>
         <run_address>0x265c</run_address>
         <size>0x4c</size>
         <alignment>0x4</alignment>
         <input_file_ref idref="fl-4"/>
      </object_component>
      <object_component id="oc-1b0">
         <name>.text.DL_UART_setBaudRateDivisor</name>
         <load_address>0x26a8</load_address>
         <readonly>true</readonly>
         <executable>true</executable>
         <run_address>0x26a8</run_address>
         <size>0x4c</size>
         <alignment>0x4</alignment>
         <input_file_ref idref="fl-4"/>
      </object_component>
      <object_component id="oc-1ae">
         <name>.text.DL_UART_init</name>
         <load_address>0x26f4</load_address>
         <readonly>true</readonly>
         <executable>true</executable>
         <run_address>0x26f4</run_address>
         <size>0x48</size>
         <alignment>0x4</alignment>
         <input_file_ref idref="fl-18"/>
      </object_component>
      <object_component id="oc-126">
         <name>.text.SYSCFG_DL_UART_JY61P_init</name>
         <load_address>0x273c</load_address>
         <readonly>true</readonly>
         <executable>true</executable>
         <run_address>0x273c</run_address>
         <size>0x48</size>
         <alignment>0x4</alignment>
         <input_file_ref idref="fl-4"/>
      </object_component>
      <object_component id="oc-185">
         <name>.text.DL_SYSCTL_switchMCLKfromSYSOSCtoHSCLK</name>
         <load_address>0x2784</load_address>
         <readonly>true</readonly>
         <executable>true</executable>
         <run_address>0x2784</run_address>
         <size>0x44</size>
         <alignment>0x4</alignment>
         <input_file_ref idref="fl-19"/>
      </object_component>
      <object_component id="oc-125">
         <name>.text.SYSCFG_DL_UART_0_init</name>
         <load_address>0x27c8</load_address>
         <readonly>true</readonly>
         <executable>true</executable>
         <run_address>0x27c8</run_address>
         <size>0x40</size>
         <alignment>0x4</alignment>
         <input_file_ref idref="fl-4"/>
      </object_component>
      <object_component id="oc-1dd">
         <name>.text.__aeabi_uidivmod</name>
         <load_address>0x2808</load_address>
         <readonly>true</readonly>
         <executable>true</executable>
         <run_address>0x2808</run_address>
         <size>0x40</size>
         <alignment>0x4</alignment>
         <input_file_ref idref="fl-ea"/>
      </object_component>
      <object_component id="oc-9a">
         <name>.text.__extendsfdf2</name>
         <load_address>0x2848</load_address>
         <readonly>true</readonly>
         <executable>true</executable>
         <run_address>0x2848</run_address>
         <size>0x40</size>
         <alignment>0x4</alignment>
         <input_file_ref idref="fl-e1"/>
      </object_component>
      <object_component id="oc-18f">
         <name>.text.DL_Timer_setCounterControl</name>
         <load_address>0x2888</load_address>
         <readonly>true</readonly>
         <executable>true</executable>
         <run_address>0x2888</run_address>
         <size>0x3c</size>
         <alignment>0x4</alignment>
         <input_file_ref idref="fl-4"/>
      </object_component>
      <object_component id="oc-137">
         <name>.text.PWM_Limit</name>
         <load_address>0x28c4</load_address>
         <readonly>true</readonly>
         <executable>true</executable>
         <run_address>0x28c4</run_address>
         <size>0x3c</size>
         <alignment>0x2</alignment>
         <input_file_ref idref="fl-2"/>
      </object_component>
      <object_component id="oc-e7">
         <name>.text.SYSCFG_DL_init</name>
         <load_address>0x2900</load_address>
         <readonly>true</readonly>
         <executable>true</executable>
         <run_address>0x2900</run_address>
         <size>0x3c</size>
         <alignment>0x4</alignment>
         <input_file_ref idref="fl-4"/>
      </object_component>
      <object_component id="oc-6c">
         <name>.text.__floatsisf</name>
         <load_address>0x293c</load_address>
         <readonly>true</readonly>
         <executable>true</executable>
         <run_address>0x293c</run_address>
         <size>0x3c</size>
         <alignment>0x4</alignment>
         <input_file_ref idref="fl-e3"/>
      </object_component>
      <object_component id="oc-d7">
         <name>.text.__gtsf2</name>
         <load_address>0x2978</load_address>
         <readonly>true</readonly>
         <executable>true</executable>
         <run_address>0x2978</run_address>
         <size>0x3c</size>
         <alignment>0x4</alignment>
         <input_file_ref idref="fl-eb"/>
      </object_component>
      <object_component id="oc-103">
         <name>.text:__TI_auto_init_nobinit_nopinit</name>
         <load_address>0x29b4</load_address>
         <readonly>true</readonly>
         <executable>true</executable>
         <run_address>0x29b4</run_address>
         <size>0x3c</size>
         <alignment>0x4</alignment>
         <input_file_ref idref="fl-32"/>
      </object_component>
      <object_component id="oc-d2">
         <name>.text.__eqsf2</name>
         <load_address>0x29f0</load_address>
         <readonly>true</readonly>
         <executable>true</executable>
         <run_address>0x29f0</run_address>
         <size>0x3a</size>
         <alignment>0x4</alignment>
         <input_file_ref idref="fl-eb"/>
      </object_component>
      <object_component id="oc-cd">
         <name>.text.__muldsi3</name>
         <load_address>0x2a2c</load_address>
         <readonly>true</readonly>
         <executable>true</executable>
         <run_address>0x2a2c</run_address>
         <size>0x3a</size>
         <alignment>0x4</alignment>
         <input_file_ref idref="fl-de"/>
      </object_component>
      <object_component id="oc-138">
         <name>.text.__fixsfsi</name>
         <load_address>0x2a68</load_address>
         <readonly>true</readonly>
         <executable>true</executable>
         <run_address>0x2a68</run_address>
         <size>0x38</size>
         <alignment>0x4</alignment>
         <input_file_ref idref="fl-e2"/>
      </object_component>
      <object_component id="oc-123">
         <name>.text.SYSCFG_DL_TIMER_0_init</name>
         <load_address>0x2aa0</load_address>
         <readonly>true</readonly>
         <executable>true</executable>
         <run_address>0x2aa0</run_address>
         <size>0x34</size>
         <alignment>0x4</alignment>
         <input_file_ref idref="fl-4"/>
      </object_component>
      <object_component id="oc-122">
         <name>.text.SYSCFG_DL_TIMER_Encoder_Read_init</name>
         <load_address>0x2ad4</load_address>
         <readonly>true</readonly>
         <executable>true</executable>
         <run_address>0x2ad4</run_address>
         <size>0x34</size>
         <alignment>0x4</alignment>
         <input_file_ref idref="fl-4"/>
      </object_component>
      <object_component id="oc-16f">
         <name>.text.DL_GPIO_initDigitalOutputFeatures</name>
         <load_address>0x2b08</load_address>
         <readonly>true</readonly>
         <executable>true</executable>
         <run_address>0x2b08</run_address>
         <size>0x30</size>
         <alignment>0x4</alignment>
         <input_file_ref idref="fl-4"/>
      </object_component>
      <object_component id="oc-12b">
         <name>.text.DL_UART_transmitDataBlocking</name>
         <load_address>0x2b38</load_address>
         <readonly>true</readonly>
         <executable>true</executable>
         <run_address>0x2b38</run_address>
         <size>0x30</size>
         <alignment>0x4</alignment>
         <input_file_ref idref="fl-18"/>
      </object_component>
      <object_component id="oc-ed">
         <name>.text.__NVIC_EnableIRQ</name>
         <load_address>0x2b68</load_address>
         <readonly>true</readonly>
         <executable>true</executable>
         <run_address>0x2b68</run_address>
         <size>0x2c</size>
         <alignment>0x4</alignment>
         <input_file_ref idref="fl-3"/>
      </object_component>
      <object_component id="oc-1d5">
         <name>.text.DL_Common_updateReg</name>
         <load_address>0x2b94</load_address>
         <readonly>true</readonly>
         <executable>true</executable>
         <run_address>0x2b94</run_address>
         <size>0x28</size>
         <alignment>0x2</alignment>
         <input_file_ref idref="fl-4"/>
      </object_component>
      <object_component id="oc-1a8">
         <name>.text.DL_I2C_setControllerRXFIFOThreshold</name>
         <load_address>0x2bbc</load_address>
         <readonly>true</readonly>
         <executable>true</executable>
         <run_address>0x2bbc</run_address>
         <size>0x28</size>
         <alignment>0x4</alignment>
         <input_file_ref idref="fl-4"/>
      </object_component>
      <object_component id="oc-1a7">
         <name>.text.DL_I2C_setControllerTXFIFOThreshold</name>
         <load_address>0x2be4</load_address>
         <readonly>true</readonly>
         <executable>true</executable>
         <run_address>0x2be4</run_address>
         <size>0x28</size>
         <alignment>0x4</alignment>
         <input_file_ref idref="fl-4"/>
      </object_component>
      <object_component id="oc-5b">
         <name>.text:_c_int00_noargs</name>
         <load_address>0x2c0c</load_address>
         <readonly>true</readonly>
         <executable>true</executable>
         <run_address>0x2c0c</run_address>
         <size>0x28</size>
         <alignment>0x4</alignment>
         <input_file_ref idref="fl-30"/>
      </object_component>
      <object_component id="oc-1a3">
         <name>.text.DL_I2C_setAnalogGlitchFilterPulseWidth</name>
         <load_address>0x2c34</load_address>
         <readonly>true</readonly>
         <executable>true</executable>
         <run_address>0x2c34</run_address>
         <size>0x26</size>
         <alignment>0x2</alignment>
         <input_file_ref idref="fl-4"/>
      </object_component>
      <object_component id="oc-19d">
         <name>.text.DL_I2C_setClockConfig</name>
         <load_address>0x2c5a</load_address>
         <readonly>true</readonly>
         <executable>true</executable>
         <run_address>0x2c5a</run_address>
         <size>0x26</size>
         <alignment>0x2</alignment>
         <input_file_ref idref="fl-16"/>
      </object_component>
      <object_component id="oc-1e1">
         <name>.text.__floatunsidf</name>
         <load_address>0x2c80</load_address>
         <readonly>true</readonly>
         <executable>true</executable>
         <run_address>0x2c80</run_address>
         <size>0x24</size>
         <alignment>0x4</alignment>
         <input_file_ref idref="fl-e4"/>
      </object_component>
      <object_component id="oc-f1">
         <name>.text.Delay_ms</name>
         <load_address>0x2ca4</load_address>
         <readonly>true</readonly>
         <executable>true</executable>
         <run_address>0x2ca4</run_address>
         <size>0x22</size>
         <alignment>0x2</alignment>
         <input_file_ref idref="fl-1"/>
      </object_component>
      <object_component id="oc-16d">
         <name>.text.DL_GPIO_initPeripheralInputFunction</name>
         <load_address>0x2cc8</load_address>
         <readonly>true</readonly>
         <executable>true</executable>
         <run_address>0x2cc8</run_address>
         <size>0x20</size>
         <alignment>0x4</alignment>
         <input_file_ref idref="fl-4"/>
      </object_component>
      <object_component id="oc-177">
         <name>.text.DL_SYSCTL_setFlashWaitState</name>
         <load_address>0x2ce8</load_address>
         <readonly>true</readonly>
         <executable>true</executable>
         <run_address>0x2ce8</run_address>
         <size>0x20</size>
         <alignment>0x4</alignment>
         <input_file_ref idref="fl-4"/>
      </object_component>
      <object_component id="oc-131">
         <name>.text.Delay_us</name>
         <load_address>0x2d08</load_address>
         <readonly>true</readonly>
         <executable>true</executable>
         <run_address>0x2d08</run_address>
         <size>0x20</size>
         <alignment>0x2</alignment>
         <input_file_ref idref="fl-1"/>
      </object_component>
      <object_component id="oc-144">
         <name>.text.myabs</name>
         <load_address>0x2d28</load_address>
         <readonly>true</readonly>
         <executable>true</executable>
         <run_address>0x2d28</run_address>
         <size>0x20</size>
         <alignment>0x2</alignment>
         <input_file_ref idref="fl-2"/>
      </object_component>
      <object_component id="oc-1af">
         <name>.text.DL_UART_setOversampling</name>
         <load_address>0x2d48</load_address>
         <readonly>true</readonly>
         <executable>true</executable>
         <run_address>0x2d48</run_address>
         <size>0x1e</size>
         <alignment>0x2</alignment>
         <input_file_ref idref="fl-4"/>
      </object_component>
      <object_component id="oc-64">
         <name>.text.DL_GPIO_clearInterruptStatus</name>
         <load_address>0x2d68</load_address>
         <readonly>true</readonly>
         <executable>true</executable>
         <run_address>0x2d68</run_address>
         <size>0x1c</size>
         <alignment>0x4</alignment>
         <input_file_ref idref="fl-2"/>
      </object_component>
      <object_component id="oc-174">
         <name>.text.DL_GPIO_clearInterruptStatus</name>
         <load_address>0x2d84</load_address>
         <readonly>true</readonly>
         <executable>true</executable>
         <run_address>0x2d84</run_address>
         <size>0x1c</size>
         <alignment>0x4</alignment>
         <input_file_ref idref="fl-4"/>
      </object_component>
      <object_component id="oc-16c">
         <name>.text.DL_GPIO_enableHiZ</name>
         <load_address>0x2da0</load_address>
         <readonly>true</readonly>
         <executable>true</executable>
         <run_address>0x2da0</run_address>
         <size>0x1c</size>
         <alignment>0x4</alignment>
         <input_file_ref idref="fl-4"/>
      </object_component>
      <object_component id="oc-175">
         <name>.text.DL_GPIO_enableInterrupt</name>
         <load_address>0x2dbc</load_address>
         <readonly>true</readonly>
         <executable>true</executable>
         <run_address>0x2dbc</run_address>
         <size>0x1c</size>
         <alignment>0x4</alignment>
         <input_file_ref idref="fl-4"/>
      </object_component>
      <object_component id="oc-171">
         <name>.text.DL_GPIO_initDigitalInput</name>
         <load_address>0x2dd8</load_address>
         <readonly>true</readonly>
         <executable>true</executable>
         <run_address>0x2dd8</run_address>
         <size>0x1c</size>
         <alignment>0x4</alignment>
         <input_file_ref idref="fl-4"/>
      </object_component>
      <object_component id="oc-169">
         <name>.text.DL_GPIO_initPeripheralOutputFunction</name>
         <load_address>0x2df4</load_address>
         <readonly>true</readonly>
         <executable>true</executable>
         <run_address>0x2df4</run_address>
         <size>0x1c</size>
         <alignment>0x4</alignment>
         <input_file_ref idref="fl-4"/>
      </object_component>
      <object_component id="oc-1aa">
         <name>.text.DL_I2C_enableInterrupt</name>
         <load_address>0x2e10</load_address>
         <readonly>true</readonly>
         <executable>true</executable>
         <run_address>0x2e10</run_address>
         <size>0x1c</size>
         <alignment>0x4</alignment>
         <input_file_ref idref="fl-4"/>
      </object_component>
      <object_component id="oc-1d9">
         <name>.text.DL_SYSCTL_configFCC</name>
         <load_address>0x2e2c</load_address>
         <readonly>true</readonly>
         <executable>true</executable>
         <run_address>0x2e2c</run_address>
         <size>0x1c</size>
         <alignment>0x4</alignment>
         <input_file_ref idref="fl-19"/>
      </object_component>
      <object_component id="oc-1d8">
         <name>.text.DL_SYSCTL_setFCCPeriods</name>
         <load_address>0x2e48</load_address>
         <readonly>true</readonly>
         <executable>true</executable>
         <run_address>0x2e48</run_address>
         <size>0x1c</size>
         <alignment>0x4</alignment>
         <input_file_ref idref="fl-4"/>
      </object_component>
      <object_component id="oc-178">
         <name>.text.DL_SYSCTL_setSYSOSCFreq</name>
         <load_address>0x2e64</load_address>
         <readonly>true</readonly>
         <executable>true</executable>
         <run_address>0x2e64</run_address>
         <size>0x1c</size>
         <alignment>0x4</alignment>
         <input_file_ref idref="fl-4"/>
      </object_component>
      <object_component id="oc-184">
         <name>.text.DL_SYSCTL_setULPCLKDivider</name>
         <load_address>0x2e80</load_address>
         <readonly>true</readonly>
         <executable>true</executable>
         <run_address>0x2e80</run_address>
         <size>0x1c</size>
         <alignment>0x4</alignment>
         <input_file_ref idref="fl-4"/>
      </object_component>
      <object_component id="oc-198">
         <name>.text.DL_Timer_enableInterrupt</name>
         <load_address>0x2e9c</load_address>
         <readonly>true</readonly>
         <executable>true</executable>
         <run_address>0x2e9c</run_address>
         <size>0x1c</size>
         <alignment>0x4</alignment>
         <input_file_ref idref="fl-4"/>
      </object_component>
      <object_component id="oc-191">
         <name>.text.DL_Timer_setCaptCompUpdateMethod</name>
         <load_address>0x2eb8</load_address>
         <readonly>true</readonly>
         <executable>true</executable>
         <run_address>0x2eb8</run_address>
         <size>0x1c</size>
         <alignment>0x4</alignment>
         <input_file_ref idref="fl-17"/>
      </object_component>
      <object_component id="oc-188">
         <name>.text.DL_Timer_setClockConfig</name>
         <load_address>0x2ed4</load_address>
         <readonly>true</readonly>
         <executable>true</executable>
         <run_address>0x2ed4</run_address>
         <size>0x1c</size>
         <alignment>0x4</alignment>
         <input_file_ref idref="fl-17"/>
      </object_component>
      <object_component id="oc-1b4">
         <name>.text.DL_UART_enableInterrupt</name>
         <load_address>0x2ef0</load_address>
         <readonly>true</readonly>
         <executable>true</executable>
         <run_address>0x2ef0</run_address>
         <size>0x1c</size>
         <alignment>0x4</alignment>
         <input_file_ref idref="fl-4"/>
      </object_component>
      <object_component id="oc-16a">
         <name>.text.DL_GPIO_enableOutput</name>
         <load_address>0x2f0c</load_address>
         <readonly>true</readonly>
         <executable>true</executable>
         <run_address>0x2f0c</run_address>
         <size>0x18</size>
         <alignment>0x4</alignment>
         <input_file_ref idref="fl-4"/>
      </object_component>
      <object_component id="oc-161">
         <name>.text.DL_GPIO_enablePower</name>
         <load_address>0x2f24</load_address>
         <readonly>true</readonly>
         <executable>true</executable>
         <run_address>0x2f24</run_address>
         <size>0x18</size>
         <alignment>0x4</alignment>
         <input_file_ref idref="fl-4"/>
      </object_component>
      <object_component id="oc-62">
         <name>.text.DL_GPIO_getEnabledInterruptStatus</name>
         <load_address>0x2f3c</load_address>
         <readonly>true</readonly>
         <executable>true</executable>
         <run_address>0x2f3c</run_address>
         <size>0x18</size>
         <alignment>0x4</alignment>
         <input_file_ref idref="fl-2"/>
      </object_component>
      <object_component id="oc-16e">
         <name>.text.DL_GPIO_initDigitalOutput</name>
         <load_address>0x2f54</load_address>
         <readonly>true</readonly>
         <executable>true</executable>
         <run_address>0x2f54</run_address>
         <size>0x18</size>
         <alignment>0x4</alignment>
         <input_file_ref idref="fl-4"/>
      </object_component>
      <object_component id="oc-15d">
         <name>.text.DL_GPIO_reset</name>
         <load_address>0x2f6c</load_address>
         <readonly>true</readonly>
         <executable>true</executable>
         <run_address>0x2f6c</run_address>
         <size>0x18</size>
         <alignment>0x4</alignment>
         <input_file_ref idref="fl-4"/>
      </object_component>
      <object_component id="oc-134">
         <name>.text.DL_GPIO_setPins</name>
         <load_address>0x2f84</load_address>
         <readonly>true</readonly>
         <executable>true</executable>
         <run_address>0x2f84</run_address>
         <size>0x18</size>
         <alignment>0x4</alignment>
         <input_file_ref idref="fl-2"/>
      </object_component>
      <object_component id="oc-ec">
         <name>.text.DL_GPIO_setPins</name>
         <load_address>0x2f9c</load_address>
         <readonly>true</readonly>
         <executable>true</executable>
         <run_address>0x2f9c</run_address>
         <size>0x18</size>
         <alignment>0x4</alignment>
         <input_file_ref idref="fl-3"/>
      </object_component>
      <object_component id="oc-173">
         <name>.text.DL_GPIO_setUpperPinsPolarity</name>
         <load_address>0x2fb4</load_address>
         <readonly>true</readonly>
         <executable>true</executable>
         <run_address>0x2fb4</run_address>
         <size>0x18</size>
         <alignment>0x2</alignment>
         <input_file_ref idref="fl-4"/>
      </object_component>
      <object_component id="oc-1a4">
         <name>.text.DL_I2C_enableAnalogGlitchFilter</name>
         <load_address>0x2fcc</load_address>
         <readonly>true</readonly>
         <executable>true</executable>
         <run_address>0x2fcc</run_address>
         <size>0x18</size>
         <alignment>0x2</alignment>
         <input_file_ref idref="fl-4"/>
      </object_component>
      <object_component id="oc-1ab">
         <name>.text.DL_I2C_enableController</name>
         <load_address>0x2fe4</load_address>
         <readonly>true</readonly>
         <executable>true</executable>
         <run_address>0x2fe4</run_address>
         <size>0x18</size>
         <alignment>0x4</alignment>
         <input_file_ref idref="fl-4"/>
      </object_component>
      <object_component id="oc-1a9">
         <name>.text.DL_I2C_enableControllerClockStretching</name>
         <load_address>0x2ffc</load_address>
         <readonly>true</readonly>
         <executable>true</executable>
         <run_address>0x2ffc</run_address>
         <size>0x18</size>
         <alignment>0x4</alignment>
         <input_file_ref idref="fl-4"/>
      </object_component>
      <object_component id="oc-163">
         <name>.text.DL_I2C_enablePower</name>
         <load_address>0x3014</load_address>
         <readonly>true</readonly>
         <executable>true</executable>
         <run_address>0x3014</run_address>
         <size>0x18</size>
         <alignment>0x4</alignment>
         <input_file_ref idref="fl-4"/>
      </object_component>
      <object_component id="oc-15f">
         <name>.text.DL_I2C_reset</name>
         <load_address>0x302c</load_address>
         <readonly>true</readonly>
         <executable>true</executable>
         <run_address>0x302c</run_address>
         <size>0x18</size>
         <alignment>0x4</alignment>
         <input_file_ref idref="fl-4"/>
      </object_component>
      <object_component id="oc-1a6">
         <name>.text.DL_I2C_setTimerPeriod</name>
         <load_address>0x3044</load_address>
         <readonly>true</readonly>
         <executable>true</executable>
         <run_address>0x3044</run_address>
         <size>0x18</size>
         <alignment>0x4</alignment>
         <input_file_ref idref="fl-4"/>
      </object_component>
      <object_component id="oc-176">
         <name>.text.DL_SYSCTL_setBORThreshold</name>
         <load_address>0x305c</load_address>
         <readonly>true</readonly>
         <executable>true</executable>
         <run_address>0x305c</run_address>
         <size>0x18</size>
         <alignment>0x4</alignment>
         <input_file_ref idref="fl-4"/>
      </object_component>
      <object_component id="oc-162">
         <name>.text.DL_Timer_enablePower</name>
         <load_address>0x3074</load_address>
         <readonly>true</readonly>
         <executable>true</executable>
         <run_address>0x3074</run_address>
         <size>0x18</size>
         <alignment>0x4</alignment>
         <input_file_ref idref="fl-4"/>
      </object_component>
      <object_component id="oc-15e">
         <name>.text.DL_Timer_reset</name>
         <load_address>0x308c</load_address>
         <readonly>true</readonly>
         <executable>true</executable>
         <run_address>0x308c</run_address>
         <size>0x18</size>
         <alignment>0x4</alignment>
         <input_file_ref idref="fl-4"/>
      </object_component>
      <object_component id="oc-190">
         <name>.text.DL_Timer_setCaptureCompareOutCtl</name>
         <load_address>0x30a4</load_address>
         <readonly>true</readonly>
         <executable>true</executable>
         <run_address>0x30a4</run_address>
         <size>0x18</size>
         <alignment>0x4</alignment>
         <input_file_ref idref="fl-17"/>
      </object_component>
      <object_component id="oc-ee">
         <name>.text.DL_Timer_startCounter</name>
         <load_address>0x30bc</load_address>
         <readonly>true</readonly>
         <executable>true</executable>
         <run_address>0x30bc</run_address>
         <size>0x18</size>
         <alignment>0x4</alignment>
         <input_file_ref idref="fl-3"/>
      </object_component>
      <object_component id="oc-164">
         <name>.text.DL_UART_enablePower</name>
         <load_address>0x30d4</load_address>
         <readonly>true</readonly>
         <executable>true</executable>
         <run_address>0x30d4</run_address>
         <size>0x18</size>
         <alignment>0x4</alignment>
         <input_file_ref idref="fl-4"/>
      </object_component>
      <object_component id="oc-160">
         <name>.text.DL_UART_reset</name>
         <load_address>0x30ec</load_address>
         <readonly>true</readonly>
         <executable>true</executable>
         <run_address>0x30ec</run_address>
         <size>0x18</size>
         <alignment>0x4</alignment>
         <input_file_ref idref="fl-4"/>
      </object_component>
      <object_component id="oc-63">
         <name>.text.DL_GPIO_readPins</name>
         <load_address>0x3104</load_address>
         <readonly>true</readonly>
         <executable>true</executable>
         <run_address>0x3104</run_address>
         <size>0x16</size>
         <alignment>0x2</alignment>
         <input_file_ref idref="fl-2"/>
      </object_component>
      <object_component id="oc-f0">
         <name>.text.DL_GPIO_readPins</name>
         <load_address>0x311a</load_address>
         <readonly>true</readonly>
         <executable>true</executable>
         <run_address>0x311a</run_address>
         <size>0x16</size>
         <alignment>0x2</alignment>
         <input_file_ref idref="fl-3"/>
      </object_component>
      <object_component id="oc-1b1">
         <name>.text.DL_UART_enable</name>
         <load_address>0x3130</load_address>
         <readonly>true</readonly>
         <executable>true</executable>
         <run_address>0x3130</run_address>
         <size>0x16</size>
         <alignment>0x2</alignment>
         <input_file_ref idref="fl-4"/>
      </object_component>
      <object_component id="oc-52">
         <name>.text:decompress:ZI:__TI_zero_init_nomemset</name>
         <load_address>0x3146</load_address>
         <readonly>true</readonly>
         <executable>true</executable>
         <run_address>0x3146</run_address>
         <size>0x16</size>
         <alignment>0x2</alignment>
         <input_file_ref idref="fl-35"/>
      </object_component>
      <object_component id="oc-135">
         <name>.text.DL_GPIO_clearPins</name>
         <load_address>0x315c</load_address>
         <readonly>true</readonly>
         <executable>true</executable>
         <run_address>0x315c</run_address>
         <size>0x14</size>
         <alignment>0x2</alignment>
         <input_file_ref idref="fl-2"/>
      </object_component>
      <object_component id="oc-172">
         <name>.text.DL_GPIO_clearPins</name>
         <load_address>0x3170</load_address>
         <readonly>true</readonly>
         <executable>true</executable>
         <run_address>0x3170</run_address>
         <size>0x14</size>
         <alignment>0x2</alignment>
         <input_file_ref idref="fl-4"/>
      </object_component>
      <object_component id="oc-1a5">
         <name>.text.DL_I2C_resetControllerTransfer</name>
         <load_address>0x3184</load_address>
         <readonly>true</readonly>
         <executable>true</executable>
         <run_address>0x3184</run_address>
         <size>0x14</size>
         <alignment>0x4</alignment>
         <input_file_ref idref="fl-4"/>
      </object_component>
      <object_component id="oc-17a">
         <name>.text.DL_SYSCTL_disableSYSPLL</name>
         <load_address>0x3198</load_address>
         <readonly>true</readonly>
         <executable>true</executable>
         <run_address>0x3198</run_address>
         <size>0x14</size>
         <alignment>0x4</alignment>
         <input_file_ref idref="fl-4"/>
      </object_component>
      <object_component id="oc-182">
         <name>.text.DL_SYSCTL_enableSYSPLL</name>
         <load_address>0x31ac</load_address>
         <readonly>true</readonly>
         <executable>true</executable>
         <run_address>0x31ac</run_address>
         <size>0x14</size>
         <alignment>0x4</alignment>
         <input_file_ref idref="fl-4"/>
      </object_component>
      <object_component id="oc-193">
         <name>.text.DL_Timer_enableClock</name>
         <load_address>0x31c0</load_address>
         <readonly>true</readonly>
         <executable>true</executable>
         <run_address>0x31c0</run_address>
         <size>0x14</size>
         <alignment>0x4</alignment>
         <input_file_ref idref="fl-4"/>
      </object_component>
      <object_component id="oc-194">
         <name>.text.DL_Timer_setCCPDirection</name>
         <load_address>0x31d4</load_address>
         <readonly>true</readonly>
         <executable>true</executable>
         <run_address>0x31d4</run_address>
         <size>0x14</size>
         <alignment>0x2</alignment>
         <input_file_ref idref="fl-4"/>
      </object_component>
      <object_component id="oc-6b">
         <name>.text.DL_UART_receiveData</name>
         <load_address>0x31e8</load_address>
         <readonly>true</readonly>
         <executable>true</executable>
         <run_address>0x31e8</run_address>
         <size>0x14</size>
         <alignment>0x4</alignment>
         <input_file_ref idref="fl-6"/>
      </object_component>
      <object_component id="oc-91">
         <name>.text.DL_Timer_getPendingInterrupt</name>
         <load_address>0x31fc</load_address>
         <readonly>true</readonly>
         <executable>true</executable>
         <run_address>0x31fc</run_address>
         <size>0x12</size>
         <alignment>0x2</alignment>
         <input_file_ref idref="fl-2"/>
      </object_component>
      <object_component id="oc-1ad">
         <name>.text.DL_UART_setClockConfig</name>
         <load_address>0x320e</load_address>
         <readonly>true</readonly>
         <executable>true</executable>
         <run_address>0x320e</run_address>
         <size>0x12</size>
         <alignment>0x2</alignment>
         <input_file_ref idref="fl-18"/>
      </object_component>
      <object_component id="oc-dd">
         <name>.text:TI_memcpy_small</name>
         <load_address>0x3220</load_address>
         <readonly>true</readonly>
         <executable>true</executable>
         <run_address>0x3220</run_address>
         <size>0x12</size>
         <alignment>0x1</alignment>
         <input_file_ref idref="fl-ee"/>
      </object_component>
      <object_component id="oc-20">
         <name>.text:decompress:none</name>
         <load_address>0x3232</load_address>
         <readonly>true</readonly>
         <executable>true</executable>
         <run_address>0x3232</run_address>
         <size>0x12</size>
         <alignment>0x2</alignment>
         <input_file_ref idref="fl-36"/>
      </object_component>
      <object_component id="oc-179">
         <name>.text.DL_SYSCTL_disableHFXT</name>
         <load_address>0x3244</load_address>
         <readonly>true</readonly>
         <executable>true</executable>
         <run_address>0x3244</run_address>
         <size>0x10</size>
         <alignment>0x4</alignment>
         <input_file_ref idref="fl-4"/>
      </object_component>
      <object_component id="oc-1db">
         <name>.text.DL_SYSCTL_isFCCDone</name>
         <load_address>0x3254</load_address>
         <readonly>true</readonly>
         <executable>true</executable>
         <run_address>0x3254</run_address>
         <size>0x10</size>
         <alignment>0x2</alignment>
         <input_file_ref idref="fl-4"/>
      </object_component>
      <object_component id="oc-1da">
         <name>.text.DL_SYSCTL_startFCC</name>
         <load_address>0x3264</load_address>
         <readonly>true</readonly>
         <executable>true</executable>
         <run_address>0x3264</run_address>
         <size>0x10</size>
         <alignment>0x4</alignment>
         <input_file_ref idref="fl-4"/>
      </object_component>
      <object_component id="oc-192">
         <name>.text.DL_Timer_setCaptureCompareValue</name>
         <load_address>0x3274</load_address>
         <readonly>true</readonly>
         <executable>true</executable>
         <run_address>0x3274</run_address>
         <size>0x10</size>
         <alignment>0x4</alignment>
         <input_file_ref idref="fl-17"/>
      </object_component>
      <object_component id="oc-183">
         <name>.text.DL_SYSCTL_getClockStatus</name>
         <load_address>0x3284</load_address>
         <readonly>true</readonly>
         <executable>true</executable>
         <run_address>0x3284</run_address>
         <size>0xc</size>
         <alignment>0x4</alignment>
         <input_file_ref idref="fl-4"/>
      </object_component>
      <object_component id="oc-1dc">
         <name>.text.DL_SYSCTL_readFCC</name>
         <load_address>0x3290</load_address>
         <readonly>true</readonly>
         <executable>true</executable>
         <run_address>0x3290</run_address>
         <size>0xc</size>
         <alignment>0x4</alignment>
         <input_file_ref idref="fl-4"/>
      </object_component>
      <object_component id="oc-165">
         <name>.text.DL_Common_delayCycles</name>
         <load_address>0x329c</load_address>
         <readonly>true</readonly>
         <executable>true</executable>
         <run_address>0x329c</run_address>
         <size>0xa</size>
         <alignment>0x2</alignment>
         <input_file_ref idref="fl-15"/>
      </object_component>
      <object_component id="oc-4b">
         <name>.text.__aeabi_memcpy</name>
         <load_address>0x32a8</load_address>
         <readonly>true</readonly>
         <executable>true</executable>
         <run_address>0x32a8</run_address>
         <size>0x8</size>
         <alignment>0x4</alignment>
         <input_file_ref idref="fl-e8"/>
      </object_component>
      <object_component id="oc-fc">
         <name>.text:abort</name>
         <load_address>0x32b0</load_address>
         <readonly>true</readonly>
         <executable>true</executable>
         <run_address>0x32b0</run_address>
         <size>0x6</size>
         <alignment>0x2</alignment>
         <input_file_ref idref="fl-38"/>
      </object_component>
      <object_component id="oc-14c">
         <name>.text.HOSTexit</name>
         <load_address>0x32b6</load_address>
         <readonly>true</readonly>
         <executable>true</executable>
         <run_address>0x32b6</run_address>
         <size>0x4</size>
         <alignment>0x2</alignment>
         <input_file_ref idref="fl-da"/>
      </object_component>
      <object_component id="oc-2f">
         <name>.text.Reset_Handler</name>
         <load_address>0x32ba</load_address>
         <readonly>true</readonly>
         <executable>true</executable>
         <run_address>0x32ba</run_address>
         <size>0x4</size>
         <alignment>0x2</alignment>
         <input_file_ref idref="fl-5"/>
      </object_component>
      <object_component id="oc-b8">
         <name>.text._system_pre_init</name>
         <load_address>0x32be</load_address>
         <readonly>true</readonly>
         <executable>true</executable>
         <run_address>0x32be</run_address>
         <size>0x4</size>
         <alignment>0x2</alignment>
         <input_file_ref idref="fl-33"/>
      </object_component>
      <object_component id="oc-243">
         <name>.cinit..data.load</name>
         <load_address>0x3350</load_address>
         <readonly>true</readonly>
         <run_address>0x3350</run_address>
         <size>0x17</size>
         <alignment>0x1</alignment>
      </object_component>
      <object_component id="oc-241">
         <name>__TI_handler_table</name>
         <load_address>0x3368</load_address>
         <readonly>true</readonly>
         <run_address>0x3368</run_address>
         <size>0xc</size>
         <alignment>0x4</alignment>
      </object_component>
      <object_component id="oc-244">
         <name>.cinit..bss.load</name>
         <load_address>0x3374</load_address>
         <readonly>true</readonly>
         <run_address>0x3374</run_address>
         <size>0x8</size>
         <alignment>0x4</alignment>
      </object_component>
      <object_component id="oc-242">
         <name>__TI_cinit_table</name>
         <load_address>0x337c</load_address>
         <readonly>true</readonly>
         <run_address>0x337c</run_address>
         <size>0x10</size>
         <alignment>0x4</alignment>
      </object_component>
      <object_component id="oc-187">
         <name>.rodata.gSYSPLLConfig</name>
         <load_address>0x32d0</load_address>
         <readonly>true</readonly>
         <run_address>0x32d0</run_address>
         <size>0x28</size>
         <alignment>0x4</alignment>
         <input_file_ref idref="fl-4"/>
      </object_component>
      <object_component id="oc-19c">
         <name>.rodata.gTIMER_0TimerConfig</name>
         <load_address>0x32f8</load_address>
         <readonly>true</readonly>
         <run_address>0x32f8</run_address>
         <size>0x14</size>
         <alignment>0x4</alignment>
         <input_file_ref idref="fl-4"/>
      </object_component>
      <object_component id="oc-19a">
         <name>.rodata.gTIMER_Encoder_ReadTimerConfig</name>
         <load_address>0x330c</load_address>
         <readonly>true</readonly>
         <run_address>0x330c</run_address>
         <size>0x14</size>
         <alignment>0x4</alignment>
         <input_file_ref idref="fl-4"/>
      </object_component>
      <object_component id="oc-1b3">
         <name>.rodata.gUART_0Config</name>
         <load_address>0x3320</load_address>
         <readonly>true</readonly>
         <run_address>0x3320</run_address>
         <size>0xa</size>
         <alignment>0x2</alignment>
         <input_file_ref idref="fl-4"/>
      </object_component>
      <object_component id="oc-1b6">
         <name>.rodata.gUART_JY61PConfig</name>
         <load_address>0x332a</load_address>
         <readonly>true</readonly>
         <run_address>0x332a</run_address>
         <size>0xa</size>
         <alignment>0x2</alignment>
         <input_file_ref idref="fl-4"/>
      </object_component>
      <object_component id="oc-196">
         <name>.rodata.gPWM_0Config</name>
         <load_address>0x3334</load_address>
         <readonly>true</readonly>
         <run_address>0x3334</run_address>
         <size>0x8</size>
         <alignment>0x4</alignment>
         <input_file_ref idref="fl-4"/>
      </object_component>
      <object_component id="oc-195">
         <name>.rodata.gPWM_0ClockConfig</name>
         <load_address>0x333c</load_address>
         <readonly>true</readonly>
         <run_address>0x333c</run_address>
         <size>0x3</size>
         <alignment>0x1</alignment>
         <input_file_ref idref="fl-4"/>
      </object_component>
      <object_component id="oc-19b">
         <name>.rodata.gTIMER_0ClockConfig</name>
         <load_address>0x333f</load_address>
         <readonly>true</readonly>
         <run_address>0x333f</run_address>
         <size>0x3</size>
         <alignment>0x1</alignment>
         <input_file_ref idref="fl-4"/>
      </object_component>
      <object_component id="oc-199">
         <name>.rodata.gTIMER_Encoder_ReadClockConfig</name>
         <load_address>0x3342</load_address>
         <readonly>true</readonly>
         <run_address>0x3342</run_address>
         <size>0x3</size>
         <alignment>0x1</alignment>
         <input_file_ref idref="fl-4"/>
      </object_component>
      <object_component id="oc-1ac">
         <name>.rodata.gI2C_MPU6050ClockConfig</name>
         <load_address>0x3345</load_address>
         <readonly>true</readonly>
         <run_address>0x3345</run_address>
         <size>0x2</size>
         <alignment>0x1</alignment>
         <input_file_ref idref="fl-4"/>
      </object_component>
      <object_component id="oc-1b2">
         <name>.rodata.gUART_0ClockConfig</name>
         <load_address>0x3347</load_address>
         <readonly>true</readonly>
         <run_address>0x3347</run_address>
         <size>0x2</size>
         <alignment>0x1</alignment>
         <input_file_ref idref="fl-4"/>
      </object_component>
      <object_component id="oc-1b5">
         <name>.rodata.gUART_JY61PClockConfig</name>
         <load_address>0x3349</load_address>
         <readonly>true</readonly>
         <run_address>0x3349</run_address>
         <size>0x2</size>
         <alignment>0x1</alignment>
         <input_file_ref idref="fl-4"/>
      </object_component>
      <object_component id="oc-20b">
         <name>.binit</name>
         <load_address>0x0</load_address>
         <readonly>true</readonly>
         <run_address>0x0</run_address>
         <size>0x0</size>
         <alignment>0x4</alignment>
      </object_component>
      <object_component id="oc-67">
         <name>.data.gEncoderCount_left</name>
         <load_address>0x202001a0</load_address>
         <readwrite>true</readwrite>
         <run_address>0x202001a0</run_address>
         <size>0x4</size>
         <alignment>0x4</alignment>
         <input_file_ref idref="fl-2"/>
      </object_component>
      <object_component id="oc-92">
         <name>.data.gEncoderVal_left</name>
         <load_address>0x202001a8</load_address>
         <readwrite>true</readwrite>
         <run_address>0x202001a8</run_address>
         <size>0x4</size>
         <alignment>0x4</alignment>
         <input_file_ref idref="fl-2"/>
      </object_component>
      <object_component id="oc-68">
         <name>.data.gEncoderCount_right</name>
         <load_address>0x202001a4</load_address>
         <readwrite>true</readwrite>
         <run_address>0x202001a4</run_address>
         <size>0x4</size>
         <alignment>0x4</alignment>
         <input_file_ref idref="fl-2"/>
      </object_component>
      <object_component id="oc-93">
         <name>.data.gEncoderVal_right</name>
         <load_address>0x202001ac</load_address>
         <readwrite>true</readwrite>
         <run_address>0x202001ac</run_address>
         <size>0x4</size>
         <alignment>0x4</alignment>
         <input_file_ref idref="fl-2"/>
      </object_component>
      <object_component id="oc-140">
         <name>.data.targetA</name>
         <load_address>0x202001d0</load_address>
         <readwrite>true</readwrite>
         <run_address>0x202001d0</run_address>
         <size>0x4</size>
         <alignment>0x4</alignment>
         <input_file_ref idref="fl-2"/>
      </object_component>
      <object_component id="oc-141">
         <name>.data.targetB</name>
         <load_address>0x202001d4</load_address>
         <readwrite>true</readwrite>
         <run_address>0x202001d4</run_address>
         <size>0x4</size>
         <alignment>0x4</alignment>
         <input_file_ref idref="fl-2"/>
      </object_component>
      <object_component id="oc-149">
         <name>.data.flag</name>
         <load_address>0x2020019c</load_address>
         <readwrite>true</readwrite>
         <run_address>0x2020019c</run_address>
         <size>0x4</size>
         <alignment>0x4</alignment>
         <input_file_ref idref="fl-2"/>
      </object_component>
      <object_component id="oc-14a">
         <name>.data.n</name>
         <load_address>0x202001c8</load_address>
         <readwrite>true</readwrite>
         <run_address>0x202001c8</run_address>
         <size>0x4</size>
         <alignment>0x4</alignment>
         <input_file_ref idref="fl-2"/>
      </object_component>
      <object_component id="oc-96">
         <name>.data.whiteflag</name>
         <load_address>0x20200200</load_address>
         <readwrite>true</readwrite>
         <run_address>0x20200200</run_address>
         <size>0x4</size>
         <alignment>0x4</alignment>
         <input_file_ref idref="fl-2"/>
      </object_component>
      <object_component id="oc-a9">
         <name>.data.whiteflag1</name>
         <load_address>0x202001f8</load_address>
         <readwrite>true</readwrite>
         <run_address>0x202001f8</run_address>
         <size>0x4</size>
         <alignment>0x4</alignment>
         <input_file_ref idref="fl-2"/>
      </object_component>
      <object_component id="oc-ac">
         <name>.data.whiteflag2</name>
         <load_address>0x202001fc</load_address>
         <readwrite>true</readwrite>
         <run_address>0x202001fc</run_address>
         <size>0x4</size>
         <alignment>0x4</alignment>
         <input_file_ref idref="fl-2"/>
      </object_component>
      <object_component id="oc-94">
         <name>.data.timebegin</name>
         <load_address>0x202001e8</load_address>
         <readwrite>true</readwrite>
         <run_address>0x202001e8</run_address>
         <size>0x4</size>
         <alignment>0x4</alignment>
         <input_file_ref idref="fl-2"/>
      </object_component>
      <object_component id="oc-95">
         <name>.data.timenum</name>
         <load_address>0x202001f4</load_address>
         <readwrite>true</readwrite>
         <run_address>0x202001f4</run_address>
         <size>0x4</size>
         <alignment>0x4</alignment>
         <input_file_ref idref="fl-2"/>
      </object_component>
      <object_component id="oc-a7">
         <name>.data.timebegin1</name>
         <load_address>0x202001e0</load_address>
         <readwrite>true</readwrite>
         <run_address>0x202001e0</run_address>
         <size>0x4</size>
         <alignment>0x4</alignment>
         <input_file_ref idref="fl-2"/>
      </object_component>
      <object_component id="oc-a8">
         <name>.data.timenum1</name>
         <load_address>0x202001ec</load_address>
         <readwrite>true</readwrite>
         <run_address>0x202001ec</run_address>
         <size>0x4</size>
         <alignment>0x4</alignment>
         <input_file_ref idref="fl-2"/>
      </object_component>
      <object_component id="oc-aa">
         <name>.data.timebegin2</name>
         <load_address>0x202001e4</load_address>
         <readwrite>true</readwrite>
         <run_address>0x202001e4</run_address>
         <size>0x4</size>
         <alignment>0x4</alignment>
         <input_file_ref idref="fl-2"/>
      </object_component>
      <object_component id="oc-ab">
         <name>.data.timenum2</name>
         <load_address>0x202001f0</load_address>
         <readwrite>true</readwrite>
         <run_address>0x202001f0</run_address>
         <size>0x4</size>
         <alignment>0x4</alignment>
         <input_file_ref idref="fl-2"/>
      </object_component>
      <object_component id="oc-97">
         <name>.data.ledbegin</name>
         <load_address>0x202001b0</load_address>
         <readwrite>true</readwrite>
         <run_address>0x202001b0</run_address>
         <size>0x4</size>
         <alignment>0x4</alignment>
         <input_file_ref idref="fl-2"/>
      </object_component>
      <object_component id="oc-99">
         <name>.data.lednum</name>
         <load_address>0x202001c0</load_address>
         <readwrite>true</readwrite>
         <run_address>0x202001c0</run_address>
         <size>0x4</size>
         <alignment>0x4</alignment>
         <input_file_ref idref="fl-2"/>
      </object_component>
      <object_component id="oc-98">
         <name>.data.ledflag</name>
         <load_address>0x202001bc</load_address>
         <readwrite>true</readwrite>
         <run_address>0x202001bc</run_address>
         <size>0x4</size>
         <alignment>0x4</alignment>
         <input_file_ref idref="fl-2"/>
      </object_component>
      <object_component id="oc-146">
         <name>.data.ledflag1</name>
         <load_address>0x202001b4</load_address>
         <readwrite>true</readwrite>
         <run_address>0x202001b4</run_address>
         <size>0x4</size>
         <alignment>0x4</alignment>
         <input_file_ref idref="fl-2"/>
      </object_component>
      <object_component id="oc-147">
         <name>.data.ledflag2</name>
         <load_address>0x202001b8</load_address>
         <readwrite>true</readwrite>
         <run_address>0x202001b8</run_address>
         <size>0x4</size>
         <alignment>0x4</alignment>
         <input_file_ref idref="fl-2"/>
      </object_component>
      <object_component id="oc-14b">
         <name>.data.error</name>
         <load_address>0x20200198</load_address>
         <readwrite>true</readwrite>
         <run_address>0x20200198</run_address>
         <size>0x4</size>
         <alignment>0x4</alignment>
         <input_file_ref idref="fl-2"/>
      </object_component>
      <object_component id="oc-148">
         <name>.data.m</name>
         <load_address>0x202001c4</load_address>
         <readwrite>true</readwrite>
         <run_address>0x202001c4</run_address>
         <size>0x4</size>
         <alignment>0x4</alignment>
         <input_file_ref idref="fl-2"/>
      </object_component>
      <object_component id="oc-13e">
         <name>.data.a</name>
         <load_address>0x20200190</load_address>
         <readwrite>true</readwrite>
         <run_address>0x20200190</run_address>
         <size>0x4</size>
         <alignment>0x4</alignment>
         <input_file_ref idref="fl-2"/>
      </object_component>
      <object_component id="oc-a6">
         <name>.data.dirt_ignore_ticks</name>
         <load_address>0x20200194</load_address>
         <readwrite>true</readwrite>
         <run_address>0x20200194</run_address>
         <size>0x4</size>
         <alignment>0x4</alignment>
         <input_file_ref idref="fl-2"/>
      </object_component>
      <object_component id="oc-13f">
         <name>.data.pwmstart</name>
         <load_address>0x202001cc</load_address>
         <readwrite>true</readwrite>
         <run_address>0x202001cc</run_address>
         <size>0x4</size>
         <alignment>0x4</alignment>
         <input_file_ref idref="fl-2"/>
      </object_component>
      <object_component id="oc-ae">
         <name>.data.tim</name>
         <load_address>0x202001d8</load_address>
         <readwrite>true</readwrite>
         <run_address>0x202001d8</run_address>
         <size>0x4</size>
         <alignment>0x4</alignment>
         <input_file_ref idref="fl-2"/>
      </object_component>
      <object_component id="oc-ad">
         <name>.data.timbegin</name>
         <load_address>0x202001dc</load_address>
         <readwrite>true</readwrite>
         <run_address>0x202001dc</run_address>
         <size>0x4</size>
         <alignment>0x4</alignment>
         <input_file_ref idref="fl-2"/>
      </object_component>
      <object_component id="oc-80">
         <name>.data.RxState</name>
         <load_address>0x20200204</load_address>
         <readwrite>true</readwrite>
         <run_address>0x20200204</run_address>
         <size>0x1</size>
         <alignment>0x1</alignment>
         <input_file_ref idref="fl-6"/>
      </object_component>
[...]
      </symbol>
      <symbol id="sm-1fb">
         <name>HardFault_Handler</name>
         <value>0x233d</value>
         <object_component_ref idref="oc-33"/>
      </symbol>
      <symbol id="sm-1fc">
         <name>SVC_Handler</name>
         <value>0x233d</value>
         <object_component_ref idref="oc-33"/>
      </symbol>
      <symbol id="sm-1fd">
         <name>PendSV_Handler</name>
         <value>0x233d</value>
         <object_component_ref idref="oc-33"/>
      </symbol>
      <symbol id="sm-1fe">
         <name>SysTick_Handler</name>
         <value>0x233d</value>
         <object_component_ref idref="oc-33"/>
      </symbol>
      <symbol id="sm-1ff">
         <name>GROUP0_IRQHandler</name>
         <value>0x233d</value>
         <object_component_ref idref="oc-33"/>
      </symbol>
      <symbol id="sm-200">
         <name>TIMG8_IRQHandler</name>
         <value>0x233d</value>
         <object_component_ref idref="oc-33"/>
      </symbol>
      <symbol id="sm-201">
         <name>UART3_IRQHandler</name>
         <value>0x233d</value>
         <object_component_ref idref="oc-33"/>
      </symbol>
      <symbol id="sm-202">
         <name>ADC0_IRQHandler</name>
         <value>0x233d</value>
         <object_component_ref idref="oc-33"/>
      </symbol>
      <symbol id="sm-203">
         <name>ADC1_IRQHandler</name>
         <value>0x233d</value>
         <object_component_ref idref="oc-33"/>
      </symbol>
      <symbol id="sm-204">
         <name>CANFD0_IRQHandler</name>
         <value>0x233d</value>
         <object_component_ref idref="oc-33"/>
      </symbol>
      <symbol id="sm-205">
         <name>DAC0_IRQHandler</name>
         <value>0x233d</value>
         <object_component_ref idref="oc-33"/>
      </symbol>
      <symbol id="sm-206">
         <name>SPI0_IRQHandler</name>
         <value>0x233d</value>
         <object_component_ref idref="oc-33"/>
      </symbol>
      <symbol id="sm-207">
         <name>SPI1_IRQHandler</name>
         <value>0x233d</value>
         <object_component_ref idref="oc-33"/>
      </symbol>
      <symbol id="sm-208">
         <name>UART1_IRQHandler</name>
         <value>0x233d</value>
         <object_component_ref idref="oc-33"/>
      </symbol>
      <symbol id="sm-209">
         <name>UART0_IRQHandler</name>
         <value>0x233d</value>
         <object_component_ref idref="oc-33"/>
      </symbol>
      <symbol id="sm-20a">
         <name>TIMG0_IRQHandler</name>
         <value>0x233d</value>
         <object_component_ref idref="oc-33"/>
      </symbol>
      <symbol id="sm-20b">
         <name>TIMA0_IRQHandler</name>
         <value>0x233d</value>
         <object_component_ref idref="oc-33"/>
      </symbol>
      <symbol id="sm-20c">
         <name>TIMA1_IRQHandler</name>
         <value>0x233d</value>
         <object_component_ref idref="oc-33"/>
      </symbol>
      <symbol id="sm-20d">
         <name>TIMG12_IRQHandler</name>
         <value>0x233d</value>
         <object_component_ref idref="oc-33"/>
      </symbol>
      <symbol id="sm-20e">
         <name>I2C0_IRQHandler</name>
         <value>0x233d</value>
         <object_component_ref idref="oc-33"/>
      </symbol>
      <symbol id="sm-20f">
         <name>I2C1_IRQHandler</name>
         <value>0x233d</value>
         <object_component_ref idref="oc-33"/>
      </symbol>
      <symbol id="sm-210">
         <name>AES_IRQHandler</name>
         <value>0x233d</value>
         <object_component_ref idref="oc-33"/>
      </symbol>
      <symbol id="sm-211">
         <name>RTC_IRQHandler</name>
         <value>0x233d</value>
         <object_component_ref idref="oc-33"/>
      </symbol>
      <symbol id="sm-212">
         <name>DMA_IRQHandler</name>
         <value>0x233d</value>
         <object_component_ref idref="oc-33"/>
      </symbol>
      <symbol id="sm-223">
         <name>Serial_JY61P_Zero_Yaw</name>
         <value>0x1ef5</value>
         <object_component_ref idref="oc-ef"/>
      </symbol>
      <symbol id="sm-224">
         <name>UART2_IRQHandler</name>
         <value>0x985</value>
         <object_component_ref idref="oc-39"/>
      </symbol>
      <symbol id="sm-225">
         <name>RxState</name>
         <value>0x20200204</value>
         <object_component_ref idref="oc-80"/>
      </symbol>
      <symbol id="sm-226">
         <name>dataIndex</name>
         <value>0x20200205</value>
         <object_component_ref idref="oc-81"/>
      </symbol>
      <symbol id="sm-227">
         <name>receivedData</name>
         <value>0x20200140</value>
      </symbol>
      <symbol id="sm-228">
         <name>RollL</name>
         <value>0x20200188</value>
      </symbol>
      <symbol id="sm-229">
         <name>RollH</name>
         <value>0x2020014b</value>
      </symbol>
      <symbol id="sm-22a">
         <name>PitchL</name>
         <value>0x2020014a</value>
      </symbol>
      <symbol id="sm-22b">
         <name>PitchH</name>
         <value>0x20200149</value>
      </symbol>
      <symbol id="sm-22c">
         <name>YawL</name>
         <value>0x2020018d</value>
      </symbol>
      <symbol id="sm-22d">
         <name>YawH</name>
         <value>0x2020018c</value>
      </symbol>
      <symbol id="sm-22e">
         <name>VL</name>
         <value>0x2020018b</value>
      </symbol>
      <symbol id="sm-22f">
         <name>VH</name>
         <value>0x2020018a</value>
      </symbol>
      <symbol id="sm-230">
         <name>SUM</name>
         <value>0x20200189</value>
      </symbol>
      <symbol id="sm-231">
         <name>Roll</name>
         <value>0x20200178</value>
      </symbol>
      <symbol id="sm-232">
         <name>Pitch</name>
         <value>0x20200174</value>
      </symbol>
      <symbol id="sm-233">
         <name>Yaw</name>
         <value>0x2020017c</value>
      </symbol>
      <symbol id="sm-234">
         <name>__TI_ATRegion0_src_addr</name>
         <value>0x0</value>
      </symbol>
      <symbol id="sm-235">
         <name>__TI_ATRegion0_trg_addr</name>
         <value>0x0</value>
      </symbol>
      <symbol id="sm-236">
         <name>__TI_ATRegion0_region_sz</name>
         <value>0x0</value>
      </symbol>
      <symbol id="sm-237">
         <name>__TI_ATRegion1_src_addr</name>
         <value>0x0</value>
      </symbol>
      <symbol id="sm-238">
         <name>__TI_ATRegion1_trg_addr</name>
         <value>0x0</value>
      </symbol>
      <symbol id="sm-239">
         <name>__TI_ATRegion1_region_sz</name>
         <value>0x0</value>
      </symbol>
      <symbol id="sm-23a">
         <name>__TI_ATRegion2_src_addr</name>
         <value>0x0</value>
      </symbol>
      <symbol id="sm-23b">
         <name>__TI_ATRegion2_trg_addr</name>
         <value>0x0</value>
      </symbol>
      <symbol id="sm-23c">
         <name>__TI_ATRegion2_region_sz</name>
         <value>0x0</value>
      </symbol>
      <symbol id="sm-245">
         <name>DL_Common_delayCycles</name>
         <value>0x329d</value>
         <object_component_ref idref="oc-165"/>
      </symbol>
      <symbol id="sm-24f">
         <name>DL_I2C_setClockConfig</name>
         <value>0x2c5b</value>
         <object_component_ref idref="oc-19d"/>
      </symbol>
      <symbol id="sm-26b">
         <name>DL_Timer_setClockConfig</name>
         <value>0x2ed5</value>
         <object_component_ref idref="oc-188"/>
      </symbol>
      <symbol id="sm-26c">
         <name>DL_Timer_initTimerMode</name>
         <value>0x1679</value>
         <object_component_ref idref="oc-197"/>
      </symbol>
      <symbol id="sm-26d">
         <name>DL_Timer_setCaptureCompareValue</name>
         <value>0x3275</value>
         <object_component_ref idref="oc-192"/>
      </symbol>
      <symbol id="sm-26e">
         <name>DL_Timer_setCaptCompUpdateMethod</name>
         <value>0x2eb9</value>
         <object_component_ref idref="oc-191"/>
      </symbol>
      <symbol id="sm-26f">
         <name>DL_Timer_setCaptureCompareOutCtl</name>
         <value>0x30a5</value>
         <object_component_ref idref="oc-190"/>
      </symbol>
      <symbol id="sm-270">
         <name>DL_Timer_initFourCCPWMMode</name>
         <value>0x1575</value>
         <object_component_ref idref="oc-18e"/>
      </symbol>
      <symbol id="sm-280">
         <name>DL_UART_init</name>
         <value>0x26f5</value>
         <object_component_ref idref="oc-1ae"/>
      </symbol>
      <symbol id="sm-281">
         <name>DL_UART_setClockConfig</name>
         <value>0x320f</value>
         <object_component_ref idref="oc-1ad"/>
      </symbol>
      <symbol id="sm-282">
         <name>DL_UART_transmitDataBlocking</name>
         <value>0x2b39</value>
         <object_component_ref idref="oc-12b"/>
      </symbol>
      <symbol id="sm-293">
         <name>DL_SYSCTL_configSYSPLL</name>
         <value>0x1be5</value>
         <object_component_ref idref="oc-17b"/>
      </symbol>
      <symbol id="sm-294">
         <name>DL_SYSCTL_switchMCLKfromSYSOSCtoHSCLK</name>
         <value>0x2785</value>
         <object_component_ref idref="oc-185"/>
      </symbol>
      <symbol id="sm-295">
         <name>DL_SYSCTL_configFCC</name>
         <value>0x2e2d</value>
         <object_component_ref idref="oc-1d9"/>
      </symbol>
      <symbol id="sm-2a0">
         <name>_c_int00_noargs</name>
         <value>0x2c0d</value>
         <object_component_ref idref="oc-5b"/>
      </symbol>
      <symbol id="sm-2a1">
         <name>__stack</name>
         <value>0x20207e00</value>
         <object_component_ref idref="oc-1a"/>
      </symbol>
      <symbol id="sm-2ad">
         <name>__TI_auto_init_nobinit_nopinit</name>
         <value>0x29b5</value>
         <object_component_ref idref="oc-103"/>
      </symbol>
      <symbol id="sm-2b5">
         <name>_system_pre_init</name>
         <value>0x32bf</value>
         <object_component_ref idref="oc-b8"/>
      </symbol>
      <symbol id="sm-2c0">
         <name>__TI_zero_init_nomemset</name>
         <value>0x3147</value>
         <object_component_ref idref="oc-52"/>
      </symbol>
      <symbol id="sm-2c9">
         <name>__TI_decompress_none</name>
         <value>0x3233</value>
         <object_component_ref idref="oc-20"/>
      </symbol>
      <symbol id="sm-2d4">
         <name>__TI_decompress_lzss</name>
         <value>0x224d</value>
         <object_component_ref idref="oc-1c"/>
      </symbol>
      <symbol id="sm-2de">
         <name>abort</name>
         <value>0x32b1</value>
         <object_component_ref idref="oc-fc"/>
      </symbol>
      <symbol id="sm-2e8">
         <name>HOSTexit</name>
         <value>0x32b7</value>
         <object_component_ref idref="oc-14c"/>
      </symbol>
      <symbol id="sm-2e9">
         <name>C$$EXIT</name>
         <value>0x32b6</value>
         <object_component_ref idref="oc-14c"/>
      </symbol>
      <symbol id="sm-2ef">
         <name>__aeabi_fadd</name>
         <value>0x1ccb</value>
         <object_component_ref idref="oc-7c"/>
      </symbol>
      <symbol id="sm-2f0">
         <name>__addsf3</name>
         <value>0x1ccb</value>
         <object_component_ref idref="oc-7c"/>
      </symbol>
      <symbol id="sm-2f1">
         <name>__aeabi_fsub</name>
         <value>0x1cc1</value>
         <object_component_ref idref="oc-7c"/>
      </symbol>
      <symbol id="sm-2f2">
         <name>__subsf3</name>
         <value>0x1cc1</value>
         <object_component_ref idref="oc-7c"/>
      </symbol>
      <symbol id="sm-2f8">
         <name>__aeabi_dadd</name>
         <value>0x100b</value>
         <object_component_ref idref="oc-9e"/>
      </symbol>
      <symbol id="sm-2f9">
         <name>__adddf3</name>
         <value>0x100b</value>
         <object_component_ref idref="oc-9e"/>
      </symbol>
      <symbol id="sm-2fa">
         <name>__aeabi_dsub</name>
         <value>0x1001</value>
         <object_component_ref idref="oc-9e"/>
      </symbol>
      <symbol id="sm-2fb">
         <name>__subdf3</name>
         <value>0x1001</value>
         <object_component_ref idref="oc-9e"/>
      </symbol>
      <symbol id="sm-301">
         <name>__aeabi_dmul</name>
         <value>0x1941</value>
         <object_component_ref idref="oc-1b9"/>
      </symbol>
      <symbol id="sm-302">
         <name>__muldf3</name>
         <value>0x1941</value>
         <object_component_ref idref="oc-1b9"/>
      </symbol>
      <symbol id="sm-308">
         <name>__muldsi3</name>
         <value>0x2a2d</value>
         <object_component_ref idref="oc-cd"/>
      </symbol>
      <symbol id="sm-30e">
         <name>__aeabi_fmul</name>
         <value>0x20b9</value>
         <object_component_ref idref="oc-74"/>
      </symbol>
      <symbol id="sm-30f">
         <name>__mulsf3</name>
         <value>0x20b9</value>
         <object_component_ref idref="oc-74"/>
      </symbol>
      <symbol id="sm-315">
         <name>__aeabi_fdiv</name>
         <value>0x21c9</value>
         <object_component_ref idref="oc-70"/>
      </symbol>
      <symbol id="sm-316">
         <name>__divsf3</name>
         <value>0x21c9</value>
         <object_component_ref idref="oc-70"/>
      </symbol>
      <symbol id="sm-31c">
         <name>__aeabi_f2d</name>
         <value>0x2849</value>
         <object_component_ref idref="oc-9a"/>
      </symbol>
      <symbol id="sm-31d">
         <name>__extendsfdf2</name>
         <value>0x2849</value>
         <object_component_ref idref="oc-9a"/>
      </symbol>
      <symbol id="sm-323">
         <name>__aeabi_f2iz</name>
         <value>0x2a69</value>
         <object_component_ref idref="oc-138"/>
      </symbol>
      <symbol id="sm-324">
         <name>__fixsfsi</name>
         <value>0x2a69</value>
         <object_component_ref idref="oc-138"/>
      </symbol>
      <symbol id="sm-32a">
         <name>__aeabi_i2f</name>
         <value>0x293d</value>
         <object_component_ref idref="oc-6c"/>
      </symbol>
      <symbol id="sm-32b">
         <name>__floatsisf</name>
         <value>0x293d</value>
         <object_component_ref idref="oc-6c"/>
      </symbol>
      <symbol id="sm-331">
         <name>__aeabi_ui2d</name>
         <value>0x2c81</value>
         <object_component_ref idref="oc-1e1"/>
      </symbol>
      <symbol id="sm-332">
         <name>__floatunsidf</name>
         <value>0x2c81</value>
         <object_component_ref idref="oc-1e1"/>
      </symbol>
      <symbol id="sm-339">
         <name>__aeabi_d2f</name>
         <value>0x2341</value>
         <object_component_ref idref="oc-a2"/>
      </symbol>
      <symbol id="sm-33a">
         <name>__truncdfsf2</name>
         <value>0x2341</value>
         <object_component_ref idref="oc-a2"/>
      </symbol>
      <symbol id="sm-340">
         <name>__aeabi_dcmpeq</name>
         <value>0x24f1</value>
         <object_component_ref idref="oc-1e5"/>
      </symbol>
      <symbol id="sm-341">
         <name>__aeabi_dcmplt</name>
         <value>0x2505</value>
         <object_component_ref idref="oc-1e5"/>
      </symbol>
      <symbol id="sm-342">
         <name>__aeabi_dcmple</name>
         <value>0x2519</value>
         <object_component_ref idref="oc-1e5"/>
      </symbol>
      <symbol id="sm-343">
         <name>__aeabi_dcmpge</name>
         <value>0x252d</value>
         <object_component_ref idref="oc-1e5"/>
      </symbol>
      <symbol id="sm-344">
         <name>__aeabi_dcmpgt</name>
         <value>0x2541</value>
         <object_component_ref idref="oc-1e5"/>
      </symbol>
      <symbol id="sm-34a">
         <name>__aeabi_fcmpeq</name>
         <value>0x2555</value>
         <object_component_ref idref="oc-78"/>
      </symbol>
      <symbol id="sm-34b">
         <name>__aeabi_fcmplt</name>
         <value>0x2569</value>
         <object_component_ref idref="oc-78"/>
      </symbol>
      <symbol id="sm-34c">
         <name>__aeabi_fcmple</name>
         <value>0x257d</value>
         <object_component_ref idref="oc-78"/>
      </symbol>
      <symbol id="sm-34d">
         <name>__aeabi_fcmpge</name>
         <value>0x2591</value>
         <object_component_ref idref="oc-78"/>
      </symbol>
      <symbol id="sm-34e">
         <name>__aeabi_fcmpgt</name>
         <value>0x25a5</value>
         <object_component_ref idref="oc-78"/>
      </symbol>
      <symbol id="sm-354">
         <name>__aeabi_memcpy</name>
         <value>0x32a9</value>
         <object_component_ref idref="oc-4b"/>
      </symbol>
      <symbol id="sm-355">
         <name>__aeabi_memcpy4</name>
         <value>0x32a9</value>
         <object_component_ref idref="oc-4b"/>
      </symbol>
      <symbol id="sm-356">
         <name>__aeabi_memcpy8</name>
         <value>0x32a9</value>
         <object_component_ref idref="oc-4b"/>
      </symbol>
      <symbol id="sm-35c">
         <name>__aeabi_uidiv</name>
         <value>0x2809</value>
         <object_component_ref idref="oc-1dd"/>
      </symbol>
      <symbol id="sm-35d">
         <name>__aeabi_uidivmod</name>
         <value>0x2809</value>
         <object_component_ref idref="oc-1dd"/>
      </symbol>
      <symbol id="sm-366">
         <name>__eqsf2</name>
         <value>0x29f1</value>
         <object_component_ref idref="oc-d2"/>
      </symbol>
      <symbol id="sm-367">
         <name>__lesf2</name>
         <value>0x29f1</value>
         <object_component_ref idref="oc-d2"/>
      </symbol>
      <symbol id="sm-368">
         <name>__ltsf2</name>
         <value>0x29f1</value>
         <object_component_ref idref="oc-d2"/>
      </symbol>
      <symbol id="sm-369">
         <name>__nesf2</name>
         <value>0x29f1</value>
         <object_component_ref idref="oc-d2"/>
      </symbol>
      <symbol id="sm-36a">
         <name>__cmpsf2</name>
         <value>0x29f1</value>
         <object_component_ref idref="oc-d2"/>
      </symbol>
      <symbol id="sm-36b">
         <name>__gtsf2</name>
         <value>0x2979</value>
         <object_component_ref idref="oc-d7"/>
      </symbol>
      <symbol id="sm-36c">
         <name>__gesf2</name>
         <value>0x2979</value>
         <object_component_ref idref="oc-d7"/>
      </symbol>
      <symbol id="sm-37a">
         <name>__ledf2</name>
         <value>0x2425</value>
         <object_component_ref idref="oc-1f5"/>
      </symbol>
      <symbol id="sm-37b">
         <name>__gedf2</name>
         <value>0x22c9</value>
         <object_component_ref idref="oc-1fb"/>
      </symbol>
      <symbol id="sm-37c">
         <name>__cmpdf2</name>
         <value>0x2425</value>
         <object_component_ref idref="oc-1f5"/>
      </symbol>
      <symbol id="sm-37d">
         <name>__eqdf2</name>
         <value>0x2425</value>
         <object_component_ref idref="oc-1f5"/>
      </symbol>
      <symbol id="sm-37e">
         <name>__ltdf2</name>
         <value>0x2425</value>
         <object_component_ref idref="oc-1f5"/>
      </symbol>
      <symbol id="sm-37f">
         <name>__nedf2</name>
         <value>0x2425</value>
         <object_component_ref idref="oc-1f5"/>
      </symbol>
      <symbol id="sm-380">
         <name>__gtdf2</name>
         <value>0x22c9</value>
         <object_component_ref idref="oc-1fb"/>
      </symbol>
      <symbol id="sm-38a">
         <name>__aeabi_idiv0</name>
         <value>0x1193</value>
         <object_component_ref idref="oc-1ee"/>
      </symbol>
      <symbol id="sm-393">
         <name>TI_memcpy_small</name>
         <value>0x3221</value>
         <object_component_ref idref="oc-dd"/>
      </symbol>
      <symbol id="sm-394">
         <name>__TI_static_base__</name>
         <value>0x0</value>
      </symbol>
      <symbol id="sm-397">
         <name>__mpu_init</name>
         <value>0x0</value>
      </symbol>
      <symbol id="sm-398">
         <name>_system_post_cinit</name>
         <value>0x0</value>
      </symbol>
   </symbol_table>
   <title>Link successful</title>
</link_info>
