Component: ARM Compiler 6.16 Tool: armlink [5dfeaa00]

==============================================================================

Section Cross References

    empty.o(.text.main) refers to ti_msp_dl_config.o(.text.SYSCFG_DL_init) for SYSCFG_DL_init
    empty.o(.text.main) refers to empty.o(.text.delay_ms) for delay_ms
    empty.o(.text.main) refers to empty.o(.text.__NVIC_ClearPendingIRQ) for __NVIC_ClearPendingIRQ
    empty.o(.text.main) refers to empty.o(.text.__NVIC_EnableIRQ) for __NVIC_EnableIRQ
    empty.o(.text.main) refers to empty.o(.text.DL_Timer_startCounter) for DL_Timer_startCounter
    empty.o(.text.main) refers to imu.o(.text.Gyro_ConfigReportRateRx) for Gyro_ConfigReportRateRx
    empty.o(.text.main) refers to fflti.o(.text) for __aeabi_i2f
    empty.o(.text.main) refers to f2d.o(.text) for __aeabi_f2d
    empty.o(.text.main) refers to dmul.o(.text) for __aeabi_dmul
    empty.o(.text.main) refers to d2f.o(.text) for __aeabi_d2f
    empty.o(.text.main) refers to printf.o(.text) for printf
    empty.o(.text.main) refers to imu.o(.bss.gyro_rx_done) for gyro_rx_done
    empty.o(.text.main) refers to imu.o(.bss.gyro_angle_raw) for gyro_angle_raw
    empty.o(.text.main) refers to empty.o(.bss.gyro_angle_raw_f) for gyro_angle_raw_f
    empty.o(.text.main) refers to imu.o(.bss.gyro_dps_raw) for gyro_dps_raw
    empty.o(.text.main) refers to empty.o(.bss.gyro_dps_raw_f) for gyro_dps_raw_f
    empty.o(.text.main) refers to empty.o(.rodata.str1.1) for [Anonymous Symbol]
    empty.o(.ARM.exidx.text.main) refers to empty.o(.text.main) for [Anonymous Symbol]
    empty.o(.text.delay_ms) refers to empty.o(.bss.delay_times) for delay_times
    empty.o(.ARM.exidx.text.delay_ms) refers to empty.o(.text.delay_ms) for [Anonymous Symbol]
    empty.o(.ARM.exidx.text.__NVIC_ClearPendingIRQ) refers to empty.o(.text.__NVIC_ClearPendingIRQ) for [Anonymous Symbol]
    empty.o(.ARM.exidx.text.__NVIC_EnableIRQ) refers to empty.o(.text.__NVIC_EnableIRQ) for [Anonymous Symbol]
    empty.o(.ARM.exidx.text.DL_Timer_startCounter) refers to empty.o(.text.DL_Timer_startCounter) for [Anonymous Symbol]
    empty.o(.text.TIMA0_IRQHandler) refers to empty.o(.text.DL_Timer_getPendingInterrupt) for DL_Timer_getPendingInterrupt
    empty.o(.text.TIMA0_IRQHandler) refers to empty.o(.bss.T0_Count) for T0_Count
    empty.o(.text.TIMA0_IRQHandler) refers to empty.o(.bss.speed_tx_flag) for speed_tx_flag
    empty.o(.ARM.exidx.text.TIMA0_IRQHandler) refers to empty.o(.text.TIMA0_IRQHandler) for [Anonymous Symbol]
    empty.o(.ARM.exidx.text.DL_Timer_getPendingInterrupt) refers to empty.o(.text.DL_Timer_getPendingInterrupt) for [Anonymous Symbol]
    empty.o(.text.UART3_IRQHandler) refers to empty.o(.text.DL_UART_getPendingInterrupt) for DL_UART_getPendingInterrupt
    empty.o(.text.UART3_IRQHandler) refers to empty.o(.text.DL_UART_receiveData) for DL_UART_receiveData
    empty.o(.text.UART3_IRQHandler) refers to imu.o(.text.Gyro_ParseFrame) for Gyro_ParseFrame
    empty.o(.text.UART3_IRQHandler) refers to empty.o(.bss.uart_data) for uart_data
    empty.o(.ARM.exidx.text.UART3_IRQHandler) refers to empty.o(.text.UART3_IRQHandler) for [Anonymous Symbol]
    empty.o(.ARM.exidx.text.DL_UART_getPendingInterrupt) refers to empty.o(.text.DL_UART_getPendingInterrupt) for [Anonymous Symbol]
    empty.o(.ARM.exidx.text.DL_UART_receiveData) refers to empty.o(.text.DL_UART_receiveData) for [Anonymous Symbol]
    empty.o(.text.SysTick_Handler) refers to empty.o(.bss.delay_times) for delay_times
    empty.o(.ARM.exidx.text.SysTick_Handler) refers to empty.o(.text.SysTick_Handler) for [Anonymous Symbol]
    startup_mspm0g350x_uvision.o(STACK) refers (Special) to heapauxi.o(.text) for __use_two_region_memory
    startup_mspm0g350x_uvision.o(HEAP) refers (Special) to heapauxi.o(.text) for __use_two_region_memory
    startup_mspm0g350x_uvision.o(RESET) refers (Special) to heapauxi.o(.text) for __use_two_region_memory
    startup_mspm0g350x_uvision.o(RESET) refers to startup_mspm0g350x_uvision.o(STACK) for __initial_sp
    startup_mspm0g350x_uvision.o(RESET) refers to startup_mspm0g350x_uvision.o(.text) for Reset_Handler
    startup_mspm0g350x_uvision.o(RESET) refers to empty.o(.text.SysTick_Handler) for SysTick_Handler
    startup_mspm0g350x_uvision.o(RESET) refers to empty.o(.text.UART3_IRQHandler) for UART3_IRQHandler
    startup_mspm0g350x_uvision.o(RESET) refers to empty.o(.text.TIMA0_IRQHandler) for TIMA0_IRQHandler
    startup_mspm0g350x_uvision.o(.text) refers (Special) to heapauxi.o(.text) for __use_two_region_memory
    startup_mspm0g350x_uvision.o(.text) refers to __main.o(!!!main) for __main
    startup_mspm0g350x_uvision.o(.text) refers to startup_mspm0g350x_uvision.o(HEAP) for Heap_Mem
    startup_mspm0g350x_uvision.o(.text) refers to startup_mspm0g350x_uvision.o(STACK) for Stack_Mem
    ti_msp_dl_config.o(.text.SYSCFG_DL_init) refers to ti_msp_dl_config.o(.text.SYSCFG_DL_initPower) for SYSCFG_DL_initPower
[...]
    .text                                    0x00000490   Section        0  d2f.o(.text)
    .text                                    0x0000050c   Section        0  dmul.o(.text)
    .text                                    0x00000754   Section        0  f2d.o(.text)
    .text                                    0x000007a8   Section        0  fflti.o(.text)
    .text                                    0x00000806   Section        0  _printf_pad.o(.text)
    .text                                    0x00000854   Section        0  _printf_truncate.o(.text)
    .text                                    0x00000878   Section        0  _printf_str.o(.text)
    .text                                    0x000008cc   Section        0  _printf_dec.o(.text)
    .text                                    0x00000938   Section        0  _printf_charcount.o(.text)
    .text                                    0x00000960   Section        0  _printf_char_file.o(.text)
    .text                                    0x00000988   Section        0  _printf_wctomb.o(.text)
    .text                                    0x00000a44   Section        0  _printf_longlong_dec.o(.text)
    _printf_longlong_oct_internal            0x00000ab5   Thumb Code     0  _printf_oct_int_ll.o(.text)
    .text                                    0x00000ab4   Section        0  _printf_oct_int_ll.o(.text)
    _printf_hex_common                       0x00000b25   Thumb Code     0  _printf_hex_int_ll_ptr.o(.text)
    .text                                    0x00000b24   Section        0  _printf_hex_int_ll_ptr.o(.text)
    .text                                    0x00000bbc   Section        0  __printf_flags_ss_wp.o(.text)
    .text                                    0x00000d44   Section        0  lludiv10.o(.text)
    .text                                    0x00000dbe   Section        0  _printf_intcommon.o(.text)
    _fp_digits                               0x00000e71   Thumb Code   412  _printf_fp_dec.o(.text)
    .text                                    0x00000e70   Section        0  _printf_fp_dec.o(.text)
    .text                                    0x00001284   Section        0  _printf_fp_hex.o(.text)
    _printf_input_char                       0x0000155d   Thumb Code    10  _printf_char_common.o(.text)
    .text                                    0x0000155c   Section        0  _printf_char_common.o(.text)
    .text                                    0x0000158c   Section        0  _printf_char.o(.text)
    .text                                    0x000015ba   Section        0  _printf_wchar.o(.text)
    .text                                    0x000015e8   Section        0  ferror.o(.text)
    .text                                    0x000015f0   Section        0  _c16rtomb.o(.text)
    .text                                    0x00001632   Section        0  rtudiv10.o(.text)
    .text                                    0x0000165a   Section       62  sys_stackheap_outer.o(.text)
    .text                                    0x00001698   Section       16  rt_ctype_table.o(.text)
    .text                                    0x000016a8   Section        8  rt_locale_intlibspace.o(.text)
    .text                                    0x000016b0   Section        0  _printf_fp_infnan.o(.text)
    .text                                    0x00001738   Section        0  bigflt0.o(.text)
    .text                                    0x00001810   Section        0  btod.o(.text)
    btod_internal_mul                        0x00001851   Thumb Code   492  btod.o(.text)
    btod_internal_div                        0x00001a3d   Thumb Code   520  btod.o(.text)
    .text                                    0x00001d90   Section        0  exit.o(.text)
    .text                                    0x00001da0   Section        8  libspace.o(.text)
    .text                                    0x00001da8   Section      176  strcmpv6m.o(.text)
    .text                                    0x00001e58   Section        0  __dclz77c.o(.text)
    [Anonymous Symbol]                       0x00001eb8   Section        0  motor_crc.o(.text.CRC16)
    __arm_cp.0_0                             0x00001f14   Number         4  motor_crc.o(.text.CRC16)
    __arm_cp.0_1                             0x00001f18   Number         4  motor_crc.o(.text.CRC16)
    [Anonymous Symbol]                       0x00001f1c   Section        0  dl_common.o(.text.DL_Common_delayCycles)
    DL_Common_updateReg                      0x00001f27   Thumb Code    40  ti_msp_dl_config.o(.text.DL_Common_updateReg)
    [Anonymous Symbol]                       0x00001f26   Section        0  ti_msp_dl_config.o(.text.DL_Common_updateReg)
    DL_GPIO_enablePower                      0x00001f51   Thumb Code    20  ti_msp_dl_config.o(.text.DL_GPIO_enablePower)
    [Anonymous Symbol]                       0x00001f50   Section        0  ti_msp_dl_config.o(.text.DL_GPIO_enablePower)
    DL_GPIO_initPeripheralInputFunction      0x00001f65   Thumb Code    24  ti_msp_dl_config.o(.text.DL_GPIO_initPeripheralInputFunction)
    [Anonymous Symbol]                       0x00001f64   Section        0  ti_msp_dl_config.o(.text.DL_GPIO_initPeripheralInputFunction)
    __arm_cp.17_0                            0x00001f7c   Number         4  ti_msp_dl_config.o(.text.DL_GPIO_initPeripheralInputFunction)
    DL_GPIO_initPeripheralOutputFunction     0x00001f81   Thumb Code    24  ti_msp_dl_config.o(.text.DL_GPIO_initPeripheralOutputFunction)
    [Anonymous Symbol]                       0x00001f80   Section        0  ti_msp_dl_config.o(.text.DL_GPIO_initPeripheralOutputFunction)
    __arm_cp.16_0                            0x00001f98   Number         4  ti_msp_dl_config.o(.text.DL_GPIO_initPeripheralOutputFunction)
    DL_GPIO_reset                            0x00001f9d   Thumb Code    16  ti_msp_dl_config.o(.text.DL_GPIO_reset)
    [Anonymous Symbol]                       0x00001f9c   Section        0  ti_msp_dl_config.o(.text.DL_GPIO_reset)
    [Anonymous Symbol]                       0x00001fac   Section        0  dl_sysctl_mspm0g1x0x_g3x0x.o(.text.DL_SYSCTL_configSYSPLL)
    __arm_cp.0_2                             0x00002060   Number         4  dl_sysctl_mspm0g1x0x_g3x0x.o(.text.DL_SYSCTL_configSYSPLL)
    __arm_cp.0_3                             0x00002064   Number         4  dl_sysctl_mspm0g1x0x_g3x0x.o(.text.DL_SYSCTL_configSYSPLL)
    __arm_cp.0_4                             0x00002068   Number         4  dl_sysctl_mspm0g1x0x_g3x0x.o(.text.DL_SYSCTL_configSYSPLL)
    DL_SYSCTL_disableHFXT                    0x0000206d   Thumb Code    12  ti_msp_dl_config.o(.text.DL_SYSCTL_disableHFXT)
    [Anonymous Symbol]                       0x0000206c   Section        0  ti_msp_dl_config.o(.text.DL_SYSCTL_disableHFXT)
    DL_SYSCTL_disableSYSPLL                  0x00002079   Thumb Code    16  ti_msp_dl_config.o(.text.DL_SYSCTL_disableSYSPLL)
    [Anonymous Symbol]                       0x00002078   Section        0  ti_msp_dl_config.o(.text.DL_SYSCTL_disableSYSPLL)
    __arm_cp.22_0                            0x00002088   Number         4  ti_msp_dl_config.o(.text.DL_SYSCTL_disableSYSPLL)
    DL_SYSCTL_enableMFCLK                    0x0000208d   Thumb Code    16  ti_msp_dl_config.o(.text.DL_SYSCTL_enableMFCLK)
    [Anonymous Symbol]                       0x0000208c   Section        0  ti_msp_dl_config.o(.text.DL_SYSCTL_enableMFCLK)
    DL_SYSCTL_setBORThreshold                0x0000209d   Thumb Code    20  ti_msp_dl_config.o(.text.DL_SYSCTL_setBORThreshold)
    [Anonymous Symbol]                       0x0000209c   Section        0  ti_msp_dl_config.o(.text.DL_SYSCTL_setBORThreshold)
    __arm_cp.18_0                            0x000020b0   Number         4  ti_msp_dl_config.o(.text.DL_SYSCTL_setBORThreshold)
    DL_SYSCTL_setFlashWaitState              0x000020b5   Thumb Code    28  ti_msp_dl_config.o(.text.DL_SYSCTL_setFlashWaitState)
    [Anonymous Symbol]                       0x000020b4   Section        0  ti_msp_dl_config.o(.text.DL_SYSCTL_setFlashWaitState)
    DL_SYSCTL_setSYSOSCFreq                  0x000020d1   Thumb Code    24  ti_msp_dl_config.o(.text.DL_SYSCTL_setSYSOSCFreq)
    [Anonymous Symbol]                       0x000020d0   Section        0  ti_msp_dl_config.o(.text.DL_SYSCTL_setSYSOSCFreq)
    __arm_cp.20_0                            0x000020e8   Number         4  ti_msp_dl_config.o(.text.DL_SYSCTL_setSYSOSCFreq)
    DL_SYSCTL_setULPCLKDivider               0x000020ed   Thumb Code    24  ti_msp_dl_config.o(.text.DL_SYSCTL_setULPCLKDivider)
    [Anonymous Symbol]                       0x000020ec   Section        0  ti_msp_dl_config.o(.text.DL_SYSCTL_setULPCLKDivider)
    [Anonymous Symbol]                       0x00002104   Section        0  dl_sysctl_mspm0g1x0x_g3x0x.o(.text.DL_SYSCTL_switchMCLKfromSYSOSCtoHSCLK)
    __arm_cp.4_0                             0x00002124   Number         4  dl_sysctl_mspm0g1x0x_g3x0x.o(.text.DL_SYSCTL_switchMCLKfromSYSOSCtoHSCLK)
    __arm_cp.4_1                             0x00002128   Number         4  dl_sysctl_mspm0g1x0x_g3x0x.o(.text.DL_SYSCTL_switchMCLKfromSYSOSCtoHSCLK)
    DL_Timer_enableClock                     0x0000212d   Thumb Code    16  ti_msp_dl_config.o(.text.DL_Timer_enableClock)
    [Anonymous Symbol]                       0x0000212c   Section        0  ti_msp_dl_config.o(.text.DL_Timer_enableClock)
    DL_Timer_enableInterrupt                 0x0000213d   Thumb Code    24  ti_msp_dl_config.o(.text.DL_Timer_enableInterrupt)
    [Anonymous Symbol]                       0x0000213c   Section        0  ti_msp_dl_config.o(.text.DL_Timer_enableInterrupt)
    DL_Timer_enablePower                     0x00002155   Thumb Code    20  ti_msp_dl_config.o(.text.DL_Timer_enablePower)
    [Anonymous Symbol]                       0x00002154   Section        0  ti_msp_dl_config.o(.text.DL_Timer_enablePower)
    DL_Timer_getPendingInterrupt             0x00002169   Thumb Code    18  empty.o(.text.DL_Timer_getPendingInterrupt)
    [Anonymous Symbol]                       0x00002168   Section        0  empty.o(.text.DL_Timer_getPendingInterrupt)
    [Anonymous Symbol]                       0x0000217c   Section        0  dl_timer.o(.text.DL_Timer_initTimerMode)
    __arm_cp.2_0                             0x0000225c   Number         4  dl_timer.o(.text.DL_Timer_initTimerMode)
    __arm_cp.2_2                             0x00002260   Number         4  dl_timer.o(.text.DL_Timer_initTimerMode)
    __arm_cp.2_3                             0x00002264   Number         4  dl_timer.o(.text.DL_Timer_initTimerMode)
    DL_Timer_reset                           0x00002269   Thumb Code    16  ti_msp_dl_config.o(.text.DL_Timer_reset)
    [Anonymous Symbol]                       0x00002268   Section        0  ti_msp_dl_config.o(.text.DL_Timer_reset)
    __arm_cp.11_0                            0x00002278   Number         4  ti_msp_dl_config.o(.text.DL_Timer_reset)
    __arm_cp.11_1                            0x0000227c   Number         4  ti_msp_dl_config.o(.text.DL_Timer_reset)
    [Anonymous Symbol]                       0x00002280   Section        0  dl_timer.o(.text.DL_Timer_setClockConfig)
    __arm_cp.0_0                             0x00002298   Number         4  dl_timer.o(.text.DL_Timer_setClockConfig)
    DL_Timer_startCounter                    0x0000229d   Thumb Code    20  empty.o(.text.DL_Timer_startCounter)
    [Anonymous Symbol]                       0x0000229c   Section        0  empty.o(.text.DL_Timer_startCounter)
    __arm_cp.4_0                             0x000022b0   Number         4  empty.o(.text.DL_Timer_startCounter)
    DL_UART_enable                           0x000022b5   Thumb Code    22  ti_msp_dl_config.o(.text.DL_UART_enable)
    [Anonymous Symbol]                       0x000022b4   Section        0  ti_msp_dl_config.o(.text.DL_UART_enable)
    DL_UART_enableInterrupt                  0x000022cd   Thumb Code    24  ti_msp_dl_config.o(.text.DL_UART_enableInterrupt)
    [Anonymous Symbol]                       0x000022cc   Section        0  ti_msp_dl_config.o(.text.DL_UART_enableInterrupt)
    __arm_cp.31_0                            0x000022e4   Number         4  ti_msp_dl_config.o(.text.DL_UART_enableInterrupt)
    DL_UART_enablePower                      0x000022e9   Thumb Code    20  ti_msp_dl_config.o(.text.DL_UART_enablePower)
    [Anonymous Symbol]                       0x000022e8   Section        0  ti_msp_dl_config.o(.text.DL_UART_enablePower)
    __arm_cp.15_0                            0x000022fc   Number         4  ti_msp_dl_config.o(.text.DL_UART_enablePower)
    DL_UART_getPendingInterrupt              0x00002301   Thumb Code    18  empty.o(.text.DL_UART_getPendingInterrupt)
    [Anonymous Symbol]                       0x00002300   Section        0  empty.o(.text.DL_UART_getPendingInterrupt)
    [Anonymous Symbol]                       0x00002314   Section        0  dl_uart.o(.text.DL_UART_init)
    __arm_cp.0_0                             0x00002354   Number         4  dl_uart.o(.text.DL_UART_init)
    __arm_cp.0_1                             0x00002358   Number         4  dl_uart.o(.text.DL_UART_init)
    DL_UART_isBusy                           0x0000235d   Thumb Code    20  user.o(.text.DL_UART_isBusy)
    [Anonymous Symbol]                       0x0000235c   Section        0  user.o(.text.DL_UART_isBusy)
    DL_UART_isBusy                           0x00002371   Thumb Code    20  imu.o(.text.DL_UART_isBusy)
    [Anonymous Symbol]                       0x00002370   Section        0  imu.o(.text.DL_UART_isBusy)
    __arm_cp.3_0                             0x00002384   Number         4  imu.o(.text.DL_UART_isBusy)
    DL_UART_receiveData                      0x00002389   Thumb Code    16  empty.o(.text.DL_UART_receiveData)
    [Anonymous Symbol]                       0x00002388   Section        0  empty.o(.text.DL_UART_receiveData)
    __arm_cp.9_0                             0x00002398   Number         4  empty.o(.text.DL_UART_receiveData)
    DL_UART_reset                            0x0000239d   Thumb Code    16  ti_msp_dl_config.o(.text.DL_UART_reset)
    [Anonymous Symbol]                       0x0000239c   Section        0  ti_msp_dl_config.o(.text.DL_UART_reset)
    __arm_cp.12_0                            0x000023ac   Number         4  ti_msp_dl_config.o(.text.DL_UART_reset)
    __arm_cp.12_1                            0x000023b0   Number         4  ti_msp_dl_config.o(.text.DL_UART_reset)
    DL_UART_setBaudRateDivisor               0x000023b5   Thumb Code    60  ti_msp_dl_config.o(.text.DL_UART_setBaudRateDivisor)
    [Anonymous Symbol]                       0x000023b4   Section        0  ti_msp_dl_config.o(.text.DL_UART_setBaudRateDivisor)
    __arm_cp.29_0                            0x000023f0   Number         4  ti_msp_dl_config.o(.text.DL_UART_setBaudRateDivisor)
    __arm_cp.29_1                            0x000023f4   Number         4  ti_msp_dl_config.o(.text.DL_UART_setBaudRateDivisor)
    __arm_cp.29_2                            0x000023f8   Number         4  ti_msp_dl_config.o(.text.DL_UART_setBaudRateDivisor)
    __arm_cp.29_3                            0x000023fc   Number         4  ti_msp_dl_config.o(.text.DL_UART_setBaudRateDivisor)
    [Anonymous Symbol]                       0x00002400   Section        0  dl_uart.o(.text.DL_UART_setClockConfig)
    DL_UART_setOversampling                  0x00002413   Thumb Code    30  ti_msp_dl_config.o(.text.DL_UART_setOversampling)
    [Anonymous Symbol]                       0x00002412   Section        0  ti_msp_dl_config.o(.text.DL_UART_setOversampling)
    DL_UART_transmitData                     0x00002431   Thumb Code    22  user.o(.text.DL_UART_transmitData)
    [Anonymous Symbol]                       0x00002430   Section        0  user.o(.text.DL_UART_transmitData)
    DL_UART_transmitData                     0x00002447   Thumb Code    22  imu.o(.text.DL_UART_transmitData)
    [Anonymous Symbol]                       0x00002446   Section        0  imu.o(.text.DL_UART_transmitData)
    [Anonymous Symbol]                       0x0000245c   Section        0  imu.o(.text.Gyro_ConfigReportRateRx)
    [Anonymous Symbol]                       0x000024ec   Section        0  imu.o(.text.Gyro_ParseFrame)
    __arm_cp.1_0                             0x0000260c   Number         4  imu.o(.text.Gyro_ParseFrame)
    __arm_cp.1_1                             0x00002610   Number         4  imu.o(.text.Gyro_ParseFrame)
    __arm_cp.1_2                             0x00002614   Number         4  imu.o(.text.Gyro_ParseFrame)
    __arm_cp.1_3                             0x00002618   Number         4  imu.o(.text.Gyro_ParseFrame)
    __arm_cp.1_4                             0x0000261c   Number         4  imu.o(.text.Gyro_ParseFrame)
    __arm_cp.1_5                             0x00002620   Number         4  imu.o(.text.Gyro_ParseFrame)
    [Anonymous Symbol]                       0x00002624   Section        0  ti_msp_dl_config.o(.text.SYSCFG_DL_GPIO_init)
    [Anonymous Symbol]                       0x00002650   Section        0  ti_msp_dl_config.o(.text.SYSCFG_DL_MSPMotor_init)
    __arm_cp.6_0                             0x00002698   Number         4  ti_msp_dl_config.o(.text.SYSCFG_DL_MSPMotor_init)
    __arm_cp.6_2                             0x0000269c   Number         4  ti_msp_dl_config.o(.text.SYSCFG_DL_MSPMotor_init)
    [Anonymous Symbol]                       0x000026a0   Section        0  ti_msp_dl_config.o(.text.SYSCFG_DL_SYSCTL_init)
    __arm_cp.3_0                             0x000026dc   Number         4  ti_msp_dl_config.o(.text.SYSCFG_DL_SYSCTL_init)
    [Anonymous Symbol]                       0x000026e0   Section        0  ti_msp_dl_config.o(.text.SYSCFG_DL_SYSTICK_init)
    __arm_cp.7_0                             0x000026ec   Number         4  ti_msp_dl_config.o(.text.SYSCFG_DL_SYSTICK_init)
    [Anonymous Symbol]                       0x000026f0   Section        0  ti_msp_dl_config.o(.text.SYSCFG_DL_TIMER_0_init)
    __arm_cp.4_0                             0x00002720   Number         4  ti_msp_dl_config.o(.text.SYSCFG_DL_TIMER_0_init)
    __arm_cp.4_2                             0x00002724   Number         4  ti_msp_dl_config.o(.text.SYSCFG_DL_TIMER_0_init)
    [Anonymous Symbol]                       0x00002728   Section        0  ti_msp_dl_config.o(.text.SYSCFG_DL_init)
    __arm_cp.0_0                             0x00002758   Number         4  ti_msp_dl_config.o(.text.SYSCFG_DL_init)
    __arm_cp.0_1                             0x0000275c   Number         4  ti_msp_dl_config.o(.text.SYSCFG_DL_init)
    [Anonymous Symbol]                       0x00002760   Section        0  ti_msp_dl_config.o(.text.SYSCFG_DL_initPower)
    __arm_cp.1_0                             0x000027b4   Number         4  ti_msp_dl_config.o(.text.SYSCFG_DL_initPower)
    __arm_cp.1_1                             0x000027b8   Number         4  ti_msp_dl_config.o(.text.SYSCFG_DL_initPower)
    __arm_cp.1_4                             0x000027bc   Number         4  ti_msp_dl_config.o(.text.SYSCFG_DL_initPower)
    [Anonymous Symbol]                       0x000027c0   Section        0  ti_msp_dl_config.o(.text.SYSCFG_DL_user_init)
    __arm_cp.5_0                             0x000027f4   Number         4  ti_msp_dl_config.o(.text.SYSCFG_DL_user_init)
    __arm_cp.5_2                             0x000027f8   Number         4  ti_msp_dl_config.o(.text.SYSCFG_DL_user_init)
    SysTick_Config                           0x000027fd   Thumb Code    68  ti_msp_dl_config.o(.text.SysTick_Config)
    [Anonymous Symbol]                       0x000027fc   Section        0  ti_msp_dl_config.o(.text.SysTick_Config)
    __arm_cp.32_0                            0x00002840   Number         4  ti_msp_dl_config.o(.text.SysTick_Config)
    __arm_cp.32_1                            0x00002844   Number         4  ti_msp_dl_config.o(.text.SysTick_Config)
    __arm_cp.32_2                            0x00002848   Number         4  ti_msp_dl_config.o(.text.SysTick_Config)
    [Anonymous Symbol]                       0x0000284c   Section        0  empty.o(.text.SysTick_Handler)
    [Anonymous Symbol]                       0x00002864   Section        0  empty.o(.text.TIMA0_IRQHandler)
    __arm_cp.5_1                             0x00002898   Number         4  empty.o(.text.TIMA0_IRQHandler)
    __arm_cp.5_2                             0x0000289c   Number         4  empty.o(.text.TIMA0_IRQHandler)
    [Anonymous Symbol]                       0x000028a0   Section        0  empty.o(.text.UART3_IRQHandler)
    __arm_cp.7_0                             0x000028c8   Number         4  empty.o(.text.UART3_IRQHandler)
    __arm_cp.7_1                             0x000028cc   Number         4  empty.o(.text.UART3_IRQHandler)
    __NVIC_ClearPendingIRQ                   0x000028d1   Thumb Code    40  empty.o(.text.__NVIC_ClearPendingIRQ)
    [Anonymous Symbol]                       0x000028d0   Section        0  empty.o(.text.__NVIC_ClearPendingIRQ)
    __arm_cp.2_0                             0x000028f8   Number         4  empty.o(.text.__NVIC_ClearPendingIRQ)
    __NVIC_EnableIRQ                         0x000028fd   Thumb Code    40  empty.o(.text.__NVIC_EnableIRQ)
    [Anonymous Symbol]                       0x000028fc   Section        0  empty.o(.text.__NVIC_EnableIRQ)
    __arm_cp.3_0                             0x00002924   Number         4  empty.o(.text.__NVIC_EnableIRQ)
    __NVIC_SetPriority                       0x00002929   Thumb Code   128  ti_msp_dl_config.o(.text.__NVIC_SetPriority)
    [Anonymous Symbol]                       0x00002928   Section        0  ti_msp_dl_config.o(.text.__NVIC_SetPriority)
    __arm_cp.26_0                            0x000029a8   Number         4  ti_msp_dl_config.o(.text.__NVIC_SetPriority)
    __arm_cp.26_1                            0x000029ac   Number         4  ti_msp_dl_config.o(.text.__NVIC_SetPriority)
    [Anonymous Symbol]                       0x000029b0   Section        0  user.o(.text._sys_exit)
    [Anonymous Symbol]                       0x000029b8   Section        0  empty.o(.text.delay_ms)
    __arm_cp.1_0                             0x000029d4   Number         4  empty.o(.text.delay_ms)
    [Anonymous Symbol]                       0x000029d8   Section        0  user.o(.text.fputc)
    __arm_cp.1_0                             0x00002a00   Number         4  user.o(.text.fputc)
    [Anonymous Symbol]                       0x00002a04   Section        0  empty.o(.text.main)
    __arm_cp.0_0                             0x00002ac4   Number         4  empty.o(.text.main)
    __arm_cp.0_1                             0x00002ac8   Number         4  empty.o(.text.main)
    __arm_cp.0_2                             0x00002acc   Number         4  empty.o(.text.main)
    __arm_cp.0_3                             0x00002ad0   Number         4  empty.o(.text.main)
    __arm_cp.0_4                             0x00002ad4   Number         4  empty.o(.text.main)
    __arm_cp.0_5                             0x00002ad8   Number         4  empty.o(.text.main)
    __arm_cp.0_6                             0x00002adc   Number         4  empty.o(.text.main)
    __arm_cp.0_7                             0x00002ae0   Number         4  empty.o(.text.main)
    __arm_cp.0_8                             0x00002ae4   Number         4  empty.o(.text.main)
    __arm_cp.0_9                             0x00002ae8   Number         4  empty.o(.text.main)
    [Anonymous Symbol]                       0x00002aec   Section        0  imu.o(.text.test)
    __arm_cp.0_0                             0x00002b20   Number         4  imu.o(.text.test)
    i.__ARM_common_ll_muluu                  0x00002b24   Section        0  btod.o(i.__ARM_common_ll_muluu)
    i.__ARM_fpclassify                       0x00002b54   Section        0  fpclassify.o(i.__ARM_fpclassify)
    i._is_digit                              0x00002b80   Section        0  __printf_wp.o(i._is_digit)
    locale$$code                             0x00002b90   Section       44  lc_numeric_c.o(locale$$code)
    locale$$code                             0x00002bbc   Section       44  lc_ctype_c.o(locale$$code)
    x$fpl$printf1                            0x00002be8   Section       16  printf1.o(x$fpl$printf1)
    x$fpl$printf2                            0x00002bf8   Section       16  printf2.o(x$fpl$printf2)
    initial_mbstate                          0x00002c08   Data           8  _printf_wctomb.o(.constdata)
    .constdata                               0x00002c08   Section        8  _printf_wctomb.o(.constdata)
    x$fpl$usenofp                            0x00002c08   Section        0  usenofp.o(x$fpl$usenofp)
    uc_hextab                                0x00002c10   Data          20  _printf_hex_int_ll_ptr.o(.constdata)
    .constdata                               0x00002c10   Section       40  _printf_hex_int_ll_ptr.o(.constdata)
    lc_hextab                                0x00002c24   Data          20  _printf_hex_int_ll_ptr.o(.constdata)
    maptable                                 0x00002c38   Data          17  __printf_flags_ss_wp.o(.constdata)
    .constdata                               0x00002c38   Section       17  __printf_flags_ss_wp.o(.constdata)
    lc_hextab                                0x00002c49   Data          19  _printf_fp_hex.o(.constdata)
    .constdata                               0x00002c49   Section       38  _printf_fp_hex.o(.constdata)
    uc_hextab                                0x00002c5c   Data          19  _printf_fp_hex.o(.constdata)
    tenpwrs_x                                0x00002c70   Data          60  bigflt0.o(.constdata)
    .constdata                               0x00002c70   Section      148  bigflt0.o(.constdata)
    tenpwrs_i                                0x00002cac   Data          64  bigflt0.o(.constdata)
    gMSPMotorClockConfig                     0x00002d04   Data           2  ti_msp_dl_config.o(.rodata.gMSPMotorClockConfig)
    [Anonymous Symbol]                       0x00002d04   Section        0  ti_msp_dl_config.o(.rodata.gMSPMotorClockConfig)
    gMSPMotorConfig                          0x00002d06   Data          10  ti_msp_dl_config.o(.rodata.gMSPMotorConfig)
    [Anonymous Symbol]                       0x00002d06   Section        0  ti_msp_dl_config.o(.rodata.gMSPMotorConfig)
    gSYSPLLConfig                            0x00002d10   Data          40  ti_msp_dl_config.o(.rodata.gSYSPLLConfig)
    [Anonymous Symbol]                       0x00002d10   Section        0  ti_msp_dl_config.o(.rodata.gSYSPLLConfig)
    gTIMER_0ClockConfig                      0x00002d38   Data           3  ti_msp_dl_config.o(.rodata.gTIMER_0ClockConfig)
    [Anonymous Symbol]                       0x00002d38   Section        0  ti_msp_dl_config.o(.rodata.gTIMER_0ClockConfig)
    gTIMER_0TimerConfig                      0x00002d3c   Data          20  ti_msp_dl_config.o(.rodata.gTIMER_0TimerConfig)
    [Anonymous Symbol]                       0x00002d3c   Section        0  ti_msp_dl_config.o(.rodata.gTIMER_0TimerConfig)
    guserClockConfig                         0x00002d50   Data           2  ti_msp_dl_config.o(.rodata.guserClockConfig)
    [Anonymous Symbol]                       0x00002d50   Section        0  ti_msp_dl_config.o(.rodata.guserClockConfig)
    guserConfig                              0x00002d52   Data          10  ti_msp_dl_config.o(.rodata.guserConfig)
    [Anonymous Symbol]                       0x00002d52   Section        0  ti_msp_dl_config.o(.rodata.guserConfig)
    [Anonymous Symbol]                       0x00002d5c   Section        0  empty.o(.rodata.str1.1)
    locale$$data                             0x00002d88   Section       28  lc_numeric_c.o(locale$$data)
    __lcnum_c_name                           0x00002d8c   Data           2  lc_numeric_c.o(locale$$data)
    __lcnum_c_start                          0x00002d94   Data           0  lc_numeric_c.o(locale$$data)
    __lcnum_c_point                          0x00002da0   Data           0  lc_numeric_c.o(locale$$data)
    __lcnum_c_thousands                      0x00002da2   Data           0  lc_numeric_c.o(locale$$data)
    __lcnum_c_grouping                       0x00002da3   Data           0  lc_numeric_c.o(locale$$data)
    __lcnum_c_end                            0x00002da4   Data           0  lc_numeric_c.o(locale$$data)
    locale$$data                             0x00002da4   Section      272  lc_ctype_c.o(locale$$data)
    __lcctype_c_name                         0x00002da8   Data           2  lc_ctype_c.o(locale$$data)
    __lcctype_c_start                        0x00002db0   Data           0  lc_ctype_c.o(locale$$data)
    __lcctype_c_end                          0x00002eb4   Data           0  lc_ctype_c.o(locale$$data)
    auchCRCHi                                0x20200000   Data         256  motor_crc.o(.data.auchCRCHi)
    [Anonymous Symbol]                       0x20200000   Section        0  motor_crc.o(.data.auchCRCHi)
    auchCRCLo                                0x20200100   Data         256  motor_crc.o(.data.auchCRCLo)
    [Anonymous Symbol]                       0x20200100   Section        0  motor_crc.o(.data.auchCRCLo)
    .bss                                     0x20200200   Section       96  libspace.o(.bss)
    Gyro_ParseFrame.frame                    0x20200260   Data           9  imu.o(.bss.Gyro_ParseFrame.frame)
    [Anonymous Symbol]                       0x20200260   Section        0  imu.o(.bss.Gyro_ParseFrame.frame)
    Gyro_ParseFrame.idx                      0x20200269   Data           1  imu.o(.bss.Gyro_ParseFrame.idx)
    [Anonymous Symbol]                       0x20200269   Section        0  imu.o(.bss.Gyro_ParseFrame.idx)
    Gyro_ParseFrame.state                    0x2020026a   Data           1  imu.o(.bss.Gyro_ParseFrame.state)
    [Anonymous Symbol]                       0x2020026a   Section        0  imu.o(.bss.Gyro_ParseFrame.state)
    Heap_Mem                                 0x202003d8   Data           0  startup_mspm0g350x_uvision.o(HEAP)
    Stack_Mem                                0x202003d8   Data        4096  startup_mspm0g350x_uvision.o(STACK)
    HEAP                                     0x202003d8   Section        0  startup_mspm0g350x_uvision.o(HEAP)
    STACK                                    0x202003d8   Section     4096  startup_mspm0g350x_uvision.o(STACK)
    __initial_sp                             0x202013d8   Data           0  startup_mspm0g350x_uvision.o(STACK)

    Global Symbols

    Symbol Name                              Value     Ov Type        Size  Object(Section)

    BuildAttributes$$THM_ISAv3M$S$PE$A:L22$X:L11$S22$IEEE1$IW$~IW$USESV6$~STKCKD$USESV7$~SHL$OTIME$ROPI$IEEEJ$EBA8$UX$STANDARDLIB$REQ8$PRES8$EABIv2 0x00000000   Number         0  anon$$obj.o ABSOLUTE
    __Vectors                                0x00000000   Data           4  startup_mspm0g350x_uvision.o(RESET)
    _printf_flags                            0x00000000   Number         0  printf_stubs.o ABSOLUTE
    _printf_return_value                     0x00000000   Number         0  printf_stubs.o ABSOLUTE
    _printf_sizespec                         0x00000000   Number         0  printf_stubs.o ABSOLUTE
    _printf_widthprec                        0x00000000   Number         0  printf_stubs.o ABSOLUTE
    __ARM_exceptions_init                     - Undefined Weak Reference
    __alloca_initialize                       - Undefined Weak Reference
    __arm_preinit_                            - Undefined Weak Reference
    __cpp_initialize__aeabi_                  - Undefined Weak Reference
    __cxa_finalize                            - Undefined Weak Reference
    __sigvec_lookup                           - Undefined Weak Reference
    _atexit_init                              - Undefined Weak Reference
    _call_atexit_fns                          - Undefined Weak Reference
    _clock_init                               - Undefined Weak Reference
    _fp_trap_init                             - Undefined Weak Reference
    _fp_trap_shutdown                         - Undefined Weak Reference
    _get_lc_collate                           - Undefined Weak Reference
    _get_lc_monetary                          - Undefined Weak Reference
    _get_lc_time                              - Undefined Weak Reference
    _getenv_init                              - Undefined Weak Reference
    _handle_redirection                       - Undefined Weak Reference
    _init_alloc                               - Undefined Weak Reference
    _init_user_alloc                          - Undefined Weak Reference
    _initio                                   - Undefined Weak Reference
    _mutex_acquire                            - Undefined Weak Reference
    _mutex_release                            - Undefined Weak Reference
    _printf_mbtowc                            - Undefined Weak Reference
    _printf_wc                                - Undefined Weak Reference
    _rand_init                                - Undefined Weak Reference
    _signal_finish                            - Undefined Weak Reference
    _signal_init                              - Undefined Weak Reference
    _terminate_alloc                          - Undefined Weak Reference
    _terminate_user_alloc                     - Undefined Weak Reference
    _terminateio                              - Undefined Weak Reference
    __Vectors_End                            0x000000c0   Data           0  startup_mspm0g350x_uvision.o(RESET)
    __Vectors_Size                           0x000000c0   Number         0  startup_mspm0g350x_uvision.o ABSOLUTE
    __main                                   0x000000c1   Thumb Code     8  __main.o(!!!main)
    __scatterload                            0x000000c9   Thumb Code     0  __scatter.o(!!!scatter)
    __scatterload_rt2                        0x000000c9   Thumb Code    52  __scatter.o(!!!scatter)
    __scatterload_rt2_thumb_only             0x000000c9   Thumb Code     0  __scatter.o(!!!scatter)
    __scatterload_null                       0x000000d9   Thumb Code     0  __scatter.o(!!!scatter)
    __scatterload_zeroinit                   0x00000109   Thumb Code    28  __scatter_zi.o(!!handler_zi)
    _printf_percent                          0x00000125   Thumb Code     0  _printf_percent.o(.ARM.Collect$$_printf_percent$$00000000)
    _printf_n                                0x00000127   Thumb Code     0  _printf_n.o(.ARM.Collect$$_printf_percent$$00000001)
    _printf_p                                0x00000131   Thumb Code     0  _printf_p.o(.ARM.Collect$$_printf_percent$$00000002)
    _printf_f                                0x0000013b   Thumb Code     0  _printf_f.o(.ARM.Collect$$_printf_percent$$00000003)
    _printf_e                                0x00000145   Thumb Code     0  _printf_e.o(.ARM.Collect$$_printf_percent$$00000004)
    _printf_g                                0x0000014f   Thumb Code     0  _printf_g.o(.ARM.Collect$$_printf_percent$$00000005)
    _printf_a                                0x00000159   Thumb Code     0  _printf_a.o(.ARM.Collect$$_printf_percent$$00000006)
    _printf_ll                               0x00000163   Thumb Code     0  _printf_ll.o(.ARM.Collect$$_printf_percent$$00000007)
    _printf_i                                0x0000016d   Thumb Code     0  _printf_i.o(.ARM.Collect$$_printf_percent$$00000008)
    _printf_d                                0x00000177   Thumb Code     0  _printf_d.o(.ARM.Collect$$_printf_percent$$00000009)
    _printf_u                                0x00000181   Thumb Code     0  _printf_u.o(.ARM.Collect$$_printf_percent$$0000000A)
    _printf_o                                0x0000018b   Thumb Code     0  _printf_o.o(.ARM.Collect$$_printf_percent$$0000000B)
    _printf_x                                0x00000195   Thumb Code     0  _printf_x.o(.ARM.Collect$$_printf_percent$$0000000C)
    _printf_lli                              0x0000019f   Thumb Code     0  _printf_lli.o(.ARM.Collect$$_printf_percent$$0000000D)
    _printf_lld                              0x000001a9   Thumb Code     0  _printf_lld.o(.ARM.Collect$$_printf_percent$$0000000E)
    _printf_llu                              0x000001b3   Thumb Code     0  _printf_llu.o(.ARM.Collect$$_printf_percent$$0000000F)
    _printf_llo                              0x000001bd   Thumb Code     0  _printf_llo.o(.ARM.Collect$$_printf_percent$$00000010)
    _printf_llx                              0x000001c7   Thumb Code     0  _printf_llx.o(.ARM.Collect$$_printf_percent$$00000011)
    _printf_l                                0x000001d1   Thumb Code     0  _printf_l.o(.ARM.Collect$$_printf_percent$$00000012)
    _printf_c                                0x000001db   Thumb Code     0  _printf_c.o(.ARM.Collect$$_printf_percent$$00000013)
    _printf_s                                0x000001e5   Thumb Code     0  _printf_s.o(.ARM.Collect$$_printf_percent$$00000014)
    _printf_lc                               0x000001ef   Thumb Code     0  _printf_lc.o(.ARM.Collect$$_printf_percent$$00000015)
    _printf_ls                               0x000001f9   Thumb Code     0  _printf_ls.o(.ARM.Collect$$_printf_percent$$00000016)
    _printf_percent_end                      0x00000203   Thumb Code     0  _printf_percent_end.o(.ARM.Collect$$_printf_percent$$00000017)
    __rt_lib_init                            0x00000207   Thumb Code     0  libinit.o(.ARM.Collect$$libinit$$00000000)
    __rt_lib_init_fp_1                       0x00000209   Thumb Code     0  libinit2.o(.ARM.Collect$$libinit$$00000002)
    __rt_lib_init_heap_1                     0x00000209   Thumb Code     0  libinit2.o(.ARM.Collect$$libinit$$0000000A)
    __rt_lib_init_lc_common                  0x00000209   Thumb Code     0  libinit2.o(.ARM.Collect$$libinit$$0000000F)
    __rt_lib_init_preinit_1                  0x00000209   Thumb Code     0  libinit2.o(.ARM.Collect$$libinit$$00000004)
    __rt_lib_init_rand_1                     0x00000209   Thumb Code     0  libinit2.o(.ARM.Collect$$libinit$$0000000E)
    __rt_lib_init_user_alloc_1               0x00000209   Thumb Code     0  libinit2.o(.ARM.Collect$$libinit$$0000000C)
    __rt_lib_init_lc_collate_1               0x0000020f   Thumb Code     0  libinit2.o(.ARM.Collect$$libinit$$00000011)
    __rt_lib_init_lc_ctype_2                 0x0000020f   Thumb Code     0  libinit2.o(.ARM.Collect$$libinit$$00000012)
    __rt_lib_init_lc_ctype_1                 0x0000021b   Thumb Code     0  libinit2.o(.ARM.Collect$$libinit$$00000013)
    __rt_lib_init_lc_monetary_1              0x0000021b   Thumb Code     0  libinit2.o(.ARM.Collect$$libinit$$00000015)
    __rt_lib_init_lc_numeric_2               0x0000021b   Thumb Code     0  libinit2.o(.ARM.Collect$$libinit$$00000016)
    __rt_lib_init_alloca_1                   0x00000225   Thumb Code     0  libinit2.o(.ARM.Collect$$libinit$$0000002E)
    __rt_lib_init_argv_1                     0x00000225   Thumb Code     0  libinit2.o(.ARM.Collect$$libinit$$0000002C)
    __rt_lib_init_atexit_1                   0x00000225   Thumb Code     0  libinit2.o(.ARM.Collect$$libinit$$0000001B)
    __rt_lib_init_clock_1                    0x00000225   Thumb Code     0  libinit2.o(.ARM.Collect$$libinit$$00000021)
    __rt_lib_init_cpp_1                      0x00000225   Thumb Code     0  libinit2.o(.ARM.Collect$$libinit$$00000032)
    __rt_lib_init_exceptions_1               0x00000225   Thumb Code     0  libinit2.o(.ARM.Collect$$libinit$$00000030)
    __rt_lib_init_fp_trap_1                  0x00000225   Thumb Code     0  libinit2.o(.ARM.Collect$$libinit$$0000001F)
    __rt_lib_init_getenv_1                   0x00000225   Thumb Code     0  libinit2.o(.ARM.Collect$$libinit$$00000023)
    __rt_lib_init_lc_numeric_1               0x00000225   Thumb Code     0  libinit2.o(.ARM.Collect$$libinit$$00000017)
    __rt_lib_init_lc_time_1                  0x00000225   Thumb Code     0  libinit2.o(.ARM.Collect$$libinit$$00000019)
    __rt_lib_init_return                     0x00000225   Thumb Code     0  libinit2.o(.ARM.Collect$$libinit$$00000033)
    __rt_lib_init_signal_1                   0x00000225   Thumb Code     0  libinit2.o(.ARM.Collect$$libinit$$0000001D)
    __rt_lib_init_stdio_1                    0x00000225   Thumb Code     0  libinit2.o(.ARM.Collect$$libinit$$00000025)
    __rt_lib_shutdown                        0x00000227   Thumb Code     0  libshutdown.o(.ARM.Collect$$libshutdown$$00000000)
    __rt_lib_shutdown_cpp_1                  0x00000229   Thumb Code     0  libshutdown2.o(.ARM.Collect$$libshutdown$$00000002)
    __rt_lib_shutdown_fp_trap_1              0x00000229   Thumb Code     0  libshutdown2.o(.ARM.Collect$$libshutdown$$00000007)
    __rt_lib_shutdown_heap_1                 0x00000229   Thumb Code     0  libshutdown2.o(.ARM.Collect$$libshutdown$$0000000F)
    __rt_lib_shutdown_return                 0x00000229   Thumb Code     0  libshutdown2.o(.ARM.Collect$$libshutdown$$00000010)
    __rt_lib_shutdown_signal_1               0x00000229   Thumb Code     0  libshutdown2.o(.ARM.Collect$$libshutdown$$0000000A)
    __rt_lib_shutdown_stdio_1                0x00000229   Thumb Code     0  libshutdown2.o(.ARM.Collect$$libshutdown$$00000004)
    __rt_lib_shutdown_user_alloc_1           0x00000229   Thumb Code     0  libshutdown2.o(.ARM.Collect$$libshutdown$$0000000C)
    __rt_entry                               0x0000022b   Thumb Code     0  __rtentry.o(.ARM.Collect$$rtentry$$00000000)
    __rt_entry_presh_1                       0x0000022b   Thumb Code     0  __rtentry2.o(.ARM.Collect$$rtentry$$00000002)
    __rt_entry_sh                            0x0000022b   Thumb Code     0  __rtentry4.o(.ARM.Collect$$rtentry$$00000004)
    __rt_entry_li                            0x00000231   Thumb Code     0  __rtentry2.o(.ARM.Collect$$rtentry$$0000000A)
    __rt_entry_postsh_1                      0x00000231   Thumb Code     0  __rtentry2.o(.ARM.Collect$$rtentry$$00000009)
    __rt_entry_main                          0x00000235   Thumb Code     0  __rtentry2.o(.ARM.Collect$$rtentry$$0000000D)
    __rt_entry_postli_1                      0x00000235   Thumb Code     0  __rtentry2.o(.ARM.Collect$$rtentry$$0000000C)
    __rt_exit                                0x0000023d   Thumb Code     0  rtexit.o(.ARM.Collect$$rtexit$$00000000)
    __rt_exit_ls                             0x0000023f   Thumb Code     0  rtexit2.o(.ARM.Collect$$rtexit$$00000003)
    __rt_exit_prels_1                        0x0000023f   Thumb Code     0  rtexit2.o(.ARM.Collect$$rtexit$$00000002)
    __rt_exit_exit                           0x00000243   Thumb Code     0  rtexit2.o(.ARM.Collect$$rtexit$$00000004)
    Reset_Handler                            0x00000249   Thumb Code     4  startup_mspm0g350x_uvision.o(.text)
    NMI_Handler                              0x0000024d   Thumb Code     2  startup_mspm0g350x_uvision.o(.text)
    HardFault_Handler                        0x0000024f   Thumb Code     2  startup_mspm0g350x_uvision.o(.text)
    SVC_Handler                              0x00000251   Thumb Code     2  startup_mspm0g350x_uvision.o(.text)
    PendSV_Handler                           0x00000253   Thumb Code     2  startup_mspm0g350x_uvision.o(.text)
    ADC0_IRQHandler                          0x00000257   Thumb Code     0  startup_mspm0g350x_uvision.o(.text)
    ADC1_IRQHandler                          0x00000257   Thumb Code     0  startup_mspm0g350x_uvision.o(.text)
    AES_IRQHandler                           0x00000257   Thumb Code     0  startup_mspm0g350x_uvision.o(.text)
    CANFD0_IRQHandler                        0x00000257   Thumb Code     0  startup_mspm0g350x_uvision.o(.text)
    DAC0_IRQHandler                          0x00000257   Thumb Code     0  startup_mspm0g350x_uvision.o(.text)
    DMA_IRQHandler                           0x00000257   Thumb Code     0  startup_mspm0g350x_uvision.o(.text)
    Default_Handler                          0x00000257   Thumb Code     2  startup_mspm0g350x_uvision.o(.text)
    GROUP0_IRQHandler                        0x00000257   Thumb Code     0  startup_mspm0g350x_uvision.o(.text)
    GROUP1_IRQHandler                        0x00000257   Thumb Code     0  startup_mspm0g350x_uvision.o(.text)
    I2C0_IRQHandler                          0x00000257   Thumb Code     0  startup_mspm0g350x_uvision.o(.text)
    I2C1_IRQHandler                          0x00000257   Thumb Code     0  startup_mspm0g350x_uvision.o(.text)
    RTC_IRQHandler                           0x00000257   Thumb Code     0  startup_mspm0g350x_uvision.o(.text)
    SPI0_IRQHandler                          0x00000257   Thumb Code     0  startup_mspm0g350x_uvision.o(.text)
    SPI1_IRQHandler                          0x00000257   Thumb Code     0  startup_mspm0g350x_uvision.o(.text)
    TIMA1_IRQHandler                         0x00000257   Thumb Code     0  startup_mspm0g350x_uvision.o(.text)
    TIMG0_IRQHandler                         0x00000257   Thumb Code     0  startup_mspm0g350x_uvision.o(.text)
    TIMG12_IRQHandler                        0x00000257   Thumb Code     0  startup_mspm0g350x_uvision.o(.text)
    TIMG6_IRQHandler                         0x00000257   Thumb Code     0  startup_mspm0g350x_uvision.o(.text)
    TIMG7_IRQHandler                         0x00000257   Thumb Code     0  startup_mspm0g350x_uvision.o(.text)
    TIMG8_IRQHandler                         0x00000257   Thumb Code     0  startup_mspm0g350x_uvision.o(.text)
    UART0_IRQHandler                         0x00000257   Thumb Code     0  startup_mspm0g350x_uvision.o(.text)
    UART1_IRQHandler                         0x00000257   Thumb Code     0  startup_mspm0g350x_uvision.o(.text)
    UART2_IRQHandler                         0x00000257   Thumb Code     0  startup_mspm0g350x_uvision.o(.text)
    __user_initial_stackheap                 0x00000259   Thumb Code    10  startup_mspm0g350x_uvision.o(.text)
    printf                                   0x00000275   Thumb Code    22  printf.o(.text)
    __aeabi_uidivmod                         0x00000291   Thumb Code    28  aeabi_sdivfast.o(.text)
    __aeabi_idivmod                          0x000002ad   Thumb Code   472  aeabi_sdivfast.o(.text)
    __use_two_region_memory                  0x00000489   Thumb Code     2  heapauxi.o(.text)
    __rt_heap_escrow$2region                 0x0000048b   Thumb Code     2  heapauxi.o(.text)
    __rt_heap_expand$2region                 0x0000048d   Thumb Code     2  heapauxi.o(.text)
    __aeabi_d2f                              0x00000491   Thumb Code     0  d2f.o(.text)
    _d2f                                     0x00000491   Thumb Code   120  d2f.o(.text)
    __aeabi_dmul                             0x0000050d   Thumb Code     0  dmul.o(.text)
    _dmul                                    0x0000050d   Thumb Code   558  dmul.o(.text)
    __aeabi_f2d                              0x00000755   Thumb Code     0  f2d.o(.text)
    _f2d                                     0x00000755   Thumb Code    80  f2d.o(.text)
    __aeabi_i2f_normalise                    0x000007a9   Thumb Code    72  fflti.o(.text)
    __aeabi_i2f                              0x000007f1   Thumb Code    16  fflti.o(.text)
    _fflt                                    0x000007f1   Thumb Code     0  fflti.o(.text)
    __aeabi_ui2f                             0x00000801   Thumb Code     6  fflti.o(.text)
    _ffltu                                   0x00000801   Thumb Code     0  fflti.o(.text)
    _printf_pre_padding                      0x00000807   Thumb Code    44  _printf_pad.o(.text)
    _printf_post_padding                     0x00000833   Thumb Code    34  _printf_pad.o(.text)
    _printf_truncate_signed                  0x00000855   Thumb Code    18  _printf_truncate.o(.text)
    _printf_truncate_unsigned                0x00000867   Thumb Code    18  _printf_truncate.o(.text)
    _printf_str                              0x00000879   Thumb Code    82  _printf_str.o(.text)
    _printf_int_dec                          0x000008cd   Thumb Code    90  _printf_dec.o(.text)
    _printf_charcount                        0x00000939   Thumb Code    38  _printf_charcount.o(.text)
    _printf_char_file                        0x00000961   Thumb Code    34  _printf_char_file.o(.text)
    _printf_wctomb                           0x00000989   Thumb Code   182  _printf_wctomb.o(.text)
    _printf_longlong_dec                     0x00000a45   Thumb Code    94  _printf_longlong_dec.o(.text)
    _printf_longlong_oct                     0x00000ab5   Thumb Code    68  _printf_oct_int_ll.o(.text)
    _printf_int_oct                          0x00000af9   Thumb Code    24  _printf_oct_int_ll.o(.text)
    _printf_ll_oct                           0x00000b11   Thumb Code    10  _printf_oct_int_ll.o(.text)
    _printf_longlong_hex                     0x00000b25   Thumb Code    88  _printf_hex_int_ll_ptr.o(.text)
    _printf_int_hex                          0x00000b7d   Thumb Code    28  _printf_hex_int_ll_ptr.o(.text)
    _printf_ll_hex                           0x00000b99   Thumb Code    10  _printf_hex_int_ll_ptr.o(.text)
    _printf_hex_ptr                          0x00000ba3   Thumb Code    22  _printf_hex_int_ll_ptr.o(.text)
    __printf                                 0x00000bbd   Thumb Code   386  __printf_flags_ss_wp.o(.text)
    _ll_udiv10                               0x00000d45   Thumb Code   122  lludiv10.o(.text)
    _printf_int_common                       0x00000dbf   Thumb Code   176  _printf_intcommon.o(.text)
    _printf_fp_dec_real                      0x0000100d   Thumb Code   620  _printf_fp_dec.o(.text)
    _printf_fp_hex_real                      0x00001285   Thumb Code   718  _printf_fp_hex.o(.text)
    _printf_char_common                      0x00001567   Thumb Code    32  _printf_char_common.o(.text)
    _printf_cs_common                        0x0000158d   Thumb Code    22  _printf_char.o(.text)
    _printf_char                             0x000015a3   Thumb Code    16  _printf_char.o(.text)
    _printf_string                           0x000015b3   Thumb Code     8  _printf_char.o(.text)
    _printf_lcs_common                       0x000015bb   Thumb Code    22  _printf_wchar.o(.text)
    _printf_wchar                            0x000015d1   Thumb Code    16  _printf_wchar.o(.text)
    _printf_wstring                          0x000015e1   Thumb Code     8  _printf_wchar.o(.text)
    ferror                                   0x000015e9   Thumb Code     8  ferror.o(.text)
    _c16rtomb                                0x000015f1   Thumb Code    66  _c16rtomb.o(.text)
    _wcrtomb                                 0x000015f1   Thumb Code     0  _c16rtomb.o(.text)
    __rt_udiv10                              0x00001633   Thumb Code    40  rtudiv10.o(.text)
    __user_setup_stackheap                   0x0000165b   Thumb Code    62  sys_stackheap_outer.o(.text)
    __rt_ctype_table                         0x00001699   Thumb Code    16  rt_ctype_table.o(.text)
    __rt_locale                              0x000016a9   Thumb Code     8  rt_locale_intlibspace.o(.text)
    _printf_fp_infnan                        0x000016b1   Thumb Code   120  _printf_fp_infnan.o(.text)
    _btod_etento                             0x00001739   Thumb Code   210  bigflt0.o(.text)
    _btod_d2e                                0x00001811   Thumb Code    64  btod.o(.text)
    _btod_emul                               0x00001c45   Thumb Code    28  btod.o(.text)
    _btod_emuld                              0x00001c61   Thumb Code   144  btod.o(.text)
    _btod_ediv                               0x00001cf1   Thumb Code    26  btod.o(.text)
    _btod_edivd                              0x00001d0b   Thumb Code   124  btod.o(.text)
    exit                                     0x00001d91   Thumb Code    16  exit.o(.text)
    __user_libspace                          0x00001da1   Thumb Code     8  libspace.o(.text)
    __user_perproc_libspace                  0x00001da1   Thumb Code     0  libspace.o(.text)
    __user_perthread_libspace                0x00001da1   Thumb Code     0  libspace.o(.text)
    strcmp                                   0x00001da9   Thumb Code   176  strcmpv6m.o(.text)
    __decompress                             0x00001e59   Thumb Code     0  __dclz77c.o(.text)
    __decompress2                            0x00001e59   Thumb Code    96  __dclz77c.o(.text)
    CRC16                                    0x00001eb9   Thumb Code    92  motor_crc.o(.text.CRC16)
    DL_Common_delayCycles                    0x00001f1d   Thumb Code    10  dl_common.o(.text.DL_Common_delayCycles)
    DL_SYSCTL_configSYSPLL                   0x00001fad   Thumb Code   192  dl_sysctl_mspm0g1x0x_g3x0x.o(.text.DL_SYSCTL_configSYSPLL)
    DL_SYSCTL_switchMCLKfromSYSOSCtoHSCLK    0x00002105   Thumb Code    40  dl_sysctl_mspm0g1x0x_g3x0x.o(.text.DL_SYSCTL_switchMCLKfromSYSOSCtoHSCLK)
    DL_Timer_initTimerMode                   0x0000217d   Thumb Code   236  dl_timer.o(.text.DL_Timer_initTimerMode)
    DL_Timer_setClockConfig                  0x00002281   Thumb Code    28  dl_timer.o(.text.DL_Timer_setClockConfig)
    DL_UART_init                             0x00002315   Thumb Code    72  dl_uart.o(.text.DL_UART_init)
    DL_UART_setClockConfig                   0x00002401   Thumb Code    18  dl_uart.o(.text.DL_UART_setClockConfig)
    Gyro_ConfigReportRateRx                  0x0000245d   Thumb Code   144  imu.o(.text.Gyro_ConfigReportRateRx)
    Gyro_ParseFrame                          0x000024ed   Thumb Code   288  imu.o(.text.Gyro_ParseFrame)
    SYSCFG_DL_GPIO_init                      0x00002625   Thumb Code    42  ti_msp_dl_config.o(.text.SYSCFG_DL_GPIO_init)
    SYSCFG_DL_MSPMotor_init                  0x00002651   Thumb Code    72  ti_msp_dl_config.o(.text.SYSCFG_DL_MSPMotor_init)
    SYSCFG_DL_SYSCTL_init                    0x000026a1   Thumb Code    60  ti_msp_dl_config.o(.text.SYSCFG_DL_SYSCTL_init)
    SYSCFG_DL_SYSTICK_init                   0x000026e1   Thumb Code    12  ti_msp_dl_config.o(.text.SYSCFG_DL_SYSTICK_init)
    SYSCFG_DL_TIMER_0_init                   0x000026f1   Thumb Code    48  ti_msp_dl_config.o(.text.SYSCFG_DL_TIMER_0_init)
    SYSCFG_DL_init                           0x00002729   Thumb Code    48  ti_msp_dl_config.o(.text.SYSCFG_DL_init)
    SYSCFG_DL_initPower                      0x00002761   Thumb Code    84  ti_msp_dl_config.o(.text.SYSCFG_DL_initPower)
    SYSCFG_DL_user_init                      0x000027c1   Thumb Code    52  ti_msp_dl_config.o(.text.SYSCFG_DL_user_init)
    SysTick_Handler                          0x0000284d   Thumb Code    24  empty.o(.text.SysTick_Handler)
    TIMA0_IRQHandler                         0x00002865   Thumb Code    52  empty.o(.text.TIMA0_IRQHandler)
    UART3_IRQHandler                         0x000028a1   Thumb Code    40  empty.o(.text.UART3_IRQHandler)
    _sys_exit                                0x000029b1   Thumb Code     8  user.o(.text._sys_exit)
    delay_ms                                 0x000029b9   Thumb Code    28  empty.o(.text.delay_ms)
    fputc                                    0x000029d9   Thumb Code    40  user.o(.text.fputc)
    main                                     0x00002a05   Thumb Code   192  empty.o(.text.main)
    test                                     0x00002aed   Thumb Code    52  imu.o(.text.test)
    __ARM_common_ll_muluu                    0x00002b25   Thumb Code    48  btod.o(i.__ARM_common_ll_muluu)
    __ARM_fpclassify                         0x00002b55   Thumb Code    40  fpclassify.o(i.__ARM_fpclassify)
    _is_digit                                0x00002b81   Thumb Code    14  __printf_wp.o(i._is_digit)
    _get_lc_numeric                          0x00002b91   Thumb Code    44  lc_numeric_c.o(locale$$code)
    _get_lc_ctype                            0x00002bbd   Thumb Code    44  lc_ctype_c.o(locale$$code)
    _printf_fp_dec                           0x00002be9   Thumb Code    16  printf1.o(x$fpl$printf1)
    _printf_fp_hex                           0x00002bf9   Thumb Code    16  printf2.o(x$fpl$printf2)
    __I$use$fp                               0x00002c08   Number         0  usenofp.o(x$fpl$usenofp)
    Region$$Table$$Base                      0x00002d68   Number         0  anon$$obj.o(Region$$Table)
    Region$$Table$$Limit                     0x00002d88   Number         0  anon$$obj.o(Region$$Table)
    __ctype                                  0x00002db1   Data           0  lc_ctype_c.o(locale$$data)
    __libspace_start                         0x20200200   Data          96  libspace.o(.bss)
    __temporary_stack_top$libspace           0x20200260   Data           0  libspace.o(.bss)
    T0_Count                                 0x2020026b   Data           1  empty.o(.bss.T0_Count)
    __stdout                                 0x2020026c   Data          84  user.o(.bss.__stdout)
    delay_times                              0x202002c0   Data           4  empty.o(.bss.delay_times)
    gMSPMotorBackup                          0x202002c4   Data          48  ti_msp_dl_config.o(.bss.gMSPMotorBackup)
    gTIMER_0Backup                           0x202002f4   Data         188  ti_msp_dl_config.o(.bss.gTIMER_0Backup)
    gyro_angle_raw                           0x202003b0   Data           2  imu.o(.bss.gyro_angle_raw)
    gyro_angle_raw_f                         0x202003b4   Data           4  empty.o(.bss.gyro_angle_raw_f)
    gyro_dps_raw                             0x202003b8   Data           2  imu.o(.bss.gyro_dps_raw)
    gyro_dps_raw_f                           0x202003bc   Data           4  empty.o(.bss.gyro_dps_raw_f)
    gyro_rx_done                             0x202003c0   Data           1  imu.o(.bss.gyro_rx_done)
    speed_tx_flag                            0x202003c1   Data           1  empty.o(.bss.speed_tx_flag)
    test_comm                                0x202003c2   Data          20  imu.o(.bss.test_comm)
    uart_data                                0x202003d6   Data           1  empty.o(.bss.uart_data)



==============================================================================

Memory Map of the image

  Image Entry point : 0x000000c1

  Load Region LR_IROM1 (Base: 0x00000000, Size: 0x000030b8, Max: 0x00020000, ABSOLUTE, COMPRESSED[0x00002fe0])

    Execution Region ER_IROM1 (Exec base: 0x00000000, Load base: 0x00000000, Size: 0x00002eb4, Max: 0x00020000, ABSOLUTE)

    Exec Addr    Load Addr    Size         Type   Attr      Idx    E Section Name        Object

    0x00000000   0x00000000   0x000000c0   Data   RO           44    RESET               startup_mspm0g350x_uvision.o
    0x000000c0   0x000000c0   0x00000008   Code   RO          412  * !!!main             c_p.l(__main.o)
    0x000000c8   0x000000c8   0x0000003c   Code   RO          753    !!!scatter          c_p.l(__scatter.o)
    0x00000104   0x00000104   0x00000004   PAD
    0x00000108   0x00000108   0x0000001c   Code   RO          755    !!handler_zi        c_p.l(__scatter_zi.o)
    0x00000124   0x00000124   0x00000002   Code   RO          506    .ARM.Collect$$_printf_percent$$00000000  c_p.l(_printf_percent.o)
    0x00000126   0x00000126   0x0000000a   Code   RO          495    .ARM.Collect$$_printf_percent$$00000001  c_p.l(_printf_n.o)
    0x00000130   0x00000130   0x0000000a   Code   RO          497    .ARM.Collect$$_printf_percent$$00000002  c_p.l(_printf_p.o)
    0x0000013a   0x0000013a   0x0000000a   Code   RO          502    .ARM.Collect$$_printf_percent$$00000003  c_p.l(_printf_f.o)
    0x00000144   0x00000144   0x0000000a   Code   RO          503    .ARM.Collect$$_printf_percent$$00000004  c_p.l(_printf_e.o)
    0x0000014e   0x0000014e   0x0000000a   Code   RO          504    .ARM.Collect$$_printf_percent$$00000005  c_p.l(_printf_g.o)
    0x00000158   0x00000158   0x0000000a   Code   RO          505    .ARM.Collect$$_printf_percent$$00000006  c_p.l(_printf_a.o)
    0x00000162   0x00000162   0x0000000a   Code   RO          510    .ARM.Collect$$_printf_percent$$00000007  c_p.l(_printf_ll.o)
    0x0000016c   0x0000016c   0x0000000a   Code   RO          499    .ARM.Collect$$_printf_percent$$00000008  c_p.l(_printf_i.o)
    0x00000176   0x00000176   0x0000000a   Code   RO          500    .ARM.Collect$$_printf_percent$$00000009  c_p.l(_printf_d.o)
    0x00000180   0x00000180   0x0000000a   Code   RO          501    .ARM.Collect$$_printf_percent$$0000000A  c_p.l(_printf_u.o)
    0x0000018a   0x0000018a   0x0000000a   Code   RO          498    .ARM.Collect$$_printf_percent$$0000000B  c_p.l(_printf_o.o)
    0x00000194   0x00000194   0x0000000a   Code   RO          496    .ARM.Collect$$_printf_percent$$0000000C  c_p.l(_printf_x.o)
    0x0000019e   0x0000019e   0x0000000a   Code   RO          507    .ARM.Collect$$_printf_percent$$0000000D  c_p.l(_printf_lli.o)
    0x000001a8   0x000001a8   0x0000000a   Code   RO          508    .ARM.Collect$$_printf_percent$$0000000E  c_p.l(_printf_lld.o)
    0x000001b2   0x000001b2   0x0000000a   Code   RO          509    .ARM.Collect$$_printf_percent$$0000000F  c_p.l(_printf_llu.o)
    0x000001bc   0x000001bc   0x0000000a   Code   RO          514    .ARM.Collect$$_printf_percent$$00000010  c_p.l(_printf_llo.o)
    0x000001c6   0x000001c6   0x0000000a   Code   RO          515    .ARM.Collect$$_printf_percent$$00000011  c_p.l(_printf_llx.o)
    0x000001d0   0x000001d0   0x0000000a   Code   RO          511    .ARM.Collect$$_printf_percent$$00000012  c_p.l(_printf_l.o)
    0x000001da   0x000001da   0x0000000a   Code   RO          493    .ARM.Collect$$_printf_percent$$00000013  c_p.l(_printf_c.o)
    0x000001e4   0x000001e4   0x0000000a   Code   RO          494    .ARM.Collect$$_printf_percent$$00000014  c_p.l(_printf_s.o)
    0x000001ee   0x000001ee   0x0000000a   Code   RO          512    .ARM.Collect$$_printf_percent$$00000015  c_p.l(_printf_lc.o)
    0x000001f8   0x000001f8   0x0000000a   Code   RO          513    .ARM.Collect$$_printf_percent$$00000016  c_p.l(_printf_ls.o)
    0x00000202   0x00000202   0x00000004   Code   RO          559    .ARM.Collect$$_printf_percent$$00000017  c_p.l(_printf_percent_end.o)
    0x00000206   0x00000206   0x00000002   Code   RO          605    .ARM.Collect$$libinit$$00000000  c_p.l(libinit.o)
    0x00000208   0x00000208   0x00000000   Code   RO          630    .ARM.Collect$$libinit$$00000002  c_p.l(libinit2.o)
    0x00000208   0x00000208   0x00000000   Code   RO          632    .ARM.Collect$$libinit$$00000004  c_p.l(libinit2.o)
    0x00000208   0x00000208   0x00000000   Code   RO          635    .ARM.Collect$$libinit$$0000000A  c_p.l(libinit2.o)
    0x00000208   0x00000208   0x00000000   Code   RO          637    .ARM.Collect$$libinit$$0000000C  c_p.l(libinit2.o)
    0x00000208   0x00000208   0x00000000   Code   RO          639    .ARM.Collect$$libinit$$0000000E  c_p.l(libinit2.o)
    0x00000208   0x00000208   0x00000006   Code   RO          640    .ARM.Collect$$libinit$$0000000F  c_p.l(libinit2.o)
    0x0000020e   0x0000020e   0x00000000   Code   RO          642    .ARM.Collect$$libinit$$00000011  c_p.l(libinit2.o)
    0x0000020e   0x0000020e   0x0000000c   Code   RO          643    .ARM.Collect$$libinit$$00000012  c_p.l(libinit2.o)
    0x0000021a   0x0000021a   0x00000000   Code   RO          644    .ARM.Collect$$libinit$$00000013  c_p.l(libinit2.o)
    0x0000021a   0x0000021a   0x00000000   Code   RO          646    .ARM.Collect$$libinit$$00000015  c_p.l(libinit2.o)
    0x0000021a   0x0000021a   0x0000000a   Code   RO          647    .ARM.Collect$$libinit$$00000016  c_p.l(libinit2.o)
    0x00000224   0x00000224   0x00000000   Code   RO          648    .ARM.Collect$$libinit$$00000017  c_p.l(libinit2.o)
    0x00000224   0x00000224   0x00000000   Code   RO          650    .ARM.Collect$$libinit$$00000019  c_p.l(libinit2.o)
    0x00000224   0x00000224   0x00000000   Code   RO          652    .ARM.Collect$$libinit$$0000001B  c_p.l(libinit2.o)
    0x00000224   0x00000224   0x00000000   Code   RO          654    .ARM.Collect$$libinit$$0000001D  c_p.l(libinit2.o)
    0x00000224   0x00000224   0x00000000   Code   RO          656    .ARM.Collect$$libinit$$0000001F  c_p.l(libinit2.o)
    0x00000224   0x00000224   0x00000000   Code   RO          658    .ARM.Collect$$libinit$$00000021  c_p.l(libinit2.o)
    0x00000224   0x00000224   0x00000000   Code   RO          660    .ARM.Collect$$libinit$$00000023  c_p.l(libinit2.o)
    0x00000224   0x00000224   0x00000000   Code   RO          662    .ARM.Collect$$libinit$$00000025  c_p.l(libinit2.o)
    0x00000224   0x00000224   0x00000000   Code   RO          666    .ARM.Collect$$libinit$$0000002C  c_p.l(libinit2.o)
    0x00000224   0x00000224   0x00000000   Code   RO          668    .ARM.Collect$$libinit$$0000002E  c_p.l(libinit2.o)
    0x00000224   0x00000224   0x00000000   Code   RO          670    .ARM.Collect$$libinit$$00000030  c_p.l(libinit2.o)
    0x00000224   0x00000224   0x00000000   Code   RO          672    .ARM.Collect$$libinit$$00000032  c_p.l(libinit2.o)
    0x00000224   0x00000224   0x00000002   Code   RO          673    .ARM.Collect$$libinit$$00000033  c_p.l(libinit2.o)
    0x00000226   0x00000226   0x00000002   Code   RO          703    .ARM.Collect$$libshutdown$$00000000  c_p.l(libshutdown.o)
    0x00000228   0x00000228   0x00000000   Code   RO          734    .ARM.Collect$$libshutdown$$00000002  c_p.l(libshutdown2.o)
    0x00000228   0x00000228   0x00000000   Code   RO          736    .ARM.Collect$$libshutdown$$00000004  c_p.l(libshutdown2.o)
    0x00000228   0x00000228   0x00000000   Code   RO          739    .ARM.Collect$$libshutdown$$00000007  c_p.l(libshutdown2.o)
    0x00000228   0x00000228   0x00000000   Code   RO          742    .ARM.Collect$$libshutdown$$0000000A  c_p.l(libshutdown2.o)
    0x00000228   0x00000228   0x00000000   Code   RO          744    .ARM.Collect$$libshutdown$$0000000C  c_p.l(libshutdown2.o)
    0x00000228   0x00000228   0x00000000   Code   RO          747    .ARM.Collect$$libshutdown$$0000000F  c_p.l(libshutdown2.o)
    0x00000228   0x00000228   0x00000002   Code   RO          748    .ARM.Collect$$libshutdown$$00000010  c_p.l(libshutdown2.o)
    0x0000022a   0x0000022a   0x00000000   Code   RO          422    .ARM.Collect$$rtentry$$00000000  c_p.l(__rtentry.o)
    0x0000022a   0x0000022a   0x00000000   Code   RO          526    .ARM.Collect$$rtentry$$00000002  c_p.l(__rtentry2.o)
    0x0000022a   0x0000022a   0x00000006   Code   RO          538    .ARM.Collect$$rtentry$$00000004  c_p.l(__rtentry4.o)
    0x00000230   0x00000230   0x00000000   Code   RO          528    .ARM.Collect$$rtentry$$00000009  c_p.l(__rtentry2.o)
    0x00000230   0x00000230   0x00000004   Code   RO          529    .ARM.Collect$$rtentry$$0000000A  c_p.l(__rtentry2.o)
    0x00000234   0x00000234   0x00000000   Code   RO          531    .ARM.Collect$$rtentry$$0000000C  c_p.l(__rtentry2.o)
    0x00000234   0x00000234   0x00000008   Code   RO          532    .ARM.Collect$$rtentry$$0000000D  c_p.l(__rtentry2.o)
    0x0000023c   0x0000023c   0x00000002   Code   RO          614    .ARM.Collect$$rtexit$$00000000  c_p.l(rtexit.o)
    0x0000023e   0x0000023e   0x00000000   Code   RO          675    .ARM.Collect$$rtexit$$00000002  c_p.l(rtexit2.o)
    0x0000023e   0x0000023e   0x00000004   Code   RO          676    .ARM.Collect$$rtexit$$00000003  c_p.l(rtexit2.o)
    0x00000242   0x00000242   0x00000006   Code   RO          677    .ARM.Collect$$rtexit$$00000004  c_p.l(rtexit2.o)
    0x00000248   0x00000248   0x0000002c   Code   RO           45    .text               startup_mspm0g350x_uvision.o
    0x00000274   0x00000274   0x0000001c   Code   RO          400    .text               c_p.l(printf.o)
    0x00000290   0x00000290   0x000001f8   Code   RO          402    .text               c_p.l(aeabi_sdivfast.o)
    0x00000488   0x00000488   0x00000006   Code   RO          410    .text               c_p.l(heapauxi.o)
    0x0000048e   0x0000048e   0x00000002   PAD
    0x00000490   0x00000490   0x0000007c   Code   RO          414    .text               fz_ps.l(d2f.o)
    0x0000050c   0x0000050c   0x00000248   Code   RO          416    .text               fz_ps.l(dmul.o)
    0x00000754   0x00000754   0x00000054   Code   RO          418    .text               fz_ps.l(f2d.o)
    0x000007a8   0x000007a8   0x0000005e   Code   RO          420    .text               fz_ps.l(fflti.o)
    0x00000806   0x00000806   0x0000004e   Code   RO          429    .text               c_p.l(_printf_pad.o)
    0x00000854   0x00000854   0x00000024   Code   RO          431    .text               c_p.l(_printf_truncate.o)
    0x00000878   0x00000878   0x00000052   Code   RO          433    .text               c_p.l(_printf_str.o)
    0x000008ca   0x000008ca   0x00000002   PAD
    0x000008cc   0x000008cc   0x0000006c   Code   RO          435    .text               c_p.l(_printf_dec.o)
    0x00000938   0x00000938   0x00000026   Code   RO          437    .text               c_p.l(_printf_charcount.o)
    0x0000095e   0x0000095e   0x00000002   PAD
    0x00000960   0x00000960   0x00000028   Code   RO          439    .text               c_p.l(_printf_char_file.o)
    0x00000988   0x00000988   0x000000bc   Code   RO          441    .text               c_p.l(_printf_wctomb.o)
    0x00000a44   0x00000a44   0x00000070   Code   RO          444    .text               c_p.l(_printf_longlong_dec.o)
    0x00000ab4   0x00000ab4   0x00000070   Code   RO          450    .text               c_p.l(_printf_oct_int_ll.o)
    0x00000b24   0x00000b24   0x00000098   Code   RO          470    .text               c_p.l(_printf_hex_int_ll_ptr.o)
    0x00000bbc   0x00000bbc   0x00000188   Code   RO          490    .text               c_p.l(__printf_flags_ss_wp.o)
    0x00000d44   0x00000d44   0x0000007a   Code   RO          542    .text               c_p.l(lludiv10.o)
    0x00000dbe   0x00000dbe   0x000000b0   Code   RO          544    .text               c_p.l(_printf_intcommon.o)
    0x00000e6e   0x00000e6e   0x00000002   PAD
    0x00000e70   0x00000e70   0x00000414   Code   RO          546    .text               c_p.l(_printf_fp_dec.o)
    0x00001284   0x00001284   0x000002d8   Code   RO          550    .text               c_p.l(_printf_fp_hex.o)
    0x0000155c   0x0000155c   0x00000030   Code   RO          553    .text               c_p.l(_printf_char_common.o)
    0x0000158c   0x0000158c   0x0000002e   Code   RO          555    .text               c_p.l(_printf_char.o)
    0x000015ba   0x000015ba   0x0000002e   Code   RO          557    .text               c_p.l(_printf_wchar.o)
    0x000015e8   0x000015e8   0x00000008   Code   RO          560    .text               c_p.l(ferror.o)
    0x000015f0   0x000015f0   0x00000042   Code   RO          564    .text               c_p.l(_c16rtomb.o)
    0x00001632   0x00001632   0x00000028   Code   RO          566    .text               c_p.l(rtudiv10.o)
    0x0000165a   0x0000165a   0x0000003e   Code   RO          568    .text               c_p.l(sys_stackheap_outer.o)
    0x00001698   0x00001698   0x00000010   Code   RO          571    .text               c_p.l(rt_ctype_table.o)
    0x000016a8   0x000016a8   0x00000008   Code   RO          576    .text               c_p.l(rt_locale_intlibspace.o)
    0x000016b0   0x000016b0   0x00000088   Code   RO          578    .text               c_p.l(_printf_fp_infnan.o)
    0x00001738   0x00001738   0x000000d8   Code   RO          582    .text               c_p.l(bigflt0.o)
    0x00001810   0x00001810   0x00000580   Code   RO          585    .text               c_p.l(btod.o)
    0x00001d90   0x00001d90   0x00000010   Code   RO          594    .text               c_p.l(exit.o)
    0x00001da0   0x00001da0   0x00000008   Code   RO          610    .text               c_p.l(libspace.o)
    0x00001da8   0x00001da8   0x000000b0   Code   RO          627    .text               c_p.l(strcmpv6m.o)
    0x00001e58   0x00001e58   0x00000060   Code   RO          751    .text               c_p.l(__dclz77c.o)
    0x00001eb8   0x00001eb8   0x00000064   Code   RO          136    .text.CRC16         motor_crc.o
    0x00001f1c   0x00001f1c   0x0000000a   Code   RO          221    .text.DL_Common_delayCycles  driverlib.a(dl_common.o)
    0x00001f26   0x00001f26   0x00000028   Code   RO          118    .text.DL_Common_updateReg  ti_msp_dl_config.o
    0x00001f4e   0x00001f4e   0x00000002   PAD
    0x00001f50   0x00001f50   0x00000014   Code   RO           78    .text.DL_GPIO_enablePower  ti_msp_dl_config.o
    0x00001f64   0x00001f64   0x0000001c   Code   RO           86    .text.DL_GPIO_initPeripheralInputFunction  ti_msp_dl_config.o
    0x00001f80   0x00001f80   0x0000001c   Code   RO           84    .text.DL_GPIO_initPeripheralOutputFunction  ti_msp_dl_config.o
    0x00001f9c   0x00001f9c   0x00000010   Code   RO           72    .text.DL_GPIO_reset  ti_msp_dl_config.o
    0x00001fac   0x00001fac   0x000000c0   Code   RO          367    .text.DL_SYSCTL_configSYSPLL  driverlib.a(dl_sysctl_mspm0g1x0x_g3x0x.o)
    0x0000206c   0x0000206c   0x0000000c   Code   RO           94    .text.DL_SYSCTL_disableHFXT  ti_msp_dl_config.o
    0x00002078   0x00002078   0x00000014   Code   RO           96    .text.DL_SYSCTL_disableSYSPLL  ti_msp_dl_config.o
    0x0000208c   0x0000208c   0x00000010   Code   RO          100    .text.DL_SYSCTL_enableMFCLK  ti_msp_dl_config.o
    0x0000209c   0x0000209c   0x00000018   Code   RO           88    .text.DL_SYSCTL_setBORThreshold  ti_msp_dl_config.o
    0x000020b4   0x000020b4   0x0000001c   Code   RO           90    .text.DL_SYSCTL_setFlashWaitState  ti_msp_dl_config.o
    0x000020d0   0x000020d0   0x0000001c   Code   RO           92    .text.DL_SYSCTL_setSYSOSCFreq  ti_msp_dl_config.o
    0x000020ec   0x000020ec   0x00000018   Code   RO           98    .text.DL_SYSCTL_setULPCLKDivider  ti_msp_dl_config.o
    0x00002104   0x00002104   0x00000028   Code   RO          375    .text.DL_SYSCTL_switchMCLKfromSYSOSCtoHSCLK  driverlib.a(dl_sysctl_mspm0g1x0x_g3x0x.o)
    0x0000212c   0x0000212c   0x00000010   Code   RO          106    .text.DL_Timer_enableClock  ti_msp_dl_config.o
    0x0000213c   0x0000213c   0x00000018   Code   RO          102    .text.DL_Timer_enableInterrupt  ti_msp_dl_config.o
    0x00002154   0x00002154   0x00000014   Code   RO           80    .text.DL_Timer_enablePower  ti_msp_dl_config.o
    0x00002168   0x00002168   0x00000012   Code   RO           14    .text.DL_Timer_getPendingInterrupt  empty.o
    0x0000217a   0x0000217a   0x00000002   PAD
    0x0000217c   0x0000217c   0x000000ec   Code   RO          234    .text.DL_Timer_initTimerMode  driverlib.a(dl_timer.o)
    0x00002268   0x00002268   0x00000018   Code   RO           74    .text.DL_Timer_reset  ti_msp_dl_config.o
    0x00002280   0x00002280   0x0000001c   Code   RO          230    .text.DL_Timer_setClockConfig  driverlib.a(dl_timer.o)
    0x0000229c   0x0000229c   0x00000018   Code   RO           10    .text.DL_Timer_startCounter  empty.o
    0x000022b4   0x000022b4   0x00000016   Code   RO          112    .text.DL_UART_enable  ti_msp_dl_config.o
    0x000022ca   0x000022ca   0x00000002   PAD
    0x000022cc   0x000022cc   0x0000001c   Code   RO          114    .text.DL_UART_enableInterrupt  ti_msp_dl_config.o
    0x000022e8   0x000022e8   0x00000018   Code   RO           82    .text.DL_UART_enablePower  ti_msp_dl_config.o
    0x00002300   0x00002300   0x00000012   Code   RO           18    .text.DL_UART_getPendingInterrupt  empty.o
    0x00002312   0x00002312   0x00000002   PAD
    0x00002314   0x00002314   0x00000048   Code   RO          327    .text.DL_UART_init  driverlib.a(dl_uart.o)
    0x0000235c   0x0000235c   0x00000014   Code   RO          185    .text.DL_UART_isBusy  user.o
    0x00002370   0x00002370   0x00000018   Code   RO          203    .text.DL_UART_isBusy  imu.o
    0x00002388   0x00002388   0x00000014   Code   RO           20    .text.DL_UART_receiveData  empty.o
    0x0000239c   0x0000239c   0x00000018   Code   RO           76    .text.DL_UART_reset  ti_msp_dl_config.o
    0x000023b4   0x000023b4   0x0000004c   Code   RO          110    .text.DL_UART_setBaudRateDivisor  ti_msp_dl_config.o
    0x00002400   0x00002400   0x00000012   Code   RO          329    .text.DL_UART_setClockConfig  driverlib.a(dl_uart.o)
    0x00002412   0x00002412   0x0000001e   Code   RO          108    .text.DL_UART_setOversampling  ti_msp_dl_config.o
    0x00002430   0x00002430   0x00000016   Code   RO          187    .text.DL_UART_transmitData  user.o
    0x00002446   0x00002446   0x00000016   Code   RO          205    .text.DL_UART_transmitData  imu.o
    0x0000245c   0x0000245c   0x00000090   Code   RO          201    .text.Gyro_ConfigReportRateRx  imu.o
    0x000024ec   0x000024ec   0x00000138   Code   RO          199    .text.Gyro_ParseFrame  imu.o
    0x00002624   0x00002624   0x0000002a   Code   RO           56    .text.SYSCFG_DL_GPIO_init  ti_msp_dl_config.o
    0x0000264e   0x0000264e   0x00000002   PAD
    0x00002650   0x00002650   0x00000050   Code   RO           64    .text.SYSCFG_DL_MSPMotor_init  ti_msp_dl_config.o
    0x000026a0   0x000026a0   0x00000040   Code   RO           58    .text.SYSCFG_DL_SYSCTL_init  ti_msp_dl_config.o
    0x000026e0   0x000026e0   0x00000010   Code   RO           66    .text.SYSCFG_DL_SYSTICK_init  ti_msp_dl_config.o
    0x000026f0   0x000026f0   0x00000038   Code   RO           60    .text.SYSCFG_DL_TIMER_0_init  ti_msp_dl_config.o
    0x00002728   0x00002728   0x00000038   Code   RO           52    .text.SYSCFG_DL_init  ti_msp_dl_config.o
    0x00002760   0x00002760   0x00000060   Code   RO           54    .text.SYSCFG_DL_initPower  ti_msp_dl_config.o
    0x000027c0   0x000027c0   0x0000003c   Code   RO           62    .text.SYSCFG_DL_user_init  ti_msp_dl_config.o
    0x000027fc   0x000027fc   0x00000050   Code   RO          116    .text.SysTick_Config  ti_msp_dl_config.o
    0x0000284c   0x0000284c   0x00000018   Code   RO           22    .text.SysTick_Handler  empty.o
    0x00002864   0x00002864   0x0000003c   Code   RO           12    .text.TIMA0_IRQHandler  empty.o
    0x000028a0   0x000028a0   0x00000030   Code   RO           16    .text.UART3_IRQHandler  empty.o
    0x000028d0   0x000028d0   0x0000002c   Code   RO            6    .text.__NVIC_ClearPendingIRQ  empty.o
    0x000028fc   0x000028fc   0x0000002c   Code   RO            8    .text.__NVIC_EnableIRQ  empty.o
    0x00002928   0x00002928   0x00000088   Code   RO          104    .text.__NVIC_SetPriority  ti_msp_dl_config.o
    0x000029b0   0x000029b0   0x00000008   Code   RO          181    .text._sys_exit     user.o
    0x000029b8   0x000029b8   0x00000020   Code   RO            4    .text.delay_ms      empty.o
    0x000029d8   0x000029d8   0x0000002c   Code   RO          183    .text.fputc         user.o
    0x00002a04   0x00002a04   0x000000e8   Code   RO            2    .text.main          empty.o
    0x00002aec   0x00002aec   0x00000038   Code   RO          197    .text.test          imu.o
    0x00002b24   0x00002b24   0x00000030   Code   RO          587    i.__ARM_common_ll_muluu  c_p.l(btod.o)
    0x00002b54   0x00002b54   0x0000002c   Code   RO          608    i.__ARM_fpclassify  m_ps.l(fpclassify.o)
    0x00002b80   0x00002b80   0x0000000e   Code   RO          483    i._is_digit         c_p.l(__printf_wp.o)
    0x00002b8e   0x00002b8e   0x00000002   PAD
    0x00002b90   0x00002b90   0x0000002c   Code   RO          592    locale$$code        c_p.l(lc_numeric_c.o)
    0x00002bbc   0x00002bbc   0x0000002c   Code   RO          621    locale$$code        c_p.l(lc_ctype_c.o)
    0x00002be8   0x00002be8   0x00000010   Code   RO          516    x$fpl$printf1       fz_ps.l(printf1.o)
    0x00002bf8   0x00002bf8   0x00000010   Code   RO          518    x$fpl$printf2       fz_ps.l(printf2.o)
    0x00002c08   0x00002c08   0x00000000   Code   RO          524    x$fpl$usenofp       fz_ps.l(usenofp.o)
    0x00002c08   0x00002c08   0x00000008   Data   RO          442    .constdata          c_p.l(_printf_wctomb.o)
    0x00002c10   0x00002c10   0x00000028   Data   RO          471    .constdata          c_p.l(_printf_hex_int_ll_ptr.o)
    0x00002c38   0x00002c38   0x00000011   Data   RO          491    .constdata          c_p.l(__printf_flags_ss_wp.o)
    0x00002c49   0x00002c49   0x00000026   Data   RO          551    .constdata          c_p.l(_printf_fp_hex.o)
    0x00002c6f   0x00002c6f   0x00000001   PAD
    0x00002c70   0x00002c70   0x00000094   Data   RO          583    .constdata          c_p.l(bigflt0.o)
    0x00002d04   0x00002d04   0x00000002   Data   RO          127    .rodata.gMSPMotorClockConfig  ti_msp_dl_config.o
    0x00002d06   0x00002d06   0x0000000a   Data   RO          128    .rodata.gMSPMotorConfig  ti_msp_dl_config.o
    0x00002d10   0x00002d10   0x00000028   Data   RO          122    .rodata.gSYSPLLConfig  ti_msp_dl_config.o
    0x00002d38   0x00002d38   0x00000003   Data   RO          123    .rodata.gTIMER_0ClockConfig  ti_msp_dl_config.o
    0x00002d3b   0x00002d3b   0x00000001   PAD
    0x00002d3c   0x00002d3c   0x00000014   Data   RO          124    .rodata.gTIMER_0TimerConfig  ti_msp_dl_config.o
    0x00002d50   0x00002d50   0x00000002   Data   RO          125    .rodata.guserClockConfig  ti_msp_dl_config.o
    0x00002d52   0x00002d52   0x0000000a   Data   RO          126    .rodata.guserConfig  ti_msp_dl_config.o
    0x00002d5c   0x00002d5c   0x00000007   Data   RO           29    .rodata.str1.1      empty.o
    0x00002d63   0x00002d63   0x00000005   PAD
    0x00002d68   0x00002d68   0x00000020   Data   RO          750    Region$$Table       anon$$obj.o
    0x00002d88   0x00002d88   0x0000001c   Data   RO          591    locale$$data        c_p.l(lc_numeric_c.o)
    0x00002da4   0x00002da4   0x00000110   Data   RO          620    locale$$data        c_p.l(lc_ctype_c.o)


    Execution Region RW_IRAM2 (Exec base: 0x20200000, Load base: 0x00002eb8, Size: 0x000013d8, Max: 0x00008000, ABSOLUTE, COMPRESSED[0x00000128])

    Exec Addr    Load Addr    Size         Type   Attr      Idx    E Section Name        Object

    0x20200000   COMPRESSED   0x00000100   Data   RW          138    .data.auchCRCHi     motor_crc.o
    0x20200100   COMPRESSED   0x00000100   Data   RW          139    .data.auchCRCLo     motor_crc.o
    0x20200200        -       0x00000060   Zero   RW          611    .bss                c_p.l(libspace.o)
    0x20200260        -       0x00000009   Zero   RW          209    .bss.Gyro_ParseFrame.frame  imu.o
    0x20200269        -       0x00000001   Zero   RW          210    .bss.Gyro_ParseFrame.idx  imu.o
    0x2020026a        -       0x00000001   Zero   RW          208    .bss.Gyro_ParseFrame.state  imu.o
    0x2020026b        -       0x00000001   Zero   RW           30    .bss.T0_Count       empty.o
    0x2020026c        -       0x00000054   Zero   RW          189    .bss.__stdout       user.o
    0x202002c0        -       0x00000004   Zero   RW           25    .bss.delay_times    empty.o
    0x202002c4        -       0x00000030   Zero   RW          121    .bss.gMSPMotorBackup  ti_msp_dl_config.o
    0x202002f4        -       0x000000bc   Zero   RW          120    .bss.gTIMER_0Backup  ti_msp_dl_config.o
    0x202003b0        -       0x00000002   Zero   RW          211    .bss.gyro_angle_raw  imu.o
    0x202003b2   COMPRESSED   0x00000002   PAD
    0x202003b4        -       0x00000004   Zero   RW           27    .bss.gyro_angle_raw_f  empty.o
    0x202003b8        -       0x00000002   Zero   RW          212    .bss.gyro_dps_raw   imu.o
    0x202003ba   COMPRESSED   0x00000002   PAD
    0x202003bc        -       0x00000004   Zero   RW           28    .bss.gyro_dps_raw_f  empty.o
    0x202003c0        -       0x00000001   Zero   RW          213    .bss.gyro_rx_done   imu.o
    0x202003c1        -       0x00000001   Zero   RW           26    .bss.speed_tx_flag  empty.o
    0x202003c2        -       0x00000014   Zero   RW          207    .bss.test_comm      imu.o
    0x202003d6        -       0x00000001   Zero   RW           24    .bss.uart_data      empty.o
    0x202003d7   COMPRESSED   0x00000001   PAD
    0x202003d8        -       0x00000000   Zero   RW           43    HEAP                startup_mspm0g350x_uvision.o
    0x202003d8        -       0x00001000   Zero   RW           42    STACK               startup_mspm0g350x_uvision.o



  Load Region LR_BCR (Base: 0x41c00000, Size: 0x00000000, Max: 0x00000100, ABSOLUTE)

    Execution Region BCR_CONFIG (Exec base: 0x41c00000, Load base: 0x41c00000, Size: 0x00000000, Max: 0x00000080, ABSOLUTE)

    **** No section assigned to this execution region ****



  Load Region LR_BSL (Base: 0x41c00100, Size: 0x00000000, Max: 0x00000100, ABSOLUTE)

    Execution Region BSL_CONFIG (Exec base: 0x41c00100, Load base: 0x41c00100, Size: 0x00000000, Max: 0x00000080, ABSOLUTE)

    **** No section assigned to this execution region ****


==============================================================================

Image component sizes


      Code (inc. data)   RO Data    RW Data    ZI Data      Debug   Object Name

       564         76          7          0         15       8692   empty.o
       558         48          0          0         36       3919   imu.o
       100          8          0        512          0        985   motor_crc.o
        44         18        192          0       4096        712   startup_mspm0g350x_uvision.o
      1258        132         87          0        236      28124   ti_msp_dl_config.o
        94          4          0          0         84       3346   user.o

    ----------------------------------------------------------------------
      2628        286        324        512       4472      45778   Object Totals
         0          0         32          0          0          0   (incl. Generated)
        10          0          6          0          5          0   (incl. Padding)

    ----------------------------------------------------------------------

      Code (inc. data)   RO Data    RW Data    ZI Data      Debug   Library Member Name

        96          0          0          0          0          0   __dclz77c.o
         8          0          0          0          0         68   __main.o
       392          6         17          0          0         76   __printf_flags_ss_wp.o
        14          0          0          0          0         60   __printf_wp.o
         0          0          0          0          0          0   __rtentry.o
        12          0          0          0          0          0   __rtentry2.o
         6          0          0          0          0          0   __rtentry4.o
        60          8          0          0          0          0   __scatter.o
        28          0          0          0          0          0   __scatter_zi.o
        66          0          0          0          0         76   _c16rtomb.o
        10          0          0          0          0          0   _printf_a.o
        10          0          0          0          0          0   _printf_c.o
        46          0          0          0          0        100   _printf_char.o
        48          6          0          0          0         88   _printf_char_common.o
        40          6          0          0          0         72   _printf_char_file.o
        38          0          0          0          0         60   _printf_charcount.o
        10          0          0          0          0          0   _printf_d.o
       108         18          0          0          0         76   _printf_dec.o
        10          0          0          0          0          0   _printf_e.o
        10          0          0          0          0          0   _printf_f.o
      1044         12          0          0          0        116   _printf_fp_dec.o
       728         10         38          0          0         84   _printf_fp_hex.o
       136         16          0          0          0         76   _printf_fp_infnan.o
        10          0          0          0          0          0   _printf_g.o
       152          4         40          0          0        148   _printf_hex_int_ll_ptr.o
        10          0          0          0          0          0   _printf_i.o
       176          0          0          0          0         84   _printf_intcommon.o
        10          0          0          0          0          0   _printf_l.o
        10          0          0          0          0          0   _printf_lc.o
        10          0          0          0          0          0   _printf_ll.o
        10          0          0          0          0          0   _printf_lld.o
        10          0          0          0          0          0   _printf_lli.o
        10          0          0          0          0          0   _printf_llo.o
        10          0          0          0          0          0   _printf_llu.o
        10          0          0          0          0          0   _printf_llx.o
       112         18          0          0          0         76   _printf_longlong_dec.o
        10          0          0          0          0          0   _printf_ls.o
        10          0          0          0          0          0   _printf_n.o
        10          0          0          0          0          0   _printf_o.o
       112         10          0          0          0        112   _printf_oct_int_ll.o
        10          0          0          0          0          0   _printf_p.o
        78          0          0          0          0        100   _printf_pad.o
         2          0          0          0          0          0   _printf_percent.o
         4          0          0          0          0          0   _printf_percent_end.o
        10          0          0          0          0          0   _printf_s.o
        82          0          0          0          0         72   _printf_str.o
        36          0          0          0          0         76   _printf_truncate.o
        10          0          0          0          0          0   _printf_u.o
        46          0          0          0          0        100   _printf_wchar.o
       188          6          8          0          0         80   _printf_wctomb.o
        10          0          0          0          0          0   _printf_x.o
       504          4          0          0          0         92   aeabi_sdivfast.o
       216          6        148          0          0         80   bigflt0.o
      1456         30          0          0          0        336   btod.o
        16          0          0          0          0         68   exit.o
         8          0          0          0          0         60   ferror.o
         6          0          0          0          0        136   heapauxi.o
        44         10        272          0          0         76   lc_ctype_c.o
        44         10         28          0          0         76   lc_numeric_c.o
         2          0          0          0          0          0   libinit.o
        30          0          0          0          0          0   libinit2.o
         2          0          0          0          0          0   libshutdown.o
         2          0          0          0          0          0   libshutdown2.o
         8          4          0          0         96         68   libspace.o
       122          0          0          0          0         72   lludiv10.o
        28          6          0          0          0         84   printf.o
        16          4          0          0          0         76   rt_ctype_table.o
         8          4          0          0          0         68   rt_locale_intlibspace.o
         2          0          0          0          0          0   rtexit.o
        10          0          0          0          0          0   rtexit2.o
        40          0          0          0          0         60   rtudiv10.o
       176          4          0          0          0         80   strcmpv6m.o
        62          0          0          0          0         80   sys_stackheap_outer.o
        10          0          0          0          0        803   dl_common.o
       232         20          0          0          0      18491   dl_sysctl_mspm0g1x0x_g3x0x.o
       264        156          0          0          0      39888   dl_timer.o
        90          8          0          0          0      14128   dl_uart.o
       124          4          0          0          0         72   d2f.o
       584         26          0          0          0         84   dmul.o
        84          4          0          0          0         60   f2d.o
        94          0          0          0          0         92   fflti.o
        16          4          0          0          0         76   printf1.o
        16          4          0          0          0         76   printf2.o
         0          0          0          0          0          0   usenofp.o
        44          4          0          0          0         60   fpclassify.o

    ----------------------------------------------------------------------
      8452        436        552          0         96      77142   Library Totals
        14          4          1          0          0          0   (incl. Padding)

    ----------------------------------------------------------------------

      Code (inc. data)   RO Data    RW Data    ZI Data      Debug   Library Name

      6880        202        551          0         96       3312   c_p.l
       596        184          0          0          0      73310   driverlib.a
       918         42          0          0          0        460   fz_ps.l
        44          4          0          0          0         60   m_ps.l

    ----------------------------------------------------------------------
      8452        436        552          0         96      77142   Library Totals

    ----------------------------------------------------------------------

==============================================================================


      Code (inc. data)   RO Data    RW Data    ZI Data      Debug   

     11080        722        876        512       4568     120944   Grand Totals
     11080        722        876        296       4568     120944   ELF Image Totals (compressed)
     11080        722        876        296          0          0   ROM Totals

==============================================================================

    Total RO  Size (Code + RO Data)                11956 (  11.68kB)
    Total RW  Size (RW Data + ZI Data)              5080 (   4.96kB)
    Total ROM Size (Code + RO Data + RW Data)      12252 (  11.96kB)

==============================================================================

