******************************************************************************
            TI ARM Clang Linker PC v4.0.4                      
******************************************************************************
>> Linked Sat Sep 12 21:27:54 2026

OUTPUT FILE NAME:   <mspm0_project.out>
ENTRY POINT SYMBOL: "_c_int00_noinit_noargs"  address: 00000ec5


MEMORY CONFIGURATION

         name            origin    length      used     unused   attr    fill
----------------------  --------  ---------  --------  --------  ----  --------
  FLASH                 00000000   00020000  00001000  0001f000  R  X
  SRAM                  20200000   00008000  00000200  00007e00  RW X
  BCR_CONFIG            41c00000   000000ff  00000000  000000ff  R   
  BSL_CONFIG            41c00100   00000080  00000000  00000080  R   


SEGMENT ALLOCATION MAP

run origin  load origin   length   init length attrs members
----------  ----------- ---------- ----------- ----- -------
00000000    00000000    00001000   00001000    r-x
  00000000    00000000    000000c0   000000c0    r-- .intvecs
  000000c0    000000c0    00000f20   00000f20    r-x .text
  00000fe0    00000fe0    00000020   00000020    r-- .rodata
20207e00    20207e00    00000200   00000000    rw-
  20207e00    20207e00    00000200   00000000    rw- .stack


SECTION ALLOCATION MAP

 output                                  attributes/
section   page    origin      length       input sections
--------  ----  ----------  ----------   ----------------
.intvecs   0    00000000    000000c0     
                  00000000    000000c0     startup_mspm0g350x_ticlang.o (.intvecs)

.text      0    000000c0    00000f20     
                  000000c0    000001c8     libc.a : s_atanf.c.obj (.text.atanf)
                  00000288    00000118            : e_atan2f.c.obj (.text.atan2f)
                  000003a0    000000ec     qmc5883l.o (.text.qmc5883l_iic_wait_ack)
                  0000048c    000000d8     libclang_rt.builtins.a : addsf3.S.obj (.text)
                  00000564    000000bc     qmc5883l.o (.text.qmc5883l_iic_send_byte)
                  00000620    000000b6     qmc5883l.o (.text.qmc5883l_read_regs)
                  000006d6    00000002     --HOLE-- [fill = 0]
                  000006d8    000000b0     qmc5883l.o (.text.qmc5883l_iic_read_byte)
                  00000788    000000a2     qmc5883l.o (.text.qmc5883l_init)
                  0000082a    00000002     --HOLE-- [fill = 0]
                  0000082c    000000a0     qmc5883l.o (.text.qmc5883l_iic_send_ack)
                  000008cc    00000094     qmc5883l.o (.text.qmc5883l_read_heading)
                  00000960    0000008c     libclang_rt.builtins.a : mulsf3.S.obj (.text.__mulsf3)
                  000009ec    0000008c     qmc5883l.o (.text.qmc5883l_heading_from_xy)
                  00000a78    00000082     libclang_rt.builtins.a : divsf3.S.obj (.text.__divsf3)
                  00000afa    0000007e     qmc5883l.o (.text.qmc5883l_read)
                  00000b78    00000070     qmc5883l.o (.text.qmc5883l_iic_start)
                  00000be8    00000070     qmc5883l.o (.text.qmc5883l_iic_stop)
                  00000c58    00000070     qmc5883l.o (.text.qmc5883l_write_reg)
                  00000cc8    00000068     qmc5883l.o (.text.qmc5883l_wait_drdy)
                  00000d30    00000062     libclang_rt.builtins.a : aeabi_fcmp.S.obj (.text.__aeabi_fcmp)
                  00000d92    00000040     main.o (.text.main)
                  00000dd2    00000002     --HOLE-- [fill = 0]
                  00000dd4    0000003c     libclang_rt.builtins.a : floatsisf.S.obj (.text.__floatsisf)
                  00000e10    0000003c                            : comparesf2.S.obj (.text.__gtsf2)
                  00000e4c    0000003a                            : comparesf2.S.obj (.text.__eqsf2)
                  00000e86    00000002     --HOLE-- [fill = 0]
                  00000e88    0000003a                            : muldsi3.S.obj (.text.__muldsi3)
                  00000ec2    00000002     --HOLE-- [fill = 0]
                  00000ec4    00000020     libc.a : boot_cortex_m.c.obj (.text:_c_int00_noinit_noargs)
                  00000ee4    0000001c     qmc5883l.o (.text.DL_GPIO_initDigitalInput)
                  00000f00    0000001a     delay.o (.text.delay_ms)
                  00000f1a    00000002     --HOLE-- [fill = 0]
                  00000f1c    00000018     qmc5883l.o (.text.DL_GPIO_enableOutput)
                  00000f34    00000018     qmc5883l.o (.text.DL_GPIO_initDigitalOutput)
                  00000f4c    00000018     qmc5883l.o (.text.DL_GPIO_setPins)
                  00000f64    00000016     qmc5883l.o (.text.DL_GPIO_readPins)
                  00000f7a    00000016     delay.o (.text.delay_us)
                  00000f90    00000014     qmc5883l.o (.text.DL_GPIO_clearPins)
                  00000fa4    0000000a     driverlib.a : dl_common.o (.text.DL_Common_delayCycles)
                  00000fae    00000006     libc.a : s_atanf.c.obj (.text.OUTLINED_FUNCTION_0)
                  00000fb4    00000006            : exit.c.obj (.text:abort)
                  00000fba    00000004     startup_mspm0g350x_ticlang.o (.text.Default_Handler)
                  00000fbe    00000004     libsysbm.a : hostexit.c.obj (.text.HOSTexit)
                  00000fc2    00000004     libc.a : s_atanf.c.obj (.text.OUTLINED_FUNCTION_1)
                  00000fc6    00000002     --HOLE-- [fill = 0]
                  00000fc8    00000010     libclang_rt.builtins.a : addsf3.S.obj (.tramp.__aeabi_fadd.1)
                  00000fd8    00000004     startup_mspm0g350x_ticlang.o (.text.Reset_Handler)
                  00000fdc    00000004     libc.a : pre_init.c.obj (.text._system_pre_init)

.cinit     0    00000000    00000000     

.rodata    0    00000fe0    00000020     
                  00000fe0    00000020     libc.a : s_atanf.c.obj (.rodata.cst16)

.init_array 
*          0    00000000    00000000     UNINITIALIZED

.binit     0    00000000    00000000     

.stack     0    20207e00    00000200     UNINITIALIZED
                  20207e00    00000004     libc.a : boot_cortex_m.c.obj (.stack)
                  20207e04    000001fc     --HOLE--

__llvm_prf_cnts 
*          0    20200000    00000000     UNINITIALIZED

__llvm_prf_bits 
*          0    20200000    00000000     UNINITIALIZED

MODULE SUMMARY

       Module                         code   ro data   rw data
       ------                         ----   -------   -------
    .\
       startup_mspm0g350x_ticlang.o   8      192       0      
       main.o                         64     0         0      
    +--+------------------------------+------+---------+---------+
       Total:                         72     192       0      
                                                              
    .\modules\delay\code\
       delay.o                        48     0         0      
    +--+------------------------------+------+---------+---------+
       Total:                         48     0         0      
                                                              
    .\modules\qmc5883l\code\
       qmc5883l.o                     2100   0         0      
    +--+------------------------------+------+---------+---------+
       Total:                         2100   0         0      
                                                              
    C:\ti\ccs2050\ccs\tools\compiler\ti-cgt-armllvm_4.0.4.LTS\lib\armv6m-ti-none-eabi/c/libc.a
       s_atanf.c.obj                  466    32        0      
       e_atan2f.c.obj                 280    0         0      
       boot_cortex_m.c.obj            32     0         0      
       exit.c.obj                     6      0         0      
       pre_init.c.obj                 4      0         0      
    +--+------------------------------+------+---------+---------+
       Total:                         788    32        0      
                                                              
    C:\ti\ccs2050\ccs\tools\compiler\ti-cgt-armllvm_4.0.4.LTS\lib\armv6m-ti-none-eabi/c/libsysbm.a
       hostexit.c.obj                 4      0         0      
    +--+------------------------------+------+---------+---------+
       Total:                         4      0         0      
                                                              
    C:\ti\ccs2050\ccs\tools\compiler\ti-cgt-armllvm_4.0.4.LTS\lib\armv6m-ti-none-eabi/libclang_rt.builtins.a
       addsf3.S.obj                   232    0         0      
       mulsf3.S.obj                   140    0         0      
       divsf3.S.obj                   130    0         0      
       comparesf2.S.obj               118    0         0      
       aeabi_fcmp.S.obj               98     0         0      
       floatsisf.S.obj                60     0         0      
       muldsi3.S.obj                  58     0         0      
    +--+------------------------------+------+---------+---------+
       Total:                         836    0         0      
                                                              
    C:\ti\ccs2051\mspm0_sdk_2_10_00_04/source/ti/driverlib/lib/ticlang/m0p/mspm0g1x0x_g3x0x/driverlib.a
       dl_common.o                    10     0         0      
    +--+------------------------------+------+---------+---------+
       Total:                         10     0         0      
                                                              
       Stack:                         0      0         512    
    +--+------------------------------+------+---------+---------+
       Grand Total:                   3858   224       512    


FAR CALL TRAMPOLINES

callee name               trampoline name
   callee addr  tramp addr   call addr  call info
--------------  -----------  ---------  ----------------
__aeabi_fadd              $Tramp$TT$L$PI$$__aeabi_fadd
   00000497     00000fc8     00000fc4   libc.a : s_atanf.c.obj (.text.OUTLINED_FUNCTION_1)

[1 trampolines]
[1 trampoline calls]


GLOBAL SYMBOLS: SORTED ALPHABETICALLY BY Name 

address   name                    
-------   ----                    
00000fbb  ADC0_IRQHandler         
00000fbb  ADC1_IRQHandler         
00000fbb  AES_IRQHandler          
00000fbe  C$$EXIT                 
00000fbb  CANFD0_IRQHandler       
00000fbb  DAC0_IRQHandler         
00000fa5  DL_Common_delayCycles   
00000fbb  DMA_IRQHandler          
00000fbb  Default_Handler         
00000fbb  GROUP0_IRQHandler       
00000fbb  GROUP1_IRQHandler       
00000fbf  HOSTexit                
00000fbb  HardFault_Handler       
00000fbb  I2C0_IRQHandler         
00000fbb  I2C1_IRQHandler         
00000fbb  NMI_Handler             
00000fbb  PendSV_Handler          
00000fbb  RTC_IRQHandler          
00000fd9  Reset_Handler           
00000fbb  SPI0_IRQHandler         
00000fbb  SPI1_IRQHandler         
00000fbb  SVC_Handler             
00000fbb  SysTick_Handler         
00000fbb  TIMA0_IRQHandler        
00000fbb  TIMA1_IRQHandler        
00000fbb  TIMG0_IRQHandler        
00000fbb  TIMG12_IRQHandler       
00000fbb  TIMG6_IRQHandler        
00000fbb  TIMG7_IRQHandler        
00000fbb  TIMG8_IRQHandler        
00000fbb  UART0_IRQHandler        
00000fbb  UART1_IRQHandler        
00000fbb  UART2_IRQHandler        
00000fbb  UART3_IRQHandler        
20208000  __STACK_END             
00000200  __STACK_SIZE            
00000000  __TI_ATRegion0_region_sz
00000000  __TI_ATRegion0_src_addr 
00000000  __TI_ATRegion0_trg_addr 
00000000  __TI_ATRegion1_region_sz
00000000  __TI_ATRegion1_src_addr 
00000000  __TI_ATRegion1_trg_addr 
00000000  __TI_ATRegion2_region_sz
00000000  __TI_ATRegion2_src_addr 
00000000  __TI_ATRegion2_trg_addr 
00000000  __TI_CINIT_Base         
00000000  __TI_CINIT_Limit        
00000000  __TI_CINIT_Warm         
ffffffff  __TI_pprof_out_hndl     
ffffffff  __TI_prof_data_size     
ffffffff  __TI_prof_data_start    
00000000  __TI_static_base__      
00000497  __addsf3                
00000497  __aeabi_fadd            
00000d31  __aeabi_fcmpeq          
00000d6d  __aeabi_fcmpge          
00000d81  __aeabi_fcmpgt          
00000d59  __aeabi_fcmple          
00000d45  __aeabi_fcmplt          
00000a79  __aeabi_fdiv            
00000961  __aeabi_fmul            
0000048d  __aeabi_fsub            
00000dd5  __aeabi_i2f             
ffffffff  __binit__               
00000e4d  __cmpsf2                
00000a79  __divsf3                
00000e4d  __eqsf2                 
00000dd5  __floatsisf             
00000e11  __gesf2                 
00000e11  __gtsf2                 
00000e4d  __lesf2                 
00000e4d  __ltsf2                 
UNDEFED   __mpu_init              
00000e89  __muldsi3               
00000961  __mulsf3                
00000e4d  __nesf2                 
20207e00  __stack                 
20200000  __start___llvm_prf_bits 
20200000  __start___llvm_prf_cnts 
20200000  __stop___llvm_prf_bits  
20200000  __stop___llvm_prf_cnts  
0000048d  __subsf3                
00000ec5  _c_int00_noinit_noargs  
00000fdd  _system_pre_init        
00000fb5  abort                   
00000289  atan2f                  
000000c1  atanf                   
ffffffff  binit                   
00000f01  delay_ms                
00000f7b  delay_us                
00000000  interruptVectors        
00000d93  main                    
000009ed  qmc5883l_heading_from_xy
00000789  qmc5883l_init           
00000afb  qmc5883l_read           
000008cd  qmc5883l_read_heading   


GLOBAL SYMBOLS: SORTED BY Symbol Address 

address   name                    
-------   ----                    
00000000  __TI_ATRegion0_region_sz
00000000  __TI_ATRegion0_src_addr 
00000000  __TI_ATRegion0_trg_addr 
00000000  __TI_ATRegion1_region_sz
00000000  __TI_ATRegion1_src_addr 
00000000  __TI_ATRegion1_trg_addr 
00000000  __TI_ATRegion2_region_sz
00000000  __TI_ATRegion2_src_addr 
00000000  __TI_ATRegion2_trg_addr 
00000000  __TI_CINIT_Base         
00000000  __TI_CINIT_Limit        
00000000  __TI_CINIT_Warm         
00000000  __TI_static_base__      
00000000  interruptVectors        
000000c1  atanf                   
00000200  __STACK_SIZE            
00000289  atan2f                  
0000048d  __aeabi_fsub            
0000048d  __subsf3                
00000497  __addsf3                
00000497  __aeabi_fadd            
00000789  qmc5883l_init           
000008cd  qmc5883l_read_heading   
00000961  __aeabi_fmul            
00000961  __mulsf3                
000009ed  qmc5883l_heading_from_xy
00000a79  __aeabi_fdiv            
00000a79  __divsf3                
00000afb  qmc5883l_read           
00000d31  __aeabi_fcmpeq          
00000d45  __aeabi_fcmplt          
00000d59  __aeabi_fcmple          
00000d6d  __aeabi_fcmpge          
00000d81  __aeabi_fcmpgt          
00000d93  main                    
00000dd5  __aeabi_i2f             
00000dd5  __floatsisf             
00000e11  __gesf2                 
00000e11  __gtsf2                 
00000e4d  __cmpsf2                
00000e4d  __eqsf2                 
00000e4d  __lesf2                 
00000e4d  __ltsf2                 
00000e4d  __nesf2                 
00000e89  __muldsi3               
00000ec5  _c_int00_noinit_noargs  
00000f01  delay_ms                
00000f7b  delay_us                
00000fa5  DL_Common_delayCycles   
00000fb5  abort                   
00000fbb  ADC0_IRQHandler         
00000fbb  ADC1_IRQHandler         
00000fbb  AES_IRQHandler          
00000fbb  CANFD0_IRQHandler       
00000fbb  DAC0_IRQHandler         
00000fbb  DMA_IRQHandler          
00000fbb  Default_Handler         
00000fbb  GROUP0_IRQHandler       
00000fbb  GROUP1_IRQHandler       
00000fbb  HardFault_Handler       
00000fbb  I2C0_IRQHandler         
00000fbb  I2C1_IRQHandler         
00000fbb  NMI_Handler             
00000fbb  PendSV_Handler          
00000fbb  RTC_IRQHandler          
00000fbb  SPI0_IRQHandler         
00000fbb  SPI1_IRQHandler         
00000fbb  SVC_Handler             
00000fbb  SysTick_Handler         
00000fbb  TIMA0_IRQHandler        
00000fbb  TIMA1_IRQHandler        
00000fbb  TIMG0_IRQHandler        
00000fbb  TIMG12_IRQHandler       
00000fbb  TIMG6_IRQHandler        
00000fbb  TIMG7_IRQHandler        
00000fbb  TIMG8_IRQHandler        
00000fbb  UART0_IRQHandler        
00000fbb  UART1_IRQHandler        
00000fbb  UART2_IRQHandler        
00000fbb  UART3_IRQHandler        
00000fbe  C$$EXIT                 
00000fbf  HOSTexit                
00000fd9  Reset_Handler           
00000fdd  _system_pre_init        
20200000  __start___llvm_prf_bits 
20200000  __start___llvm_prf_cnts 
20200000  __stop___llvm_prf_bits  
20200000  __stop___llvm_prf_cnts  
20207e00  __stack                 
20208000  __STACK_END             
ffffffff  __TI_pprof_out_hndl     
ffffffff  __TI_prof_data_size     
ffffffff  __TI_prof_data_start    
ffffffff  __binit__               
ffffffff  binit                   
UNDEFED   __mpu_init              

[96 symbols]
