******************************************************************************
            TI ARM Clang Linker PC v4.0.4                      
******************************************************************************
>> Linked Sat Sep 12 21:27:48 2026

OUTPUT FILE NAME:   <mspm0_project.out>
ENTRY POINT SYMBOL: "_c_int00_noinit_noargs"  address: 00000ca9


MEMORY CONFIGURATION

         name            origin    length      used     unused   attr    fill
----------------------  --------  ---------  --------  --------  ----  --------
  FLASH                 00000000   00020000  00000db0  0001f250  R  X
  SRAM                  20200000   00008000  00000200  00007e00  RW X
  BCR_CONFIG            41c00000   000000ff  00000000  000000ff  R   
  BSL_CONFIG            41c00100   00000080  00000000  00000080  R   


SEGMENT ALLOCATION MAP

run origin  load origin   length   init length attrs members
----------  ----------- ---------- ----------- ----- -------
00000000    00000000    00000db0   00000db0    r-x
  00000000    00000000    000000c0   000000c0    r-- .intvecs
  000000c0    000000c0    00000cf0   00000cf0    r-x .text
20207e00    20207e00    00000200   00000000    rw-
  20207e00    20207e00    00000200   00000000    rw- .stack


SECTION ALLOCATION MAP

 output                                  attributes/
section   page    origin      length       input sections
--------  ----  ----------  ----------   ----------------
.intvecs   0    00000000    000000c0     
                  00000000    000000c0     startup_mspm0g350x_ticlang.o (.intvecs)

.text      0    000000c0    00000cf0     
                  000000c0    000001f8     hmc5883l.o (.text.hmc5883l_heading_from_xy)
                  000002b8    000000dc     hmc5883l.o (.text.hmc5883l_iic_wait_ack)
                  00000394    000000d8     libclang_rt.builtins.a : addsf3.S.obj (.text)
                  0000046c    000000b6     hmc5883l.o (.text.hmc5883l_read_regs)
                  00000522    00000002     --HOLE-- [fill = 0]
                  00000524    000000b0     hmc5883l.o (.text.hmc5883l_iic_send_byte)
                  000005d4    000000a8     hmc5883l.o (.text.hmc5883l_iic_read_byte)
                  0000067c    00000094     hmc5883l.o (.text.hmc5883l_init)
                  00000710    00000090     hmc5883l.o (.text.hmc5883l_iic_send_ack)
                  000007a0    0000008c     libclang_rt.builtins.a : mulsf3.S.obj (.text.__mulsf3)
                  0000082c    0000008c     hmc5883l.o (.text.hmc5883l_read_heading)
                  000008b8    00000082     libclang_rt.builtins.a : divsf3.S.obj (.text.__divsf3)
                  0000093a    0000007a     hmc5883l.o (.text.hmc5883l_read)
                  000009b4    00000070     hmc5883l.o (.text.hmc5883l_write_reg)
                  00000a24    00000068     hmc5883l.o (.text.hmc5883l_iic_start)
                  00000a8c    00000068     hmc5883l.o (.text.hmc5883l_iic_stop)
                  00000af4    00000062     libclang_rt.builtins.a : aeabi_fcmp.S.obj (.text.__aeabi_fcmp)
                  00000b56    00000062     main.o (.text.main)
                  00000bb8    0000003c     libclang_rt.builtins.a : floatsisf.S.obj (.text.__floatsisf)
                  00000bf4    0000003c                            : comparesf2.S.obj (.text.__gtsf2)
                  00000c30    0000003a                            : comparesf2.S.obj (.text.__eqsf2)
                  00000c6a    00000002     --HOLE-- [fill = 0]
                  00000c6c    0000003a                            : muldsi3.S.obj (.text.__muldsi3)
                  00000ca6    00000002     --HOLE-- [fill = 0]
                  00000ca8    00000020     libc.a : boot_cortex_m.c.obj (.text:_c_int00_noinit_noargs)
                  00000cc8    0000001e     hmc5883l.o (.text.hmc5883l_join_s16)
                  00000ce6    00000002     --HOLE-- [fill = 0]
                  00000ce8    0000001c     hmc5883l.o (.text.DL_GPIO_initDigitalInput)
                  00000d04    00000018     hmc5883l.o (.text.DL_GPIO_enableOutput)
                  00000d1c    00000018     hmc5883l.o (.text.DL_GPIO_initDigitalOutput)
                  00000d34    00000018     hmc5883l.o (.text.DL_GPIO_setPins)
                  00000d4c    00000016     hmc5883l.o (.text.DL_GPIO_readPins)
                  00000d62    00000016     delay.o (.text.delay_us)
                  00000d78    00000014     hmc5883l.o (.text.DL_GPIO_clearPins)
                  00000d8c    0000000a     driverlib.a : dl_common.o (.text.DL_Common_delayCycles)
                  00000d96    00000006     libc.a : exit.c.obj (.text:abort)
                  00000d9c    00000004     startup_mspm0g350x_ticlang.o (.text.Default_Handler)
                  00000da0    00000004     libsysbm.a : hostexit.c.obj (.text.HOSTexit)
                  00000da4    00000004     startup_mspm0g350x_ticlang.o (.text.Reset_Handler)
                  00000da8    00000004     libc.a : pre_init.c.obj (.text._system_pre_init)
                  00000dac    00000004     --HOLE-- [fill = 0]

.cinit     0    00000000    00000000     

.init_array 
*          0    00000000    00000000     UNINITIALIZED

.binit     0    00000000    00000000     

.stack     0    20207e00    00000200     UNINITIALIZED
                  20207e00    00000004     libc.a : boot_cortex_m.c.obj (.stack)
                  20207e04    000001fc     --HOLE--

__llvm_prf_cnts 
*          0    20200000    00000000     UNINITIALIZED

__llvm_prf_bits 
*          0    20200000    00000000     UNINITIALIZED

MODULE SUMMARY

       Module                         code   ro data   rw data
       ------                         ----   -------   -------
    .\
       startup_mspm0g350x_ticlang.o   8      192       0      
       main.o                         98     0         0      
    +--+------------------------------+------+---------+---------+
       Total:                         106    192       0      
                                                              
    .\modules\delay\code\
       delay.o                        22     0         0      
    +--+------------------------------+------+---------+---------+
       Total:                         22     0         0      
                                                              
    .\modules\hmc5883l\code\
       hmc5883l.o                     2296   0         0      
    +--+------------------------------+------+---------+---------+
       Total:                         2296   0         0      
                                                              
    C:\ti\ccs2050\ccs\tools\compiler\ti-cgt-armllvm_4.0.4.LTS\lib\armv6m-ti-none-eabi/c/libc.a
       boot_cortex_m.c.obj            32     0         0      
       exit.c.obj                     6      0         0      
       pre_init.c.obj                 4      0         0      
    +--+------------------------------+------+---------+---------+
       Total:                         42     0         0      
                                                              
    C:\ti\ccs2050\ccs\tools\compiler\ti-cgt-armllvm_4.0.4.LTS\lib\armv6m-ti-none-eabi/c/libsysbm.a
       hostexit.c.obj                 4      0         0      
    +--+------------------------------+------+---------+---------+
       Total:                         4      0         0      
                                                              
    C:\ti\ccs2050\ccs\tools\compiler\ti-cgt-armllvm_4.0.4.LTS\lib\armv6m-ti-none-eabi/libclang_rt.builtins.a
       addsf3.S.obj                   216    0         0      
       mulsf3.S.obj                   140    0         0      
       divsf3.S.obj                   130    0         0      
       comparesf2.S.obj               118    0         0      
       aeabi_fcmp.S.obj               98     0         0      
       floatsisf.S.obj                60     0         0      
       muldsi3.S.obj                  58     0         0      
    +--+------------------------------+------+---------+---------+
       Total:                         820    0         0      
                                                              
    C:\ti\ccs2051\mspm0_sdk_2_10_00_04/source/ti/driverlib/lib/ticlang/m0p/mspm0g1x0x_g3x0x/driverlib.a
       dl_common.o                    10     0         0      
    +--+------------------------------+------+---------+---------+
       Total:                         10     0         0      
                                                              
       Stack:                         0      0         512    
    +--+------------------------------+------+---------+---------+
       Grand Total:                   3300   192       512    


GLOBAL SYMBOLS: SORTED ALPHABETICALLY BY Name 

address   name                    
-------   ----                    
00000d9d  ADC0_IRQHandler         
00000d9d  ADC1_IRQHandler         
00000d9d  AES_IRQHandler          
00000da0  C$$EXIT                 
00000d9d  CANFD0_IRQHandler       
00000d9d  DAC0_IRQHandler         
00000d8d  DL_Common_delayCycles   
00000d9d  DMA_IRQHandler          
00000d9d  Default_Handler         
00000d9d  GROUP0_IRQHandler       
00000d9d  GROUP1_IRQHandler       
00000da1  HOSTexit                
00000d9d  HardFault_Handler       
00000d9d  I2C0_IRQHandler         
00000d9d  I2C1_IRQHandler         
00000d9d  NMI_Handler             
00000d9d  PendSV_Handler          
00000d9d  RTC_IRQHandler          
00000da5  Reset_Handler           
00000d9d  SPI0_IRQHandler         
00000d9d  SPI1_IRQHandler         
00000d9d  SVC_Handler             
00000d9d  SysTick_Handler         
00000d9d  TIMA0_IRQHandler        
00000d9d  TIMA1_IRQHandler        
00000d9d  TIMG0_IRQHandler        
00000d9d  TIMG12_IRQHandler       
00000d9d  TIMG6_IRQHandler        
00000d9d  TIMG7_IRQHandler        
00000d9d  TIMG8_IRQHandler        
00000d9d  UART0_IRQHandler        
00000d9d  UART1_IRQHandler        
00000d9d  UART2_IRQHandler        
00000d9d  UART3_IRQHandler        
20208000  __STACK_END             
00000200  __STACK_SIZE            
00000000  __TI_ATRegion0_region_sz
00000000  __TI_ATRegion0_src_addr 
00000000  __TI_ATRegion0_trg_addr 
00000000  __TI_ATRegion1_region_sz
00000000  __TI_ATRegion1_src_addr 
00000000  __TI_ATRegion1_trg_addr 
00000000  __TI_ATRegion2_region_sz
00000000  __TI_ATRegion2_src_addr 
00000000  __TI_ATRegion2_trg_addr 
00000000  __TI_CINIT_Base         
00000000  __TI_CINIT_Limit        
00000000  __TI_CINIT_Warm         
ffffffff  __TI_pprof_out_hndl     
ffffffff  __TI_prof_data_size     
ffffffff  __TI_prof_data_start    
00000000  __TI_static_base__      
0000039f  __addsf3                
0000039f  __aeabi_fadd            
00000af5  __aeabi_fcmpeq          
00000b31  __aeabi_fcmpge          
00000b45  __aeabi_fcmpgt          
00000b1d  __aeabi_fcmple          
00000b09  __aeabi_fcmplt          
000008b9  __aeabi_fdiv            
000007a1  __aeabi_fmul            
00000395  __aeabi_fsub            
00000bb9  __aeabi_i2f             
ffffffff  __binit__               
00000c31  __cmpsf2                
000008b9  __divsf3                
00000c31  __eqsf2                 
00000bb9  __floatsisf             
00000bf5  __gesf2                 
00000bf5  __gtsf2                 
00000c31  __lesf2                 
00000c31  __ltsf2                 
UNDEFED   __mpu_init              
00000c6d  __muldsi3               
000007a1  __mulsf3                
00000c31  __nesf2                 
20207e00  __stack                 
20200000  __start___llvm_prf_bits 
20200000  __start___llvm_prf_cnts 
20200000  __stop___llvm_prf_bits  
20200000  __stop___llvm_prf_cnts  
00000395  __subsf3                
00000ca9  _c_int00_noinit_noargs  
00000da9  _system_pre_init        
00000d97  abort                   
ffffffff  binit                   
00000d63  delay_us                
000000c1  hmc5883l_heading_from_xy
0000067d  hmc5883l_init           
0000093b  hmc5883l_read           
0000082d  hmc5883l_read_heading   
00000000  interruptVectors        
00000b57  main                    


GLOBAL SYMBOLS: SORTED BY Symbol Address 

address   name                    
-------   ----                    
00000000  __TI_ATRegion0_region_sz
00000000  __TI_ATRegion0_src_addr 
00000000  __TI_ATRegion0_trg_addr 
00000000  __TI_ATRegion1_region_sz
00000000  __TI_ATRegion1_src_addr 
00000000  __TI_ATRegion1_trg_addr 
00000000  __TI_ATRegion2_region_sz
00000000  __TI_ATRegion2_src_addr 
00000000  __TI_ATRegion2_trg_addr 
00000000  __TI_CINIT_Base         
00000000  __TI_CINIT_Limit        
00000000  __TI_CINIT_Warm         
00000000  __TI_static_base__      
00000000  interruptVectors        
000000c1  hmc5883l_heading_from_xy
00000200  __STACK_SIZE            
00000395  __aeabi_fsub            
00000395  __subsf3                
0000039f  __addsf3                
0000039f  __aeabi_fadd            
0000067d  hmc5883l_init           
000007a1  __aeabi_fmul            
000007a1  __mulsf3                
0000082d  hmc5883l_read_heading   
000008b9  __aeabi_fdiv            
000008b9  __divsf3                
0000093b  hmc5883l_read           
00000af5  __aeabi_fcmpeq          
00000b09  __aeabi_fcmplt          
00000b1d  __aeabi_fcmple          
00000b31  __aeabi_fcmpge          
00000b45  __aeabi_fcmpgt          
00000b57  main                    
00000bb9  __aeabi_i2f             
00000bb9  __floatsisf             
00000bf5  __gesf2                 
00000bf5  __gtsf2                 
00000c31  __cmpsf2                
00000c31  __eqsf2                 
00000c31  __lesf2                 
00000c31  __ltsf2                 
00000c31  __nesf2                 
00000c6d  __muldsi3               
00000ca9  _c_int00_noinit_noargs  
00000d63  delay_us                
00000d8d  DL_Common_delayCycles   
00000d97  abort                   
00000d9d  ADC0_IRQHandler         
00000d9d  ADC1_IRQHandler         
00000d9d  AES_IRQHandler          
00000d9d  CANFD0_IRQHandler       
00000d9d  DAC0_IRQHandler         
00000d9d  DMA_IRQHandler          
00000d9d  Default_Handler         
00000d9d  GROUP0_IRQHandler       
00000d9d  GROUP1_IRQHandler       
00000d9d  HardFault_Handler       
00000d9d  I2C0_IRQHandler         
00000d9d  I2C1_IRQHandler         
00000d9d  NMI_Handler             
00000d9d  PendSV_Handler          
00000d9d  RTC_IRQHandler          
00000d9d  SPI0_IRQHandler         
00000d9d  SPI1_IRQHandler         
00000d9d  SVC_Handler             
00000d9d  SysTick_Handler         
00000d9d  TIMA0_IRQHandler        
00000d9d  TIMA1_IRQHandler        
00000d9d  TIMG0_IRQHandler        
00000d9d  TIMG12_IRQHandler       
00000d9d  TIMG6_IRQHandler        
00000d9d  TIMG7_IRQHandler        
00000d9d  TIMG8_IRQHandler        
00000d9d  UART0_IRQHandler        
00000d9d  UART1_IRQHandler        
00000d9d  UART2_IRQHandler        
00000d9d  UART3_IRQHandler        
00000da0  C$$EXIT                 
00000da1  HOSTexit                
00000da5  Reset_Handler           
00000da9  _system_pre_init        
20200000  __start___llvm_prf_bits 
20200000  __start___llvm_prf_cnts 
20200000  __stop___llvm_prf_bits  
20200000  __stop___llvm_prf_cnts  
20207e00  __stack                 
20208000  __STACK_END             
ffffffff  __TI_pprof_out_hndl     
ffffffff  __TI_prof_data_size     
ffffffff  __TI_prof_data_start    
ffffffff  __binit__               
ffffffff  binit                   
UNDEFED   __mpu_init              

[93 symbols]
