<html>
<body>
<pre>
<h1>µVision Build Log</h1>
<h2>Tool Versions:</h2>
IDE-Version: ¦ÌVision V5.37.0.0
Copyright (C) 2022 ARM Ltd and ARM Germany GmbH. All rights reserved.
License Information: 123 luojialiang38@163.com, 123, LIC=6XJT4-FGXHB-VJR6J-US2K6-MV3Y0-B01NL
 
Tool Versions:
Toolchain:       MDK-ARM Professional  Version: 5.37.0.0
Toolchain Path:  C:\Keil5\Core\ARM\ARMCC\Bin
C Compiler:      Armcc.exe V5.06 update 7 (build 960)
Assembler:       Armasm.exe V5.06 update 7 (build 960)
Linker/Locator:  ArmLink.exe V5.06 update 7 (build 960)
Library Manager: ArmAr.exe V5.06 update 7 (build 960)
Hex Converter:   FromElf.exe V5.06 update 7 (build 960)
CPU DLL:         SARMCM3.DLL V5.37.0.0
Dialog DLL:      DCM.DLL V1.17.5.0
Target DLL:      STLink\ST-LINKIII-KEIL_SWO.dll V3.0.9.0
Dialog DLL:      TCM.DLL V1.56.1.0
 
<h2>Project:</h2>
C:\Users\luoji\Desktop\2026C\user\Project.uvprojx
Project File Date:  07/31/2026

<h2>Output:</h2>
*** Using Compiler 'V5.06 update 7 (build 960)', folder: 'C:\Keil5\Core\ARM\ARMCC\Bin'
Rebuild target 'Target 1'
compiling main.c...
assembling startup_stm32f10x_md.s...
compiling ml_gpio.c...
compiling ml_uart.c...
compiling zigbee_uart.c...
compiling ml_delay.c...
compiling filter.c...
compiling isr.c...
compiling system_stm32f10x.c...
compiling ml_nvic.c...
compiling zone.c...
compiling uwb_uart.c...
compiling ml_oled.c...
compiling ml_tim.c...
compiling lock_control.c...
compiling debug_uart.c...
linking...
Program Size: Code=11000 RO-data=1808 RW-data=116 ZI-data=1796  
FromELF: creating hex file...
".\Objects\Project.axf" - 0 Error(s), 0 Warning(s).

<h2>Software Packages used:</h2>

Package Vendor: Keil
                http://www.keil.com/pack/Keil.STM32F1xx_DFP.2.4.0.pack
                Keil.STM32F1xx_DFP.2.4.0
                STMicroelectronics STM32F1 Series Device Support, Drivers and Examples

<h2>Collection of Component include folders:</h2>
  C:/Keil5/Pack/Keil/STM32F1xx_DFP/2.4.0/Device/Include

<h2>Collection of Component Files used:</h2>
Build Time Elapsed:  00:00:01
</pre>
</body>
</html>
