exit_code=0
compile_passed=True
device_slugs=['led', 'delay', 'debug_uart', 'oled']
notes=[]
warnings_ours=0
warnings_known_toolchain=0

*** Using Compiler 'V5.06 update 7 (build 960)', folder: 'C:\Keil5\Core\ARM\ARMCC\Bin'
Rebuild target 'Target 1'
assembling startup_stm32f10x_md.s...
compiling ml_delay.c...
compiling ml_nvic.c...
compiling ml_led.c...
compiling ml_systick.c...
compiling oled_extra_stm32.c...
compiling isr.c...
compiling ml_pwm.c...
compiling ml_adc.c...
compiling ml_tim.c...
compiling ml_i2c.c...
compiling debug_uart.c...
compiling ml_uart.c...
compiling system_stm32f10x.c...
compiling ml_gpio.c...
compiling ml_exti.c...
compiling main.c...
compiling ml_oled.c...
linking...
Program Size: Code=7592 RO-data=1864 RW-data=48 ZI-data=1760  
FromELF: creating hex file...
".\Objects\Project.axf" - 0 Error(s), 0 Warning(s).
Build Time Elapsed:  00:00:01