exit_code=0
compile_passed=True
device_slugs=['led', 'delay', 'debug_uart', 'oled', 'ml_mpu6050', 'key', 'beep', 'adc']
notes=['全选规模：7 件（检测页给得出的全部——库内有 stm32 配方的那些，不设让位）']
warnings_ours=0
warnings_known_toolchain=0

*** Using Compiler 'V5.06 update 7 (build 960)', folder: 'C:\Keil5\Core\ARM\ARMCC\Bin'
Rebuild target 'Target 1'
compiling key_stm32.c...
compiling ml_tim.c...
compiling ml_i2c.c...
compiling ml_exti.c...
compiling ml_systick.c...
compiling ml_gpio.c...
compiling isr.c...
compiling beep_stm32.c...
assembling startup_stm32f10x_md.s...
compiling ml_nvic.c...
compiling ml_pwm.c...
compiling ml_adc.c...
compiling debug_uart.c...
compiling ml_led.c...
compiling ml_delay.c...
compiling oled_extra_stm32.c...
compiling system_stm32f10x.c...
compiling ml_mpu6050.c...
compiling ml_oled.c...
compiling ml_uart.c...
compiling main.c...
linking...
Program Size: Code=12388 RO-data=4600 RW-data=120 ZI-data=1760  
FromELF: creating hex file...
".\Objects\Project.axf" - 0 Error(s), 0 Warning(s).
Build Time Elapsed:  00:00:01