exit_code=0
compile_passed=True

*** Using Compiler 'V5.06 update 7 (build 960)', folder: 'C:\Keil5\Core\ARM\ARMCC\Bin'
Rebuild target 'Target 1'
compiling ml_adc.c...
compiling ml_exti.c...
compiling ml_gpio.c...
compiling ml_delay.c...
compiling isr.c...
assembling startup_stm32f10x_md.s...
compiling ml_i2c.c...
compiling main.c...
compiling ml_uart.c...
compiling i2c_probe_stm32.c...
compiling ml_nvic.c...
compiling ml_tim.c...
compiling ml_oled.c...
compiling ml_systick.c...
compiling ml_pwm.c...
compiling system_stm32f10x.c...
compiling ml_led.c...
compiling debug_uart.c...
compiling oled_extra_stm32.c...
linking...
Program Size: Code=9252 RO-data=2400 RW-data=56 ZI-data=1760  
FromELF: creating hex file...
".\Objects\Project.axf" - 0 Error(s), 0 Warning(s).
Build Time Elapsed:  00:00:01